finalProj/avoPricesNumerical.csv
Month,year,region,AveragePrice,Total Volume,4046,4225,4770,Total Bags,Small Bags,Large Bags,XLarge Bags,type_conventional,type_organic
01,2015,Albany,4.6899999999999995,171727.14,5677.87,124664.24,476.92999999999995,40908.1,38977.41,1930.69,0.0,1,0
01,2016,Albany,5.95,546259.78,4922.030000000001,457730.56000000006,430.52,83176.67000000001,81045.73999999999,2130.9300000000003,0.0,1,0
01,2017,Albany,7.47,534306.5,19493.449999999997,454113.64,3540.57,57158.840000000004,56502.28,643.38,13.18,1,0
01,2018,Albany,5.81,422607.98,12072.580000000002,343911.38999999996,231.0,66393.01000000001,40284.47,26018.54,90.0,1,0
02,2015,Albany,4.11,209370.24000000002,4786.3099999999995,164230.65,715.99,39637.29,38263.95,1373.3400000000001,0.0,1,0
02,2016,Albany,4.74,455262.07,5347.1,391049.82,209.99,58655.16,53033.6,5621.56,0.0,1,0
02,2017,Albany,5.98,464611.17999999993,15367.880000000001,402251.77,2491.3,44500.23,43392.700000000004,1107.5300000000002,0.0,1,0
02,2018,Albany,5.19,528451.96,31677.629999999997,412658.61,327.53,83788.19,69640.49,12756.59,1391.1100000000001,1,0
03,2015,Albany,5.3100000000000005,253294.82,7097.51,199387.93,671.51,46137.869999999995,44264.28999999999,1873.58,0.0,1,0
03,2016,Albany,5.26,401829.7100000001,3393.4500000000003,346039.01999999996,224.13,52173.11,50617.229999999996,1555.8799999999999,0.0,1,0
03,2017,Albany,5.4799999999999995,418793.8,10687.310000000001,330834.49,357.92,76914.08,39822.340000000004,37091.74,0.0,1,0
03,2018,Albany,5.12,538870.5,57422.020000000004,386102.86,286.07,95059.55000000002,76638.73,16966.38,1454.44,1,0
04,2015,Albany,4.7,194376.61000000002,3475.8399999999997,135735.07,252.03000000000003,54913.67,51987.45,2822.05,104.17,1,0
04,2016,Albany,4.71,340871.36,3501.65,284202.47000000003,137.35,53029.89,50835.96,1961.9899999999998,231.94,1,0
04,2017,Albany,7.25,502797.75999999995,19612.52,388713.31999999995,469.15999999999997,94002.76000000001,39417.4,54585.35999999999,0.0,1,0
05,2015,Albany,6.31,486077.58,5093.49,371292.23,606.47,109085.39,107007.23000000001,2078.1600000000003,0.0,1,0
05,2016,Albany,6.490000000000001,617576.35,6337.45,515111.45999999996,368.32000000000005,95759.12,93510.81000000001,1044.7,1203.61,1,0
05,2017,Albany,6.419999999999999,446069.89,9931.060000000001,361769.01999999996,757.21,73612.6,26808.97,45990.29,813.3399999999999,1,0
06,2015,Albany,5.03,406758.56,2975.53,288856.1,14611.399999999998,100315.53,98631.89,1683.64,0.0,1,0
06,2016,Albany,5.77,473155.79,26509.339999999997,367858.19999999995,202.72,78585.53,70760.43,1490.1,6335.0,1,0
06,2017,Albany,6.46,363174.61,8591.560000000001,305746.97,1317.67,47518.41,14100.029999999999,28150.050000000003,5268.33,1,0
07,2015,Albany,4.77,436681.53,3232.55,341292.52,13345.43,78811.03,78118.29000000001,659.41,33.33,1,0
07,2016,Albany,6.910000000000001,560673.4700000001,59491.990000000005,405075.59,312.58000000000004,95793.31,83630.92000000001,1972.3899999999999,10190.0,1,0
07,2017,Albany,7.57,470091.66,11998.039999999999,394425.86,5043.98,58623.78,28515.63,23413.15,6695.0,1,0
08,2015,Albany,6.3100000000000005,452003.74,3056.3900000000003,393958.99,2285.1400000000003,52703.22,52147.26000000001,555.96,0.0,1,0
08,2016,Albany,5.289999999999999,450417.20999999996,88104.81999999999,300370.17999999993,119.54,61822.67,57210.66,1084.78,3527.23,1,0
08,2017,Albany,6.2700000000000005,376100.47000000003,8114.08,313974.17,724.3299999999999,53287.88999999999,32215.370000000003,17842.53,3229.99,1,0
09,2015,Albany,4.710000000000001,351846.63,4098.09,314481.81,688.13,32578.6,30806.030000000002,1772.5700000000002,0.0,1,0
09,2016,Albany,5.82,353296.19,35282.93,271288.97,211.09999999999997,46513.19,44724.3,1683.8899999999999,105.0,1,0
09,2017,Albany,6.59,322592.45,14601.55,269411.94,366.94,38212.020000000004,19855.68,15713.009999999998,2643.33,1,0
10,2015,Albany,4.780000000000001,284678.47,5617.610000000001,242911.88,436.75,35712.23,34185.58,1526.65,0.0,1,0
01,2015,Albany,7.38,4790.87,119.31,786.5,0.0,3885.06,3885.06,0.0,0.0,0,1
01,2016,Albany,8.870000000000001,7131.09,166.43,1428.23,0.0,5536.43,5520.84,15.59,0.0,0,1
01,2017,Albany,9.330000000000002,9281.750000000002,328.77,1250.3400000000001,0.0,7702.64,7702.64,0.0,0.0,0,1
01,2018,Albany,5.87,19291.949999999997,499.14000000000004,1342.01,0.0,17450.8,17447.47,3.33,0.0,0,1
02,2015,Albany,7.05,5334.01,94.56,366.88,0.0,4872.57,4872.57,0.0,0.0,0,1
02,2016,Albany,7.200000000000001,5269.259999999999,117.03,875.5899999999999,0.0,4276.639999999999,4268.7699999999995,7.87,0.0,0,1
02,2017,Albany,6.88,8269.27,1704.08,775.41,0.0,5789.780000000001,5789.780000000001,0.0,0.0,0,1
02,2018,Albany,5.9399999999999995,20865.69,5308.420000000001,1494.65,0.0,14062.619999999999,14062.619999999999,0.0,0.0,0,1
03,2015,Albany,9.13,7220.6900000000005,167.04999999999998,1101.1599999999999,0.0,5952.48,5952.48,0.0,0.0,0,1
03,2016,Albany,7.12,6965.3099999999995,119.97,1061.84,0.0,5783.5,5783.5,0.0,0.0,0,1
03,2017,Albany,7.7,9243.69,1034.1399999999999,854.7299999999999,0.0,7354.82,7354.82,0.0,0.0,0,1
03,2018,Albany,6.529999999999999,11898.09,762.06,1096.7,0.0,10039.33,10022.67,16.66,0.0,0,1
04,2015,Albany,7.55,5606.539999999999,112.52000000000001,428.88,0.0,5065.139999999999,5065.139999999999,0.0,0.0,0,1
04,2016,Albany,6.77,8452.67,63.32000000000001,1159.82,0.0,7229.53,7229.53,0.0,0.0,0,1
04,2017,Albany,9.29,13723.399999999998,1809.99,1218.7199999999998,0.0,10694.689999999999,10694.689999999999,0.0,0.0,0,1
05,2015,Albany,9.709999999999999,9178.34,230.63,1156.9899999999998,0.0,7790.719999999999,7790.719999999999,0.0,0.0,0,1
05,2016,Albany,8.24,7278.0,55.8,1709.3600000000001,0.0,5512.84,5512.84,0.0,0.0,0,1
05,2017,Albany,7.07,13717.329999999998,165.91,1495.81,0.0,12055.609999999999,12055.609999999999,0.0,0.0,0,1
06,2015,Albany,8.069999999999999,5343.82,144.99,569.6899999999999,0.0,4629.139999999999,4629.139999999999,0.0,0.0,0,1
06,2016,Albany,5.88,4791.34,17.59,666.4100000000001,0.0,4107.34,4107.34,0.0,0.0,0,1
06,2017,Albany,7.83,12574.539999999999,584.7800000000001,1164.2,0.0,10825.56,10825.56,0.0,0.0,0,1
07,2015,Albany,8.14,5273.799999999999,234.98,553.7,0.0,4485.12,4485.12,0.0,0.0,0,1
07,2016,Albany,7.43,11467.24,113.19000000000001,955.6999999999999,0.0,10398.35,10398.35,0.0,0.0,0,1
07,2017,Albany,8.99,13778.420000000002,401.22,927.27,0.0,12449.929999999998,12449.929999999998,0.0,0.0,0,1
08,2015,Albany,9.629999999999999,6627.4400000000005,163.76,541.74,0.0,5921.94,5921.94,0.0,0.0,0,1
08,2016,Albany,6.72,7003.29,120.91,893.31,0.0,5989.07,5989.07,0.0,0.0,0,1
08,2017,Albany,7.65,9945.77,187.53,893.54,0.0,8864.7,8864.7,0.0,0.0,0,1
09,2015,Albany,7.8100000000000005,3659.6899999999996,100.41,569.6700000000001,0.0,2989.6099999999997,2989.6099999999997,0.0,0.0,0,1
09,2016,Albany,6.779999999999999,9853.42,261.77,794.87,0.0,8796.78,8796.78,0.0,0.0,0,1
09,2017,Albany,6.75,12220.22,245.06,761.17,0.0,11213.99,11210.66,3.33,0.0,0,1
10,2015,Albany,7.68,4447.08,93.97,560.54,0.0,3792.5699999999997,3764.5399999999995,28.029999999999998,0.0,0,1
01,2015,Atlanta,4.32,1713388.05,1460358.7200000002,80199.55,2323.27,170506.51,67975.86,102530.65000000001,0.0,1,0
01,2016,Atlanta,4.98,2418969.35,1645108.0599999998,291981.19,2328.72,479551.38,274433.38,205107.19999999998,10.8,1,0
01,2017,Atlanta,4.69,3089657.7699999996,1358024.78,505719.76,1225.3899999999999,1224687.84,784376.4299999999,440311.41000000003,0.0,1,0
01,2018,Atlanta,4.26,2583563.5700000003,1218697.2999999998,202404.1,6338.91,1156123.2599999998,712965.3,425467.55000000005,17690.41,1,0
02,2015,Atlanta,4.15,1929355.12,1664218.0,84491.05,1695.44,178950.62999999998,88749.54,90201.09,0.0,1,0
02,2016,Atlanta,3.67,2176371.6399999997,1325040.94,360345.61,4560.129999999999,486424.96,267517.70999999996,218907.25,0.0,1,0
02,2017,Atlanta,3.33,2749492.3000000003,1379838.4000000001,350849.68,968.28,1017835.94,750648.6299999999,260580.08,6607.23,1,0
02,2018,Atlanta,3.83,2806408.9,1311375.8599999999,159674.19,6268.4800000000005,1329090.37,934224.74,385318.33999999997,9547.29,1,0
03,2015,Atlanta,5.32,2178237.74,1837895.22,93552.20999999999,1461.35,245328.96,170748.97,74526.28000000001,53.71,1,0
03,2016,Atlanta,3.8899999999999997,2002320.3699999999,1246469.41,292292.98,6453.43,457104.55,290092.29000000004,166998.65000000002,13.61,1,0
03,2017,Atlanta,4.86,1885146.3199999998,892435.39,200998.62,441.37,791270.94,498791.76,281997.23,10481.949999999999,1,0
03,2018,Atlanta,4.03,2645467.84,1197161.83,143450.39,7051.860000000001,1297803.76,933856.77,353237.10000000003,10709.890000000001,1,0
04,2015,Atlanta,4.2700000000000005,1713804.4800000002,1452438.41,78081.52,2508.67,180775.88,115422.56,65218.6,134.72,1,0
04,2016,Atlanta,3.54,2179854.6,936650.94,524385.73,1955.49,716862.44,270542.73,444786.62000000005,1533.0900000000001,1,0
04,2017,Atlanta,6.02,2616081.9800000004,1240985.09,276597.36,744.1899999999999,1097755.34,699427.4400000001,371902.8300000001,26425.07,1,0
05,2015,Atlanta,5.27,2643449.02,2259285.26,112875.34,4771.35,266517.07,174711.62,91753.82,51.629999999999995,1,0
05,2016,Atlanta,3.83,3411337.63,1208115.55,802068.33,809.75,1400344.0,437518.84,950911.8999999999,11913.26,1,0
05,2017,Atlanta,4.709999999999999,2346484.29,1170112.1300000001,220764.8,5744.66,949862.7,592776.94,319296.73,37789.03,1,0
06,2015,Atlanta,4.21,2006788.3,1622601.3199999998,108045.59999999999,2705.36,273436.02,207151.49,66027.11,257.42,1,0
06,2016,Atlanta,3.16,2599211.5300000003,1288145.03,364121.88999999996,2174.58,944770.0299999999,631463.05,297896.98,15410.0,1,0
06,2017,Atlanta,4.53,2276987.74,1198134.25,202534.73,527.44,875791.3200000001,488433.78,356565.5,30792.04,1,0
07,2015,Atlanta,4.199999999999999,1964257.9500000002,1527930.43,184554.11,4406.04,247367.37,186922.41999999998,60420.200000000004,24.75,1,0
07,2016,Atlanta,4.68,2857647.04,1201462.53,497767.06,761.41,1157656.04,754169.8200000001,400965.39,2520.83,1,0
07,2017,Atlanta,6.130000000000001,2608400.04,1315827.5400000003,303275.48,891.12,988405.9,649625.79,301649.22,37130.89,1,0
08,2015,Atlanta,5.52,2136930.98,1604475.77,222002.1,11176.359999999999,299276.75,225687.35,73433.91,155.49,1,0
08,2016,Atlanta,3.8,2263629.3899999997,1202576.72,214569.59,351.57,846131.5099999999,607283.72,238200.56999999998,647.22,1,0
08,2017,Atlanta,5.65,1986156.6800000002,963899.5,220097.8,262.24,801897.14,535072.76,245553.31999999998,21271.06,1,0
09,2015,Atlanta,4.04,1776122.48,1189387.45,280795.17000000004,3656.39,302283.47000000003,150356.16999999998,151796.33,130.97,1,0
09,2016,Atlanta,4.06,2175873.96,1051332.12,257853.28999999998,601.2,866087.35,569911.48,295430.03,745.84,1,0
09,2017,Atlanta,6.16,1697159.54,903576.0900000001,187273.18,359.96000000000004,605950.31,388715.4,211473.44,5761.469999999999,1,0
10,2015,Atlanta,4.09,1560107.28,987254.98,308167.41000000003,1839.7199999999998,262845.17000000004,124746.83,138098.34,0.0,1,0
01,2015,Atlanta,7.33,14931.900000000001,6830.9400000000005,3870.7000000000003,0.0,4230.26,3489.02,741.24,0.0,0,1
01,2016,Atlanta,8.34,31580.059999999998,13255.97,11325.41,0.0,6998.679999999999,3509.39,3489.29,0.0,0,1
01,2017,Atlanta,8.32,34694.159999999996,5766.35,20682.57,0.0,8245.24,13.920000000000002,8231.32,0.0,0,1
01,2018,Atlanta,6.3999999999999995,64867.04000000001,1436.1399999999999,16876.73,0.0,46554.17,26918.02,19636.149999999998,0.0,0,1
02,2015,Atlanta,5.57,39707.21,6512.36,26056.64,0.0,7138.209999999999,3233.33,3904.8799999999997,0.0,0,1
02,2016,Atlanta,6.83,21486.79,7832.049999999999,10107.130000000001,0.0,3547.61,1233.33,2314.2799999999997,0.0,0,1
02,2017,Atlanta,4.050000000000001,56947.38,5003.32,15167.720000000001,0.0,36776.34,471.64,36304.700000000004,0.0,0,1
02,2018,Atlanta,6.28,53258.350000000006,1729.3000000000002,17160.47,0.0,34368.58,28196.579999999998,6172.0,0.0,0,1
03,2015,Atlanta,7.129999999999999,57801.06,9174.81,40001.94,0.0,8624.310000000001,40.41,8583.900000000001,0.0,0,1
03,2016,Atlanta,6.1,29949.54,9711.41,13551.5,0.0,6686.63,2242.71,4443.92,0.0,0,1
03,2017,Atlanta,4.02,78819.36,7628.85,19418.93,0.0,51771.58,804.25,50967.33,0.0,0,1
03,2018,Atlanta,6.13,77856.75,2283.2,19894.73,0.0,55678.82000000001,44663.68,11015.140000000001,0.0,0,1
04,2015,Atlanta,7.17,23398.270000000004,6942.6,14658.89,0.0,1796.78,853.29,943.49,0.0,0,1
04,2016,Atlanta,5.75,34625.59,10990.380000000001,14580.82,0.0,9054.39,4018.79,5035.6,0.0,0,1
04,2017,Atlanta,6.66,86104.06999999999,7396.85,33807.02,0.0,44900.200000000004,2886.3799999999997,42013.82000000001,0.0,0,1
05,2015,Atlanta,9.21,24469.219999999998,8730.07,12427.08,0.0,3312.0700000000006,339.37,2972.7,0.0,0,1
05,2016,Atlanta,6.58,51828.87,10249.68,19241.260000000002,0.0,22337.93,5834.639999999999,16503.29,0.0,0,1
05,2017,Atlanta,5.8,75056.23,3936.1800000000003,28983.89,0.0,42136.16,2469.2799999999997,39666.88,0.0,0,1
06,2015,Atlanta,6.8100000000000005,19897.940000000002,6815.849999999999,9068.68,0.0,4013.4100000000003,149.92999999999998,3863.4800000000005,0.0,0,1
06,2016,Atlanta,3.74,62026.36,7669.36,21061.92,0.0,33295.08,3509.69,29785.39,0.0,0,1
06,2017,Atlanta,5.3,108482.12999999999,4176.0599999999995,29578.329999999998,0.0,74727.74,16069.71,58658.03,0.0,0,1
07,2015,Atlanta,5.95,27220.739999999998,6936.59,9647.279999999999,0.0,10636.87,3147.98,7488.889999999999,0.0,0,1
07,2016,Atlanta,6.72,80523.13,11917.1,30028.730000000003,0.0,38577.299999999996,8026.13,30551.17,0.0,0,1
07,2017,Atlanta,8.66,92716.36,2752.8500000000004,40606.7,0.0,49356.81,20939.710000000003,28417.1,0.0,0,1
08,2015,Atlanta,8.69,37640.02,11069.770000000002,16215.15,0.0,10355.1,4834.41,5520.69,0.0,0,1
08,2016,Atlanta,5.4,68272.32,8473.17,19893.949999999997,0.0,39905.2,7439.549999999999,32465.649999999998,0.0,0,1
08,2017,Atlanta,8.88,59781.01,2195.6,24881.03,0.0,32704.38,25031.96,7672.42,0.0,0,1
09,2015,Atlanta,8.03,23725.96,9473.39,13572.609999999999,0.0,679.96,158.92000000000002,521.04,0.0,0,1
09,2016,Atlanta,6.739999999999999,44269.600000000006,5734.71,19308.93,0.0,19225.96,4033.58,15192.38,0.0,0,1
09,2017,Atlanta,10.28,68151.01000000001,2166.34,21652.78,0.0,44331.89,17653.170000000002,26678.719999999998,0.0,0,1
10,2015,Atlanta,7.3500000000000005,25838.050000000003,9741.92,12483.63,0.0,3612.5,243.32999999999998,3369.17,0.0,0,1
