finalProj/avoPricesNumerical.csv
Month,year,region,AveragePrice,Total Volume,4046,4225,4770,Total Bags,Small Bags,Large Bags,XLarge Bags,type_conventional,type_organic
01,2015,BaltimoreWashington,4.68,2808932.8,205091.25,1753502.19,162587.02,687752.3400000001,667629.6300000001,20122.71,0.0,1,0
01,2016,BaltimoreWashington,5.65,4204725.93,296012.19999999995,2825276.88,128113.25,955323.6000000001,938622.3899999999,16701.21,0.0,1,0
01,2017,BaltimoreWashington,6.969999999999999,4019032.1,377955.43,2648589.0700000003,67965.22,924522.38,904949.96,15394.66,4177.76,1,0
01,2018,BaltimoreWashington,5.29,3825793.2199999997,426304.24000000005,2416676.88,16980.76,965831.34,932574.87,33246.47,10.0,1,0
02,2015,BaltimoreWashington,4.51,3239515.0999999996,265122.87,2028515.7199999997,229601.46000000002,716275.0499999999,697530.1,18744.949999999997,0.0,1,0
02,2016,BaltimoreWashington,4.530000000000001,3499522.05,259976.22000000003,2306909.94,183300.87,749335.02,728619.99,20715.03,0.0,1,0
02,2017,BaltimoreWashington,5.1899999999999995,3631653.5300000003,542975.0,2275193.7800000003,57635.380000000005,755849.37,709204.65,40795.09,5849.629999999999,1,0
02,2018,BaltimoreWashington,5.32,3758471.88,448570.05,2221358.79,19771.86,1068771.18,1052587.0,14760.86,1423.32,1,0
03,2015,BaltimoreWashington,6.01,3594133.8,290981.89999999997,2185402.72,215246.85,902502.3300000001,880393.6200000001,22108.71,0.0,1,0
03,2016,BaltimoreWashington,4.68,3327148.38,247188.40000000002,2259802.98,71801.78,748355.22,736869.2699999999,11485.95,0.0,1,0
03,2017,BaltimoreWashington,6.11,3122442.72,298264.69999999995,1993281.72,35589.06,795307.2400000001,769760.25,23961.71,1585.28,1,0
03,2018,BaltimoreWashington,5.0,3962634.47,430033.8,2200933.95,19442.9,1312223.82,1296567.5499999998,12269.600000000002,3386.67,1,0
04,2015,BaltimoreWashington,5.01,3036398.7800000003,249876.52000000002,1783605.74,166205.69,836710.83,812136.01,23598.430000000004,976.39,1,0
04,2016,BaltimoreWashington,4.52,3317564.87,246433.50000000003,2261389.42,57774.58,751967.3700000001,738804.5900000001,11515.55,1647.23,1,0
04,2017,BaltimoreWashington,8.2,3768108.69,365739.68,2302963.28,35695.98,1063709.75,1015036.35,45129.64,3543.76,1,0
05,2015,BaltimoreWashington,6.07,4400870.62,347100.55,2677534.6899999995,262410.26,1113825.1199999999,1080239.65,33145.829999999994,439.64000000000004,1,0
05,2016,BaltimoreWashington,5.5200000000000005,4662840.2299999995,324746.27,3201125.6700000004,112074.65999999999,1024893.6300000001,999498.0099999999,18797.01,6598.610000000001,1,0
05,2017,BaltimoreWashington,6.38,3359257.04,280238.54000000004,2061635.98,30452.98,986929.5399999999,966396.82,13939.12,6593.599999999999,1,0
06,2015,BaltimoreWashington,4.659999999999999,3474459.48,250041.31,2118852.3899999997,195128.40000000002,910437.38,894430.5499999999,14805.59,1201.24,1,0
06,2016,BaltimoreWashington,5.4,3392485.9000000004,259069.26,2077488.66,205538.49,850389.49,817701.92,17925.47,14762.1,1,0
06,2017,BaltimoreWashington,6.77,2909511.79,248476.89,1866919.41,27493.6,766621.89,722544.6100000001,16292.01,27785.270000000004,1,0
07,2015,BaltimoreWashington,4.64,3320350.81,231034.01,2107893.23,202054.17,779369.4,760946.71,18038.68,384.01,1,0
07,2016,BaltimoreWashington,7.51,3824132.54,305728.1,2216528.99,188681.80000000002,1113193.65,1058078.53,9386.83,45728.29,1,0
07,2017,BaltimoreWashington,7.67,3393259.4400000004,309131.22,2097462.1799999997,29461.68,957204.3600000001,898390.67,21601.75,37211.94,1,0
08,2015,BaltimoreWashington,5.87,4023538.0500000003,304509.68,2647023.62,220756.58000000002,851248.17,835405.06,15375.48,467.63,1,0
08,2016,BaltimoreWashington,6.09,2948611.21,280340.98,1711465.56,90967.76999999999,865836.9,828076.66,28446.02,9314.22,1,0
08,2017,BaltimoreWashington,6.18,2738404.73,232810.79,1691770.0899999999,21330.87,792492.98,760624.2499999999,13237.609999999999,18631.12,1,0
09,2015,BaltimoreWashington,4.63,3154167.4,193531.90000000002,2099436.81,214805.55000000002,646393.14,627065.19,19322.410000000003,5.54,1,0
09,2016,BaltimoreWashington,5.93,3059042.65,581651.51,1652934.52,78051.16,746405.46,732614.48,11939.96,1851.02,1,0
09,2017,BaltimoreWashington,6.36,2672608.93,226298.49,1756223.26,19723.329999999998,670363.85,654664.96,8472.23,7226.66,1,0
10,2015,BaltimoreWashington,4.7,2973499.99,182937.16,1942915.16,199004.90000000002,648642.77,627572.19,21070.58,0.0,1,0
01,2015,BaltimoreWashington,5.33,74591.35,36545.05,23400.91,2335.6400000000003,12309.750000000002,12247.930000000002,61.82,0.0,0,1
01,2016,BaltimoreWashington,7.57,88306.87000000001,3004.8199999999997,33655.91,1938.07,49708.07,6298.709999999999,43409.36,0.0,0,1
01,2017,BaltimoreWashington,9.290000000000001,88430.13,6374.93,38301.17,1741.44,42012.59,41960.08,52.51,0.0,0,1
01,2018,BaltimoreWashington,5.75,230589.27000000002,5267.13,38057.63,452.26000000000005,186812.25,186785.59000000003,26.660000000000004,0.0,0,1
02,2015,BaltimoreWashington,5.33,83083.40000000001,39239.26,21971.809999999998,2858.4600000000005,19013.87,19011.28,2.59,0.0,0,1
02,2016,BaltimoreWashington,6.640000000000001,64689.03999999999,2373.6800000000003,34527.950000000004,1208.71,26578.7,8902.83,17675.870000000003,0.0,0,1
02,2017,BaltimoreWashington,7.4399999999999995,74967.67,5731.710000000001,31563.46,1011.74,36660.759999999995,36461.61,199.15,0.0,0,1
02,2018,BaltimoreWashington,6.11,186957.2,6410.9400000000005,36784.15,283.13,143478.97999999998,143424.53,54.45,0.0,0,1
03,2015,BaltimoreWashington,7.609999999999999,78918.26000000001,38966.399999999994,19521.699999999997,3768.58,16661.58,16630.16,31.42,0.0,0,1
03,2016,BaltimoreWashington,6.21,74029.94,4585.48,33227.6,1313.52,34903.340000000004,20222.5,14680.84,0.0,0,1
03,2017,BaltimoreWashington,8.120000000000001,74808.37,4852.85,31905.949999999997,1065.87,36983.7,36921.99,61.709999999999994,0.0,0,1
03,2018,BaltimoreWashington,5.609999999999999,194456.96,8380.64,24925.170000000002,349.3,160801.85,160767.81,34.04,0.0,0,1
04,2015,BaltimoreWashington,6.63,59871.74,30378.54,13939.09,3253.62,12300.490000000002,12289.27,11.219999999999999,0.0,0,1
04,2016,BaltimoreWashington,6.579999999999999,93987.26000000001,5181.61,42475.51,1175.9099999999999,45154.229999999996,41237.15,3917.08,0.0,0,1
04,2017,BaltimoreWashington,10.110000000000001,116599.59000000001,5882.839999999999,57266.030000000006,1325.34,52125.38,52064.65000000001,60.73,0.0,0,1
05,2015,BaltimoreWashington,8.16,83049.26999999999,31304.82,21107.96,8261.619999999999,22374.869999999995,22360.97,13.9,0.0,0,1
05,2016,BaltimoreWashington,8.56,107922.05999999998,4763.780000000001,50369.45,1443.69,51345.14,46137.92,5207.22,0.0,0,1
05,2017,BaltimoreWashington,8.620000000000001,94874.65999999999,4034.32,46703.189999999995,879.3799999999999,43257.77,43221.909999999996,35.86,0.0,0,1
06,2015,BaltimoreWashington,6.71,50391.25,22166.6,11662.09,3594.32,12968.24,12944.27,23.97,0.0,0,1
06,2016,BaltimoreWashington,7.119999999999999,78880.01,4206.33,39082.63,1526.53,34064.52,30285.11,3779.4100000000003,0.0,0,1
06,2017,BaltimoreWashington,8.73,95243.96,3923.6099999999997,48502.31,678.94,42139.1,42125.65,13.45,0.0,0,1
07,2015,BaltimoreWashington,6.92,38557.78,17382.06,11157.099999999999,2911.83,7106.79,7104.089999999999,2.7,0.0,0,1
07,2016,BaltimoreWashington,10.03,88137.64,3889.3399999999997,46322.08,2742.88,35183.34,30685.74,4497.6,0.0,0,1
07,2017,BaltimoreWashington,9.14,172503.56,5024.55,42131.03,821.6300000000001,124526.34999999999,124511.92,14.430000000000001,0.0,0,1
08,2015,BaltimoreWashington,8.450000000000001,59532.81,19120.34,19672.42,3770.92,16969.129999999997,16922.71,46.42,0.0,0,1
08,2016,BaltimoreWashington,7.45,69557.9,6779.55,38818.29,1606.7199999999998,22353.34,22303.0,50.339999999999996,0.0,0,1
08,2017,BaltimoreWashington,6.880000000000001,162894.88,7495.44,34432.97,491.86,120474.61,120456.84,17.77,0.0,0,1
09,2015,BaltimoreWashington,6.23,44854.71,5977.11,21580.72,2552.2799999999997,14744.6,14719.57,25.03,0.0,0,1
09,2016,BaltimoreWashington,8.29,83862.68000000001,2417.65,34382.11,1354.97,45707.95,45680.83,27.12,0.0,0,1
09,2017,BaltimoreWashington,6.34,243937.41999999998,11523.349999999999,31335.61,403.72,200674.74,200674.74,0.0,0.0,0,1
10,2015,BaltimoreWashington,6.29,39750.06,2682.96,24497.1,2719.0200000000004,9850.98,4519.55,5331.43,0.0,0,1
01,2015,Boise,4.3,266329.54000000004,184951.46999999997,49860.09,10392.63,21125.35,12488.119999999999,8637.230000000001,0.0,1,0
01,2016,Boise,4.46,430562.85000000003,164173.7,35507.58,36552.8,194328.77000000002,191220.16999999998,2647.09,461.51,1,0
01,2017,Boise,4.88,495905.33999999997,169456.85,33504.71,51415.12,241528.66,203552.22,37639.08,337.35999999999996,1,0
01,2018,Boise,4.82,390563.98,211636.88,14202.04,29114.739999999998,135610.32,84100.38,51292.270000000004,217.67,1,0
02,2015,Boise,4.11,321607.07,214145.51,70394.62,14566.8,22500.14,17123.4,5376.74,0.0,1,0
02,2016,Boise,3.3899999999999997,385718.19,156819.66,34570.54,38264.490000000005,156063.5,154897.46,1060.27,105.77,1,0
02,2017,Boise,3.73,446621.32000000007,143554.52,27826.660000000003,54106.520000000004,221133.62,186379.6,34505.16,248.86,1,0
02,2018,Boise,4.55,415824.91000000003,169780.07,21209.69,53423.130000000005,171412.02,75948.91,94871.13,591.98,1,0
03,2015,Boise,5.35,342277.98,241690.4,51672.36,24269.6,24645.62,23886.39,759.23,0.0,1,0
03,2016,Boise,3.44,381914.60000000003,169270.79,19882.57,32071.059999999998,160690.18,158980.72,1617.16,92.30000000000001,1,0
03,2017,Boise,4.3999999999999995,388610.16,139754.46,22699.99,40024.3,186131.41,168238.65999999997,17680.07,212.68,1,0
03,2018,Boise,4.79,376566.82999999996,162360.82,12797.41,39319.869999999995,162088.73,100599.64,61054.22,434.87,1,0
04,2015,Boise,4.2299999999999995,320756.89,228197.16999999998,47183.23,17975.260000000002,27401.23,27386.79,0.0,14.44,1,0
04,2016,Boise,2.96,373700.73999999993,167979.83000000002,20592.050000000003,16977.36,168151.5,167190.34,271.24,689.9200000000002,1,0
04,2017,Boise,5.7299999999999995,492599.80000000005,206481.48,16170.679999999998,48819.479999999996,221128.15999999997,220808.32,248.88,70.96,1,0
05,2015,Boise,5.02,419142.2,302904.6,53493.56,25166.28,37577.759999999995,37478.63,5.84,93.28999999999999,1,0
05,2016,Boise,3.0999999999999996,442684.72000000003,171351.69,23317.97,32.13,247982.93,243916.27,3922.84,143.82,1,0
05,2017,Boise,4.79,402898.33,175487.08,13042.82,39601.18,174767.25,170355.4,4377.18,34.67,1,0
06,2015,Boise,4.21,325036.48,231938.28,47135.98,19642.28,26319.940000000002,26044.84,8.76,266.34,1,0
06,2016,Boise,2.69,421651.68,136214.96000000002,20547.25,25.490000000000002,264863.98,264434.42,372.1,57.459999999999994,1,0
06,2017,Boise,4.8100000000000005,378985.3,164366.01,13592.74,32135.600000000002,168890.95,168643.22999999998,109.66,138.05999999999997,1,0
07,2015,Boise,4.359999999999999,291506.28,210678.46,23981.35,26954.12,29892.35,27604.59,2287.76,0.0,1,0
07,2016,Boise,3.7399999999999998,473142.48000000004,160828.66999999998,16618.96,27.299999999999997,295667.55,292047.91,857.34,2762.3,1,0
07,2017,Boise,6.6899999999999995,438244.33999999997,197671.58,16683.9,39701.08,184187.78000000003,157657.03999999998,26348.44,182.3,1,0
08,2015,Boise,5.530000000000001,323926.09,227066.08,36104.35,28179.46,32576.2,32507.58,62.22,6.4,1,0
08,2016,Boise,3.58,322111.62000000005,154083.34000000003,8021.96,17184.739999999998,142821.58000000002,138554.37,4189.63,77.58,1,0
08,2017,Boise,5.72,326260.99,161589.53,12803.939999999999,26546.18,125321.34,97757.54000000001,27433.85,129.95,1,0
09,2015,Boise,4.26,266814.15,171707.73,37142.24,24888.579999999998,33075.6,32614.739999999998,433.41,27.45,1,0
09,2016,Boise,3.7800000000000002,339440.94,158088.06,8380.730000000001,26167.39,146804.76,133368.25,13409.37,27.14,1,0
09,2017,Boise,6.949999999999999,252841.93999999997,131474.23,10561.98,23840.04,86965.69,60649.43,26088.12,228.14,1,0
10,2015,Boise,4.33,254466.11,120404.43,63396.92999999999,28293.95,42370.799999999996,41584.6,690.11,96.09,1,0
01,2015,Boise,6.339999999999999,8032.2699999999995,11.36,6424.66,0.0,1596.25,633.33,962.9200000000001,0.0,0,1
01,2016,Boise,6.7,8080.24,103.97,2605.26,0.0,5371.01,1021.8,4349.21,0.0,0,1
01,2017,Boise,5.2700000000000005,16328.789999999999,21.2,2313.4700000000003,0.0,13994.12,2981.72,11012.4,0.0,0,1
01,2018,Boise,7.17,9549.800000000001,188.0,2909.93,0.0,6451.87,1481.44,4967.47,2.96,0,1
02,2015,Boise,6.15,8041.490000000001,26.19,5536.18,0.0,2479.12,1033.33,1445.79,0.0,0,1
02,2016,Boise,5.22,6065.55,138.93,2240.57,0.0,3686.0499999999997,938.94,2747.11,0.0,0,1
02,2017,Boise,5.33,10573.400000000001,72.99,1545.62,0.0,8954.79,3750.8,5203.99,0.0,0,1
02,2018,Boise,7.24,10156.3,265.39,2937.77,0.0,6953.139999999999,2357.36,4537.36,58.42,0,1
03,2015,Boise,7.84,14991.89,22.5,13159.68,0.0,1809.71,1180.0,629.71,0.0,0,1
03,2016,Boise,4.33,13380.369999999999,75.09,4015.4599999999996,0.0,9289.82,666.67,8623.15,0.0,0,1
03,2017,Boise,3.9399999999999995,14699.76,42.12,2167.3300000000004,0.0,12490.310000000001,1100.6200000000001,11389.69,0.0,0,1
03,2018,Boise,7.25,12097.75,373.88,3735.18,0.0,7988.6900000000005,2097.13,5874.54,17.02,0,1
04,2015,Boise,6.29,9116.77,25.65,7223.869999999999,0.0,1867.25,700.0,1167.25,0.0,0,1
04,2016,Boise,5.1,10514.92,31.21,5416.99,0.0,5066.72,1109.18,3957.54,0.0,0,1
04,2017,Boise,5.680000000000001,19034.92,101.69,2944.6000000000004,0.0,15988.630000000001,1881.78,14106.849999999999,0.0,0,1
05,2015,Boise,8.69,7954.63,134.85,6190.110000000001,0.0,1629.6699999999998,820.0,809.6700000000001,0.0,0,1
05,2016,Boise,6.39,11662.369999999999,7.9399999999999995,5936.989999999999,0.0,5717.4400000000005,1673.33,4044.1099999999997,0.0,0,1
05,2017,Boise,4.93,16952.600000000002,50.19,2659.2799999999997,0.0,14243.13,2080.75,12162.380000000001,0.0,0,1
06,2015,Boise,7.49,7255.78,44.45,6545.75,0.0,665.5799999999999,516.67,148.91,0.0,0,1
06,2016,Boise,5.550000000000001,18265.14,0.0,8777.810000000001,0.0,9487.330000000002,3435.25,6052.08,0.0,0,1
06,2017,Boise,6.18,14591.11,198.21,2968.27,0.0,11424.630000000001,2243.16,9181.470000000001,0.0,0,1
07,2015,Boise,7.76,7707.73,83.56000000000002,6178.69,0.0,1445.48,840.0000000000001,605.48,0.0,0,1
07,2016,Boise,7.42,18646.36,15.17,6173.030000000001,0.0,12458.16,3144.13,9314.029999999999,0.0,0,1
07,2017,Boise,10.2,13169.87,280.55,3826.37,0.0,9062.95,2374.44,6688.51,0.0,0,1
08,2015,Boise,9.51,9544.310000000001,56.33,7548.9800000000005,0.0,1939.0000000000002,686.67,1252.33,0.0,0,1
08,2016,Boise,7.01,9112.96,2.53,4341.879999999999,0.0,4768.55,2169.24,2599.31,0.0,0,1
08,2017,Boise,9.899999999999999,7213.0,370.86,2325.77,0.0,4516.37,946.55,3569.8199999999997,0.0,0,1
09,2015,Boise,8.58,3999.74,56.4,3215.5299999999997,0.0,727.81,159.98000000000002,567.8299999999999,0.0,0,1
09,2016,Boise,5.909999999999999,10933.380000000001,7.0,3275.7799999999997,0.0,7650.599999999999,2908.85,4741.75,0.0,0,1
09,2017,Boise,10.629999999999999,6359.24,317.06,2256.7999999999997,0.0,3785.38,535.6600000000001,3248.2200000000003,1.5,0,1
10,2015,Boise,7.78,5475.4400000000005,45.589999999999996,4143.91,3.91,1282.03,336.67,945.36,0.0,0,1
