finalProj/avoPricesNumerical.csv
Month,year,region,AveragePrice,Total Volume,4046,4225,4770,Total Bags,Small Bags,Large Bags,XLarge Bags,type_conventional,type_organic
01,2015,Boston,4.52,1740184.78,21856.51,1293202.71,429.14,424696.42,422806.51,1889.9099999999999,0.0,1,0
01,2016,Boston,5.26,3134507.9000000004,22770.67,2354430.44,118314.6,638992.19,637090.64,1901.55,0.0,1,0
01,2017,Boston,6.26,3035006.8900000006,27627.379999999997,2426018.61,39006.810000000005,542354.09,537913.26,4440.83,0.0,1,0
01,2018,Boston,5.11,3018625.5300000003,52244.52,2496257.87,16644.6,453478.54,303425.33,149973.21,80.0,1,0
02,2015,Boston,4.6899999999999995,1855323.75,20763.72,1401631.51,942.28,431986.24,430086.11,1900.13,0.0,1,0
02,2016,Boston,4.25,2637119.37,25811.62,1966813.06,157173.7,487320.99,480562.38,6758.610000000001,0.0,1,0
02,2017,Boston,4.859999999999999,2683540.1,174071.7,2068330.23,29437.93,411700.24,393883.44999999995,17816.79,0.0,1,0
02,2018,Boston,5.609999999999999,2602536.66,80207.65,2025706.08,14133.7,482489.23,395489.22,82997.79000000001,4002.2200000000003,1,0
03,2015,Boston,5.9,2218694.89,23193.190000000002,1666779.3399999999,690.8299999999999,528031.53,524208.58,3822.95,0.0,1,0
03,2016,Boston,4.33,2536506.9,21191.27,1875476.01,169478.02999999997,470361.58999999997,469666.42000000004,695.17,0.0,1,0
03,2017,Boston,5.8999999999999995,2206914.58,27508.57,1757580.62,16647.43,405177.96,353768.28,50059.68,1350.0,1,0
03,2018,Boston,5.299999999999999,2657919.45,94876.23,2048719.2,7461.71,506862.31,402880.14,97998.84000000001,5983.329999999999,1,0
04,2015,Boston,4.959999999999999,1828834.3699999999,15162.439999999999,1361933.95,500.38000000000005,451237.6,443614.26,7477.51,145.83,1,0
04,2016,Boston,4.250000000000001,2456340.09,17039.46,1747310.75,212450.46,479539.42000000004,477831.02,480.62,1227.78,1,0
04,2017,Boston,7.940000000000001,2917829.26,36333.36,2164788.66,17370.309999999998,699336.9299999999,608798.97,88153.23999999999,2384.7200000000003,1,0
05,2015,Boston,5.97,2911098.55,21445.83,2195519.0,919.31,693214.41,684410.65,8803.76,0.0,1,0
05,2016,Boston,5.09,3688343.06,28965.53,2628653.3099999996,352957.36,677766.86,673802.16,629.15,3335.5499999999997,1,0
05,2017,Boston,6.53,2462257.6799999997,23382.02,1843678.48,15529.33,579667.85,540470.03,36813.1,2384.72,1,0
06,2015,Boston,4.82,2350888.92,17409.03,1750401.3199999998,24657.969999999998,558420.6,556879.49,1541.11,0.0,1,0
06,2016,Boston,5.2,2544478.09,42955.93,1729927.29,162030.41,609564.46,600960.56,492.23,8111.67,1,0
06,2017,Boston,6.789999999999999,2301481.45,22063.19,1804536.21,12801.12,462080.93,431602.18000000005,21674.86,8803.89,1,0
07,2015,Boston,4.869999999999999,2314827.2800000003,19094.88,1760801.98,27445.0,507485.42000000004,502915.39,4570.03,0.0,1,0
07,2016,Boston,7.39,2641852.63,65626.55,1771314.3,62428.04,742483.74,724288.51,212.73,17982.5,1,0
07,2017,Boston,7.77,2954155.9200000004,40878.75,2351796.2199999997,22112.31,539368.64,415069.70999999996,113116.15,11182.779999999999,1,0
08,2015,Boston,5.59,2944442.94,21997.420000000002,2450861.2,4190.31,467394.01,466216.24,1177.77,0.0,1,0
08,2016,Boston,5.45,2296088.6,89317.7,1430404.1,32507.950000000004,743858.85,728058.69,12405.99,3394.17,1,0
08,2017,Boston,6.63,2160075.44,29907.54,1610865.04,9406.31,509896.55000000005,343962.37,157285.28,8648.9,1,0
09,2015,Boston,4.36,2285404.96,19247.309999999998,1900413.35,1558.3400000000001,364185.95999999996,353138.18000000005,11047.78,0.0,1,0
09,2016,Boston,5.66,2187002.0700000003,189521.01,1537148.07,33438.86,426894.13,424602.84,1897.68,393.61,1,0
09,2017,Boston,6.640000000000001,1943191.81,43529.57,1436612.2200000002,6003.150000000001,457046.87,338443.8,115009.73999999999,3593.33,1,0
10,2015,Boston,4.17,2281731.86,21365.420000000002,1863884.3000000003,1156.77,395325.37,375348.85,19976.52,0.0,1,0
01,2015,Boston,7.779999999999999,8567.57,28.84,3490.23,0.0,5048.5,5048.5,0.0,0.0,0,1
01,2016,Boston,6.6899999999999995,41780.340000000004,100.3,3689.57,1.2,37989.270000000004,37821.69,167.58,0.0,0,1
01,2017,Boston,9.72,78693.6,53.459999999999994,6727.130000000001,0.0,71913.01,69644.84,2268.17,0.0,0,1
01,2018,Boston,7.18,117115.69,102.75,9360.64,0.0,107652.3,98909.54999999999,8742.75,0.0,0,1
02,2015,Boston,7.34,11639.980000000001,122.17000000000002,3999.2200000000003,0.0,7518.59,7518.59,0.0,0.0,0,1
02,2016,Boston,6.37,39641.9,37.0,3965.26,0.0,35639.64,31284.27,4355.37,0.0,0,1
02,2017,Boston,7.65,70725.85,47.769999999999996,6044.74,51.730000000000004,64581.61,58051.119999999995,6530.49,0.0,0,1
02,2018,Boston,7.300000000000001,113190.2,59.330000000000005,8294.1,7.33,104829.44,88036.19,16793.25,0.0,0,1
03,2015,Boston,9.67,12441.810000000001,85.21000000000001,4646.85,0.0,7709.75,7659.75,50.0,0.0,0,1
03,2016,Boston,6.470000000000001,45565.770000000004,24.7,3315.54,0.0,42225.53,37275.68,4949.85,0.0,0,1
03,2017,Boston,7.89,73007.33,575.8499999999999,4724.459999999999,0.0,67707.02,63116.53,4590.49,0.0,0,1
03,2018,Boston,7.34,127618.43000000001,63.91,8856.350000000002,0.0,118698.17,95930.95000000001,22767.22,0.0,0,1
04,2015,Boston,7.57,13035.79,137.15,3717.27,0.0,9181.369999999999,9181.369999999999,0.0,0.0,0,1
04,2016,Boston,6.73,58762.82,11.030000000000001,2421.5999999999995,0.0,56330.19,49832.719999999994,6497.469999999999,0.0,0,1
04,2017,Boston,9.9,86632.14000000001,437.20000000000005,7155.09,0.0,79039.85,72237.27,6802.58,0.0,0,1
05,2015,Boston,9.63,19662.64,224.57999999999998,7037.34,0.0,12400.720000000001,12400.720000000001,0.0,0.0,0,1
05,2016,Boston,8.11,79585.57,29.51,4043.2,0.0,75512.86,66493.14,9019.72,0.0,0,1
05,2017,Boston,7.93,85197.43,183.37,6679.66,0.0,78334.4,69361.69,8972.710000000001,0.0,0,1
06,2015,Boston,8.12,12291.91,235.29999999999998,4968.639999999999,0.0,7087.969999999999,7087.969999999999,0.0,0.0,0,1
06,2016,Boston,5.99,46807.049999999996,11.239999999999998,2214.95,0.0,44580.86,38524.57,6056.289999999999,0.0,0,1
06,2017,Boston,8.36,88691.56,51.07000000000001,6675.1900000000005,0.0,81965.29999999999,75194.51999999999,6770.78,0.0,0,1
07,2015,Boston,8.39,12654.98,139.49,7285.2,0.0,5230.29,5223.62,6.67,0.0,0,1
07,2016,Boston,7.6000000000000005,59150.75,58.85000000000001,2772.22,0.0,56319.68000000001,51726.20999999999,4593.47,0.0,0,1
07,2017,Boston,9.11,118188.31000000001,50.25,7154.81,0.0,110983.25,96098.1,14885.150000000001,0.0,0,1
08,2015,Boston,10.259999999999998,14721.240000000002,660.88,5743.59,0.0,8316.77,8316.77,0.0,0.0,0,1
08,2016,Boston,5.18,36508.22,81.93,2481.84,0.0,33944.45,33876.6,67.85000000000001,0.0,0,1
08,2017,Boston,6.8500000000000005,86278.22,44.870000000000005,4788.69,0.0,81444.66,70767.02,10677.64,0.0,0,1
09,2015,Boston,7.9799999999999995,11274.38,102.98,4424.18,0.0,6747.22,6747.22,0.0,0.0,0,1
09,2016,Boston,7.15,63774.94,83.42,2925.54,0.0,60765.979999999996,60687.74,78.24,0.0,0,1
09,2017,Boston,6.62,110256.70999999999,106.25999999999999,4162.9,0.0,105987.55000000002,103240.72,2746.83,0.0,0,1
10,2015,Boston,5.07,31342.120000000003,58.04,1929.79,0.0,29354.29,27820.11,1534.18,0.0,0,1
01,2015,BuffaloRochester,5.960000000000001,443567.99,7856.67,222545.57,396.98,212768.77000000002,212026.55000000002,742.22,0.0,1,0
01,2016,BuffaloRochester,6.64,709353.04,7367.1,294679.28,549.55,406757.11,405672.66,1084.45,0.0,1,0
01,2017,BuffaloRochester,6.8,755908.04,8037.469999999999,353098.06,389.81,394382.70000000007,388099.14,5759.94,523.62,1,0
01,2018,BuffaloRochester,5.16,641472.6,33254.44,325255.43000000005,254.85000000000002,282707.88,78342.42000000001,204211.02,154.44,1,0
02,2015,BuffaloRochester,5.54,496434.51,7170.129999999999,219697.97999999998,463.93,269102.47000000003,267764.69,1337.7799999999997,0.0,1,0
02,2016,BuffaloRochester,5.12,596489.86,7343.25,268148.22,231.92,320766.47,312653.14,8113.329999999999,0.0,1,0
02,2017,BuffaloRochester,6.33,555972.16,5891.139999999999,301996.98,305.11,247778.93,241446.77000000002,6332.159999999999,0.0,1,0
02,2018,BuffaloRochester,5.1,635129.86,50042.35,309061.82,307.25,275718.44,131703.46,141401.64,2613.3399999999997,1,0
03,2015,BuffaloRochester,7.039999999999999,581295.54,10049.039999999999,243197.30000000002,401.61,327647.59,326950.23,697.36,0.0,1,0
03,2016,BuffaloRochester,4.74,594556.59,5489.42,264829.48,156.79000000000002,324080.9,324072.01,8.89,0.0,1,0
03,2017,BuffaloRochester,6.23,614690.97,6980.14,300583.73,201.99,306925.11,280862.39,26062.72,0.0,1,0
03,2018,BuffaloRochester,4.699999999999999,683315.6399999999,66158.16,311835.29000000004,268.81,305053.38,107643.06,194603.65,2806.67,1,0
04,2015,BuffaloRochester,5.6899999999999995,518894.97,3992.5699999999997,198979.2,354.02000000000004,315569.18,312907.37,2571.53,90.28,1,0
04,2016,BuffaloRochester,4.43,647423.67,5000.86,264673.27,1914.89,375834.65,375560.49,164.44,109.72,1,0
04,2017,BuffaloRochester,7.7299999999999995,832508.77,13270.66,377278.55000000005,212.76999999999998,441746.79,353496.44,88250.35,0.0,1,0
05,2015,BuffaloRochester,6.93,697152.8900000001,5273.9800000000005,294957.02,506.87,396415.02,393794.19,2577.77,43.06,1,0
05,2016,BuffaloRochester,5.6000000000000005,853048.9200000002,7247.509999999999,393360.35,4776.89,447664.17000000004,445799.17000000004,0.0,1865.0,1,0
05,2017,BuffaloRochester,6.609999999999999,627007.86,6609.12,301108.81,509.77,318780.16,311618.88,5779.9,1381.38,1,0
06,2015,BuffaloRochester,5.58,526186.96,4453.4400000000005,205933.41999999998,15393.19,300406.91000000003,300344.69,62.22,0.0,1,0
06,2016,BuffaloRochester,4.79,686479.42,9184.16,313941.9,506.74,362846.62,352791.62,0.0,10055.0,1,0
06,2017,BuffaloRochester,6.18,504922.6,7270.17,316192.65,296.84999999999997,181162.93,162751.32,5240.78,13170.83,1,0
07,2015,BuffaloRochester,5.67,488436.57999999996,5467.51,204328.46,14369.49,264271.12,262937.78,1333.34,0.0,1,0
07,2016,BuffaloRochester,6.739999999999999,718446.1000000001,7187.849999999999,374219.72,318.15,336720.38,320052.88,0.0,16667.5,1,0
07,2017,BuffaloRochester,6.66,750090.13,9507.88,365822.17000000004,274.81,374485.26999999996,354950.32,4780.51,14754.44,1,0
08,2015,BuffaloRochester,7.31,382475.85,6511.529999999999,252103.49,1490.8799999999999,122369.95,122369.95,0.0,0.0,1,0
08,2016,BuffaloRochester,5.64,453154.23,8652.94,282428.42000000004,225.63000000000002,161847.24,155777.24,0.0,6070.0,1,0
08,2017,BuffaloRochester,5.3100000000000005,590203.24,8880.28,285808.84,92.41,295421.71,288471.71,313.34,6636.66,1,0
09,2015,BuffaloRochester,6.0,300552.97000000003,6397.8099999999995,197981.66000000003,502.72999999999996,95670.76999999999,93719.65999999999,1951.11,0.0,1,0
09,2016,BuffaloRochester,5.800000000000001,476805.3,11638.96,281450.12,222.07999999999998,183494.13999999998,181352.93000000002,1966.21,175.0,1,0
09,2017,BuffaloRochester,5.8100000000000005,539631.87,24753.510000000002,246361.40000000002,150.1,268366.86000000004,230881.58,33016.39,4468.89,1,0
10,2015,BuffaloRochester,5.28,413692.62,8272.44,166562.91,335.53000000000003,238521.74,232979.52,5542.220000000001,0.0,1,0
01,2015,BuffaloRochester,6.5600000000000005,5366.089999999999,108.31,431.34999999999997,0.0,4826.43,4826.43,0.0,0.0,0,1
01,2016,BuffaloRochester,7.75,20430.96,4.75,853.5500000000001,0.0,19572.66,12986.56,6586.1,0.0,0,1
01,2017,BuffaloRochester,8.06,15770.49,40.209999999999994,1166.76,0.0,14563.52,12272.33,2291.19,0.0,0,1
01,2018,BuffaloRochester,4.76,40675.4,1143.96,493.59999999999997,0.0,39037.840000000004,22138.999999999996,16898.84,0.0,0,1
02,2015,BuffaloRochester,6.27,13314.48,88.88,434.31999999999994,0.0,12791.28,12791.28,0.0,0.0,0,1
02,2016,BuffaloRochester,7.32,21859.449999999997,0.0,973.8199999999999,0.0,20885.63,5546.87,15338.759999999998,0.0,0,1
02,2017,BuffaloRochester,7.530000000000001,16277.59,10.97,2346.17,0.0,13920.45,7378.6900000000005,6541.76,0.0,0,1
02,2018,BuffaloRochester,4.89,47581.979999999996,1677.6899999999998,592.1700000000001,0.0,45312.119999999995,14962.099999999999,30350.02,0.0,0,1
03,2015,BuffaloRochester,8.66,8569.64,45.239999999999995,627.19,0.0,7897.21,7897.21,0.0,0.0,0,1
03,2016,BuffaloRochester,6.81,20460.69,20.36,704.31,0.0,19736.02,7265.28,12470.740000000002,0.0,0,1
03,2017,BuffaloRochester,8.15,13700.15,12.209999999999999,2435.0600000000004,0.0,11252.880000000001,3258.89,7993.990000000001,0.0,0,1
03,2018,BuffaloRochester,4.82,75642.56000000001,2761.53,782.4300000000001,0.0,72098.6,32032.78,40065.82,0.0,0,1
04,2015,BuffaloRochester,7.26,11351.609999999999,113.69,637.51,0.0,10600.41,10600.41,0.0,0.0,0,1
04,2016,BuffaloRochester,6.42,24188.1,21.36,740.98,0.0,23425.760000000002,9188.6,14237.159999999998,0.0,0,1
04,2017,BuffaloRochester,10.700000000000001,23893.590000000004,19.46,2889.63,0.0,20984.5,5577.7699999999995,15406.730000000001,0.0,0,1
05,2015,BuffaloRochester,9.040000000000001,20955.7,202.01000000000002,891.3,0.0,19862.39,19862.39,0.0,0.0,0,1
05,2016,BuffaloRochester,7.790000000000001,37706.47,82.05999999999999,2707.0,0.0,34917.409999999996,17777.29,17140.120000000003,0.0,0,1
05,2017,BuffaloRochester,8.7,24201.329999999998,7.22,2753.8,0.0,21440.31,4453.32,16986.989999999998,0.0,0,1
06,2015,BuffaloRochester,7.36,12968.98,224.35999999999999,557.22,0.0,12187.4,12132.96,54.44,0.0,0,1
06,2016,BuffaloRochester,6.61,25923.29,133.04,1212.3600000000001,0.0,24577.89,12562.6,12015.289999999999,0.0,0,1
06,2017,BuffaloRochester,10.079999999999998,21264.46,52.260000000000005,2120.54,0.0,19091.66,3488.33,15603.33,0.0,0,1
07,2015,BuffaloRochester,7.710000000000001,7196.56,296.65000000000003,531.39,0.0,6368.52,6360.58,7.9399999999999995,0.0,0,1
07,2016,BuffaloRochester,8.75,18857.89,297.52,1341.45,0.0,17218.920000000002,8037.150000000001,9181.77,0.0,0,1
07,2017,BuffaloRochester,9.1,47230.77,30.67,2191.53,0.0,45008.56999999999,13986.27,31022.3,0.0,0,1
08,2015,BuffaloRochester,8.54,12261.32,196.03,802.1800000000001,0.0,11263.11,11241.95,21.16,0.0,0,1
08,2016,BuffaloRochester,6.119999999999999,14071.45,119.81,950.3,0.0,13001.34,12974.060000000001,27.28,0.0,0,1
08,2017,BuffaloRochester,5.4399999999999995,42337.97,272.89,1137.4099999999999,0.0,40927.67,20072.89,20854.78,0.0,0,1
09,2015,BuffaloRochester,6.220000000000001,14318.64,77.34,430.92999999999995,0.0,13810.369999999999,13810.369999999999,0.0,0.0,0,1
09,2016,BuffaloRochester,6.16,13242.46,217.16000000000003,644.62,0.0,12380.68,12375.38,5.3,0.0,0,1
09,2017,BuffaloRochester,6.08,33898.57,1327.2,590.11,0.0,31981.26,25056.019999999997,6925.24,0.0,0,1
10,2015,BuffaloRochester,6.19,13978.960000000001,80.82000000000001,507.52,0.0,13390.619999999999,13381.310000000001,9.31,0.0,0,1
