finalProj/avoPricesNumerical.csv
Month,year,region,AveragePrice,Total Volume,4046,4225,4770,Total Bags,Small Bags,Large Bags,XLarge Bags,type_conventional,type_organic
01,2015,California,3.93,22303066.759999998,10895054.82,8689709.0,513202.87,2205100.0700000003,2029057.2000000002,163067.25,12975.619999999999,1,0
01,2016,California,4.26,32786906.020000003,9060826.09,11893306.469999999,1329204.5999999999,10503568.86,9320957.59,1107330.52,75280.75,1,0
01,2017,California,4.34,36693701.78,12428873.309999999,12853049.3,549961.37,10861817.799999999,10192053.350000001,505528.62,164235.83000000002,1,0
01,2018,California,4.74,24427700.31,9082410.32,8836967.639999999,530139.94,5978182.41,5604306.99,100689.62,273185.8,1,0
02,2015,California,3.68,26555221.5,14228328.34,9215299.309999999,669187.8400000001,2442406.01,2251063.49,181472.72000000003,9869.800000000001,1,0
02,2016,California,3.3,30131278.050000004,8578870.1,10020049.48,1272667.58,10259690.89,9066112.27,1127356.41,66222.21,1,0
02,2017,California,3.36,30612231.509999998,10609113.36,9557979.9,706131.8200000001,9739006.43,9250534.47,296970.92,191501.04,1,0
02,2018,California,3.91,30742617.16,12013457.57,10240078.51,491186.32999999996,7997894.75,7552583.93,154572.13,290738.69,1,0
03,2015,California,5.02,29161175.69,14921497.18,10031887.66,939431.62,3268359.2300000004,3077995.92,181729.41,8633.9,1,0
03,2016,California,3.7199999999999998,25527348.58,7474014.64,8171790.84,1253279.31,8628263.79,7679563.05,866659.53,82041.20999999999,1,0
03,2017,California,5.1,21244280.85,7383426.48,6395450.5600000005,599601.49,6865802.32,6594371.1899999995,23541.95,247889.18,1,0
03,2018,California,4.3,26273228.59,8751361.13,8447165.7,412083.97,8662617.79,8167132.83,164263.69,331221.27,1,0
04,2015,California,4.380000000000001,21898445.91,11048124.760000002,7675448.03,784419.46,2390453.66,2144992.68,237549.97,7911.01,1,0
04,2016,California,3.64,25901040.200000003,8931867.969999999,8437515.94,1400289.06,7131367.23,6321629.68,731178.2999999999,78559.25,1,0
04,2017,California,6.199999999999999,28938049.46,10055681.76,8493267.840000002,795109.25,9593990.61,9222002.91,39943.520000000004,332044.18000000005,1,0
05,2015,California,4.97,32365647.9,17948486.83,10487603.610000001,961081.63,2968475.83,2849439.7,104168.11,14868.02,1,0
05,2016,California,4.39,34741785.339999996,12542292.89,11488826.98,1652763.37,9057902.1,7493476.93,1440253.95,124171.22,1,0
05,2017,California,4.92,26002580.48,9612249.200000001,7462291.0600000005,576678.52,8351361.699999999,8045477.17,15566.86,290317.67000000004,1,0
06,2015,California,4.119999999999999,24710844.519999996,14182667.45,6986657.600000001,862598.28,2678921.19,2573912.05,92522.65,12486.49,1,0
06,2016,California,4.039999999999999,26807243.84,10262432.469999999,8014084.209999999,1349930.0699999998,7180797.09,6574065.26,491783.89,114947.94,1,0
06,2017,California,4.77,26282614.53,10079931.42,6725971.21,711961.0800000001,8764750.82,8495088.71,21142.760000000002,248519.35,1,0
07,2015,California,4.56,22952465.54,12247259.379999999,7310727.82,809300.04,2585178.3000000003,2501537.7800000003,71204.56,12435.96,1,0
07,2016,California,5.74,32060967.39,10946761.639999999,10811053.520000001,1474693.0699999998,8828459.16,8165014.88,502297.75,161146.53,1,0
07,2017,California,6.890000000000001,29271635.5,11861800.66,9528415.08,914880.03,6966539.73,6587712.7700000005,80747.61000000002,298079.35,1,0
08,2015,California,5.630000000000001,28117360.37,15031215.870000001,9125085.56,1041137.63,2919921.31,2878298.3499999996,26955.12,14667.84,1,0
08,2016,California,4.28,25687463.79,9681656.51,8168992.0,735277.1,7101538.18,6696921.909999999,270064.86,134551.41,1,0
08,2017,California,6.04,20403311.79,8545609.59,6685070.18,672632.62,4499999.4,4179282.12,116595.85,204121.43,1,0
09,2015,California,4.3999999999999995,20889476.66,8285612.6,9330938.82,991361.77,2281563.47,2120333.74,140483.18,20746.55,1,0
09,2016,California,4.57,24288564.61,9045855.13,8015466.66,452033.73,6775209.09,6415422.779999999,226683.55000000002,133102.76,1,0
09,2017,California,6.82,17133907.4,6489011.720000001,6452859.35,557800.21,3634236.12,3406416.14,83622.9,144197.08,1,0
10,2015,California,4.290000000000001,19598584.27,6800106.59,9629593.059999999,876730.12,2292154.5,2216688.2800000003,62322.03,13144.19,1,0
01,2015,California,4.88,617366.07,435293.76999999996,138519.52000000002,4.4,43548.38,43548.38,0.0,0.0,0,1
01,2016,California,7.0,695969.8200000001,83334.43,359143.52999999997,124.41,253367.45,161186.65999999997,92180.79,0.0,0,1
01,2017,California,7.59,786302.16,151635.99,313507.89,43.239999999999995,321115.04000000004,279012.71,42102.33,0.0,0,1
01,2018,California,7.12,725996.4000000001,159728.30000000002,274233.3,0.0,292034.8,291911.61000000004,123.19,0.0,0,1
02,2015,California,5.39,581743.55,424450.63,113992.89000000001,2.92,43297.11,43293.78,3.33,0.0,0,1
02,2016,California,5.56,690973.55,55716.25,347921.08999999997,192.71,287143.5,256941.43000000002,30202.07,0.0,0,1
02,2017,California,5.74,720990.76,118963.92,278228.48,35.96,323762.4,302310.66,21451.74,0.0,0,1
02,2018,California,7.200000000000001,702759.71,125319.16,274690.49,0.0,302750.06,302580.86,169.2,0.0,0,1
03,2015,California,6.98,676773.11,440289.91000000003,187665.1,0.0,48818.1,48818.1,0.0,0.0,0,1
03,2016,California,5.61,755708.54,68529.12,368397.88,18.22,318763.31999999995,282473.19,36290.130000000005,0.0,0,1
03,2017,California,6.25,834756.87,115040.26000000001,291797.99,62.91,427855.71,351357.35,76498.36000000002,0.0,0,1
03,2018,California,6.6000000000000005,869006.77,126053.34999999999,293021.4,8.08,449923.94000000006,449484.43,439.51000000000005,0.0,0,1
04,2015,California,6.039999999999999,492381.30999999994,236431.14,209152.14,1.49,46796.54,46796.54,0.0,0.0,0,1
04,2016,California,5.569999999999999,796001.03,70989.87,393042.28,9.120000000000001,331959.76,316462.03,15497.73,0.0,0,1
04,2017,California,8.15,969447.06,147371.98,341368.54000000004,45.5,480661.0399999999,442961.80000000005,37699.240000000005,0.0,0,1
05,2015,California,7.370000000000001,668932.1599999999,310556.35,295426.94,0.0,62948.87,62948.87,0.0,0.0,0,1
05,2016,California,6.8500000000000005,1098902.52,107918.8,585219.0,4.59,405760.13,404940.17,819.9599999999999,0.0,0,1
05,2017,California,6.89,759521.48,117916.4,278588.46,29.75,362986.87,360301.44,2685.43,0.0,0,1
06,2015,California,6.71,464550.92000000004,199046.03,224967.05000000002,52.42999999999999,40485.409999999996,40478.75,6.66,0.0,0,1
06,2016,California,6.13,776647.65,108691.11,396529.89999999997,64.88000000000001,271361.76,270564.28,797.48,0.0,0,1
06,2017,California,6.87,735217.9199999999,119647.52,258196.11,18.6,357355.69000000006,348438.29,8917.400000000001,0.0,0,1
07,2015,California,7.29,452117.58999999997,160877.19,253058.48,21.77,38160.15,38151.5,8.65,0.0,0,1
07,2016,California,7.8,989248.31,120261.13999999998,457809.77,79.19,411098.20999999996,395141.30999999994,15956.899999999998,0.0,0,1
07,2017,California,9.8,702711.77,94552.22,259044.99000000002,28.060000000000002,349086.5,348527.49999999994,559.0,0.0,0,1
08,2015,California,9.81,463443.92999999993,127749.54999999999,278539.62,3.11,57151.649999999994,57151.649999999994,0.0,0.0,0,1
08,2016,California,6.109999999999999,771068.1699999999,98864.17,309687.35,48.26,362468.39,325952.13,36516.26,0.0,0,1
08,2017,California,9.3,518774.76999999996,106646.29999999999,180641.87999999998,1.57,231485.02,230152.08000000002,1332.94,0.0,0,1
09,2015,California,7.73,359196.41,107765.8,223149.57,0.0,28281.04,28197.71,83.33,0.0,0,1
09,2016,California,6.99,628970.72,74970.87000000001,330370.15,41.9,223587.8,207437.08000000002,16150.720000000001,0.0,0,1
09,2017,California,8.52,573252.5700000001,157779.66999999998,256375.69,1.57,159095.64,158985.98,109.66,0.0,0,1
10,2015,California,7.719999999999999,329473.17,69678.23999999999,221636.14,6.1899999999999995,38152.600000000006,36052.64,2099.96,0.0,0,1
01,2015,Charlotte,4.879999999999999,645890.25,124851.62,169816.08,149624.31,201598.24,158771.42,42826.82,0.0,1,0
01,2016,Charlotte,4.76,1029053.75,143975.55,505714.43,146960.74,232403.03000000003,195691.71000000002,36711.32,0.0,1,0
01,2017,Charlotte,6.37,1094652.09,235506.11000000002,461548.09,64716.17,332881.72,275477.76,56362.85,1041.1100000000001,1,0
01,2018,Charlotte,5.220000000000001,1073779.74,272821.74,337426.85,19887.989999999998,443643.16,421717.62,21924.43,1.11,1,0
02,2015,Charlotte,4.449999999999999,762689.02,157332.31,193867.16,214613.43000000002,196876.12,160711.12,36165.0,0.0,1,0
02,2016,Charlotte,3.92,938345.86,180717.62,441715.5,99260.63,216652.11000000002,176414.5,40237.61,0.0,1,0
02,2017,Charlotte,4.79,1006575.21,250491.05000000002,443989.99000000005,53441.55,258652.62,230491.31,27477.42,683.89,1,0
02,2018,Charlotte,4.87,1146944.65,273426.67,333726.06,22840.95,516950.97000000003,493356.13,23594.839999999997,0.0,1,0
03,2015,Charlotte,6.039999999999999,881141.7199999999,190720.31999999998,223314.79,192726.05,274380.56,264739.8,9640.76,0.0,1,0
03,2016,Charlotte,4.43,839949.2400000001,144571.31,402812.61000000004,78880.82,213684.50000000003,185821.80999999997,27862.690000000002,0.0,1,0
03,2017,Charlotte,5.91,841583.3900000001,182652.41,359013.63,34377.39,265539.95999999996,248307.51999999996,17232.440000000002,0.0,1,0
03,2018,Charlotte,4.9,1193594.57,281670.36,359749.69,23116.170000000002,529058.35,504666.53,24389.600000000002,2.22,1,0
04,2015,Charlotte,4.74,745010.29,169717.37,177589.72,149850.72,247852.47999999998,240121.1,7632.77,98.61,1,0
04,2016,Charlotte,4.48,832755.5900000001,143761.7,388407.14999999997,67273.53,233313.21,196195.78,35625.770000000004,1491.66,1,0
04,2017,Charlotte,7.609999999999999,1092615.8,251589.98,404449.22,37528.77,399047.83,371709.48000000004,27160.57,177.78,1,0
05,2015,Charlotte,5.789999999999999,1052217.8599999999,231486.88,261202.22999999998,246790.44,312738.31,296623.89,16114.42,0.0,1,0
05,2016,Charlotte,5.68,1157717.78,228053.56,518410.94,117284.22,293969.06,251501.76,40955.36,1511.94,1,0
05,2017,Charlotte,5.7700000000000005,993384.1099999999,240744.96,360754.83,34617.58,357266.74,333813.32,23453.42,0.0,1,0
06,2015,Charlotte,4.64,801901.29,129416.79000000001,227131.3,160076.47,285276.73,274381.04000000004,10895.689999999999,0.0,1,0
06,2016,Charlotte,4.99,858134.41,171411.41999999998,298354.77,173140.0,215228.22000000003,191802.88,18211.45,5213.89,1,0
06,2017,Charlotte,5.63,864188.91,208852.61000000002,324502.79000000004,26032.94,304800.57,269681.45999999996,20297.44,14821.67,1,0
07,2015,Charlotte,4.779999999999999,760447.57,118667.20000000001,218467.83999999997,154485.28,268827.25,258070.97000000003,10756.279999999999,0.0,1,0
07,2016,Charlotte,6.83,1045151.32,200877.89,358419.41,158177.11000000002,327676.91000000003,294097.37,22739.54,10840.0,1,0
07,2017,Charlotte,6.8500000000000005,1084448.84,273437.98,377480.23,31386.23,402144.4,361656.71,23749.92,16737.77,1,0
08,2015,Charlotte,6.04,913231.9900000001,158037.32,226714.36000000002,198500.35,329979.95999999996,317397.27999999997,12582.68,0.0,1,0
08,2016,Charlotte,5.609999999999999,773209.8599999999,187344.77999999997,250947.40999999997,82948.32,251969.34999999998,239280.02000000002,12139.330000000002,550.0,1,0
08,2017,Charlotte,6.0,837182.1,208554.79000000004,292040.52,24150.760000000002,312436.03,279236.82999999996,22976.980000000003,10222.220000000001,1,0
09,2015,Charlotte,4.49,729030.1599999999,115570.23999999999,204920.44999999998,200655.24,207884.22999999998,182101.65999999997,25782.57,0.0,1,0
09,2016,Charlotte,5.65,758063.03,190556.19,224040.75,70633.28,272832.81,236697.53,35592.78,542.5,1,0
09,2017,Charlotte,6.67,768094.55,198870.21,274503.01,21966.67,272754.66000000003,251363.97999999998,17107.35,4283.33,1,0
10,2015,Charlotte,4.89,611620.8899999999,92489.41,183216.11000000002,188946.57,146968.80000000002,124887.73000000001,22081.07,0.0,1,0
01,2015,Charlotte,8.86,10747.759999999998,1002.05,3553.31,3424.9900000000002,2767.41,2767.41,0.0,0.0,0,1
01,2016,Charlotte,8.979999999999999,19662.31,2218.83,9231.439999999999,3369.5,4842.54,4783.37,59.17,0.0,0,1
01,2017,Charlotte,7.670000000000001,48132.04,728.94,20427.120000000003,2649.14,24326.84,21910.61,2416.23,0.0,0,1
01,2018,Charlotte,5.91,73118.54000000001,70.44,25475.38,985.37,46587.350000000006,46031.82000000001,555.53,0.0,0,1
02,2015,Charlotte,7.619999999999999,13874.24,815.9300000000001,4844.900000000001,4600.16,3613.25,3613.25,0.0,0.0,0,1
02,2016,Charlotte,7.210000000000001,14246.43,1298.6,7258.619999999999,2258.86,3430.35,3430.35,0.0,0.0,0,1
02,2017,Charlotte,6.62,35482.03999999999,809.1800000000001,15576.560000000001,2020.7400000000002,17075.559999999998,16157.750000000002,917.81,0.0,0,1
02,2018,Charlotte,7.55,48854.28,92.61,22698.14,863.5200000000001,25200.01,24439.36,760.65,0.0,0,1
03,2015,Charlotte,9.47,19362.489999999998,1209.0,7055.110000000001,5815.78,5282.6,5282.6,0.0,0.0,0,1
03,2016,Charlotte,6.75,17400.18,1304.01,8560.009999999998,2353.02,5183.14,5163.14,20.0,0.0,0,1
03,2017,Charlotte,7.61,28858.89,1123.55,18697.260000000002,2141.19,6896.889999999999,5967.07,929.8199999999999,0.0,0,1
03,2018,Charlotte,7.13,49597.82,108.53,25221.86,857.8399999999999,23409.59,22727.02,682.5699999999999,0.0,0,1
04,2015,Charlotte,8.440000000000001,15149.02,1089.14,5061.51,4934.66,4063.7099999999996,4063.7099999999996,0.0,0.0,0,1
04,2016,Charlotte,6.75,21810.789999999997,1440.16,10545.53,2429.01,7396.089999999999,7396.089999999999,0.0,0.0,0,1
04,2017,Charlotte,11.129999999999999,42203.51,1396.9299999999998,28219.83,2816.2,9770.55,8718.85,1051.7,0.0,0,1
05,2015,Charlotte,9.32,28835.710000000003,1947.9499999999998,10689.16,10844.99,5353.610000000001,5353.610000000001,0.0,0.0,0,1
05,2016,Charlotte,8.530000000000001,28434.77,1627.8200000000002,13650.9,3287.06,9868.99,9848.99,20.0,0.0,0,1
05,2017,Charlotte,9.5,32628.53,1136.93,21809.26,1836.3899999999999,7845.95,6420.59,1425.3600000000001,0.0,0,1
06,2015,Charlotte,8.42,15659.85,1354.6,6058.530000000001,4316.709999999999,3930.01,3930.01,0.0,0.0,0,1
06,2016,Charlotte,6.67,22782.92,1471.1200000000001,10103.22,2919.26,8289.32,8269.32,20.0,0.0,0,1
06,2017,Charlotte,8.64,34433.54,692.9200000000001,19399.600000000002,1266.16,13074.86,13061.529999999999,13.33,0.0,0,1
07,2015,Charlotte,8.42,14724.2,994.75,5755.139999999999,4221.15,3753.1600000000003,3736.4900000000002,16.67,0.0,0,1
07,2016,Charlotte,8.370000000000001,35622.549999999996,1744.66,17380.32,5692.16,10805.41,10722.090000000002,83.32,0.0,0,1
07,2017,Charlotte,10.21,44041.65,114.03,26194.5,1810.29,15922.829999999998,15915.059999999998,7.7700000000000005,0.0,0,1
08,2015,Charlotte,10.2,21983.57,1430.97,8221.42,5983.47,6347.71,6347.71,0.0,0.0,0,1
08,2016,Charlotte,7.029999999999999,38357.04,1610.8100000000002,18278.19,4388.29,14079.75,13926.42,153.32999999999998,0.0,0,1
08,2017,Charlotte,10.02,40993.9,220.35000000000002,18990.52,870.25,20912.78,20898.34,14.440000000000001,0.0,0,1
09,2015,Charlotte,8.16,15321.59,1176.31,4970.11,3656.4,5518.77,5518.77,0.0,0.0,0,1
09,2016,Charlotte,7.1,35228.159999999996,978.3400000000001,15670.7,2904.8100000000004,15674.310000000001,14741.65,932.6600000000001,0.0,0,1
09,2017,Charlotte,10.940000000000001,39794.240000000005,131.54,17381.25,739.1,21542.35,20824.55,717.8000000000001,0.0,0,1
10,2015,Charlotte,7.9,14627.330000000002,1269.6,5534.78,4092.34,3730.6099999999997,3730.6099999999997,0.0,0.0,0,1
