finalProj/avoPricesNumerical.csv
Month,year,region,AveragePrice,Total Volume,4046,4225,4770,Total Bags,Small Bags,Large Bags,XLarge Bags,type_conventional,type_organic
01,2015,Chicago,4.62,3129123.5700000003,112545.53,2131176.41,544476.86,340924.76999999996,318988.94,21767.79,168.04000000000002,1,0
01,2016,Chicago,5.25,4200478.09,215766.94,2747495.42,713558.69,523657.04000000004,431386.17,80337.53,11933.34,1,0
01,2017,Chicago,5.85,4078256.96,452468.8,2519796.67,680919.97,425071.52,381163.85,7464.870000000001,36442.8,1,0
01,2018,Chicago,5.92,3504755.5300000003,434222.87,1905008.6400000001,552313.36,613210.6599999999,337389.83999999997,275777.58999999997,43.230000000000004,1,0
02,2015,Chicago,4.39,3362296.5999999996,147784.82,2345862.79,501143.89,367505.1,351464.28,15811.02,229.8,1,0
02,2016,Chicago,4.0600000000000005,3470457.83,185646.93,2266122.74,545485.86,473202.3,420007.39999999997,52532.9,662.0,1,0
02,2017,Chicago,4.63,3898832.92,637144.6799999999,2271306.36,656827.4,333554.48,304130.71,6959.009999999999,22464.760000000002,1,0
02,2018,Chicago,5.31,4231067.28,530129.46,2579298.01,576332.68,545307.13,366991.31999999995,175790.09,2525.72,1,0
03,2015,Chicago,5.789999999999999,4020617.6999999997,136664.66999999998,2902654.1,492350.88000000006,488948.05,473300.03,15527.42,120.6,1,0
03,2016,Chicago,4.140000000000001,3269264.89,144615.77999999997,2242160.9699999997,509337.29,373150.85,361297.52,11783.26,70.07000000000001,1,0
03,2017,Chicago,6.56,2681940.96,241033.61000000002,1782637.65,408915.25999999995,249354.44,229070.05000000002,4829.0199999999995,15455.370000000003,1,0
03,2018,Chicago,5.8500000000000005,3400522.87,432503.37,1817769.2100000002,596444.7899999999,553805.5,411431.47,136934.84,5439.1900000000005,1,0
04,2015,Chicago,4.99,3074928.4699999997,183344.68,2156487.39,364652.93000000005,370443.47,356453.26,12252.109999999999,1738.1,1,0
04,2016,Chicago,4.42,3275601.6000000006,167903.87,2134507.0100000002,580972.9,392217.82,365214.28,23365.539999999997,3638.0,1,0
04,2017,Chicago,8.200000000000001,3625260.2699999996,363288.91000000003,2366387.15,525081.65,370502.56,334027.81,10200.73,26274.02,1,0
05,2015,Chicago,5.99,4322861.84,282605.81,2935642.36,626358.57,478255.1,461573.48,16634.55,47.07,1,0
05,2016,Chicago,5.27,4657856.58,204578.68,3044475.2100000004,777036.35,631766.34,599213.4,23866.34,8686.6,1,0
05,2017,Chicago,6.379999999999999,3313944.5300000003,363407.73,2097487.68,537190.5,315858.62000000005,280753.62,9099.060000000001,26005.940000000002,1,0
06,2015,Chicago,4.9,3283566.38,168744.72,2192104.11,457672.24,465045.30999999994,450339.11,10867.130000000001,3839.07,1,0
06,2016,Chicago,4.88,3398691.3,227407.59,2135011.7600000002,609371.39,426900.55999999994,410588.93,7754.35,8557.28,1,0
06,2017,Chicago,6.21,3314718.4200000004,368409.28,2031068.78,533407.72,381832.64,360118.61999999994,5189.15,16524.870000000003,1,0
07,2015,Chicago,4.86,3297861.26,98544.77,2345278.4299999997,443761.17000000004,410276.89,393099.43,11820.33,5357.13,1,0
07,2016,Chicago,7.609999999999999,3677491.25,232709.93000000002,2151647.7199999997,650588.0,642545.6,601741.19,17146.39,23658.020000000004,1,0
07,2017,Chicago,7.74,4113806.43,458391.14999999997,2432860.0300000003,709929.25,512625.99999999994,475306.61,22560.550000000003,14758.84,1,0
08,2015,Chicago,6.0,3835466.8600000003,93997.51,2816327.42,523179.7800000001,401962.14999999997,387427.5299999999,12794.02,1740.6000000000001,1,0
08,2016,Chicago,6.58,2520572.34,206711.71000000002,1503371.62,387107.68,423381.33,408950.52,8227.869999999999,6202.939999999999,1,0
08,2017,Chicago,7.419999999999999,2631924.62,311505.9,1443565.3599999999,528294.9299999999,348558.43,297778.06,34580.33,16200.04,1,0
09,2015,Chicago,4.64,3033968.24,67729.31,2195580.1399999997,455855.68,314803.11,295840.04000000004,13338.93,5624.14,1,0
09,2016,Chicago,6.77,2459742.81,273423.38,1449568.12,387554.24,349197.07,325811.9,5951.39,17433.78,1,0
09,2017,Chicago,8.24,2310161.37,269215.87,1299092.52,392203.01,349649.97000000003,311195.80000000005,32723.25,5730.92,1,0
10,2015,Chicago,4.53,2762039.65,115768.51000000001,1926420.9899999998,452031.20999999996,267818.94,259032.12,3378.02,5408.8,1,0
01,2015,Chicago,6.92,54090.29,4482.54,46874.42,0.0,2733.33,2733.33,0.0,0.0,0,1
01,2016,Chicago,7.99,139687.62999999998,4936.65,133564.31999999998,0.0,1186.6599999999999,1186.6599999999999,0.0,0.0,0,1
01,2017,Chicago,8.02,195854.13999999998,325.76,176489.78000000003,0.0,19038.600000000002,19034.16,4.44,0.0,0,1
01,2018,Chicago,7.16,163988.75,551.5600000000001,120230.89,0.0,43206.3,43192.97,13.33,0.0,0,1
02,2015,Chicago,6.9399999999999995,45112.63,4047.82,35689.24,0.0,5375.57,5375.57,0.0,0.0,0,1
02,2016,Chicago,6.33,126313.65,3487.49,116662.68999999999,0.0,6163.47,6163.47,0.0,0.0,0,1
02,2017,Chicago,6.3100000000000005,161557.46000000002,1255.34,138005.51,0.0,22296.61,22292.170000000002,4.44,0.0,0,1
02,2018,Chicago,6.61,155270.24,1228.8799999999999,112770.55,0.0,41270.81,41240.81,30.0,0.0,0,1
03,2015,Chicago,8.41,75010.43000000001,3002.99,65830.22,0.0,6177.22,6177.22,0.0,0.0,0,1
03,2016,Chicago,5.99,133901.66999999998,1170.6599999999999,131100.46000000002,0.0,1630.55,1630.55,0.0,0.0,0,1
03,2017,Chicago,6.919999999999999,175388.89,3679.26,156171.09999999998,0.0,15538.529999999999,15529.650000000001,8.88,0.0,0,1
03,2018,Chicago,6.63,158626.94,2199.63,122144.01,0.0,34283.3,34219.97,63.33,0.0,0,1
04,2015,Chicago,6.01,168832.21999999997,2368.96,163029.92,0.0,3433.34,3433.34,0.0,0.0,0,1
04,2016,Chicago,6.52,131674.93,329.31,129811.73000000001,0.0,1533.89,1533.89,0.0,0.0,0,1
04,2017,Chicago,9.27,278115.49,1210.65,258868.26999999996,0.0,18036.57,18032.129999999997,4.44,0.0,0,1
05,2015,Chicago,8.26,118581.31,2480.3900000000003,111252.37000000001,0.0,4848.55,2823.33,2025.2199999999998,0.0,0,1
05,2016,Chicago,7.250000000000001,209208.32,487.78000000000003,203122.75999999998,0.0,5597.780000000001,5597.780000000001,0.0,0.0,0,1
05,2017,Chicago,7.75,176758.2,211.19,161061.24,0.0,15485.77,15485.77,0.0,0.0,0,1
06,2015,Chicago,7.220000000000001,73024.91,2592.84,68835.4,0.0,1596.6699999999998,1596.6699999999998,0.0,0.0,0,1
06,2016,Chicago,6.1000000000000005,148537.16999999998,450.38,141138.52,0.0,6948.27,6948.27,0.0,0.0,0,1
06,2017,Chicago,7.859999999999999,162093.21,309.78,154709.52000000002,0.0,7073.91,7066.139999999999,7.7700000000000005,0.0,0,1
07,2015,Chicago,6.6,84426.20000000001,1403.46,81147.59,0.0,1875.15,1696.67,178.48000000000002,0.0,0,1
07,2016,Chicago,9.44,108571.76000000001,374.15999999999997,94894.84000000001,0.0,13302.759999999998,13298.32,4.44,0.0,0,1
07,2017,Chicago,9.58,188560.82000000004,456.48,164730.59999999998,0.0,23345.77,23345.77,0.0,0.0,0,1
08,2015,Chicago,8.040000000000001,147490.24,5513.17,139813.75,0.0,2163.3199999999997,2159.99,3.33,0.0,0,1
08,2016,Chicago,8.39,113265.27,928.61,106770.01999999999,0.0,5566.639999999999,5566.639999999999,0.0,0.0,0,1
08,2017,Chicago,7.25,71620.89,247.46,38440.31,0.0,32933.12,32923.12,10.0,0.0,0,1
09,2015,Chicago,6.49,106843.38,4671.03,100536.0,0.0,1636.35,1616.6599999999999,19.689999999999998,0.0,0,1
09,2016,Chicago,8.26,108646.44,376.36999999999995,99072.84,0.0,9197.23,9197.23,0.0,0.0,0,1
09,2017,Chicago,8.059999999999999,108007.2,587.5699999999999,76438.67000000001,0.0,30980.96,30976.519999999997,4.44,0.0,0,1
10,2015,Chicago,6.87,82387.26000000001,3991.21,77746.04,0.0,650.01,650.01,0.0,0.0,0,1
01,2015,CincinnatiDayton,3.66,819197.39,13837.900000000001,613367.84,4393.43,187598.22,79235.23999999999,108025.66,337.32,1,0
01,2016,CincinnatiDayton,4.51,1125625.3,14776.46,731381.13,70181.14,309286.57,87724.85,201162.86000000002,20398.86,1,0
01,2017,CincinnatiDayton,3.62,1667204.32,15960.130000000001,643728.22,8042.09,999473.8800000001,158307.02,840582.84,584.02,1,0
01,2018,CincinnatiDayton,3.87,1150681.84,327940.39,150945.48,63474.98,608320.99,558484.67,49549.17999999999,287.14,1,0
02,2015,CincinnatiDayton,3.66,840544.77,17742.829999999998,623019.4299999999,29935.31,169847.19999999998,73150.25,89587.52,7109.43,1,0
02,2016,CincinnatiDayton,3.4,949492.33,16529.35,568245.98,59917.35,304799.65,75985.62,216198.9,12615.13,1,0
02,2017,CincinnatiDayton,2.78,1317434.5099999998,13066.97,514907.28,7732.0,781728.26,116697.57,664954.65,76.04,1,0
02,2018,CincinnatiDayton,3.42,1180708.44,330666.0,146571.38,41243.810000000005,662227.25,532947.97,116444.70999999999,12834.57,1,0
03,2015,CincinnatiDayton,4.63,1053156.12,16614.579999999998,695910.11,51562.93,289068.5,123272.87,153937.19,11858.44,1,0
03,2016,CincinnatiDayton,3.5300000000000002,895845.65,13113.38,519543.31,64418.6,298770.36,74504.58,209250.98,15014.8,1,0
03,2017,CincinnatiDayton,3.79,1043039.05,10646.9,306387.28,4697.89,721306.98,113333.65,607828.23,145.10000000000002,1,0
03,2018,CincinnatiDayton,4.18,1064077.17,273390.42,87435.40000000001,39557.979999999996,663693.37,554066.96,91173.2,18453.21,1,0
04,2015,CincinnatiDayton,4.16,826554.6599999999,35139.81,539588.9500000001,23677.63,228148.27,131505.46,92515.91,4126.900000000001,1,0
04,2016,CincinnatiDayton,3.6500000000000004,847937.9199999999,15393.45,517603.74,54755.81,260184.91999999998,70372.32,178047.85,11764.75,1,0
04,2017,CincinnatiDayton,5.47,1215935.94,42512.22,383911.33,5788.2699999999995,783724.12,159966.93,623527.29,229.9,1,0
05,2015,CincinnatiDayton,5.34,1177091.84,54409.20999999999,780641.05,33357.17,308684.41,104377.84,197758.89,6547.68,1,0
05,2016,CincinnatiDayton,4.34,1316873.3199999998,20786.39,798752.5199999999,63314.5,434019.91,88569.87,329552.98,15897.06,1,0
05,2017,CincinnatiDayton,3.32,1416675.83,35622.84,369325.26,4541.07,1007186.6599999999,120884.82999999999,885785.1799999999,516.65,1,0
06,2015,CincinnatiDayton,4.15,932523.2200000001,24972.93,596276.53,43574.47,267699.29,113440.41,147412.37,6846.51,1,0
06,2016,CincinnatiDayton,3.73,1139476.04,24173.049999999996,639996.4600000001,54613.61,420692.92,92314.84999999999,309061.88999999996,19316.18,1,0
06,2017,CincinnatiDayton,3.7600000000000002,1321151.0,27383.67,380460.81,5839.08,907467.4400000001,119194.70999999999,785334.6400000001,2938.09,1,0
07,2015,CincinnatiDayton,4.15,908887.33,12942.09,600615.29,34586.49,260743.46000000002,96966.59,157756.68,6020.19,1,0
07,2016,CincinnatiDayton,5.119999999999999,1396420.7800000003,23370.15,716930.24,30866.8,625253.5900000001,130348.12999999998,476592.31,18313.15,1,0
07,2017,CincinnatiDayton,6.33,1238748.83,18879.780000000002,456154.56,6017.9800000000005,757696.51,120941.97,633341.04,3413.5,1,0
08,2015,CincinnatiDayton,5.24,1097586.17,12648.02,730355.06,61928.04000000001,292655.05000000005,86686.90999999999,193083.15999999997,12884.98,1,0
08,2016,CincinnatiDayton,4.260000000000001,1055784.16,17636.58,500955.67000000004,9410.75,527781.16,119183.12999999999,405722.76,2875.27,1,0
08,2017,CincinnatiDayton,5.26,1059133.73,17459.550000000003,376923.24,3934.29,660816.65,88089.48000000001,570256.7,2470.4700000000003,1,0
09,2015,CincinnatiDayton,4.199999999999999,861164.55,10006.1,571950.6499999999,60172.23999999999,219035.56,61468.61,143945.9,13621.05,1,0
09,2016,CincinnatiDayton,4.21,1076441.79,19177.22,464715.82999999996,6398.290000000001,586150.4500000001,108793.31999999999,476862.13,495.0,1,0
09,2017,CincinnatiDayton,7.05,789958.09,17960.52,285800.4,2811.05,483386.12,105592.62000000001,376597.11,1196.3899999999999,1,0
10,2015,CincinnatiDayton,3.83,838497.92,8946.0,568563.94,43664.39,217323.59,62517.47,147485.75,7320.37,1,0
01,2015,CincinnatiDayton,5.29,40321.32,856.47,34798.37,0.0,4666.48,1626.22,3040.26,0.0,0,1
01,2016,CincinnatiDayton,6.77,56973.08,2319.54,38503.23,0.0,16150.31,1741.3299999999997,14408.98,0.0,0,1
01,2017,CincinnatiDayton,6.5600000000000005,52531.53,1516.3600000000001,29737.25,0.0,21277.920000000002,2804.25,18473.67,0.0,0,1
01,2018,CincinnatiDayton,6.53,65968.01999999999,2701.8900000000003,21115.44,0.0,42150.69,13572.07,28578.620000000003,0.0,0,1
02,2015,CincinnatiDayton,4.880000000000001,43055.86,967.53,37539.75,0.0,4548.58,2517.74,2030.8399999999997,0.0,0,1
02,2016,CincinnatiDayton,4.92,51100.84,1932.69,34084.31,0.0,15083.84,1126.41,13957.43,0.0,0,1
02,2017,CincinnatiDayton,2.21,137786.38999999998,963.7300000000001,21390.82,0.0,115431.84,2019.3,113412.54000000001,0.0,0,1
02,2018,CincinnatiDayton,6.699999999999999,46859.850000000006,2581.29,16865.350000000002,0.0,27413.21,16506.44,10906.77,0.0,0,1
03,2015,CincinnatiDayton,6.15,63934.92,1481.8700000000001,56257.79,0.0,6195.26,2963.34,3231.9199999999996,0.0,0,1
03,2016,CincinnatiDayton,4.97,60097.27,1463.1799999999998,35457.64,0.0,23176.45,1706.67,21469.78,0.0,0,1
03,2017,CincinnatiDayton,3.8,127005.23999999999,1097.35,20959.83,0.0,104948.06,3400.72,101547.34,0.0,0,1
03,2018,CincinnatiDayton,5.92,89991.97,3551.8599999999997,31723.2,0.0,54716.909999999996,36212.130000000005,18504.780000000002,0.0,0,1
04,2015,CincinnatiDayton,5.53,61294.020000000004,1182.44,52642.66,0.0,7468.92,2310.45,5158.47,0.0,0,1
04,2016,CincinnatiDayton,5.26,60232.26000000001,1620.1799999999998,36572.6,0.0,22039.48,10108.86,11930.62,0.0,0,1
04,2017,CincinnatiDayton,6.250000000000001,91018.66,1284.56,22852.210000000003,0.0,66881.89,5157.07,61724.82,0.0,0,1
05,2015,CincinnatiDayton,7.07,75353.92,1368.06,58495.770000000004,0.0,15490.09,5136.35,10353.74,0.0,0,1
05,2016,CincinnatiDayton,6.589999999999999,79706.06999999999,1918.89,44347.520000000004,0.0,33439.659999999996,7976.1,25463.56,0.0,0,1
05,2017,CincinnatiDayton,6.33,68585.53,1110.17,23974.22,0.0,43501.14,3806.58,39694.56,0.0,0,1
06,2015,CincinnatiDayton,5.68,54653.96000000001,1067.2,46720.399999999994,0.0,6866.360000000001,2867.82,3998.54,0.0,0,1
06,2016,CincinnatiDayton,4.3500000000000005,78742.03000000001,2101.98,38590.92,0.0,38049.13,2929.11,35120.020000000004,0.0,0,1
06,2017,CincinnatiDayton,5.43,92160.23999999999,1183.17,24104.890000000003,0.0,66872.18000000001,1974.56,64897.62,0.0,0,1
07,2015,CincinnatiDayton,6.4399999999999995,59376.99,976.04,47353.75,0.0,11047.199999999999,1033.3400000000001,10013.859999999999,0.0,0,1
07,2016,CincinnatiDayton,6.2299999999999995,93641.31,2597.9500000000003,49963.43,0.0,41079.93,4208.9,36871.03,0.0,0,1
07,2017,CincinnatiDayton,8.06,113190.85999999999,1226.56,33745.85,0.0,77748.55,6962.3,70786.25,0.0,0,1
08,2015,CincinnatiDayton,8.01,74120.59,1634.04,65634.44,0.0,6852.11,1140.01,5712.099999999999,0.0,0,1
08,2016,CincinnatiDayton,4.29,93255.08000000002,2142.1,30809.98,0.0,60303.0,2885.37,57417.630000000005,0.0,0,1
08,2017,CincinnatiDayton,7.9,39343.979999999996,960.51,15808.86,0.0,22335.94,10718.449999999999,11617.490000000002,0.0,0,1
09,2015,CincinnatiDayton,6.25,52883.08,1685.0499999999997,47455.310000000005,0.0,3742.72,1150.0,2592.7200000000003,0.0,0,1
09,2016,CincinnatiDayton,5.14,75594.20999999999,2113.54,35713.41,0.0,37767.26,3158.81,34608.45,0.0,0,1
09,2017,CincinnatiDayton,8.66,51861.37,1300.95,15122.23,0.0,35438.189999999995,8953.3,26484.89,0.0,0,1
10,2015,CincinnatiDayton,6.26,42643.0,1322.27,35166.67,0.0,6154.0599999999995,1503.32,4650.74,0.0,0,1
