finalProj/avoPricesNumerical.csv
Month,year,region,AveragePrice,Total Volume,4046,4225,4770,Total Bags,Small Bags,Large Bags,XLarge Bags,type_conventional,type_organic
01,2015,Columbus,3.9600000000000004,517826.41000000003,253759.90000000002,145939.03,29662.83,88464.65,78422.53,9610.74,431.38,1,0
01,2016,Columbus,4.72,877882.78,395404.72000000003,186378.6,130590.81000000001,165508.65,112901.67,33384.32,19222.66,1,0
01,2017,Columbus,4.63,1005485.0,426365.64,197796.83,12826.2,368496.32999999996,341096.93,27285.440000000002,113.96,1,0
01,2018,Columbus,3.9299999999999997,853253.13,325918.1,132791.47,14908.19,379635.37,311888.65,67315.87,430.85,1,0
02,2015,Columbus,3.97,565675.88,296318.02,130053.06,48991.85,90312.95,74590.16999999998,9528.83,6193.95,1,0
02,2016,Columbus,3.8000000000000003,688920.84,277757.70999999996,172319.21000000002,97623.89000000001,141220.03,99836.79000000001,30517.2,10866.039999999999,1,0
02,2017,Columbus,3.5800000000000005,895040.01,365500.27,184237.26,12147.16,333155.32,319436.86,13698.68,19.78,1,0
02,2018,Columbus,3.5999999999999996,940101.4199999999,290794.23,130329.79,13973.73,505003.67000000004,353106.28,145416.07,6481.320000000001,1,0
03,2015,Columbus,4.890000000000001,749651.8099999999,376133.08999999997,165774.25,80519.46,127225.01000000001,101912.92000000001,14411.69,10900.4,1,0
03,2016,Columbus,4.05,620165.1599999999,190060.13,141948.84999999998,111839.1,176317.08,94235.73000000001,67917.21,14164.14,1,0
03,2017,Columbus,4.99,596180.79,270336.87,109936.28,5697.870000000001,210209.77000000002,196929.43,13119.099999999999,161.24,1,0
03,2018,Columbus,4.0600000000000005,901315.0800000001,262408.18,78301.8,10718.01,549887.09,418269.61,129455.39,2162.09,1,0
04,2015,Columbus,4.18,589858.8200000001,301330.84,127713.35,62875.780000000006,97938.85,84893.38,8304.31,4741.160000000001,1,0
04,2016,Columbus,3.5999999999999996,697886.52,296522.67,140810.01,67643.27,192910.57,136564.63,46447.270000000004,9898.67,1,0
04,2017,Columbus,5.73,1010103.1799999999,436603.25,118287.34,8317.390000000001,446895.19999999995,428581.52999999997,18139.35,174.31999999999996,1,0
05,2015,Columbus,5.200000000000001,835917.7300000001,441459.41000000003,178954.63999999998,77140.25,138363.43,100104.16,30552.469999999998,7706.800000000001,1,0
05,2016,Columbus,4.21,1039734.77,478652.81,215786.36,64556.97,280738.63,209780.13,58034.0,12924.5,1,0
05,2017,Columbus,4.319999999999999,849620.86,384365.17,92355.32,7882.24,365018.13,318025.01,46518.39000000001,474.73,1,0
06,2015,Columbus,3.9699999999999998,683469.26,315313.6,146020.76,86516.64,135618.26,105165.62999999999,22342.06,8110.57,1,0
06,2016,Columbus,4.37,712828.6,292149.11,144816.66,59776.9,216085.93,176263.24,23418.899999999998,16403.79,1,0
06,2017,Columbus,3.75,925828.79,380891.38,105438.20999999999,6514.98,432984.22,390521.51,40309.0,2153.71,1,0
07,2015,Columbus,4.09,636346.96,315867.31,130730.13,78475.97,111273.55,93342.54000000001,13039.199999999999,4891.81,1,0
07,2016,Columbus,5.539999999999999,893291.02,413324.19999999995,178749.0,29236.149999999998,271981.67000000004,218864.83,34948.7,18168.14,1,0
07,2017,Columbus,5.77,975838.6300000001,414364.18,128411.87,7684.539999999999,425378.04000000004,362152.95999999996,60025.16,3199.92,1,0
08,2015,Columbus,5.19,750019.27,334514.91000000003,180662.65000000002,112060.87000000001,122780.84,85785.37000000001,25005.010000000002,11990.46,1,0
08,2016,Columbus,4.62,653619.0800000001,283499.27,138985.29,12546.69,218587.83000000002,192242.97,23304.86,3040.0,1,0
08,2017,Columbus,5.22,733660.4400000001,321285.2,84582.44,4296.42,323496.38,291623.01,29639.22,2234.15,1,0
09,2015,Columbus,4.08,615955.92,299831.14999999997,137688.01,92273.75,86163.01000000001,56634.2,18023.010000000002,11505.8,1,0
09,2016,Columbus,4.33,658078.92,317896.7,118542.73999999999,9892.8,211746.68000000002,206990.59999999998,4564.64,191.44,1,0
09,2017,Columbus,6.6899999999999995,504720.25,213287.25,74345.2,3883.58,213204.21999999997,185422.32,26728.27,1053.6299999999999,1,0
10,2015,Columbus,3.85,536616.29,233423.02000000002,134071.75,85424.84,83696.68,61962.38,15279.079999999998,6455.220000000001,1,0
01,2015,Columbus,6.629999999999999,16999.42,1336.83,12269.869999999999,0.0,3392.72,1367.08,2025.6399999999999,0.0,0,1
01,2016,Columbus,6.5600000000000005,25754.34,3031.8700000000003,15722.09,3.29,6997.090000000001,1391.6999999999998,5605.39,0.0,0,1
01,2017,Columbus,7.300000000000001,34319.39,3407.54,12839.270000000002,0.0,18072.58,10708.45,7364.13,0.0,0,1
01,2018,Columbus,5.379999999999999,39661.06,3795.23,6162.86,0.0,29702.97,24630.84,5072.13,0.0,0,1
02,2015,Columbus,6.84,15916.970000000001,1681.48,10235.39,0.0,4000.1000000000004,2024.7399999999998,1975.3599999999997,0.0,0,1
02,2016,Columbus,5.380000000000001,18170.58,2041.3100000000002,12403.170000000002,2.16,3723.94,860.69,2863.25,0.0,0,1
02,2017,Columbus,3.38,58526.729999999996,2779.58,12020.8,0.0,43726.35,7007.72,36718.63,0.0,0,1
02,2018,Columbus,5.8999999999999995,31571.86,1938.6,5335.429999999999,0.0,24297.83,23030.99,1266.84,0.0,0,1
03,2015,Columbus,9.049999999999999,17717.33,1833.7900000000002,11808.13,7.45,4067.96,2943.26,1124.7,0.0,0,1
03,2016,Columbus,5.5600000000000005,26133.22,1352.04,14841.990000000002,24.92,9914.27,1515.72,8398.55,0.0,0,1
03,2017,Columbus,3.57,79684.82999999999,2685.5,14044.169999999998,0.0,62955.159999999996,8948.449999999999,54006.71,0.0,0,1
03,2018,Columbus,5.25,77997.45,2610.0699999999997,21680.48,0.0,53706.9,37867.43,15839.47,0.0,0,1
04,2015,Columbus,6.08,19646.1,1482.56,12826.63,0.0,5336.91,2409.4300000000003,2927.48,0.0,0,1
04,2016,Columbus,5.37,33088.71,2190.7999999999997,18513.93,21.330000000000002,12362.65,2975.52,9387.13,0.0,0,1
04,2017,Columbus,6.72,55104.670000000006,3816.6200000000003,16434.83,0.0,34853.22,12970.66,21882.559999999998,0.0,0,1
05,2015,Columbus,5.909999999999999,73781.22,3363.54,45295.740000000005,3.3200000000000003,25118.62,3427.3,21691.32,0.0,0,1
05,2016,Columbus,6.35,35576.18,1838.67,18780.9,90.74,14865.869999999999,4317.57,10548.300000000001,0.0,0,1
05,2017,Columbus,6.2,40011.31,2647.5099999999998,13264.88,0.0,24098.920000000002,8324.19,15774.730000000001,0.0,0,1
06,2015,Columbus,5.41,20713.06,1708.42,12578.83,3.35,6422.46,2126.02,4296.4400000000005,0.0,0,1
06,2016,Columbus,4.819999999999999,41211.77,2226.35,19863.839999999997,127.69999999999999,18993.88,2830.75,16163.130000000001,0.0,0,1
06,2017,Columbus,4.6899999999999995,46346.75,2114.9700000000003,11206.13,0.0,33025.649999999994,5022.049999999999,28003.600000000002,0.0,0,1
07,2015,Columbus,5.09,20810.53,1775.63,11221.439999999999,0.0,7813.46,396.67,7416.79,0.0,0,1
07,2016,Columbus,6.199999999999999,48175.969999999994,3068.97,20486.4,0.0,24620.600000000002,3483.33,21137.269999999997,0.0,0,1
07,2017,Columbus,7.869999999999999,49432.45999999999,2900.54,13160.26,0.0,33279.42,13090.03,20189.39,0.0,0,1
08,2015,Columbus,9.0,19366.44,2387.52,12108.98,6.66,4863.28,1064.87,3798.41,0.0,0,1
08,2016,Columbus,6.0,34089.17,2817.15,16987.129999999997,0.0,14284.89,2586.16,11698.73,0.0,0,1
08,2017,Columbus,7.12,29787.73,2433.6099999999997,7218.54,0.0,20135.58,16567.57,3568.01,0.0,0,1
09,2015,Columbus,6.87,14190.41,2187.96,8753.24,0.0,3249.21,1209.98,2039.23,0.0,0,1
09,2016,Columbus,5.17,39806.70999999999,3336.34,13680.18,0.0,22790.19,5157.32,17632.87,0.0,0,1
09,2017,Columbus,8.48,34461.049999999996,2399.9300000000003,7591.52,0.0,24469.600000000002,15989.55,8480.05,0.0,0,1
10,2015,Columbus,5.5600000000000005,16141.39,2048.7400000000002,10709.54,0.0,3383.1099999999997,1357.4099999999999,2025.7,0.0,0,1
01,2015,DallasFtWorth,3.0600000000000005,4315029.77,2569802.84,1368338.8499999999,46879.5,330008.58,244955.15000000002,85008.7,44.73,1,0
01,2016,DallasFtWorth,4.24,5307272.09,2501886.05,1752658.67,340694.51,712032.8600000001,620345.46,61715.09,29972.31,1,0
01,2017,DallasFtWorth,3.5900000000000003,6663002.69,3473508.4799999995,1489969.83,50087.689999999995,1649436.69,1592576.51,55626.92,1233.26,1,0
01,2018,DallasFtWorth,3.52,5343725.51,2774116.91,977635.59,25294.18,1566678.83,1212891.82,352679.61,1107.4,1,0
02,2015,DallasFtWorth,2.9200000000000004,4735714.49,2845443.02,1477764.4300000002,56199.15,356307.89,300113.42,56128.65,65.82,1,0
02,2016,DallasFtWorth,2.9299999999999997,5079629.279999999,2777174.0500000003,1146446.5099999998,403755.95,752252.77,658480.05,72689.21,21083.51,1,0
02,2017,DallasFtWorth,2.84,5744971.62,2830273.3600000003,1110060.92,225127.2,1579510.1400000001,1426756.71,151417.95,1335.48,1,0
02,2018,DallasFtWorth,2.9,6477674.630000001,3213021.12,1035324.3700000001,23322.910000000003,2206006.2300000004,1790530.75,352014.48,63461.0,1,0
03,2015,DallasFtWorth,3.7499999999999996,6072107.45,3687034.83,1792630.9700000002,62684.659999999996,529756.99,467896.68,61795.31999999999,64.99,1,0
03,2016,DallasFtWorth,3.04,5068702.21,2604941.77,1025247.02,450222.28,988291.14,917156.3300000001,71075.62,59.19,1,0
03,2017,DallasFtWorth,3.68,4712220.1899999995,2467904.4699999997,869707.0700000001,94439.59,1280169.06,1268707.57,11118.16,343.33,1,0
03,2018,DallasFtWorth,3.24,6022903.0,2807678.83,944544.1200000001,23452.98,2247227.0700000003,1781664.5099999998,385486.31,80076.25,1,0
04,2015,DallasFtWorth,3.1,4831699.819999999,3127624.6799999997,1230687.24,54294.3,419093.60000000003,371338.46,46529.29,1225.85,1,0
04,2016,DallasFtWorth,2.7299999999999995,5586177.02,2762779.11,1016466.4699999999,440715.41,1366216.03,1257115.58,104166.44,4934.01,1,0
04,2017,DallasFtWorth,4.35,7130325.44,3593128.28,1457114.73,29804.86,2050277.5700000003,2029302.94,19869.03,1105.6000000000001,1,0
05,2015,DallasFtWorth,3.74,6362878.85,4043107.6099999994,1743018.2,38060.020000000004,538693.02,496896.93,40961.439999999995,834.65,1,0
05,2016,DallasFtWorth,3.6099999999999994,7009504.4399999995,3254469.0199999996,1581550.4,432915.35000000003,1740569.67,1630640.15,90195.49,19734.03,1,0
05,2017,DallasFtWorth,3.68,5444430.5,2974224.7699999996,999481.3800000001,12800.57,1457923.78,1444350.0,13398.81,174.97,1,0
06,2015,DallasFtWorth,2.9,5251383.65,3317960.8200000003,1350847.26,36700.29,545875.28,518036.02999999997,27803.34,35.91,1,0
06,2016,DallasFtWorth,3.38,5130131.81,2643259.84,997047.5999999999,310130.07,1179694.3,1105648.81,41488.399999999994,32557.089999999997,1,0
06,2017,DallasFtWorth,3.62,5456794.02,2870640.08,988792.15,10992.86,1586368.9300000002,1571594.0899999999,14283.390000000001,491.45,1,0
07,2015,DallasFtWorth,3.27,4843334.16,2894942.56,1424841.99,21158.47,502391.14,455913.85,45679.35999999999,797.93,1,0
07,2016,DallasFtWorth,4.58,5854055.500000001,3019678.93,1131324.05,152332.55,1550719.97,1431982.5,60920.22,57817.25,1,0
07,2017,DallasFtWorth,4.74,6464993.24,3161853.3800000004,1438181.77,13783.92,1851174.17,1513379.3199999998,325695.93,12098.92,1,0
08,2015,DallasFtWorth,4.27,5536278.99,3453083.9,1503933.42,35301.71,543959.96,498034.32,45886.49999999999,39.14,1,0
08,2016,DallasFtWorth,3.22,4852040.2700000005,2574564.7800000003,968895.0499999999,14747.32,1293833.12,1258582.2,21332.739999999998,13918.18,1,0
08,2017,DallasFtWorth,4.1,4771736.85,2597216.05,982148.01,7588.3099999999995,1184784.48,693041.96,486657.05999999994,5085.459999999999,1,0
09,2015,DallasFtWorth,3.3099999999999996,4702121.630000001,2330809.16,1815741.42,55531.119999999995,500039.93,441094.14999999997,58857.49,88.28999999999999,1,0
09,2016,DallasFtWorth,3.25,5233009.0,2657826.23,984046.47,8898.07,1582238.2300000002,1525981.93,46502.88,9753.42,1,0
09,2017,DallasFtWorth,4.960000000000001,3969501.61,2245187.75,702792.01,4671.360000000001,1016850.49,705434.95,309614.07,1801.47,1,0
10,2015,DallasFtWorth,3.32,4208659.859999999,2163098.07,1356026.54,262745.36,426789.88999999996,392752.11,33687.97,349.81000000000006,1,0
01,2015,DallasFtWorth,5.32,45905.009999999995,26571.99,5263.01,0.0,14070.01,14070.01,0.0,0.0,0,1
01,2016,DallasFtWorth,6.56,66321.84000000001,31688.86,2484.9300000000003,1.42,32146.629999999997,31864.129999999997,282.5,0.0,0,1
01,2017,DallasFtWorth,5.3100000000000005,111930.13,28911.940000000002,4755.2699999999995,0.0,78262.92,77743.89,519.0300000000001,0.0,0,1
01,2018,DallasFtWorth,5.94,97017.2,18381.73,1868.3899999999999,0.0,76767.08,68256.53,8510.55,0.0,0,1
02,2015,DallasFtWorth,5.380000000000001,49035.92,29004.4,4158.1900000000005,0.0,15873.33,15873.33,0.0,0.0,0,1
02,2016,DallasFtWorth,4.91,65727.37,28153.36,2662.02,0.0,34911.99,29041.010000000002,5870.9800000000005,0.0,0,1
02,2017,DallasFtWorth,4.87,82757.56999999999,32258.800000000003,882.0,0.0,49616.770000000004,49218.450000000004,398.32000000000005,0.0,0,1
02,2018,DallasFtWorth,5.41,105049.66,18203.29,2421.52,0.0,84424.85,82464.26,1960.59,0.0,0,1
03,2015,DallasFtWorth,6.67,60087.53,39042.97,3241.23,0.0,17803.33,17803.33,0.0,0.0,0,1
03,2016,DallasFtWorth,4.76,72156.88,31725.98,3101.6099999999997,0.0,37329.29,31585.770000000004,5743.5199999999995,0.0,0,1
03,2017,DallasFtWorth,4.390000000000001,107774.12,34702.45,1764.94,0.0,71306.73,70619.77,686.96,0.0,0,1
03,2018,DallasFtWorth,5.46,125375.33,22620.28,3794.33,0.0,98960.72,91900.24,7060.48,0.0,0,1
04,2015,DallasFtWorth,5.44,44749.509999999995,33661.369999999995,1918.1399999999999,0.0,9170.0,9170.0,0.0,0.0,0,1
04,2016,DallasFtWorth,4.45,88606.45000000001,32564.85,4224.889999999999,0.0,51816.71,41406.66,10410.050000000001,0.0,0,1
04,2017,DallasFtWorth,6.390000000000001,132717.79,55584.16,4877.700000000001,0.0,72255.93,71409.05,846.8799999999999,0.0,0,1
05,2015,DallasFtWorth,6.85,50596.43,39043.29,1833.9099999999999,0.0,9719.23,9715.9,3.33,0.0,0,1
05,2016,DallasFtWorth,5.1899999999999995,127142.35,42315.84,3176.54,0.0,81649.97,60525.82,21124.15,0.0,0,1
05,2017,DallasFtWorth,5.390000000000001,125925.5,22588.719999999998,19297.35,0.0,84039.43,83470.45999999999,568.97,0.0,0,1
06,2015,DallasFtWorth,5.4,40629.28,31979.620000000003,1789.42,0.0,6860.24,6860.24,0.0,0.0,0,1
06,2016,DallasFtWorth,4.22,116684.1,42401.2,2561.45,0.0,71721.45,67982.59999999999,3738.8500000000004,0.0,0,1
06,2017,DallasFtWorth,5.2,122586.40000000001,36766.22,9703.92,0.0,76116.26,75647.17,469.09000000000003,0.0,0,1
07,2015,DallasFtWorth,5.0,48993.23,42766.049999999996,1740.79,0.0,4486.389999999999,4486.389999999999,0.0,0.0,0,1
07,2016,DallasFtWorth,5.1000000000000005,151989.39,48725.78,2987.97,0.0,100275.63999999998,82372.89,17902.750000000004,0.0,0,1
07,2017,DallasFtWorth,6.76,139033.09,42267.310000000005,2720.03,0.0,94045.75,93832.84,212.90999999999997,0.0,0,1
08,2015,DallasFtWorth,6.880000000000001,74710.88,48688.189999999995,3131.09,36.97,22854.63,22130.75,723.88,0.0,0,1
08,2016,DallasFtWorth,3.86,231815.47,68584.52,1288.04,0.0,161942.91,146755.61000000002,15187.300000000001,0.0,0,1
08,2017,DallasFtWorth,7.01,82452.69,27812.589999999997,1940.68,0.0,52699.42,51866.159999999996,833.2600000000001,0.0,0,1
09,2015,DallasFtWorth,5.89,50384.979999999996,31209.370000000003,1253.34,0.0,17922.27,17918.93,3.34,0.0,0,1
09,2016,DallasFtWorth,4.87,95684.65,38350.42,3071.4900000000002,0.0,54262.74,49297.7,4965.04,0.0,0,1
09,2017,DallasFtWorth,7.09,89733.72,28783.46,2435.19,0.0,58515.07,58450.090000000004,64.97999999999999,0.0,0,1
10,2015,DallasFtWorth,5.84,45668.14,27470.260000000002,1407.8899999999999,0.0,16789.989999999998,16743.33,46.66,0.0,0,1
