finalProj/avoPricesNumerical.csv
Month,year,region,AveragePrice,Total Volume,4046,4225,4770,Total Bags,Small Bags,Large Bags,XLarge Bags,type_conventional,type_organic
01,2015,Denver,4.09,2838518.5700000003,521319.27,1780359.93,20081.39,516757.98,305959.26,210742.12999999998,56.589999999999996,1,0
01,2016,Denver,3.3800000000000003,5723589.98,572749.16,1970487.92,122012.75,3058340.15,210075.14,2848252.76,12.25,1,0
01,2017,Denver,4.84,4407633.3,777147.93,1280999.6,75351.6,2274134.17,1455109.23,818568.9799999999,455.96000000000004,1,0
01,2018,Denver,4.42,3612883.74,692871.89,1066037.29,50703.920000000006,1803270.64,447039.6,1356228.8199999998,2.22,1,0
02,2015,Denver,4.0,3285165.04,641618.05,2062670.7799999998,24641.27,556234.94,326191.39,229933.50999999998,110.04,1,0
02,2016,Denver,2.8,4345364.63,682618.26,1467316.2,114808.87,2080621.3,180058.47,1900533.2699999998,29.560000000000002,1,0
02,2017,Denver,3.9499999999999997,3661860.45,736377.44,1285887.78,61498.369999999995,1578096.8599999999,724224.32,853351.7100000001,520.83,1,0
02,2018,Denver,3.93,4200177.2700000005,796585.16,1171966.56,52535.91,2179089.6399999997,438280.91000000003,1740756.23,52.5,1,0
03,2015,Denver,5.3500000000000005,3283403.22,673090.07,2134793.3100000005,31115.650000000005,444404.19000000006,246264.58999999997,198139.6,0.0,1,0
03,2016,Denver,3.4899999999999998,3219220.7,593768.85,1073606.12,83946.43,1467899.3,191606.39999999997,1276291.52,1.38,1,0
03,2017,Denver,5.380000000000001,2622103.8,592452.85,626769.29,76825.41,1326056.25,570624.6,755278.87,152.78000000000003,1,0
03,2018,Denver,4.21,3684004.75,691846.73,947698.89,64149.92,1980309.2100000002,544724.01,1435582.98,2.22,1,0
04,2015,Denver,4.51,2922257.17,623387.2999999999,1897189.97,27125.22,374554.68,185054.40000000002,187566.94,1933.34,1,0
04,2016,Denver,3.31,3485421.09,584979.0800000001,1073985.7599999998,76067.53,1750388.7199999997,366689.16000000003,1375574.64,8124.92,1,0
04,2017,Denver,6.35,3669812.3099999996,758918.0999999999,828542.41,116472.64,1965879.1600000001,642279.8300000001,1323594.33,5.0,1,0
05,2015,Denver,5.72,3367200.59,813683.0900000001,1980365.8699999999,86454.93999999999,486696.68999999994,248071.41999999998,238622.81000000003,2.46,1,0
05,2016,Denver,4.32,4795396.28,835625.1900000001,1491271.5699999998,118257.70000000001,2350241.82,459653.17,1883631.6800000002,6956.97,1,0
05,2017,Denver,4.779999999999999,3271939.4,631311.83,961956.88,76270.67000000001,1602400.0200000003,702728.31,899538.3799999999,133.33,1,0
06,2015,Denver,4.63,2953416.82,709530.97,1608138.17,66505.11,569242.57,326358.08999999997,242871.72999999998,12.75,1,0
06,2016,Denver,3.79,3323437.4000000004,718032.87,1024413.24,74341.12,1506650.1700000002,417610.03,1085822.4,3217.74,1,0
06,2017,Denver,4.6499999999999995,3500489.21,741663.89,763787.2300000001,92131.8,1902906.29,575686.21,1327164.57,55.510000000000005,1,0
07,2015,Denver,4.65,3037392.38,528053.76,1741652.8499999999,84482.08,683203.69,282503.79000000004,399771.26,928.64,1,0
07,2016,Denver,5.46,3786902.8600000003,778868.2000000001,1057888.37,99132.66,1851013.63,821884.7899999999,1017941.3200000001,11187.52,1,0
07,2017,Denver,6.1,4166330.96,692507.0,1325733.1,82385.16,2065705.7,641939.6,1421036.62,2729.4800000000005,1,0
08,2015,Denver,5.6499999999999995,3365340.88,698010.74,1888661.0699999998,99665.73,679003.34,228350.55,450652.7899999999,0.0,1,0
08,2016,Denver,4.449999999999999,2913569.5700000003,577265.66,845945.7999999999,65137.47,1425220.6400000001,502917.47,918650.39,3652.7799999999997,1,0
08,2017,Denver,5.1899999999999995,3048479.99,530281.17,1113416.12,49236.22,1355546.48,398808.94,948916.27,7821.27,1,0
09,2015,Denver,4.05,2919438.55,458561.89999999997,1720561.75,77845.0,662469.9,179320.97000000003,483148.93,0.0,1,0
09,2016,Denver,4.06,3154148.83,528953.78,848467.6900000001,64830.68,1711896.68,355142.33999999997,1355098.78,1655.56,1,0
09,2017,Denver,6.130000000000001,2230602.4299999997,513243.78,650596.24,29256.66,1037505.75,429071.86,606610.56,1823.33,1,0
10,2015,Denver,3.72,2995556.8099999996,433549.5,1626288.49,71377.87,864340.95,163410.84000000003,700904.89,25.22,1,0
01,2015,Denver,5.13,117900.25,21801.5,62938.69,659.1499999999999,32500.910000000003,4971.83,27529.08,0.0,0,1
01,2016,Denver,4.78,216603.49000000002,31594.469999999998,30072.329999999998,200.31,154736.38,33066.02,121670.36,0.0,0,1
01,2017,Denver,4.91,159163.03999999998,57966.89,13897.499999999998,355.29999999999995,86943.34999999999,32944.590000000004,53998.76,0.0,0,1
01,2018,Denver,5.97,133865.13,31266.89,3016.4900000000002,144.48999999999998,99437.26,95367.01000000001,4070.25,0.0,0,1
02,2015,Denver,5.53,94781.11,15176.419999999998,31028.64,155.65,48420.4,5749.99,42670.409999999996,0.0,0,1
02,2016,Denver,4.39,130184.76999999999,21118.539999999997,11557.1,88.08000000000001,97421.05,36675.04,60746.01000000001,0.0,0,1
02,2017,Denver,4.76,140828.27,47388.05,6941.69,96.02000000000001,86402.51,27878.929999999997,58523.579999999994,0.0,0,1
02,2018,Denver,5.8,112353.49,25460.66,2485.1600000000003,133.39000000000001,84274.27999999998,83057.02999999998,1217.25,0.0,0,1
03,2015,Denver,6.3100000000000005,234206.04,93299.31,81692.27,113.52000000000001,59100.94,8943.32,50157.619999999995,0.0,0,1
03,2016,Denver,3.62,289123.78,41724.04,29632.649999999998,164.92000000000002,217602.16999999998,59730.649999999994,157871.52000000002,0.0,0,1
03,2017,Denver,3.6599999999999997,233855.44,57261.95,9202.89,117.65,167272.95,164990.58,2282.37,0.0,0,1
03,2018,Denver,6.41,102069.01999999999,29865.280000000002,2711.83,140.04,69351.87,65811.36,3540.51,0.0,0,1
04,2015,Denver,5.31,207205.44999999998,97625.67,53798.37,374.27000000000004,55407.14,3659.82,51747.32,0.0,0,1
04,2016,Denver,3.8299999999999996,350876.3499999999,80992.69,43361.99,194.05,226327.62,190427.41999999998,35900.200000000004,0.0,0,1
04,2017,Denver,4.83,307355.82,74460.74,12360.48,412.59999999999997,220122.0,209980.11000000002,10141.89,0.0,0,1
05,2015,Denver,6.340000000000001,301614.07,152613.34000000003,64229.270000000004,248.09,84523.37,12352.63,72170.73999999999,0.0,0,1
05,2016,Denver,4.430000000000001,339929.78,144743.21,54373.46,275.13,140537.97999999998,82034.62999999999,58503.35,0.0,0,1
05,2017,Denver,4.71,372635.82,106052.66,27369.160000000003,600.88,238613.12,142051.56,96561.56,0.0,0,1
06,2015,Denver,5.75,127466.19999999998,44112.85,14898.23,153.0,68302.12,2443.1000000000004,65859.02,0.0,0,1
06,2016,Denver,5.82,91217.53,67981.3,14857.2,227.85,8151.18,7926.150000000001,225.03000000000003,0.0,0,1
06,2017,Denver,6.359999999999999,87850.39,43094.82,8589.380000000001,230.55000000000004,35935.64,11881.699999999999,24053.94,0.0,0,1
07,2015,Denver,5.74,114421.26999999999,38491.92,11349.810000000001,88.76,64490.78,510.25000000000006,63980.53,0.0,0,1
07,2016,Denver,7.06,132578.43000000002,67373.43,14983.42,186.71999999999997,50034.86,49643.72,391.14,0.0,0,1
07,2017,Denver,8.87,86367.3,45174.59,9981.91,510.31,30700.489999999998,17542.77,13155.21,2.51,0,1
08,2015,Denver,7.23,161637.81,51317.520000000004,22053.820000000003,111.84,88154.62999999999,3523.87,84630.76000000001,0.0,0,1
08,2016,Denver,5.959999999999999,71008.42000000001,35223.77,7282.209999999999,322.14,28180.3,26445.56,1734.7400000000002,0.0,0,1
08,2017,Denver,8.299999999999999,80055.25,28007.440000000002,2977.96,167.67000000000002,48902.18000000001,48523.630000000005,378.55,0.0,0,1
09,2015,Denver,5.5,112288.09,20924.65,17774.21,84.54,73504.69,1388.4199999999998,72116.27,0.0,0,1
09,2016,Denver,5.640000000000001,80132.69,38623.119999999995,8582.35,302.99,32624.230000000003,29715.910000000003,2908.3199999999997,0.0,0,1
09,2017,Denver,7.789999999999999,70072.97,21203.39,1746.67,97.18,47025.729999999996,46799.03,226.7,0.0,0,1
10,2015,Denver,5.1000000000000005,109290.37,7608.51,22734.67,119.13,78828.06,2018.8200000000002,76809.23999999999,0.0,0,1
01,2015,Detroit,4.38,1270973.04,453743.17000000004,300974.41,234677.22999999998,281578.23,256949.89,4027.37,20600.97,1,0
01,2016,Detroit,5.05,1966141.37,667166.15,345674.10000000003,543431.7999999999,409869.32,287259.86,26336.729999999996,96272.73000000001,1,0
01,2017,Detroit,4.48,2346468.35,637737.86,586642.3999999999,66566.85,1055521.24,1030503.2899999999,24388.75,629.2000000000002,1,0
01,2018,Detroit,4.199999999999999,1819389.06,427911.64,432230.86,97845.96,861400.6,682635.7,169317.89,9447.01,1,0
02,2015,Detroit,4.34,1314433.07,535487.22,237990.08000000002,255801.02000000002,285154.75,257044.01,2656.1499999999996,25454.59,1,0
02,2016,Detroit,4.1,1519615.0100000002,457718.79000000004,277763.83999999997,434587.1,349545.28,215886.65000000002,59036.369999999995,74622.26000000001,1,0
02,2017,Detroit,3.2899999999999996,2124888.85,579221.4099999999,469213.02,135446.86,941007.5599999999,868640.52,26803.010000000002,45564.03,1,0
02,2018,Detroit,3.7800000000000002,2142305.44,434167.14,484928.0,159047.4,1064162.9,786654.04,213596.37,63912.49,1,0
03,2015,Detroit,5.05,1690990.31,562186.1699999999,300732.33999999997,407449.98,420621.82,370031.51,6164.089999999999,44426.22,1,0
03,2016,Detroit,4.23,1491518.69,320472.79,262551.63,451788.08999999997,456706.18,227376.03,149850.77000000002,79479.38,1,0
03,2017,Detroit,5.37,1172605.29,331876.54,171898.67,108803.25,560026.8300000001,492671.30000000005,15084.03,52271.5,1,0
03,2018,Detroit,4.56,1749580.4,337639.6,222898.23,165826.56,1023216.0099999999,826160.46,122528.85999999999,74526.69,1,0
04,2015,Detroit,4.1000000000000005,1396453.67,483409.55000000005,287590.84,267515.99999999994,357937.28,329936.25000000006,9984.22,18016.81,1,0
04,2016,Detroit,4.02,1426560.4499999997,460310.28,231539.38,295298.29000000004,439412.5,327051.04,50888.74,61472.72,1,0
04,2017,Detroit,7.379999999999999,1536671.5200000003,323884.74,238310.61000000002,177485.61000000002,796990.56,715786.55,25967.13,55236.880000000005,1,0
05,2015,Detroit,5.24,1928379.7599999998,908990.43,276533.28,339660.16,403195.88999999996,371458.77,4770.25,26966.87,1,0
05,2016,Detroit,4.93,1957357.35,664062.5,304134.76,348033.76999999996,641126.3200000001,493558.91000000003,52816.340000000004,94751.07,1,0
05,2017,Detroit,4.630000000000001,1740406.33,426013.15,218970.28999999998,203974.21,891448.68,734857.06,90050.98999999999,66540.62999999999,1,0
06,2015,Detroit,3.9799999999999995,1574561.15,558654.13,262776.11,392145.3,360985.61,324039.22000000003,7924.640000000001,29021.75,1,0
06,2016,Detroit,4.03,1675016.24,549680.0,240939.14999999997,294450.93,589946.16,486993.64,7739.2699999999995,95213.25,1,0
06,2017,Detroit,4.3999999999999995,1748604.8199999998,373223.91,306422.08,103237.15999999999,965721.6699999999,884594.3899999999,69846.9,11280.38,1,0
07,2015,Detroit,4.11,1380805.8,513263.32999999996,204013.06,327140.45,336388.95999999996,302557.18,8383.65,25448.13,1,0
07,2016,Detroit,5.829999999999999,1670934.3699999999,638923.57,216220.40000000002,182182.18999999997,633608.21,530536.89,33851.91,69219.41,1,0
07,2017,Detroit,6.2299999999999995,1888359.6500000001,466359.5,254756.65,191115.55000000002,976127.95,817916.1599999999,65545.86,92665.93,1,0
08,2015,Detroit,5.15,1797008.66,699676.54,314414.02,444184.47,338733.63,269975.19,7942.49,60815.95,1,0
08,2016,Detroit,4.37,1390051.68,499191.91000000003,221655.78000000003,60365.86,608838.13,585259.5800000001,20392.42,3186.13,1,0
08,2017,Detroit,5.37,1379676.06,379509.88,143088.62,119495.66999999998,737581.89,647899.12,31781.01,57901.759999999995,1,0
09,2015,Detroit,4.29,1369472.56,513720.44999999995,239961.9,376297.97000000003,239492.24,173131.38,4488.32,61872.53999999999,1,0
09,2016,Detroit,4.51,1261911.35,438140.95,218620.74,39590.65,565559.01,554521.76,10826.279999999999,210.97,1,0
09,2017,Detroit,7.14,952493.3700000001,237153.77,130332.82,96825.49,488181.29,414438.82999999996,27783.92,45958.54,1,0
10,2015,Detroit,4.23,1258281.54,393790.33999999997,313240.2,310113.37,241137.63000000003,202776.13999999998,3813.8900000000003,34547.600000000006,1,0
01,2015,Detroit,7.090000000000001,30733.64,1735.96,24304.059999999998,0.0,4693.62,1582.6,3111.02,0.0,0,1
01,2016,Detroit,7.48,55414.57,12536.0,28672.63,0.0,14205.940000000002,2471.24,11734.7,0.0,0,1
01,2017,Detroit,7.699999999999999,50879.939999999995,3505.6199999999994,27216.58,0.0,20157.739999999998,4293.200000000001,15864.54,0.0,0,1
01,2018,Detroit,5.24,85952.18,3964.2200000000003,12680.029999999999,0.0,69240.79999999999,56440.78,12800.02,0.0,0,1
02,2015,Detroit,7.08,29422.300000000003,2045.11,22709.519999999997,0.0,4667.67,1799.9899999999998,2867.68,0.0,0,1
02,2016,Detroit,5.4,43031.659999999996,8462.69,23888.04,0.0,10680.93,1432.96,9247.970000000001,0.0,0,1
02,2017,Detroit,2.81,108830.0,2950.82,20872.699999999997,0.0,85006.48,3804.89,81201.59,0.0,0,1
02,2018,Detroit,5.470000000000001,64818.100000000006,2365.4,10232.95,1.41,52018.38,48458.41,3559.9700000000003,0.0,0,1
03,2015,Detroit,8.76,37070.19,2221.09,29416.0,0.0,5433.1,2656.75,2776.35,0.0,0,1
03,2016,Detroit,4.97,55264.479999999996,2752.23,27362.21,0.0,25150.04,2681.1800000000003,22468.859999999997,0.0,0,1
03,2017,Detroit,3.15,133214.43,2858.1000000000004,20708.76,0.0,109647.57,3441.8399999999997,106205.73000000001,0.0,0,1
03,2018,Detroit,5.02,160912.17,4366.14,44238.68,0.0,112018.19,84720.19,27297.999999999996,0.0,0,1
04,2015,Detroit,6.449999999999999,32984.9,1744.79,25098.75,0.0,6141.36,2469.4900000000002,3671.87,0.0,0,1
04,2016,Detroit,5.0,61101.04,2296.51,33622.979999999996,0.0,25181.550000000003,5939.5599999999995,19241.99,0.0,0,1
04,2017,Detroit,6.91,88205.6,3117.0299999999997,25472.57,0.0,59616.0,5097.8099999999995,54518.189999999995,0.0,0,1
05,2015,Detroit,6.96,51523.32,2643.25,30813.43,0.0,18066.64,3672.12,14394.519999999999,0.0,0,1
05,2016,Detroit,6.45,87902.84999999999,2085.58,43223.71,0.0,42593.56,4556.07,38037.49,0.0,0,1
05,2017,Detroit,6.709999999999999,57446.08,2261.46,20425.120000000003,0.0,34759.5,4200.629999999999,30558.870000000003,0.0,0,1
06,2015,Detroit,5.8500000000000005,41547.83,2532.46,29935.809999999998,0.0,9079.56,3360.47,5719.09,0.0,0,1
06,2016,Detroit,4.27,100670.93,3083.44,36203.509999999995,0.0,61383.979999999996,3848.5299999999997,57535.45,0.0,0,1
06,2017,Detroit,5.57,81314.98999999999,2034.0099999999998,17391.56,0.0,61889.42,2429.99,59459.43,0.0,0,1
07,2015,Detroit,5.0,48932.95,1990.27,27436.43,0.0,19506.25,1760.0100000000002,17746.239999999998,0.0,0,1
07,2016,Detroit,6.06,102089.69000000002,4243.42,44637.86,0.0,53208.409999999996,4500.0,48708.409999999996,0.0,0,1
07,2017,Detroit,7.859999999999999,103374.25,2745.8500000000004,22436.82,0.0,78058.56999999999,31661.91,46396.659999999996,0.0,0,1
08,2015,Detroit,8.0,48633.36000000001,6586.36,32419.93,0.0,9627.07,2221.2799999999997,7405.789999999999,0.0,0,1
08,2016,Detroit,5.32,66055.51,3237.34,32974.17,0.0,29844.0,3255.65,26588.35,0.0,0,1
08,2017,Detroit,6.449999999999999,69103.52,2024.1400000000003,12304.16,0.0,54685.1,45857.89,8827.21,0.0,0,1
09,2015,Detroit,6.8500000000000005,34462.7,6693.43,22572.96,0.0,5196.3099999999995,1723.34,3472.9700000000003,0.0,0,1
09,2016,Detroit,4.41,79271.54000000001,3463.11,29362.07,0.0,46446.36,3712.6,42733.759999999995,0.0,0,1
09,2017,Detroit,7.680000000000001,82980.79999999999,1923.36,13839.68,0.0,66919.01000000001,46711.990000000005,20207.02,0.0,0,1
10,2015,Detroit,6.870000000000001,30468.14,5657.31,19451.01,0.0,5359.82,1789.9899999999998,3569.83,0.0,0,1
