finalProj/avoPricesNumerical.csv
Month,year,region,AveragePrice,Total Volume,4046,4225,4770,Total Bags,Small Bags,Large Bags,XLarge Bags,type_conventional,type_organic
01,2015,GrandRapids,4.24,738618.16,4152.18,473858.93999999994,49197.36,211409.68,197528.06,12275.21,1606.4099999999999,1,0
01,2016,GrandRapids,5.21,1035073.48,17406.43,730714.3200000001,52940.98,234011.75,202276.23,14688.919999999998,17046.6,1,0
01,2017,GrandRapids,5.529999999999999,1136986.1400000001,5923.43,761942.36,31973.67,337146.68,304653.74,28887.879999999997,3605.0600000000004,1,0
01,2018,GrandRapids,5.539999999999999,814432.3,11239.51,367198.00000000006,243011.99000000002,192982.8,112395.34999999999,8125.2300000000005,72462.22,1,0
02,2015,GrandRapids,4.699999999999999,708149.91,6029.8,451289.67,33176.56,217653.88,198510.21,18557.510000000002,586.1600000000001,1,0
02,2016,GrandRapids,4.3,790568.8,13339.220000000001,537996.0,67145.92,172087.65999999997,138456.15,18120.6,15510.91,1,0
02,2017,GrandRapids,4.38,947984.34,5462.85,628027.8300000001,82725.48,231768.18,180656.40000000002,18739.989999999998,32371.79,1,0
02,2018,GrandRapids,5.069999999999999,928677.45,12445.82,406084.98,275989.08999999997,234157.56,129930.19999999998,21572.12,82655.23999999999,1,0
03,2015,GrandRapids,5.4,996225.8700000001,8667.74,614951.0700000001,56673.87,315933.19,294737.83999999997,17337.95,3857.4,1,0
03,2016,GrandRapids,4.12,834188.83,8579.970000000001,569594.84,19819.12,236194.90000000002,207371.53,28340.37,483.0,1,0
03,2017,GrandRapids,6.67,549216.23,6783.43,265282.79,88068.06,189081.95,118118.58,33993.229999999996,36970.14,1,0
03,2018,GrandRapids,6.04,711704.1799999999,12091.34,278988.14,183336.68,237288.02000000002,151161.72,29283.18,56843.119999999995,1,0
04,2015,GrandRapids,4.37,805497.67,20390.69,481763.87,29650.24,273692.87,256612.51,16610.3,470.06000000000006,1,0
04,2016,GrandRapids,4.23,826075.8500000001,8418.5,563148.8400000001,18340.699999999997,236167.81,208547.42,26595.17,1025.22,1,0
04,2017,GrandRapids,8.63,764745.0700000001,9683.939999999999,359216.89,151223.82,244620.42,170873.62999999998,32165.57,41581.22,1,0
05,2015,GrandRapids,6.0,1002520.47,34186.53,629185.4199999999,29438.559999999998,309709.96,291705.72,17683.16,321.08000000000004,1,0
05,2016,GrandRapids,5.67,1104967.26,9510.56,745751.1299999999,22310.24,327395.32999999996,290157.66000000003,33553.97,3683.7000000000003,1,0
05,2017,GrandRapids,7.06,720473.58,7494.0,337534.76,169450.07,205994.75,144282.05,26268.440000000002,35444.26,1,0
06,2015,GrandRapids,4.27,831514.91,17014.16,473222.35,58186.19,283092.20999999996,256812.17000000004,18456.53,7823.509999999999,1,0
06,2016,GrandRapids,4.81,878453.99,10473.830000000002,546603.91,42783.89,278592.36,238407.21000000002,20776.0,19409.149999999998,1,0
06,2017,GrandRapids,6.7,708478.64,8754.11,288451.37,182070.12,229203.03999999998,156354.88999999998,20870.83,51977.32,1,0
07,2015,GrandRapids,4.52,725561.07,13246.140000000001,363591.91000000003,84256.13,264466.89,232365.55000000002,18485.45,13615.89,1,0
07,2016,GrandRapids,7.870000000000001,731350.2200000001,11011.55,363908.54000000004,104547.33,251882.80000000002,191821.73,19086.6,40974.47,1,0
07,2017,GrandRapids,7.669999999999999,803722.01,11223.18,318873.63,215757.37,257867.83000000002,170569.53,21344.870000000003,65953.43,1,0
08,2015,GrandRapids,5.21,995283.4600000001,22843.3,633202.0800000001,61323.69,277914.39,248692.41000000003,21023.98,8198.0,1,0
08,2016,GrandRapids,6.2,568863.69,8575.5,269440.91000000003,72314.78,218532.50000000003,185793.37,13390.67,19348.46,1,0
08,2017,GrandRapids,6.59,529379.9099999999,10477.099999999999,211612.08000000002,130350.1,176940.63,118731.82999999999,16221.890000000001,41986.91,1,0
09,2015,GrandRapids,4.069999999999999,772235.8500000001,14377.53,519944.11999999994,49132.14000000001,188782.06,169548.64,10067.38,9166.039999999999,1,0
09,2016,GrandRapids,6.140000000000001,556516.83,8573.71,314108.5,23951.989999999998,209882.63,185741.31,23365.04,776.28,1,0
09,2017,GrandRapids,7.460000000000001,452653.04,8835.22,187770.87000000002,99840.6,156206.34999999998,110582.87999999999,14440.779999999999,31182.690000000002,1,0
10,2015,GrandRapids,4.04,678820.45,14601.89,413637.27999999997,94142.8,156438.47999999998,121991.50000000001,9221.35,25225.629999999997,1,0
01,2015,GrandRapids,7.359999999999999,3192.1400000000003,132.52,2373.7000000000003,0.0,685.92,676.67,9.25,0.0,0,1
01,2016,GrandRapids,7.410000000000001,13491.17,7727.19,4134.98,0.0,1629.0,1590.0100000000002,38.99,0.0,0,1
01,2017,GrandRapids,8.25,9493.800000000001,366.28999999999996,6795.18,0.0,2332.33,2210.0,122.33,0.0,0,1
01,2018,GrandRapids,5.140000000000001,38576.009999999995,76.75999999999999,6388.71,0.0,32110.54,32055.370000000003,55.17,0.0,0,1
02,2015,GrandRapids,7.539999999999999,3590.6800000000003,201.08999999999997,2232.92,0.0,1156.67,1156.67,0.0,0.0,0,1
02,2016,GrandRapids,5.83,9635.44,4923.58,3825.1899999999996,0.0,886.67,886.67,0.0,0.0,0,1
02,2017,GrandRapids,6.180000000000001,15163.460000000001,220.12,9461.48,0.0,5481.860000000001,5397.66,84.2,0.0,0,1
02,2018,GrandRapids,5.09,31954.050000000003,43.28,4604.16,0.0,27306.61,27293.28,13.33,0.0,0,1
03,2015,GrandRapids,9.370000000000001,5044.18,263.59000000000003,3105.0899999999997,0.0,1675.5,1639.1,36.4,0.0,0,1
03,2016,GrandRapids,5.290000000000001,11501.75,805.88,8952.470000000001,0.0,1743.3999999999999,1663.33,80.07000000000001,0.0,0,1
03,2017,GrandRapids,7.369999999999999,21859.690000000002,200.10999999999999,16152.41,0.0,5507.17,5221.67,285.5,0.0,0,1
03,2018,GrandRapids,5.0,44119.34,192.48000000000002,11630.84,0.0,32296.02,32266.14,29.880000000000003,0.0,0,1
04,2015,GrandRapids,7.07,4505.37,13.860000000000001,3228.17,0.0,1263.34,1263.34,0.0,0.0,0,1
04,2016,GrandRapids,5.9399999999999995,8122.74,304.79,5521.15,0.0,2296.8,2245.0299999999997,51.769999999999996,0.0,0,1
04,2017,GrandRapids,10.6,9747.140000000001,130.13,6403.82,0.0,3213.19,2876.4500000000003,336.74,0.0,0,1
05,2015,GrandRapids,8.36,9767.15,77.06,4774.08,0.0,4916.01,1774.71,3141.2999999999997,0.0,0,1
05,2016,GrandRapids,7.96,9436.3,203.39000000000001,6806.039999999999,0.0,2426.87,2343.96,82.91,0.0,0,1
05,2017,GrandRapids,9.209999999999999,5480.679999999999,13.120000000000001,3787.4799999999996,0.0,1680.0800000000002,1637.68,42.400000000000006,0.0,0,1
06,2015,GrandRapids,7.35,5096.74,155.45,3474.22,0.0,1467.0700000000002,1396.67,70.4,0.0,0,1
06,2016,GrandRapids,5.84,12156.16,173.76,9864.720000000001,0.0,2117.6800000000003,1853.3400000000001,264.34000000000003,0.0,0,1
06,2017,GrandRapids,10.07,5050.219999999999,28.57,3792.42,0.0,1229.23,431.26,797.97,0.0,0,1
07,2015,GrandRapids,7.46,4724.26,30.01,3602.2799999999997,0.0,1091.97,1063.3300000000002,28.64,0.0,0,1
07,2016,GrandRapids,9.190000000000001,8175.51,2066.01,3314.01,0.0,2795.49,2696.67,98.82000000000001,0.0,0,1
07,2017,GrandRapids,8.08,31757.75,77.24000000000001,10834.34,0.0,20831.51,20338.339999999997,493.1700000000001,0.0,0,1
08,2015,GrandRapids,8.2,15478.32,6312.14,7427.629999999999,0.0,1738.55,1716.67,21.88,0.0,0,1
08,2016,GrandRapids,7.699999999999999,8028.09,3775.54,1564.67,0.0,2687.88,2283.34,404.5400000000001,0.0,0,1
08,2017,GrandRapids,4.81,28383.219999999998,99.13000000000001,1702.8799999999999,0.0,26581.21,26478.64,102.57000000000001,0.0,0,1
09,2015,GrandRapids,6.7299999999999995,8226.960000000001,3593.92,3226.38,0.0,1406.6599999999999,1406.6599999999999,0.0,0.0,0,1
09,2016,GrandRapids,7.8500000000000005,5814.25,805.22,2919.81,0.0,2089.22,2030.0,59.22,0.0,0,1
09,2017,GrandRapids,5.52,33716.18,355.9,3697.13,0.0,29663.15,29610.93,52.22,0.0,0,1
10,2015,GrandRapids,6.609999999999999,7488.4,3234.13,2874.32,0.0,1379.95,1176.6599999999999,203.29,0.0,0,1
01,2015,GreatLakes,4.33,12385337.780000001,1676132.8699999999,7177685.76,1163707.56,2367811.59,1929525.1999999997,405222.99,33063.4,1,0
01,2016,GreatLakes,5.02,17680453.04,2443805.43,9455173.7,2229307.77,3552166.1399999997,2438756.69,811033.0999999999,302376.35,1,0
01,2017,GreatLakes,4.88,20681127.47,3303629.1899999995,9490609.99,982999.6100000001,6903888.68,4734188.96,2106482.0,63217.72,1,0
01,2018,GreatLakes,4.68,16242516.41,3648364.13,5201410.300000001,1504471.84,5888270.140000001,4564409.85,1137511.27,186349.02,1,0
02,2015,GreatLakes,4.29,13070809.2,2067037.5,7303271.44,1232505.6400000001,2467994.62,2025785.11,375179.81,67029.70000000001,1,0
02,2016,GreatLakes,3.93,14509784.41,1864698.87,7858486.52,1779961.5,3006637.52,1982563.17,825687.89,198386.46,1,0
02,2017,GreatLakes,3.79,17737259.86,3127243.8200000003,7834744.17,1165317.77,5609954.100000001,3790305.04,1643362.87,176286.19,1,0
02,2018,GreatLakes,4.25,18471162.23,3711607.3699999996,6137369.32,1662952.3199999998,6959233.220000001,4792641.029999999,1817479.6300000001,349112.56,1,0
03,2015,GreatLakes,5.289999999999999,16367746.360000001,2209613.37,9056859.05,1604813.0,3496460.94,2871739.7199999997,505434.89999999997,119286.32,1,0
03,2016,GreatLakes,4.040000000000001,13890123.13,1485816.7000000002,7315592.36,1743238.8499999999,3345475.22,2144906.85,1014580.0599999999,185988.31,1,0
03,2017,GreatLakes,5.43,12058360.92,1962558.83,5025759.92,842970.73,4227071.4399999995,2615256.76,1427686.22,184128.46000000002,1,0
03,2018,GreatLakes,4.83,15798947.82,3140667.5900000003,4193065.49,1433495.48,7031719.26,5354722.76,1383901.38,293095.12,1,0
04,2015,GreatLakes,4.49,12926541.14,2278059.41,6719789.7700000005,1089609.53,2839082.4299999997,2466068.24,323665.57,49348.619999999995,1,0
04,2016,GreatLakes,4.03,13983874.51,2005198.6400000001,6937084.32,1491376.5599999998,3550214.99,2485935.84,919510.22,144768.93,1,0
04,2017,GreatLakes,6.94,16550606.59,2820173.8,6466154.960000001,1216524.1099999999,6047753.72,3979250.97,1860209.27,208293.47999999998,1,0
05,2015,GreatLakes,5.64,17881364.519999996,3698681.38,9106439.25,1551303.25,3524940.6400000006,2794006.36,658215.37,72718.91,1,0
05,2016,GreatLakes,4.84,20217252.57,2875461.35,10069950.43,1849356.1800000002,5422484.61,3936509.05,1258213.0999999999,227762.46,1,0
05,2017,GreatLakes,5.0,16189032.54,2758694.55,5890625.859999999,1309468.71,6230243.42,3543173.09,2471653.04,215417.28999999998,1,0
06,2015,GreatLakes,4.4,14170071.11,2258683.12,7058041.500000001,1549776.8099999998,3303569.6799999997,2682551.93,522957.17999999993,98060.57,1,0
06,2016,GreatLakes,4.39,15230096.15,2279435.76,7043538.15,1580200.6800000002,4326921.5600000005,3217486.34,778397.3400000001,331037.88,1,0
06,2017,GreatLakes,4.87,15970836.36,2581189.26,5631213.12,1193319.67,6565114.3100000005,4162515.0599999996,2195287.56,207311.69,1,0
07,2015,GreatLakes,4.49,13423804.18,1882675.1,7131652.700000001,1466726.23,2942750.15,2341469.5300000003,499017.72,102262.9,1,0
07,2016,GreatLakes,6.28,16841888.64,2387934.12,7479898.35,1487917.72,5486138.45,3857432.11,1201711.47,426994.87,1,0
07,2017,GreatLakes,6.67,17869073.240000002,3235087.9299999997,6487637.2,1605938.8499999999,6540409.26,4270462.9399999995,1896880.74,373065.57999999996,1,0
08,2015,GreatLakes,5.47,16283894.440000001,2209293.6799999997,9124410.43,1827432.3499999999,3122757.98,2370004.2199999997,583796.9199999999,168956.84000000003,1,0
08,2016,GreatLakes,5.24,12199827.37,1815466.5,5343556.32,783759.49,4257045.06,3240165.26,918355.8300000001,98523.97,1,0
08,2017,GreatLakes,5.92,12679962.760000002,2374375.64,4337357.3100000005,1081487.47,4886742.34,3164078.51,1468257.26,254406.57,1,0
09,2015,GreatLakes,4.220000000000001,12911355.93,1729259.3800000001,7327428.9,1558280.9,2296386.75,1649509.94,466255.14999999997,180621.65999999997,1,0
09,2016,GreatLakes,5.25,11992894.49,2086292.02,5342783.92,610576.3899999999,3953242.16,2951485.9299999997,969938.5900000001,31817.640000000003,1,0
09,2017,GreatLakes,7.23,10002056.07,1767174.3,3635660.02,815559.44,3783662.31,2530664.91,1087352.22,165645.18,1,0
10,2015,GreatLakes,4.2,11471898.2,1431791.8699999999,6440640.37,1523596.67,2075869.29,1494420.94,422707.25,158741.1,1,0
01,2015,GreatLakes,6.59,237230.17,15547.27,176495.97,0.0,45186.93,29679.81,15507.119999999999,0.0,0,1
01,2016,GreatLakes,7.139999999999999,478839.75,57599.600000000006,303348.29,30.709999999999997,117861.15,40034.899999999994,77826.25,0.0,0,1
01,2017,GreatLakes,7.23,592676.2400000001,20813.920000000002,341622.24,0.0,230240.08000000002,129458.87,100781.21,0.0,0,1
01,2018,GreatLakes,5.68,903996.92,23706.949999999997,221512.35,0.0,658136.6699999999,448789.61000000004,209347.06,0.0,0,1
02,2015,GreatLakes,6.5,236599.84000000003,15164.460000000001,164001.03000000003,0.0,57434.35,45752.43,11681.92,0.0,0,1
02,2016,GreatLakes,5.61,395105.94,40643.57,261315.70999999996,9.18,93137.48,33716.66,59420.82,0.0,0,1
02,2017,GreatLakes,4.06,791034.51,18596.44,285028.19,0.0,487409.88000000006,104431.41,382978.47,0.0,0,1
02,2018,GreatLakes,5.83,694118.56,17945.9,196293.91,3.26,478121.19,409287.61,68833.58,0.0,0,1
03,2015,GreatLakes,8.09,322048.69,16293.31,239421.63,10.54,66323.20999999999,54454.27,11868.94,0.0,0,1
03,2016,GreatLakes,5.32,458618.98,15328.23,296038.68999999994,41.46,147210.6,39037.219999999994,108173.37999999999,0.0,0,1
03,2017,GreatLakes,4.54,907378.1000000001,19716.739999999998,310932.44,0.0,576728.92,113658.72,463070.2,0.0,0,1
03,2018,GreatLakes,5.41,1049936.03,25803.25,337280.06,4.97,684180.24,518903.27999999997,165276.96,0.0,0,1
04,2015,GreatLakes,6.05,409520.64,12489.33,338229.10000000003,1.54,58800.67,37657.59,21143.08,0.0,0,1
04,2016,GreatLakes,5.420000000000001,495258.29000000004,13479.900000000001,312689.29,61.28,169027.82,66273.25,102754.57,0.0,0,1
04,2017,GreatLakes,7.78,879871.35,21079.260000000002,449626.33999999997,13.19,409152.56,154047.16,255105.4,0.0,0,1
05,2015,GreatLakes,7.1,557069.2000000001,20942.260000000002,383182.46,10.870000000000001,152933.61,49072.100000000006,103861.51,0.0,0,1
05,2016,GreatLakes,6.709999999999999,668677.2000000001,14776.300000000001,437553.9199999999,342.53000000000003,216004.45,82392.5,133611.95,0.0,0,1
05,2017,GreatLakes,6.73,602224.6099999999,14228.09,306824.01,1.64,281170.87,109433.52,171737.35,0.0,0,1
06,2015,GreatLakes,6.34,307101.06000000006,15090.919999999998,234311.36000000002,7.890000000000001,57690.89,32464.87,25226.020000000004,0.0,0,1
06,2016,GreatLakes,5.04,612707.1,16535.86,346804.74,459.6,248906.9,74902.46,174004.44,0.0,0,1
06,2017,GreatLakes,5.970000000000001,696311.38,13168.890000000001,291400.69999999995,12.9,391728.88999999996,65307.95,326420.94,0.0,0,1
07,2015,GreatLakes,5.92,343306.5,13801.380000000001,240409.8,0.0,89095.32,19821.1,69274.22,0.0,0,1
07,2016,GreatLakes,7.04,610531.79,24717.13,315310.36,46.2,270458.10000000003,92965.85999999999,177492.24000000002,0.0,0,1
07,2017,GreatLakes,8.17,919589.0700000001,18229.149999999998,364564.32,4.82,532306.39,262398.93,269907.46,0.0,0,1
08,2015,GreatLakes,8.21,462098.66000000003,47669.14,352210.73,17.33,62201.46,31957.089999999997,30244.37,0.0,0,1
08,2016,GreatLakes,6.18,513487.29,26024.859999999997,270187.05,63.52,217211.86000000002,58348.04,158863.82,0.0,0,1
08,2017,GreatLakes,6.52,538699.84,13950.05,130422.34,50.029999999999994,393566.13,320558.4,73007.73,0.0,0,1
09,2015,GreatLakes,6.62,325578.25,36564.88,250418.9,0.0,38594.47,22914.059999999998,15680.41,0.0,0,1
09,2016,GreatLakes,6.06,499437.32999999996,21969.08,255575.19999999998,0.0,221893.05,66674.87000000001,155218.18,0.0,0,1
09,2017,GreatLakes,7.37,637021.6799999999,15025.68,168086.48,12.96,452861.47000000003,333488.79,119372.68,0.0,0,1
10,2015,GreatLakes,6.45,292634.43,31426.739999999998,209657.44,108.75,51441.5,24394.58,27046.920000000002,0.0,0,1
