finalProj/avoPricesNumerical.csv
Month,year,region,AveragePrice,Total Volume,4046,4225,4770,Total Bags,Small Bags,Large Bags,XLarge Bags,type_conventional,type_organic
01,2015,HarrisburgScranton,4.72,771353.2100000001,131336.86,374285.25,2830.71,262900.39,255325.46000000002,7574.93,0.0,1,0
01,2016,HarrisburgScranton,5.58,1246495.72,172762.24,686476.5499999999,1008.3899999999999,386248.54,380566.91000000003,5681.63,0.0,1,0
01,2017,HarrisburgScranton,6.74,1296811.92,255025.15,681537.31,6855.82,353393.64,340660.69,12469.67,263.28,1,0
01,2018,HarrisburgScranton,4.87,1179404.29,364709.61,499711.78,557.74,314425.16000000003,283786.66000000003,30298.5,340.0,1,0
02,2015,HarrisburgScranton,4.5,901606.46,139499.44999999998,464193.44,2584.41,295329.16000000003,290470.53,4858.629999999999,0.0,1,0
02,2016,HarrisburgScranton,4.449999999999999,1065465.01,153230.84999999998,635888.08,929.79,275416.29,267265.12,8151.17,0.0,1,0
02,2017,HarrisburgScranton,4.84,1110420.5499999998,331944.56,503738.23,5178.44,269559.32,253072.91,15944.630000000001,541.78,1,0
02,2018,HarrisburgScranton,4.74,1275719.99,300370.6,633871.82,552.1899999999999,340925.38,312173.97,22775.85,5975.5599999999995,1,0
03,2015,HarrisburgScranton,5.640000000000001,1030383.3600000001,159236.31000000003,526522.44,2318.42,342306.19,332691.16000000003,9615.029999999999,0.0,1,0
03,2016,HarrisburgScranton,4.529999999999999,1014482.2400000001,146979.43,573553.48,840.54,293108.79,287362.39,5746.4,0.0,1,0
03,2017,HarrisburgScranton,5.389999999999999,1017278.1299999999,217373.7,528293.54,1439.0500000000002,270171.84,257464.65000000002,12622.470000000001,84.72,1,0
03,2018,HarrisburgScranton,4.819999999999999,1198847.89,295214.27,504828.11,657.75,398147.76,364005.62,25692.15,8449.990000000002,1,0
04,2015,HarrisburgScranton,4.77,889672.4800000001,162015.11000000002,443765.68,1802.6399999999999,282089.05,274724.63,7263.03,101.39,1,0
04,2016,HarrisburgScranton,4.32,965091.6799999999,171162.71,498764.06,631.65,294533.26,286502.9,8030.360000000001,0.0,1,0
04,2017,HarrisburgScranton,7.47,1247462.9100000001,259740.14999999997,595521.24,459.13,391742.39,364499.2899999999,27076.429999999997,166.67,1,0
05,2015,HarrisburgScranton,5.9799999999999995,1338061.1800000002,230119.22,667103.62,3181.83,437656.51,424952.0,10586.970000000001,2117.54,1,0
05,2016,HarrisburgScranton,5.23,1498207.9000000001,219124.53,860413.46,1267.02,417402.89,396791.54000000004,19101.350000000002,1510.0,1,0
05,2017,HarrisburgScranton,6.12,1060344.65,212137.77,492013.78,710.41,355482.68999999994,341799.68,13366.34,316.66999999999996,1,0
06,2015,HarrisburgScranton,4.7299999999999995,1042186.44,170221.3,532670.96,8442.869999999999,330851.31,316765.67000000004,10041.8,4043.84,1,0
06,2016,HarrisburgScranton,4.970000000000001,1062172.0,163793.12000000002,522947.28,1207.96,374223.64,348056.77999999997,8855.75,17311.11,1,0
06,2017,HarrisburgScranton,6.01,940625.12,186706.89,486367.02999999997,412.06,267139.14,242753.58000000002,10678.900000000001,13706.660000000002,1,0
07,2015,HarrisburgScranton,4.72,964361.98,173781.4,504777.44000000006,7457.25,278345.89,271910.15,5651.45,784.29,1,0
07,2016,HarrisburgScranton,6.42,1312535.91,213475.01,560204.7400000001,2025.6799999999998,536830.48,489141.05,4938.8099999999995,42750.619999999995,1,0
07,2017,HarrisburgScranton,7.07,1134962.34,210810.08000000002,593576.9500000001,620.2,329955.11,286586.23,19954.99,23413.89,1,0
08,2015,HarrisburgScranton,5.540000000000001,1180215.8399999999,189607.46999999997,707475.3700000001,2845.9700000000003,280287.03,273486.67000000004,5468.71,1331.65,1,0
08,2016,HarrisburgScranton,5.0600000000000005,1066868.9,193443.77000000002,457856.48,1920.06,413648.59,383234.49999999994,18305.93,12108.16,1,0
08,2017,HarrisburgScranton,5.75,901124.34,165156.3,473319.95,209.91,262438.18,236263.93,14808.679999999998,11365.57,1,0
09,2015,HarrisburgScranton,4.58,861031.6699999999,132836.87,509243.58999999997,1333.57,217617.64,211683.44,5901.2699999999995,32.93,1,0
09,2016,HarrisburgScranton,4.97,1026505.36,329452.6,378737.94,715.9300000000001,317598.89,311165.86,6189.139999999999,243.89,1,0
09,2017,HarrisburgScranton,5.94,792721.74,141139.49,445222.58999999997,237.44,206122.22,194271.08000000002,4424.48,7426.66,1,0
10,2015,HarrisburgScranton,4.25,861016.73,119832.78,520751.38,1185.2,219247.37000000002,214286.52,4960.85,0.0,1,0
01,2015,HarrisburgScranton,7.07,10307.01,400.12,794.29,8.74,9103.86,9103.86,0.0,0.0,0,1
01,2016,HarrisburgScranton,8.18,36238.29,481.72999999999996,1072.3200000000002,70.73,34613.509999999995,4960.24,29653.270000000004,0.0,0,1
01,2017,HarrisburgScranton,9.24,39067.91,1689.12,929.88,51.660000000000004,36397.25,36311.87,85.38,0.0,0,1
01,2018,HarrisburgScranton,6.04,82600.8,1018.6,959.33,56.45,80566.42000000001,80546.39000000001,20.03,0.0,0,1
02,2015,HarrisburgScranton,6.65,15306.31,146.28,701.38,27.490000000000002,14431.16,14431.16,0.0,0.0,0,1
02,2016,HarrisburgScranton,7.83,25234.41,702.95,971.53,74.82000000000001,23485.11,9300.580000000002,14184.529999999999,0.0,0,1
02,2017,HarrisburgScranton,7.1,39100.91,4985.89,3204.5600000000004,42.839999999999996,30867.62,30762.57,105.05,0.0,0,1
02,2018,HarrisburgScranton,5.88,84780.64,4818.37,3820.16,47.17,76094.94,75968.28,126.66,0.0,0,1
03,2015,HarrisburgScranton,8.94,16437.68,209.35999999999999,1486.7399999999998,7.83,14733.75,14733.75,0.0,0.0,0,1
03,2016,HarrisburgScranton,6.49,33421.54,648.26,951.3299999999999,64.54,31757.410000000003,23186.190000000002,8571.22,0.0,0,1
03,2017,HarrisburgScranton,8.02,37568.02,2603.3100000000004,1842.44,57.42,33064.85,33044.780000000006,20.07,0.0,0,1
03,2018,HarrisburgScranton,5.7299999999999995,80458.23000000001,2215.84,1331.33,59.66,76851.40000000001,76834.74,16.66,0.0,0,1
04,2015,HarrisburgScranton,7.23,13684.25,235.29,491.61,13.64,12943.71,12943.71,0.0,0.0,0,1
04,2016,HarrisburgScranton,7.37,36002.34,713.19,805.75,48.15,34435.25,30584.160000000003,3851.09,0.0,0,1
04,2017,HarrisburgScranton,10.02,49500.799999999996,3542.5099999999998,2691.37,58.489999999999995,43208.43,43176.310000000005,32.12,0.0,0,1
05,2015,HarrisburgScranton,9.17,19883.08,313.59000000000003,965.9,29.839999999999996,18573.750000000004,18573.750000000004,0.0,0.0,0,1
05,2016,HarrisburgScranton,8.739999999999998,42505.4,1384.43,824.89,91.25,40204.83,37325.16,2879.67,0.0,0,1
05,2017,HarrisburgScranton,8.58,40029.82,1305.91,1245.8799999999999,44.25000000000001,37433.78,37433.78,0.0,0.0,0,1
06,2015,HarrisburgScranton,7.42,13442.32,304.99,687.02,28.269999999999996,12422.039999999999,12422.039999999999,0.0,0.0,0,1
06,2016,HarrisburgScranton,7.3,31161.99,765.03,634.56,1656.71,28105.69,24902.02,3203.67,0.0,0,1
06,2017,HarrisburgScranton,8.55,44034.88,2541.02,1350.33,1310.7900000000002,38832.740000000005,38696.380000000005,136.36,0.0,0,1
07,2015,HarrisburgScranton,7.91,7657.5199999999995,415.25,656.6100000000001,50.86,6534.8,6534.8,0.0,0.0,0,1
07,2016,HarrisburgScranton,9.03,38180.47,1149.8200000000002,1194.04,1219.93,34616.68,31910.63,2706.0499999999997,0.0,0,1
07,2017,HarrisburgScranton,8.96,68733.2,1201.48,1066.2200000000003,98.73,66366.77,66359.0,7.7700000000000005,0.0,0,1
08,2015,HarrisburgScranton,8.96,12777.1,427.32,799.76,82.61999999999999,11467.400000000001,11431.36,36.04,0.0,0,1
08,2016,HarrisburgScranton,6.59,20425.56,1111.98,1222.4,58.39,18032.79,17992.25,40.54,0.0,0,1
08,2017,HarrisburgScranton,6.7299999999999995,57115.840000000004,1407.0,823.9000000000001,54.94,54830.0,54826.78,3.22,0.0,0,1
09,2015,HarrisburgScranton,7.699999999999999,8315.61,481.71000000000004,788.19,35.839999999999996,7009.87,6993.4,16.47,0.0,0,1
09,2016,HarrisburgScranton,7.85,33637.11,1088.04,954.04,86.78999999999999,31508.239999999998,30871.13,637.11,0.0,0,1
09,2017,HarrisburgScranton,6.21,85911.92,1321.62,902.22,60.849999999999994,83627.23,83622.32,4.91,0.0,0,1
10,2015,HarrisburgScranton,6.779999999999999,8223.949999999999,303.67999999999995,711.29,66.49999999999999,7142.48,2559.0,4583.48,0.0,0,1
01,2015,HartfordSpringfield,5.18,1035238.45,18406.14,721324.02,907.01,294601.28,280795.11,13806.17,0.0,1,0
01,2016,HartfordSpringfield,5.9,1667411.29,19354.920000000002,1312441.35,1318.1100000000001,334296.91000000003,323583.8,10708.04,5.07,1,0
01,2017,HartfordSpringfield,7.249999999999999,1511900.9300000002,21633.510000000002,1194603.89,28156.29,267507.24,259132.8,6331.25,2043.19,1,0
01,2018,HartfordSpringfield,5.41,1479957.8399999999,27658.14,1198782.5899999999,677.79,252839.32,226291.44,26374.54,173.33999999999997,1,0
02,2015,HartfordSpringfield,5.18,1105921.51,18908.55,787453.21,1082.4099999999999,298477.33999999997,288186.25,10291.09,0.0,1,0
02,2016,HartfordSpringfield,4.71,1437987.83,20951.16,1153264.3399999999,1360.21,262412.12,250060.90999999997,12347.84,3.37,1,0
02,2017,HartfordSpringfield,5.23,1390869.2,179186.32,967782.89,26266.37,217633.62,201597.13000000003,14191.42,1845.0700000000002,1,0
02,2018,HartfordSpringfield,5.7299999999999995,1353555.83,51094.25,1022366.5,1836.18,278258.9,262947.36,11937.56,3373.9799999999996,1,0
03,2015,HartfordSpringfield,6.28,1285370.7899999998,24422.320000000003,940754.79,934.56,319259.12,305125.96,14133.16,0.0,1,0
03,2016,HartfordSpringfield,5.050000000000001,1294872.76,18043.99,1044861.8999999999,949.43,231017.44,226671.24,4342.849999999999,3.35,1,0
03,2017,HartfordSpringfield,6.140000000000001,1146967.22,26816.049999999996,901895.27,2644.6600000000003,215611.24,206288.78000000003,9119.68,202.78,1,0
03,2018,HartfordSpringfield,5.46,1401622.16,67601.82,1024864.77,916.3800000000001,308239.19,281688.61,20679.48,5871.099999999999,1,0
04,2015,HartfordSpringfield,5.29,1046427.7499999999,15238.66,769115.51,733.4000000000001,261340.18,250506.59000000003,10755.81,77.78,1,0
04,2016,HartfordSpringfield,4.96,1162206.48,16763.57,908810.9500000001,1401.26,235230.7,232175.64999999997,2634.8399999999997,420.2099999999999,1,0
04,2017,HartfordSpringfield,8.67,1378798.78,39551.34,1029195.82,1065.91,308985.71,294133.73,14851.98,0.0,1,0
05,2015,HartfordSpringfield,6.37,1693699.76,23399.12,1292859.54,1499.2900000000002,375941.80999999994,363615.41000000003,12326.4,0.0,1,0
05,2016,HartfordSpringfield,5.69,1971407.77,24964.34,1624542.01,2417.11,319484.31,309373.52,7310.41,2800.38,1,0
05,2017,HartfordSpringfield,7.0200000000000005,1238208.8599999999,32298.65,879040.71,960.1499999999999,325909.35,322041.19,2359.27,1508.89,1,0
06,2015,HartfordSpringfield,4.96,1337764.37,17646.69,1019609.72,26841.179999999997,273666.77999999997,263788.3,9878.48,0.0,1,0
06,2016,HartfordSpringfield,5.84,1293405.8699999999,20802.71,960886.66,1135.8,310580.7,298812.09,2363.6099999999997,9405.0,1,0
06,2017,HartfordSpringfield,7.029999999999999,1117504.17,36916.8,851827.52,542.96,228216.89,217207.62,762.88,10246.39,1,0
07,2015,HartfordSpringfield,4.93,1253135.1,17134.12,945757.19,30747.26,259496.53,248579.57,10916.96,0.0,1,0
07,2016,HartfordSpringfield,7.9799999999999995,1371636.8099999998,16839.84,915179.05,2667.65,436950.27,418571.76999999996,3611.08,14767.42,1,0
07,2017,HartfordSpringfield,8.22,1320933.3800000001,43646.31,988446.99,1015.02,287825.06,259767.35000000003,17978.27,10079.44,1,0
08,2015,HartfordSpringfield,5.800000000000001,1620335.47,21785.33,1343734.17,3893.4300000000003,250922.54,245716.1,5206.4400000000005,0.0,1,0
08,2016,HartfordSpringfield,6.01,1173346.4800000002,16599.36,770707.06,1722.08,384317.98,372071.22,8352.78,3893.98,1,0
08,2017,HartfordSpringfield,6.75,970068.31,17202.91,708568.9299999999,535.02,243761.45,217082.2,20188.93,6490.32,1,0
09,2015,HartfordSpringfield,4.92,1111106.77,15998.69,881965.1399999999,1223.67,211919.27,195916.97999999998,16002.29,0.0,1,0
09,2016,HartfordSpringfield,5.8999999999999995,1101941.73,175522.33000000002,681892.1300000001,1299.37,243227.9,238988.8,3875.1000000000004,364.0,1,0
09,2017,HartfordSpringfield,6.44,918978.4500000001,21970.370000000003,691188.34,364.1,205455.64,196532.48,6049.82,2873.34,1,0
10,2015,HartfordSpringfield,4.81,1169094.02,18349.71,952514.8600000001,1673.33,196556.12,181341.75999999998,15214.36,0.0,1,0
01,2015,HartfordSpringfield,9.16,12736.990000000002,279.97,11391.49,21.43,1044.1,1044.1,0.0,0.0,0,1
01,2016,HartfordSpringfield,10.35,22808.83,854.78,15305.33,40.629999999999995,6608.09,5362.7300000000005,1245.3600000000001,0.0,0,1
01,2017,HartfordSpringfield,12.17,52057.119999999995,507.98999999999995,23266.35,56.300000000000004,28226.480000000003,27459.86,766.6200000000001,0.0,0,1
01,2018,HartfordSpringfield,8.069999999999999,60936.39,765.1700000000001,23390.010000000002,5.58,36775.630000000005,36736.65,38.980000000000004,0.0,0,1
02,2015,HartfordSpringfield,8.42,18896.129999999997,1111.98,15481.73,21.240000000000002,2281.18,2281.18,0.0,0.0,0,1
02,2016,HartfordSpringfield,9.15,26612.98,555.81,17027.68,20.2,9009.289999999999,8844.52,164.77,0.0,0,1
02,2017,HartfordSpringfield,7.88,77666.95999999999,1198.66,50529.85,37.14,25901.31,24750.61,1150.7,0.0,0,1
02,2018,HartfordSpringfield,7.57,94358.69,1581.56,60472.65,32.120000000000005,32272.36,31970.46,301.9,0.0,0,1
03,2015,HartfordSpringfield,11.06,14132.73,532.65,11040.06,2.63,2557.39,2557.39,0.0,0.0,0,1
03,2016,HartfordSpringfield,8.84,27738.32,1652.47,12202.1,13.4,13870.349999999999,13849.499999999998,20.85,0.0,0,1
03,2017,HartfordSpringfield,9.26,65029.53999999999,1143.03,37037.78,51.239999999999995,26797.489999999998,26326.01,471.47999999999996,0.0,0,1
03,2018,HartfordSpringfield,8.02,97309.74,1451.92,61733.67999999999,2.8,34121.340000000004,34108.9,12.440000000000001,0.0,0,1
04,2015,HartfordSpringfield,8.85,12715.3,418.75,9617.53,9.04,2669.98,2669.98,0.0,0.0,0,1
04,2016,HartfordSpringfield,9.08,35573.479999999996,466.47,12099.35,1.33,23006.329999999998,22251.39,754.94,0.0,0,1
04,2017,HartfordSpringfield,11.76,82659.3,2212.24,45671.88,37.18,34738.0,34661.43,76.57000000000001,0.0,0,1
05,2015,HartfordSpringfield,10.76,21086.870000000003,529.8599999999999,17985.27,63.87,2507.87,2507.87,0.0,0.0,0,1
05,2016,HartfordSpringfield,11.62,49158.15,291.12,21991.89,24.04,26851.100000000002,26258.440000000002,592.6600000000001,0.0,0,1
05,2017,HartfordSpringfield,10.379999999999999,52794.93,765.24,20378.010000000002,77.25,31574.43,31574.43,0.0,0.0,0,1
06,2015,HartfordSpringfield,9.3,13596.380000000001,607.4300000000001,11642.619999999999,9.25,1337.08,1310.4099999999999,26.67,0.0,0,1
06,2016,HartfordSpringfield,9.209999999999999,28144.71,232.71,13539.869999999999,18.919999999999998,14353.21,14338.32,14.89,0.0,0,1
06,2017,HartfordSpringfield,9.870000000000001,64661.36,1043.73,31105.74,37.019999999999996,32474.87,31400.710000000003,1074.16,0.0,0,1
07,2015,HartfordSpringfield,9.62,12706.189999999999,431.0899999999999,11691.85,4.04,579.21,575.88,3.33,0.0,0,1
07,2016,HartfordSpringfield,11.540000000000001,43973.72,552.12,18323.16,21.71,25076.730000000003,25076.730000000003,0.0,0.0,0,1
07,2017,HartfordSpringfield,11.33,70042.22,642.7299999999999,22620.21,56.24,46723.03999999999,46714.659999999996,8.38,0.0,0,1
08,2015,HartfordSpringfield,11.760000000000002,17077.39,3591.3500000000004,11688.25,5.44,1792.35,1786.27,6.08,0.0,0,1
08,2016,HartfordSpringfield,8.87,21403.87,304.82,15308.44,15.030000000000001,5775.58,5230.360000000001,545.22,0.0,0,1
08,2017,HartfordSpringfield,8.959999999999999,56915.02,529.07,20041.41,5.529999999999999,36339.01,36316.03999999999,22.97,0.0,0,1
09,2015,HartfordSpringfield,9.45,14186.920000000002,455.36,12953.750000000002,12.389999999999999,765.42,734.76,30.659999999999997,0.0,0,1
09,2016,HartfordSpringfield,9.309999999999999,42082.1,658.26,15722.849999999999,39.89,25661.100000000002,25420.29,240.81,0.0,0,1
09,2017,HartfordSpringfield,8.07,71157.14,420.74,15524.52,12.58,55199.3,55199.3,0.0,0.0,0,1
10,2015,HartfordSpringfield,8.73,11980.210000000001,248.45000000000002,8431.3,15.260000000000002,3285.2,1521.0900000000001,1764.11,0.0,0,1
