finalProj/avoPricesNumerical.csv
Month,year,region,AveragePrice,Total Volume,4046,4225,4770,Total Bags,Small Bags,Large Bags,XLarge Bags,type_conventional,type_organic
01,2015,Houston,3.0300000000000002,4126827.37,1977646.61,1617795.81,22058.6,509326.35,420162.28,89164.07,0.0,1,0
01,2016,Houston,4.1,5226871.08,1983259.29,1973865.68,555578.52,714167.5900000001,400450.16000000003,267905.21,45812.219999999994,1,0
01,2017,Houston,2.99,6883757.970000001,4640578.529999999,1059856.25,75417.18000000001,1107906.01,649071.87,458794.86,39.279999999999994,1,0
01,2018,Houston,3.24,5939238.78,2691454.51,721088.2,37986.95,2488709.1199999996,2095577.1,392952.02,180.0,1,0
02,2015,Houston,2.9699999999999998,4502282.49,2157142.08,1845059.81,25369.270000000004,474711.32999999996,346720.72,127990.61000000002,0.0,1,0
02,2016,Houston,2.92,4530137.45,2287757.3200000003,1139797.93,589984.64,512597.56000000006,281222.57999999996,193469.40999999997,37905.57,1,0
02,2017,Houston,2.33,6136780.79,3440029.04,814132.74,318586.88,1564032.13,1178257.1600000001,385684.42,90.55,1,0
02,2018,Houston,2.49,7482206.2,3541262.23,765459.86,20419.14,3155064.97,2675162.01,478975.18999999994,927.77,1,0
03,2015,Houston,4.010000000000001,5353446.12,2532002.14,2185132.44,24303.86,612007.6799999999,381082.36,230925.31999999998,0.0,1,0
03,2016,Houston,3.0300000000000002,4736286.87,2376781.92,1163591.15,571781.13,624132.67,279561.2,315281.47000000003,29290.0,1,0
03,2017,Houston,3.3200000000000003,4105539.45,2632902.09,679387.4,97655.85,695594.11,672503.99,23083.46,6.66,1,0
03,2018,Houston,2.89,6190613.09,2784098.28,685775.6599999999,16213.109999999999,2704526.04,2234873.15,462014.01,7638.88,1,0
04,2015,Houston,3.23,4360985.23,2495550.82,1396523.84,18240.57,450670.0,366504.51,84165.48999999999,0.0,1,0
04,2016,Houston,2.7799999999999994,5232380.800000001,2880847.8699999996,969064.18,650400.29,732068.46,394288.81,318108.25,19671.4,1,0
04,2017,Houston,3.67,7799320.710000001,3625332.89,1468115.72,31067.31,2674804.79,1223029.17,1451749.5100000002,26.11,1,0
05,2015,Houston,3.87,5876252.9799999995,3401463.05,1898483.1099999999,19618.12,556688.7,265568.51,291120.19,0.0,1,0
05,2016,Houston,3.52,6565825.61,3010108.75,1584035.6600000001,657138.7,1314542.5,511218.09,774758.5900000001,28565.819999999996,1,0
05,2017,Houston,3.2300000000000004,5810810.41,2564899.7399999998,1070092.9000000001,15869.449999999999,2159948.32,873922.74,1286025.58,0.0,1,0
06,2015,Houston,2.8200000000000003,5037623.3,2792803.35,1591055.3000000003,12763.4,641001.25,329555.79,311445.46,0.0,1,0
06,2016,Houston,3.45,4733113.65,2358891.38,924089.25,408749.54,1041383.4800000001,512253.51999999996,477536.63000000006,51593.33,1,0
06,2017,Houston,3.31,5725488.5600000005,2384520.0300000003,1091118.85,20316.89,2229532.79,947919.52,1281596.05,17.22,1,0
07,2015,Houston,3.1500000000000004,4353591.96,2253199.0300000003,1547292.6400000001,16513.469999999998,536586.8200000001,313668.49,222729.44,188.89,1,0
07,2016,Houston,4.67,5224409.5200000005,2807969.13,1096277.59,199481.65000000002,1120681.15,873264.3400000001,219982.92,27433.89,1,0
07,2017,Houston,4.640000000000001,6211697.590000001,2647338.3,1132543.3800000001,17969.67,2413846.24,1378423.9200000002,1035049.54,372.78,1,0
08,2015,Houston,4.51,4711466.78,2677959.56,1518346.3299999998,21100.0,494060.88999999996,324379.39,169681.5,0.0,1,0
08,2016,Houston,3.6,4124331.1700000004,2398831.5900000003,922986.6699999999,17611.5,784901.4099999999,501207.14,274890.94,8803.33,1,0
08,2017,Houston,4.15,4731263.24,1927196.1400000001,1059451.85,13906.009999999998,1730709.2400000002,994815.11,735357.4600000001,536.67,1,0
09,2015,Houston,3.47,4122499.8,1682831.2200000002,1940442.86,35530.46,463695.26,235658.69999999998,228036.56,0.0,1,0
09,2016,Houston,3.2699999999999996,4723888.48,2678907.84,924024.32,11823.939999999999,1109132.3800000001,652875.79,454101.58999999997,2155.0,1,0
09,2017,Houston,4.74,3904656.5999999996,1963768.8900000001,653544.01,8389.56,1278954.1400000001,923584.9099999999,355148.12,221.11,1,0
10,2015,Houston,3.39,3836990.2,1696138.72,1376989.94,332493.99000000005,431367.55,239802.17,191513.6,51.78,1,0
01,2015,Houston,4.92,37877.869999999995,31389.350000000002,3075.1800000000003,0.0,3413.34,3413.34,0.0,0.0,0,1
01,2016,Houston,6.82,52212.350000000006,27199.25,366.34000000000003,0.0,24646.76,24558.36,88.39999999999999,0.0,0,1
01,2017,Houston,5.290000000000001,129930.16,41010.9,1170.6999999999998,0.0,87748.56,87741.89,6.67,0.0,0,1
01,2018,Houston,5.7299999999999995,125528.00999999998,37875.83,328.05,0.0,87324.12999999999,86227.45999999999,1096.67,0.0,0,1
02,2015,Houston,4.949999999999999,42725.5,35399.5,3392.66,0.0,3933.34,3933.34,0.0,0.0,0,1
02,2016,Houston,5.17,52429.57,27011.609999999997,331.7,0.0,25086.260000000002,20638.12,4448.14,0.0,0,1
02,2017,Houston,3.6500000000000004,150293.02000000002,34649.11,265.79,1.99,115376.13,115376.13,0.0,0.0,0,1
02,2018,Houston,5.6499999999999995,108161.1,27791.29,495.14,0.0,79874.67,79301.35,573.32,0.0,0,1
03,2015,Houston,6.260000000000001,54550.47,44307.09999999999,3793.37,0.0,6450.0,6450.0,0.0,0.0,0,1
03,2016,Houston,4.95,51496.08,26094.510000000002,667.4399999999999,7.39,24726.74,19551.74,5175.000000000001,0.0,0,1
03,2017,Houston,3.61,203989.32,48149.990000000005,258.53000000000003,0.0,155580.8,130735.54000000001,24845.260000000002,0.0,0,1
03,2018,Houston,5.01,136769.93,30661.91,439.13,0.0,105668.89,103935.56,1733.33,0.0,0,1
04,2015,Houston,5.03,49980.29,44583.83,1963.12,0.0,3433.34,3433.34,0.0,0.0,0,1
04,2016,Houston,4.56,59302.869999999995,23770.210000000003,204.22000000000003,0.0,35328.44,23693.519999999997,11634.92,0.0,0,1
04,2017,Houston,4.82,225136.28000000003,52815.97,2181.2799999999997,0.0,170139.03000000003,139824.49,30314.54,0.0,0,1
05,2015,Houston,6.28,52533.979999999996,46753.78999999999,1610.1899999999998,0.0,4170.0,4170.0,0.0,0.0,0,1
05,2016,Houston,5.07,116944.92,43962.33,238.63,0.0,72743.96,55790.54,16953.42,0.0,0,1
05,2017,Houston,5.22,152377.21,42081.280000000006,56.47,0.0,110239.46,109525.54,713.9200000000001,0.0,0,1
06,2015,Houston,4.83,43199.89,38031.68000000001,1504.87,0.0,3663.34,3663.34,0.0,0.0,0,1
06,2016,Houston,4.55,73130.97,36963.27,230.69,0.0,35937.009999999995,28770.03,7166.9800000000005,0.0,0,1
06,2017,Houston,4.46,183257.40999999997,43167.89,188.05999999999997,0.0,139901.46000000002,139696.89,204.57,0.0,0,1
07,2015,Houston,4.74,48005.26000000001,45402.740000000005,1095.85,0.0,1506.67,1506.67,0.0,0.0,0,1
07,2016,Houston,6.78,105418.75,73413.68,165.19,0.0,31839.879999999997,31478.34,361.53999999999996,0.0,0,1
07,2017,Houston,6.52,199507.94,52464.50000000001,331.40000000000003,0.0,146712.03999999998,146673.18,38.86,0.0,0,1
08,2015,Houston,6.29,59212.12000000001,51181.26000000001,451.27000000000004,0.0,7579.59,6843.34,736.2499999999999,0.0,0,1
08,2016,Houston,4.3500000000000005,134572.47,49067.47,120.78,0.0,85384.21999999999,85090.87999999999,293.34000000000003,0.0,0,1
08,2017,Houston,6.25,114171.51,35563.96,139.96,0.0,78467.59,78330.94,136.64999999999998,0.0,0,1
09,2015,Houston,5.71,47382.71000000001,32955.32,205.36,0.0,14222.030000000002,14049.87,172.16,0.0,0,1
09,2016,Houston,3.5500000000000003,174389.65,56688.31,201.79999999999995,0.0,117499.54,117319.54000000001,180.0,0.0,0,1
09,2017,Houston,7.48,81327.76,52778.16,187.72000000000003,0.0,28361.88,28355.22,6.66,0.0,0,1
10,2015,Houston,5.92,43572.24,27130.87,312.82,0.0,16128.55,16128.55,0.0,0.0,0,1
01,2015,Indianapolis,4.470000000000001,597540.8,13585.619999999999,430989.06,5746.49,147219.63,83161.31,63792.13,266.19,1,0
01,2016,Indianapolis,4.83,872958.46,25928.730000000003,513175.0,102141.51000000001,231713.21999999997,111357.12999999999,97692.20999999999,22663.88,1,0
01,2017,Indianapolis,4.529999999999999,1048714.6600000001,75703.63,498904.13,16859.06,457247.83999999997,227840.40000000002,229397.17,10.270000000000001,1,0
01,2018,Indianapolis,4.1000000000000005,928859.8,246301.77999999997,242692.87999999998,49562.89,390302.25,354436.75,35792.99,72.51,1,0
02,2015,Indianapolis,4.54,653413.44,24999.5,446888.94000000006,33042.95,148482.05,84909.76,57006.240000000005,6566.05,1,0
02,2016,Indianapolis,3.73,801684.5800000001,49290.46,477949.3,68964.26,205480.56,101225.97,93722.43999999999,10532.15,1,0
02,2017,Indianapolis,3.57,881777.9500000001,61311.64,420247.76,11436.49,388782.06,186468.18999999997,202292.75,21.12,1,0
02,2018,Indianapolis,3.5700000000000003,976589.52,263145.07,241170.26,28046.1,444228.08999999997,346498.9,86844.75,10884.44,1,0
03,2015,Indianapolis,5.61,792328.8400000001,25245.14,496529.05,54408.21000000001,216146.44,131667.36,75266.84,9212.240000000002,1,0
03,2016,Indianapolis,4.1000000000000005,751611.23,46250.04000000001,408616.45000000007,82411.95,214332.79,108624.08,89089.72,16618.989999999998,1,0
03,2017,Indianapolis,5.220000000000001,649439.9099999999,48987.05,260162.68999999997,6138.679999999999,334151.49,159775.75,174125.26,250.48,1,0
03,2018,Indianapolis,4.15,873468.67,214158.41999999998,168677.76,27288.17,463344.32,399223.03,52663.64,11457.650000000001,1,0
04,2015,Indianapolis,4.640000000000001,635285.0399999999,50531.479999999996,376642.57,32079.17,176031.82,125876.41,45066.25,5089.160000000001,1,0
04,2016,Indianapolis,3.9800000000000004,758081.58,56658.73,388541.24,72131.31000000001,240750.3,112054.88,116766.98999999999,11928.429999999998,1,0
04,2017,Indianapolis,5.9399999999999995,957264.94,62829.5,369616.61,7164.52,517654.31,223717.28,293693.06999999995,243.95999999999998,1,0
05,2015,Indianapolis,6.11,850114.82,86453.51000000001,502818.8,50367.369999999995,210475.13999999998,119135.96,83752.57,7586.61,1,0
05,2016,Indianapolis,4.61,1074129.79,69343.73,526576.75,84731.41999999998,393477.89,238898.62,136151.44,18427.829999999998,1,0
05,2017,Indianapolis,4.0600000000000005,932426.5700000001,64942.93,360206.73000000004,6514.52,500762.39,185452.02000000002,314420.30000000005,890.0699999999999,1,0
06,2015,Indianapolis,4.41,732742.21,39232.4,423638.28,48224.61,221646.92,132744.49,82717.54999999999,6184.88,1,0
06,2016,Indianapolis,4.45,771897.9999999999,67808.78,371177.13,75082.05,257830.03999999998,155332.48,78286.32,24211.24,1,0
06,2017,Indianapolis,4.12,863283.59,41921.99,321153.78,5809.62,494398.2,189283.74,301755.33,3359.13,1,0
07,2015,Indianapolis,4.39,664788.9299999999,17778.25,408185.48,43547.240000000005,195277.96000000002,110420.5,79138.42,5719.04,1,0
07,2016,Indianapolis,5.77,931022.9600000001,77505.15,449573.6400000001,44274.560000000005,359669.61,198218.92,139565.77000000002,21884.92,1,0
07,2017,Indianapolis,6.29,884943.65,42180.86,391051.51999999996,6531.93,445179.34,212828.29,222243.93000000002,10107.119999999999,1,0
08,2015,Indianapolis,5.9399999999999995,739329.58,20741.010000000002,439799.02,72074.36,206715.19000000003,117712.06,76659.93000000001,12343.2,1,0
08,2016,Indianapolis,5.17,661130.6299999999,65544.22,309512.19,16204.77,269869.45,170332.25000000003,96203.52,3333.6800000000003,1,0
08,2017,Indianapolis,5.52,679377.65,30726.71,313847.94,4357.86,330445.14,143193.94,179741.24,7509.959999999999,1,0
09,2015,Indianapolis,3.9300000000000006,683681.97,13933.53,425158.11,74972.81999999999,169617.51,84962.22,70343.99,14311.3,1,0
09,2016,Indianapolis,5.25,622021.6900000001,68465.97,282470.14,11652.000000000002,259433.58000000002,170246.68,89081.9,105.0,1,0
09,2017,Indianapolis,7.16,547155.84,32357.04,241541.43,3334.25,269923.12,138713.63,128288.59999999999,2920.89,1,0
10,2015,Indianapolis,4.07,579549.95,16647.59,355051.27,56117.520000000004,151733.57,82705.62,61053.86,7974.09,1,0
01,2015,Indianapolis,7.2,5495.95,267.38,3487.52,0.0,1741.0500000000002,1292.3400000000001,448.71,0.0,0,1
01,2016,Indianapolis,7.06,13079.89,1620.71,6221.85,18.75,5218.580000000001,2304.07,2914.51,0.0,0,1
01,2017,Indianapolis,6.55,21774.739999999998,867.9999999999999,6813.44,0.0,14093.299999999997,5876.049999999999,8217.25,0.0,0,1
01,2018,Indianapolis,5.8,41967.53999999999,913.84,5843.67,0.0,35087.75,22933.93,12153.82,0.0,0,1
02,2015,Indianapolis,7.01,6816.619999999999,280.56,3559.14,0.0,2976.92,2533.34,443.58,0.0,0,1
02,2016,Indianapolis,5.74,10344.720000000001,1401.0700000000002,5007.71,3.32,3932.62,2026.6599999999999,1905.96,0.0,0,1
02,2017,Indianapolis,4.640000000000001,18451.52,1571.85,5198.64,0.0,11681.029999999999,4570.860000000001,7110.170000000001,0.0,0,1
02,2018,Indianapolis,5.49,34975.67,1042.38,4630.0,0.0,29095.92,19745.86,9350.06,0.0,0,1
03,2015,Indianapolis,9.02,7277.29,349.65,4457.58,0.0,2470.06,1957.56,512.5,0.0,0,1
03,2016,Indianapolis,5.529999999999999,10826.41,610.56,4827.95,0.0,5387.9,2593.46,2794.4399999999996,0.0,0,1
03,2017,Indianapolis,4.79,25104.82,491.75,5335.2,0.0,19277.87,5636.6,13641.27,0.0,0,1
03,2018,Indianapolis,4.93,52813.6,1329.11,10319.039999999999,0.0,40812.12,25515.61,15296.51,0.0,0,1
04,2015,Indianapolis,6.72,7752.060000000001,316.07,4526.53,0.0,2909.46,1922.89,986.57,0.0,0,1
04,2016,Indianapolis,5.32,14222.13,434.59,5799.05,2.39,7986.099999999999,4396.87,3589.23,0.0,0,1
04,2017,Indianapolis,7.170000000000001,27502.21,971.26,7265.83,0.0,19265.120000000003,7960.039999999999,11305.08,0.0,0,1
05,2015,Indianapolis,6.78,13459.21,473.84000000000003,4757.94,0.0,8227.43,3304.5299999999997,4922.9,0.0,0,1
05,2016,Indianapolis,6.63,20855.88,610.74,9437.130000000001,26.94,10781.07,5906.29,4874.780000000001,0.0,0,1
05,2017,Indianapolis,5.79,23117.1,495.65999999999997,6500.59,0.0,16120.85,5957.2,10163.65,0.0,0,1
06,2015,Indianapolis,6.4,7270.22,282.15,3770.1499999999996,0.0,3217.9199999999996,1839.53,1378.39,0.0,0,1
06,2016,Indianapolis,5.35,17030.050000000003,986.8800000000001,6856.59,0.0,9186.58,4511.1900000000005,4675.39,0.0,0,1
06,2017,Indianapolis,4.7,40824.77,480.7,5588.77,0.0,34755.3,2668.04,32087.260000000002,0.0,0,1
07,2015,Indianapolis,4.4,12326.74,257.26000000000005,4225.22,0.0,7844.259999999999,1759.3,6084.96,0.0,0,1
07,2016,Indianapolis,7.199999999999999,21548.29,1975.6799999999998,7671.450000000001,0.0,11901.16,6540.42,5360.74,0.0,0,1
07,2017,Indianapolis,7.46,46092.25,527.31,10244.58,0.0,34420.37,12126.019999999999,22294.35,0.0,0,1
08,2015,Indianapolis,8.56,12394.03,1220.3999999999999,7737.290000000001,0.0,3436.34,1896.6699999999998,1539.67,0.0,0,1
08,2016,Indianapolis,6.21,19589.53,1840.33,5990.51,0.0,11758.69,4974.42,6784.2699999999995,0.0,0,1
08,2017,Indianapolis,6.12,34327.18,480.57,5486.59,0.0,28295.050000000003,17513.48,10781.57,0.0,0,1
09,2015,Indianapolis,6.62,8980.42,1023.76,5825.17,0.0,2131.49,1376.6699999999998,754.8199999999999,0.0,0,1
09,2016,Indianapolis,7.08,15982.0,1560.27,6084.21,0.0,8337.52,4024.8199999999997,4312.7,0.0,0,1
09,2017,Indianapolis,6.9,33821.34,536.3100000000001,4930.55,0.0,28276.2,17323.82,10952.38,0.0,0,1
10,2015,Indianapolis,6.010000000000001,8735.810000000001,811.66,4743.320000000001,0.0,3180.83,1470.0,1710.8300000000002,0.0,0,1
