finalProj/avoPricesNumerical.csv
Month,year,region,AveragePrice,Total Volume,4046,4225,4770,Total Bags,Small Bags,Large Bags,XLarge Bags,type_conventional,type_organic
01,2015,Jacksonville,4.64,462700.72,287304.32,67121.09999999999,2035.6899999999998,106239.61000000002,59953.51,46286.1,0.0,1,0
01,2016,Jacksonville,5.22,791856.34,492683.43999999994,69677.4,1792.01,227703.49,112348.51,115354.98,0.0,1,0
01,2017,Jacksonville,5.140000000000001,1049715.46,386148.79,181248.94,1253.08,481064.64999999997,158556.63,322159.41000000003,348.61,1,0
01,2018,Jacksonville,5.08,800151.0,461889.76,50079.83,1570.1100000000001,286611.3,131662.75,153617.43,1331.12,1,0
02,2015,Jacksonville,4.47,555976.3300000001,383856.48,52554.75,3718.22,115846.88,68960.62000000001,46886.259999999995,0.0,1,0
02,2016,Jacksonville,3.27,916307.2999999999,438034.43,147233.11,1400.8899999999999,329638.87,115672.72999999998,213958.02000000002,8.12,1,0
02,2017,Jacksonville,4.029999999999999,927363.1599999999,462077.15,138063.59,862.3299999999999,326360.08999999997,143749.40000000002,181346.25,1264.44,1,0
02,2018,Jacksonville,4.53,979927.6799999999,546813.71,61229.31,1840.6499999999999,370044.01,191582.69,178047.99,413.33,1,0
03,2015,Jacksonville,5.68,684490.6699999999,485816.91,53746.979999999996,3790.6499999999996,141136.13,90904.52,50231.61,0.0,1,0
03,2016,Jacksonville,4.0,695931.98,304550.38,128271.12,1491.3,261619.18,73857.45,187761.73,0.0,1,0
03,2017,Jacksonville,6.290000000000001,568994.5499999999,303877.77,64620.14,461.08000000000004,200035.56,87886.81999999999,111008.74,1140.0,1,0
03,2018,Jacksonville,4.7,875345.21,479136.71,47454.520000000004,1974.55,346779.43,153459.95,192999.47999999998,320.0,1,0
04,2015,Jacksonville,4.470000000000001,580449.87,405977.62,42516.92,2738.8799999999997,129216.45,80483.37,48733.08,0.0,1,0
04,2016,Jacksonville,3.6100000000000003,894796.5800000001,384419.79,173795.12,665.64,335916.03,91186.51,243151.75000000003,1577.77,1,0
04,2017,Jacksonville,7.329999999999999,849261.61,486414.41000000003,91058.61,584.59,271204.0,119827.92,149811.08,1565.0,1,0
05,2015,Jacksonville,5.66,824566.1200000001,577841.2799999999,54585.14,4162.33,187977.37,110474.91000000002,77352.45999999999,150.0,1,0
05,2016,Jacksonville,4.359999999999999,1255357.27,605336.29,228868.71000000002,2143.16,419009.11000000004,129813.61,284325.49,4870.01,1,0
05,2017,Jacksonville,5.47,754541.17,418778.16000000003,69887.95000000001,538.9000000000001,265336.16,119537.25,143818.08,1980.83,1,0
06,2015,Jacksonville,4.289999999999999,647774.6699999999,401094.78,70973.95,5080.639999999999,170625.30000000002,111428.93,59196.37000000001,0.0,1,0
06,2016,Jacksonville,4.28,758476.7999999999,391002.77,133978.09,4024.45,229471.49,87901.5,126554.72,15015.27,1,0
06,2017,Jacksonville,5.7,702657.51,433531.67000000004,61836.59,371.74,206917.51,110148.04,87443.91,9325.56,1,0
07,2015,Jacksonville,4.42,609663.42,375575.31,89617.56999999999,3043.6499999999996,141426.89,87452.36,53974.53,0.0,1,0
07,2016,Jacksonville,5.779999999999999,911378.8500000001,429634.5,188423.75,3162.3,290158.30000000005,135653.23,129380.08000000002,25124.989999999998,1,0
07,2017,Jacksonville,7.18,842161.71,492054.58999999997,75267.40000000001,400.33,274439.39,140851.32,117613.63,15974.44,1,0
08,2015,Jacksonville,5.99,636510.3500000001,369826.47,97465.7,3513.64,165704.53999999998,101359.88,64316.69,27.97,1,0
08,2016,Jacksonville,4.59,725369.35,350147.83,142643.48,851.02,231727.02000000002,107980.58,114511.44,9235.0,1,0
08,2017,Jacksonville,6.1899999999999995,609083.87,342240.0,52753.94,178.09,213911.84,104134.51,99257.32999999999,10520.0,1,0
09,2015,Jacksonville,4.48,532722.62,315271.97,79220.01000000001,3516.9399999999996,134713.7,70689.15,64024.55,0.0,1,0
09,2016,Jacksonville,4.35,723664.74,328826.08,106112.49,536.75,288189.42,104563.37,183626.05,0.0,1,0
09,2017,Jacksonville,7.2,536881.8,309906.42,50779.229999999996,216.51999999999998,175979.63,69910.54000000001,103442.43000000001,2626.66,1,0
10,2015,Jacksonville,4.45,485718.56999999995,314874.24,44646.649999999994,3370.28,122827.4,62642.41,60184.990000000005,0.0,1,0
01,2015,Jacksonville,7.42,5173.620000000001,3481.85,149.92000000000002,15.19,1526.6599999999999,1526.6599999999999,0.0,0.0,0,1
01,2016,Jacksonville,8.47,16875.440000000002,11776.830000000002,499.68,72.25999999999999,4526.67,4526.67,0.0,0.0,0,1
01,2017,Jacksonville,6.37,20979.519999999997,1444.3500000000001,369.34,53.82,19112.01,4961.110000000001,14150.900000000001,0.0,0,1
01,2018,Jacksonville,6.779999999999999,15012.779999999999,316.0,2793.11,18.07,11885.6,8454.1,3431.5,0.0,0,1
02,2015,Jacksonville,7.06,7456.3,3733.24,218.01999999999998,41.71,3463.33,3463.33,0.0,0.0,0,1
02,2016,Jacksonville,6.99,9885.76,6536.45,270.07,52.58,3026.66,3026.66,0.0,0.0,0,1
02,2017,Jacksonville,6.62,14053.39,3278.1099999999997,515.0699999999999,7.630000000000001,10252.58,4453.5599999999995,5799.02,0.0,0,1
02,2018,Jacksonville,7.07,18433.420000000002,478.82000000000005,3311.97,9.129999999999999,14633.499999999998,9590.85,5042.650000000001,0.0,0,1
03,2015,Jacksonville,8.96,10590.82,6114.839999999999,268.05,122.42,4085.5099999999998,4077.39,8.12,0.0,0,1
03,2016,Jacksonville,6.84,12365.38,7851.75,489.81000000000006,60.49,3963.33,3960.0,3.33,0.0,0,1
03,2017,Jacksonville,6.42,14343.460000000001,2754.09,510.59000000000003,21.64,11057.14,2922.87,8134.27,0.0,0,1
03,2018,Jacksonville,6.8,19534.25,527.68,3268.8499999999995,11.790000000000001,15725.93,10717.56,5008.37,0.0,0,1
04,2015,Jacksonville,7.4,7856.700000000001,5419.24,192.44,113.21000000000001,2131.81,2126.39,5.42,0.0,0,1
04,2016,Jacksonville,6.65,14114.970000000001,8202.43,492.89000000000004,49.660000000000004,5369.99,5369.99,0.0,0.0,0,1
04,2017,Jacksonville,9.36,19378.22,6436.03,1138.6100000000001,38.01,11765.57,5705.72,6059.85,0.0,0,1
05,2015,Jacksonville,9.040000000000001,11336.43,7026.34,344.67,348.47,3616.95,3616.95,0.0,0.0,0,1
05,2016,Jacksonville,8.4,17812.18,10683.18,826.65,42.349999999999994,6260.0,6260.0,0.0,0.0,0,1
05,2017,Jacksonville,8.13,19539.12,6786.96,713.9,26.1,12012.16,9376.35,2635.81,0.0,0,1
06,2015,Jacksonville,7.39,10087.86,7929.120000000001,378.67,55.56,1724.5100000000002,1683.33,41.18,0.0,0,1
06,2016,Jacksonville,6.8,14918.45,9254.08,489.39,58.32000000000001,5116.66,5116.66,0.0,0.0,0,1
06,2017,Jacksonville,8.8,15243.11,3312.6299999999997,5152.17,13.35,6764.96,6759.9400000000005,5.02,0.0,0,1
07,2015,Jacksonville,7.24,11980.35,4957.209999999999,181.31,86.48,6755.35,6755.35,0.0,0.0,0,1
07,2016,Jacksonville,9.139999999999999,21856.01,10661.51,702.6800000000001,129.32999999999998,10362.49,10332.49,30.0,0.0,0,1
07,2017,Jacksonville,10.24,13812.18,910.73,5966.32,8.379999999999999,6926.750000000001,6900.080000000001,26.67,0.0,0,1
08,2015,Jacksonville,9.84,13167.21,6530.66,277.93,107.5,6251.119999999999,6233.32,17.8,0.0,0,1
08,2016,Jacksonville,7.84,13392.289999999999,7015.26,518.6199999999999,101.74000000000001,5756.67,5696.67,60.0,0.0,0,1
08,2017,Jacksonville,9.02,9504.41,806.9000000000001,3427.08,7.199999999999999,5263.23,5256.57,6.66,0.0,0,1
09,2015,Jacksonville,8.67,6888.99,4370.52,184.84,43.629999999999995,2290.0,2290.0,0.0,0.0,0,1
09,2016,Jacksonville,6.5600000000000005,14651.679999999998,3871.76,320.52000000000004,7.07,10452.33,3913.33,6539.000000000001,0.0,0,1
09,2017,Jacksonville,9.92,16328.74,805.66,3559.9400000000005,4.81,11958.330000000002,6573.0599999999995,5385.270000000001,0.0,0,1
10,2015,Jacksonville,8.4,8671.27,5856.240000000001,165.71,55.980000000000004,2593.34,2593.34,0.0,0.0,0,1
01,2015,LasVegas,3.8500000000000005,1075038.91,474871.75,416149.42,22945.78,161071.96,159732.28,1339.6799999999998,0.0,1,0
01,2016,LasVegas,4.51,1375518.18,457705.21,516181.62,54787.42,346843.93000000005,213134.13,133709.8,0.0,1,0
01,2017,LasVegas,4.08,1886768.1,580938.29,343319.12,38083.69,924426.9999999999,296687.15,627670.4099999999,69.44,1,0
01,2018,LasVegas,4.3,1381049.9700000002,308774.91,420127.51,26935.39,625212.1599999999,284268.51999999996,339272.34,1671.3,1,0
02,2015,LasVegas,4.23,1187191.3599999999,452753.32000000007,562044.88,17467.08,154926.08000000002,152258.61,2667.4700000000003,0.0,1,0
02,2016,LasVegas,3.2199999999999998,1463180.66,579389.9,476455.62,38855.99,368479.15,184280.08,184199.07,0.0,1,0
02,2017,LasVegas,3.08,1731606.6800000002,646835.22,279337.63,30510.45,774923.38,230822.72999999998,544100.6499999999,0.0,1,0
02,2018,LasVegas,3.9599999999999995,1624368.78,306376.63999999996,574950.7,23892.47,719148.97,305254.88,412234.31999999995,1659.77,1,0
03,2015,LasVegas,4.87,1511010.59,665655.89,611515.4400000001,36825.11,197014.15,186210.63,10803.519999999999,0.0,1,0
03,2016,LasVegas,3.37,1302567.3800000001,554621.23,384738.74000000005,34387.58,328819.82999999996,170737.54,158082.29,0.0,1,0
03,2017,LasVegas,3.99,1305073.61,463522.29000000004,174695.05,35646.33,631209.9400000001,242150.15,389059.79,0.0,1,0
03,2018,LasVegas,4.409999999999999,1364347.68,296385.99,413975.98000000004,28084.11,625901.6000000001,333112.97,290828.64,1959.99,1,0
04,2015,LasVegas,3.27,1401413.6199999999,812036.2299999999,345531.39,23075.0,220771.00000000003,144541.46000000002,76214.26000000001,15.28,1,0
04,2016,LasVegas,3.35,1392146.0199999998,580160.3400000001,385867.13999999996,27815.18,398303.36,185147.77000000002,213155.59,0.0,1,0
04,2017,LasVegas,4.800000000000001,1843852.38,585559.8200000001,286215.69,45845.350000000006,926231.52,255758.83999999997,670014.35,458.33000000000004,1,0
05,2015,LasVegas,4.88,1590569.3199999998,725571.01,558513.33,26796.589999999997,279688.39,190849.01,88839.38,0.0,1,0
05,2016,LasVegas,4.36,1819208.58,677894.25,572939.1399999999,45618.719999999994,522756.4700000001,236383.50999999998,285945.19,427.77,1,0
05,2017,LasVegas,4.0,1589910.1899999997,534111.24,265084.27,33573.62,757141.0599999999,208379.99,548316.63,444.44,1,0
06,2015,LasVegas,3.81,1357340.64,560512.8600000001,487007.45,17557.11,292263.22000000003,204303.27,87959.95000000001,0.0,1,0
06,2016,LasVegas,3.68,1475454.6400000001,597952.23,335632.03,54429.41,487440.97,270365.98,216849.99,225.0,1,0
06,2017,LasVegas,4.08,1471387.4200000002,559962.2999999999,209831.18,28166.519999999997,673427.4199999999,233269.29,439809.51999999996,348.61,1,0
07,2015,LasVegas,4.16,1152472.56,553285.21,338325.62,24971.82,235889.90999999997,191011.03,44878.88,0.0,1,0
07,2016,LasVegas,5.4,1571426.96,644361.71,317755.05,39539.12,569771.08,364127.25000000006,202478.55,3165.2799999999997,1,0
07,2017,LasVegas,5.84,1662275.3400000003,627256.27,267048.58,36413.6,731556.89,286467.44,444802.78,286.67,1,0
08,2015,LasVegas,5.16,1485726.91,611813.72,588040.8800000001,34495.94,251376.37,204800.11,46576.26,0.0,1,0
08,2016,LasVegas,4.220000000000001,1198200.73,540139.3200000001,218917.54,26089.04,413054.8300000001,243385.9,169474.49,194.44,1,0
08,2017,LasVegas,5.22,1073205.58,431998.26,192152.56,27842.53,421212.23,165353.27000000002,253987.79,1871.17,1,0
09,2015,LasVegas,3.84,1215291.72,339688.63,641407.75,27496.34,206699.0,137373.84,69325.16,0.0,1,0
09,2016,LasVegas,4.24,1234824.33,574834.13,242404.53000000003,22639.2,394946.47,181440.36,213506.11000000002,0.0,1,0
09,2017,LasVegas,6.210000000000001,812798.6100000001,335545.06,182395.39,12381.36,282476.8,176294.2,105919.27,263.33000000000004,1,0
10,2015,LasVegas,3.8,1062312.66,321635.6,552895.8,37808.58,149972.68,135793.94,14178.74,0.0,1,0
01,2015,LasVegas,6.33,24265.370000000003,13629.400000000001,9045.54,0.0,1590.4299999999998,1546.66,43.769999999999996,0.0,0,1
01,2016,LasVegas,7.720000000000001,40982.31999999999,8889.35,19273.11,0.0,12819.86,12700.909999999998,118.94999999999999,0.0,0,1
01,2017,LasVegas,6.62,51599.15,5474.379999999999,14647.160000000002,9.28,31468.329999999998,31250.12,218.21,0.0,0,1
01,2018,LasVegas,7.4,36340.950000000004,5300.68,7602.209999999999,0.0,23438.06,23387.08,50.980000000000004,0.0,0,1
02,2015,LasVegas,6.859999999999999,28211.059999999998,15388.599999999999,11335.54,0.0,1486.92,1483.33,3.59,0.0,0,1
02,2016,LasVegas,5.42,36551.5,6507.71,13008.89,0.0,17034.9,14619.44,2415.46,0.0,0,1
02,2017,LasVegas,4.65,82974.06999999999,7966.679999999999,23914.52,2.66,51090.21,50206.09,884.1199999999999,0.0,0,1
02,2018,LasVegas,6.79,40283.229999999996,5605.82,6967.78,0.0,27709.629999999997,27592.36,117.27,0.0,0,1
03,2015,LasVegas,8.17,37130.02,18333.79,16006.26,0.0,2789.9700000000003,2717.95,72.02000000000001,0.0,0,1
03,2016,LasVegas,5.39,41039.92999999999,11046.29,16872.81,0.0,13120.83,12386.27,734.56,0.0,0,1
03,2017,LasVegas,4.6499999999999995,76928.77,9017.2,19239.87,0.0,48671.700000000004,45436.36,3235.34,0.0,0,1
03,2018,LasVegas,6.59,47240.89,6541.12,8340.01,0.0,32359.760000000002,32279.059999999998,80.7,0.0,0,1
04,2015,LasVegas,6.42,41212.87,18650.43,18753.35,0.0,3809.09,1788.73,2020.36,0.0,0,1
04,2016,LasVegas,5.17,65598.81,11703.68,36755.05,0.0,17140.08,9105.849999999999,8034.23,0.0,0,1
04,2017,LasVegas,7.4,66623.06,6957.25,20938.649999999998,2.58,38724.58,33551.61,5172.970000000001,0.0,0,1
05,2015,LasVegas,6.78,56917.420000000006,29174.46,21112.600000000002,0.0,6630.360000000001,2044.6299999999999,4585.73,0.0,0,1
05,2016,LasVegas,6.75,95705.64000000001,23782.539999999997,52296.520000000004,0.0,19626.579999999998,2828.67,16797.91,0.0,0,1
05,2017,LasVegas,7.609999999999999,34865.28,10567.17,12611.03,1.28,11685.8,2646.9799999999996,9038.82,0.0,0,1
06,2015,LasVegas,5.92,43479.63,21678.68,18247.47,0.0,3553.4800000000005,1006.1800000000001,2547.3,0.0,0,1
06,2016,LasVegas,5.91,55390.28999999999,22415.980000000003,24986.460000000003,0.0,7987.849999999999,2468.1899999999996,5519.66,0.0,0,1
06,2017,LasVegas,6.89,46253.02,8012.59,12108.45,0.0,26131.980000000003,11209.78,14922.199999999999,0.0,0,1
07,2015,LasVegas,7.459999999999999,27326.34,10916.029999999999,15327.56,0.0,1082.75,379.75,703.0,0.0,0,1
07,2016,LasVegas,10.31,59877.28,20049.42,21609.64,0.0,18218.22,2893.9,15324.320000000002,0.0,0,1
07,2017,LasVegas,9.05,49813.990000000005,8180.539999999999,15317.77,0.0,26315.68,24095.35,2220.33,0.0,0,1
08,2015,LasVegas,8.620000000000001,42226.26,20321.34,18853.68,0.0,3051.24,1719.3100000000002,1331.9299999999998,0.0,0,1
08,2016,LasVegas,8.31,34852.42,11148.33,11285.800000000001,0.0,12418.29,1673.01,10745.279999999999,0.0,0,1
08,2017,LasVegas,8.69,34292.520000000004,5891.59,10342.41,0.0,18058.52,17903.989999999998,154.53,0.0,0,1
09,2015,LasVegas,8.73,19677.210000000003,5847.4,12875.27,0.0,954.54,396.65999999999997,557.88,0.0,0,1
09,2016,LasVegas,9.17,27528.13,7096.099999999999,11919.359999999999,0.0,8512.67,4487.7699999999995,4024.9000000000005,0.0,0,1
09,2017,LasVegas,9.870000000000001,24054.809999999998,4129.77,4246.59,0.0,15678.45,15571.0,107.45,0.0,0,1
10,2015,LasVegas,8.9,17653.03,5076.820000000001,11659.84,0.0,916.37,893.33,23.04,0.0,0,1
