finalProj/avoPricesNumerical.csv
Month,year,region,AveragePrice,Total Volume,4046,4225,4770,Total Bags,Small Bags,Large Bags,XLarge Bags,type_conventional,type_organic
01,2015,LosAngeles,3.5500000000000003,10526526.34,7067745.970000001,2124333.21,243405.35,1091041.81,954681.0900000001,125162.83,11197.890000000001,1,0
01,2016,LosAngeles,3.64,16463421.54,4548163.13,4150941.43,431863.12,7332453.86,6533096.290000001,726207.62,73149.95,1,0
01,2017,LosAngeles,3.71,18481708.37,6423118.260000001,3631060.77,320191.67,8107337.67,7696801.29,290595.57,119940.81000000001,1,0
01,2018,LosAngeles,4.55,10681757.24,4744071.75,1830529.6900000002,356814.26,3750341.54,3510841.5700000003,68486.5,171013.47,1,0
02,2015,LosAngeles,3.3,12554123.170000002,8641258.42,2350885.38,246741.07,1315238.3,1170761.73,135687.76,8788.810000000001,1,0
02,2016,LosAngeles,2.71,15212255.7,3849452.73,3706755.46,368027.12,7288020.39,6440243.32,783921.49,63855.58,1,0
02,2017,LosAngeles,2.7800000000000002,15064853.63,4932548.529999999,2500970.48,290436.62,7340898.0,6939788.74,248413.87,152695.39,1,0
02,2018,LosAngeles,3.66,14174138.48,6369969.09,2198838.45,323103.09,5282227.85,4995986.52,105162.95000000001,181078.38,1,0
03,2015,LosAngeles,4.56,13615707.629999999,9089091.68,2654031.92,332934.6,1539649.43,1421519.23,109977.29000000001,8152.910000000001,1,0
03,2016,LosAngeles,3.0199999999999996,12968869.79,3499176.48,3075526.11,372618.55,6021548.65,5339082.75,604679.6599999999,77786.23999999999,1,0
03,2017,LosAngeles,4.340000000000001,10723701.54,3699186.09,1798412.76,350381.97000000003,4875720.72,4660774.61,14524.45,200421.65999999997,1,0
03,2018,LosAngeles,4.0600000000000005,11964942.13,4263261.99,1884941.2100000002,275818.72000000003,5540920.21,5203450.54,115552.22,221917.45,1,0
04,2015,LosAngeles,3.8900000000000006,10659674.01,7169274.550000001,1985504.8199999998,259592.52000000002,1245302.12,1090059.2100000002,148192.98,7049.93,1,0
04,2016,LosAngeles,3.1,12404452.38,4357393.44,2747313.01,401165.36,4898580.57,4302957.55,524979.52,70643.5,1,0
04,2017,LosAngeles,5.199999999999999,15256716.229999999,5425407.4,2239845.96,525830.89,7065631.98,6765500.45,26427.1,273704.43,1,0
05,2015,LosAngeles,4.36,16177746.999999998,11843974.719999999,2372375.27,326585.95999999996,1634811.0499999998,1558435.3299999998,62676.030000000006,13699.689999999999,1,0
05,2016,LosAngeles,3.67,17010465.060000002,6206681.63,4094326.4200000004,504254.09,6205202.92,5095154.55,1008514.0700000001,101534.29999999999,1,0
05,2017,LosAngeles,4.079999999999999,13931541.56,5587290.32,1908689.5499999998,380194.77,6055366.92,5832441.15,1865.08,221060.68999999997,1,0
06,2015,LosAngeles,3.48,12912157.59,9310621.14,1838125.2799999998,296637.36,1466773.81,1395737.69,58709.27999999999,12326.84,1,0
06,2016,LosAngeles,3.34,13460259.41,5653391.67,2429968.84,446836.45999999996,4930062.44,4454637.96,374721.13,100703.34999999999,1,0
06,2017,LosAngeles,3.8600000000000003,14315060.43,5800730.17,1728050.69,369526.41000000003,6416753.16,6232230.38,2688.03,181834.75,1,0
07,2015,LosAngeles,3.96,11596469.059999999,7934443.760000001,1970998.8599999999,351180.64,1339845.8,1283445.7200000002,44834.100000000006,11565.98,1,0
07,2016,LosAngeles,4.92,15694984.74,5861654.579999999,3248326.71,428035.29000000004,6156968.16,5637167.339999999,379935.38,139865.44,1,0
07,2017,LosAngeles,6.33,14359233.15,6899404.86,2151408.54,497608.80000000005,4810810.95,4538382.82,46722.920000000006,225705.21,1,0
08,2015,LosAngeles,4.800000000000001,14699199.600000001,9873177.530000001,2874334.96,386411.81,1565275.2999999998,1535325.14,15500.85,14449.31,1,0
08,2016,LosAngeles,3.7700000000000005,12623016.350000001,4923329.5,2256984.52,256934.97000000003,5185767.359999999,4867171.9399999995,192470.64,126124.78,1,0
08,2017,LosAngeles,5.52,10002470.700000001,5075296.49,1536993.66,434942.44999999995,2955238.1,2719220.0700000003,79293.75,156724.28000000003,1,0
09,2015,LosAngeles,3.79,10599783.28,4914336.68,4071609.15,388405.53,1225431.92,1092616.68,112687.13999999998,20128.1,1,0
09,2016,LosAngeles,3.8899999999999997,11967763.32,4955584.57,2088411.46,210978.38,4712788.91,4456748.890000001,149949.61,106090.41000000002,1,0
09,2017,LosAngeles,6.83,7772327.2,3555314.3200000003,1496434.09,371335.67,2349243.12,2162525.8,59393.020000000004,127324.29999999999,1,0
10,2015,LosAngeles,3.7399999999999998,9859590.42,3832499.91,4421187.5600000005,318623.41,1287279.54,1233496.59,41180.75,12602.2,1,0
01,2015,LosAngeles,4.85,196455.36000000002,161585.33000000002,6511.549999999999,0.0,28358.480000000003,28358.480000000003,0.0,0.0,0,1
01,2016,LosAngeles,5.49,367927.67,51385.76000000001,103823.45,80.34,212638.12000000002,140940.3,71697.81999999999,0.0,0,1
01,2017,LosAngeles,5.92,476765.2,75779.5,138777.13,12.48,262196.08999999997,232000.7,30195.390000000003,0.0,0,1
01,2018,LosAngeles,6.96,385609.51,56564.450000000004,113515.81,0.0,215529.25,215425.0,104.25,0.0,0,1
02,2015,LosAngeles,5.2,183595.54,146598.62,5867.23,0.0,31129.690000000002,31129.690000000002,0.0,0.0,0,1
02,2016,LosAngeles,4.19,390519.73,35235.12,112070.86,140.28,243073.47,221538.03,21535.44,0.0,0,1
02,2017,LosAngeles,4.6,446171.05,53630.41,123753.42000000001,15.8,268771.42,252259.40000000002,16512.02,0.0,0,1
02,2018,LosAngeles,6.960000000000001,373083.21,43287.229999999996,115929.95000000001,0.0,213866.02999999997,213752.65,113.38,0.0,0,1
03,2015,LosAngeles,6.579999999999999,211742.65,142395.09,29129.560000000005,0.0,40218.0,40218.0,0.0,0.0,0,1
03,2016,LosAngeles,4.22,433353.20999999996,40934.55,124797.45000000001,9.209999999999999,267612.0,241733.09,25878.909999999996,0.0,0,1
03,2017,LosAngeles,4.84,551261.86,54247.259999999995,136584.79,35.11000000000001,360394.7,303452.65,56942.05,0.0,0,1
03,2018,LosAngeles,6.25,472847.02,49722.369999999995,124887.08,0.0,298237.57,297906.96,330.61,0.0,0,1
04,2015,LosAngeles,5.619999999999999,177171.73,64268.10999999999,74157.44,1.52,38744.66,38744.66,0.0,0.0,0,1
04,2016,LosAngeles,4.18,450004.15,44313.76,133655.94,0.0,272034.45,261496.14,10538.31,0.0,0,1
04,2017,LosAngeles,6.41,618044.69,61695.95,148673.72999999998,27.169999999999998,407647.84,379612.79000000004,28035.05,0.0,0,1
05,2015,LosAngeles,6.9799999999999995,222831.36,71131.69,101231.59999999999,0.0,50468.06999999999,50468.06999999999,0.0,0.0,0,1
05,2016,LosAngeles,5.47,556849.78,66426.24,157305.39,0.0,333118.15,332550.69000000006,567.46,0.0,0,1
05,2017,LosAngeles,5.5,480457.28,46917.670000000006,127052.88,0.0,306486.73,304396.56000000006,2090.17,0.0,0,1
06,2015,LosAngeles,5.789999999999999,180177.85,62274.939999999995,84093.88,28.39,33780.64,33780.64,0.0,0.0,0,1
06,2016,LosAngeles,4.74,428624.43,73513.73,131734.77000000002,25.060000000000002,223350.87,222830.31,520.56,0.0,0,1
06,2017,LosAngeles,5.37,454306.94,46012.54,112336.62,0.0,295957.78,287611.98000000004,8345.8,0.0,0,1
07,2015,LosAngeles,6.14,181541.71,71678.96,77548.17,6.34,32308.239999999998,32299.42,8.82,0.0,0,1
07,2016,LosAngeles,6.029999999999999,582724.75,81630.84,151222.0,41.37,349830.54,338594.7,11235.84,0.0,0,1
07,2017,LosAngeles,9.07,442666.98,51964.92,124418.87,0.0,266283.19,266071.06,212.13,0.0,0,1
08,2015,LosAngeles,7.890000000000001,206607.51999999996,79228.16,80212.37,3.19,47163.799999999996,47163.799999999996,0.0,0.0,0,1
08,2016,LosAngeles,4.79,480404.81,65989.84,102444.06000000001,38.37,311932.54,287217.64999999997,24714.89,0.0,0,1
08,2017,LosAngeles,8.67,278267.14,42164.21,74031.62999999999,0.0,162071.3,160906.58000000002,1164.72,0.0,0,1
09,2015,LosAngeles,6.34,167858.41,76646.44,67587.98000000001,0.0,23623.989999999998,23560.65,63.34,0.0,0,1
09,2016,LosAngeles,5.58,353200.29,49082.46,115551.26000000001,23.87,188542.7,175027.07,13515.63,0.0,0,1
09,2017,LosAngeles,8.78,273651.20999999996,46661.869999999995,107340.34,1.59,119647.41,119566.72,80.69,0.0,0,1
10,2015,LosAngeles,6.43,145042.99,44002.229999999996,69187.16,6.36,31847.239999999998,29835.550000000003,2011.69,0.0,0,1
01,2015,Louisville,4.05,348507.83999999997,8824.470000000001,255269.25,1182.78,83231.34,34838.549999999996,48321.28,71.51,1,0
01,2016,Louisville,4.48,521932.18,11176.16,327910.43,26161.31,156684.28,65353.759999999995,85234.56999999999,6095.95,1,0
01,2017,Louisville,4.57,562275.99,10741.07,281951.06,2254.9900000000002,267328.87,84063.47,183089.83999999997,175.56,1,0
01,2018,Louisville,4.4,456485.35,60959.86,164717.51,1301.61,229506.37,130614.29000000001,98880.78,11.3,1,0
02,2015,Louisville,4.04,400540.12,18703.39,271080.56,9074.69,101681.48,40185.509999999995,59450.14,2045.83,1,0
02,2016,Louisville,3.51,490368.70999999996,10247.19,318542.71,22142.59,139436.21999999997,47977.04,86529.29,4929.889999999999,1,0
02,2017,Louisville,3.55,459672.02999999997,8454.97,234730.94,2141.67,214344.45,64498.08,149701.46,144.91,1,0
02,2018,Louisville,3.9,501497.81999999995,114351.04000000001,129901.06,1662.0500000000002,255583.67,160569.25999999998,92606.04000000001,2408.37,1,0
03,2015,Louisville,5.4,387129.29,11444.539999999999,255199.59,18411.22,102073.94,59879.799999999996,37973.82,4220.32,1,0
03,2016,Louisville,3.93,411436.00000000006,7842.450000000001,248256.92,24769.07,130567.56,50644.34,73347.98999999999,6575.23,1,0
03,2017,Louisville,4.57,360490.4,8356.070000000002,182556.09999999998,720.33,168857.9,62375.36,106449.25,33.29,1,0
03,2018,Louisville,4.29,467157.89,113313.0,98093.55,993.3799999999999,254757.96,181406.45,69452.70000000001,3898.81,1,0
04,2015,Louisville,4.27,325563.97,8778.9,216410.65999999997,9028.820000000002,91345.59,65279.240000000005,24267.78,1798.57,1,0
04,2016,Louisville,3.6,362992.97000000003,8152.6,213953.68000000002,20379.33,120507.36,48645.979999999996,67698.74,4162.64,1,0
04,2017,Louisville,6.0,474144.57,11083.619999999999,225424.89,1089.3,236546.75999999995,89594.55,146579.5,372.71000000000004,1,0
05,2015,Louisville,5.38,426447.07,16201.92,289808.7,11224.86,109211.59000000001,49244.92,57606.77,2359.9,1,0
05,2016,Louisville,4.5,596718.29,11364.52,381394.54,22398.55,181560.68,65909.90000000001,109937.39,5713.39,1,0
05,2017,Louisville,4.51,433658.42000000004,8922.92,195672.77,1205.65,227857.08,68470.0,159184.44,202.64000000000001,1,0
06,2015,Louisville,4.3999999999999995,328733.03,16015.300000000001,199303.22000000003,15304.140000000001,98110.37000000001,59144.240000000005,36157.240000000005,2808.89,1,0
06,2016,Louisville,4.4,380474.01,12930.44,217751.06000000003,20948.08,128844.43000000001,59698.149999999994,56686.130000000005,12460.15,1,0
06,2017,Louisville,4.130000000000001,452229.69,9162.150000000001,188426.45,1210.49,253430.6,76477.67,176361.06,591.87,1,0
07,2015,Louisville,4.24,331491.30000000005,11778.57,201467.11,11877.49,106368.13,57261.799999999996,46920.26000000001,2186.07,1,0
07,2016,Louisville,5.709999999999999,484187.68,12305.369999999999,298115.73,9146.039999999999,164620.53999999998,77925.07,73103.78,13591.69,1,0
07,2017,Louisville,6.139999999999999,508737.16,12949.390000000001,206091.88,1029.13,288666.76,115414.12999999999,168724.98,4527.65,1,0
08,2015,Louisville,5.38,389154.38,17862.25,237894.43000000002,23379.65,110018.04999999999,56497.77,48185.71,5334.57,1,0
08,2016,Louisville,4.84,338582.27,9498.22,206598.75999999998,3180.6000000000004,119304.69,63268.280000000006,54149.74,1886.67,1,0
08,2017,Louisville,5.86,357699.41000000003,10943.930000000002,144187.88,591.75,201975.84999999998,98777.92,100208.40000000001,2989.5299999999997,1,0
09,2015,Louisville,4.1899999999999995,316118.94,7020.570000000001,202418.56000000003,20211.13,86468.68,37999.32,43644.16,4825.2,1,0
09,2016,Louisville,4.95,336173.86,10123.310000000001,188205.49,2382.7200000000003,135462.34000000003,55845.09,79397.25,220.0,1,0
09,2017,Louisville,6.8999999999999995,287346.59,9566.77,126375.48999999999,386.97,151017.36000000002,58730.63,91544.5,742.23,1,0
10,2015,Louisville,4.23,276389.04,7460.79,167528.9,16141.230000000001,85258.12,46018.17999999999,36411.87,2828.0699999999997,1,0
01,2015,Louisville,6.74,5139.549999999999,21.17,3460.52,0.0,1657.8600000000001,1288.75,369.11,0.0,0,1
01,2016,Louisville,8.31,6982.2300000000005,162.9,4946.570000000001,0.0,1872.76,410.01,1462.75,0.0,0,1
01,2017,Louisville,7.499999999999999,9263.26,18.89,5816.030000000001,0.0,3428.34,2526.66,901.68,0.0,0,1
01,2018,Louisville,6.0,15776.02,6.27,4452.16,0.0,11317.59,7445.240000000001,3872.35,0.0,0,1
02,2015,Louisville,6.58,5323.29,40.519999999999996,2999.8199999999997,0.0,2282.95,1466.6599999999999,816.29,0.0,0,1
02,2016,Louisville,6.64,4262.48,82.69,3378.8,0.0,800.99,193.32999999999998,607.6600000000001,0.0,0,1
02,2017,Louisville,3.49,23450.59,16.0,4786.45,0.0,18648.140000000003,1444.4299999999998,17203.71,0.0,0,1
02,2018,Louisville,6.220000000000001,10914.310000000001,7.0,4203.13,0.0,6704.18,5226.89,1477.29,0.0,0,1
03,2015,Louisville,8.409999999999998,6967.28,21.47,4153.95,0.0,2791.8599999999997,1935.2799999999997,856.5799999999999,0.0,0,1
03,2016,Louisville,4.87,10746.1,27.87,6454.14,0.0,4264.09,553.3399999999999,3710.75,0.0,0,1
03,2017,Louisville,2.9,28402.920000000002,46.2,5413.79,0.0,22942.93,1337.78,21605.15,0.0,0,1
03,2018,Louisville,5.619999999999999,19729.620000000003,22.69,4896.96,0.0,14809.970000000001,7561.35,7248.62,0.0,0,1
04,2015,Louisville,6.05,6263.860000000001,14.88,3656.1299999999997,0.0,2592.85,1213.35,1379.5000000000002,0.0,0,1
04,2016,Louisville,5.46,9418.78,25.669999999999998,6427.389999999999,0.0,2965.72,845.8300000000002,2119.89,0.0,0,1
04,2017,Louisville,7.62,18606.75,5.55,8323.980000000001,0.0,10277.220000000001,2038.9,8238.32,0.0,0,1
05,2015,Louisville,6.71,11915.45,28.6,5866.04,0.0,6020.810000000001,2121.01,3899.8,0.0,0,1
05,2016,Louisville,7.08,10844.44,6.23,5976.070000000001,0.0,4862.14,1190.92,3671.22,0.0,0,1
05,2017,Louisville,5.24,18433.370000000003,0.0,5144.69,0.0,13288.68,2407.21,10881.47,0.0,0,1
06,2015,Louisville,5.7700000000000005,8481.82,59.07000000000001,5060.0599999999995,0.0,3362.69,1311.26,2051.43,0.0,0,1
06,2016,Louisville,4.59,15604.380000000001,3.0,7363.01,0.0,8238.37,544.56,7693.81,0.0,0,1
06,2017,Louisville,4.9799999999999995,20312.039999999997,0.0,6051.61,0.0,14260.43,523.89,13736.539999999999,0.0,0,1
07,2015,Louisville,5.18,10083.2,7.54,5478.1900000000005,0.0,4597.469999999999,410.0,4187.469999999999,0.0,0,1
07,2016,Louisville,6.66,15422.789999999999,17.36,7898.3,0.0,7507.130000000001,1523.34,5983.790000000001,0.0,0,1
07,2017,Louisville,7.58,22332.530000000002,0.0,7012.52,0.0,15320.01,3238.1299999999997,12081.880000000001,0.0,0,1
08,2015,Louisville,7.1899999999999995,13350.830000000002,111.19,9030.449999999999,0.0,4209.1900000000005,1210.0100000000002,2999.1800000000003,0.0,0,1
08,2016,Louisville,5.67,13763.0,27.86,8120.94,0.0,5614.2,2070.0,3544.2,0.0,0,1
08,2017,Louisville,7.16,13042.62,1.28,4566.72,0.0,8474.62,4117.54,4357.08,0.0,0,1
09,2015,Louisville,6.51,7886.09,162.57,5151.2699999999995,0.0,2572.25,1356.67,1215.58,0.0,0,1
09,2016,Louisville,5.23,12504.650000000001,7.84,5811.71,0.0,6685.1,1006.6699999999998,5678.43,0.0,0,1
09,2017,Louisville,8.31,15034.99,21.96,4132.91,0.0,10880.119999999999,3679.2999999999997,7200.82,0.0,0,1
10,2015,Louisville,6.680000000000001,5874.7300000000005,124.61999999999999,5177.46,0.0,572.65,0.0,572.65,0.0,0,1
