finalProj/avoPricesNumerical.csv
Month,year,region,AveragePrice,Total Volume,4046,4225,4770,Total Bags,Small Bags,Large Bags,XLarge Bags,type_conventional,type_organic
01,2015,MiamiFtLauderdale,4.82,1686225.11,1216745.38,174806.91999999998,186.20999999999998,294486.6,150166.63999999998,144319.96000000002,0.0,1,0
01,2016,MiamiFtLauderdale,5.37,2739638.3600000003,1824044.03,329364.49,1011.53,585218.3099999999,311823.07,273395.24,0.0,1,0
01,2017,MiamiFtLauderdale,6.07,3301401.9099999997,1351532.7999999998,806571.7000000001,2275.61,1141021.7999999998,423610.09,716627.0,784.71,1,0
01,2018,MiamiFtLauderdale,5.27,2851863.7100000004,1963374.2000000002,256170.24000000005,9046.939999999999,623272.33,336844.58999999997,286421.06999999995,6.67,1,0
02,2015,MiamiFtLauderdale,4.73,1824851.98,1316883.47,180404.52999999997,261.47,327302.51,174904.19,152398.32,0.0,1,0
02,2016,MiamiFtLauderdale,3.64,2931370.62,1542437.47,615634.87,1087.82,772210.46,231241.36000000002,540969.1,0.0,1,0
02,2017,MiamiFtLauderdale,4.45,3081248.52,1742942.12,632423.3300000001,1379.62,704503.45,305192.93,397806.36,1504.16,1,0
02,2018,MiamiFtLauderdale,4.68,3483272.7299999995,2348988.23,298041.06,8200.439999999999,828043.0,433669.58,394096.76,276.65999999999997,1,0
03,2015,MiamiFtLauderdale,5.859999999999999,2388042.09,1751960.2499999998,219780.65,502.8599999999999,415798.3300000001,230767.41,185030.92,0.0,1,0
03,2016,MiamiFtLauderdale,4.34,2224261.42,1130865.98,474299.04000000004,544.59,618551.81,198049.82,420501.99,0.0,1,0
03,2017,MiamiFtLauderdale,6.7,1958001.54,1155518.12,317307.03,1230.96,483945.43000000005,255729.85,227593.36,622.22,1,0
03,2018,MiamiFtLauderdale,4.87,3297802.1,2293153.42,276406.52,7940.679999999999,720301.48,419423.67,299522.81,1355.0,1,0
04,2015,MiamiFtLauderdale,4.59,2113351.25,1544643.8399999999,192331.97999999998,312.29,376063.14,219157.89,156071.91999999998,833.3299999999999,1,0
04,2016,MiamiFtLauderdale,4.02,2840765.8800000004,1388316.13,642142.98,876.2700000000001,809430.5,232334.09000000003,574447.8,2648.6099999999997,1,0
04,2017,MiamiFtLauderdale,7.52,2910795.19,1786240.96,430442.17,920.12,693191.9400000001,363646.92,329457.52,87.5,1,0
05,2015,MiamiFtLauderdale,5.780000000000001,2980039.1399999997,2197065.08,253474.47999999998,361.42,529138.16,316653.8,212087.14,397.22,1,0
05,2016,MiamiFtLauderdale,4.91,3968913.53,2071330.77,896674.53,1487.33,999420.8999999999,327524.93,648395.42,23500.550000000003,1,0
05,2017,MiamiFtLauderdale,5.609999999999999,2756510.32,1729396.5100000002,352284.10000000003,975.71,673854.0,372934.42,300919.58,0.0,1,0
06,2015,MiamiFtLauderdale,4.42,2235154.25,1481494.44,286728.39,15015.49,451915.93,289037.07,162878.86,0.0,1,0
06,2016,MiamiFtLauderdale,4.510000000000001,2641689.29,1503945.6600000001,569900.66,611.27,567231.7,261282.72999999998,254361.18999999997,51587.78,1,0
06,2017,MiamiFtLauderdale,5.92,2430193.0,1559214.2799999998,307241.78,812.89,562924.05,261352.1,266236.39,35335.56,1,0
07,2015,MiamiFtLauderdale,4.42,2127654.74,1389523.77,340752.39,456.34999999999997,396922.23,252788.34000000003,143926.95,206.94,1,0
07,2016,MiamiFtLauderdale,6.0200000000000005,2969597.62,1496210.9300000002,708204.25,813.2600000000001,764369.1799999999,415646.27,275853.47,72869.44,1,0
07,2017,MiamiFtLauderdale,7.279999999999999,2749217.82,1874998.2200000002,338752.66,1740.51,533726.43,202948.66,285994.16000000003,44783.61,1,0
08,2015,MiamiFtLauderdale,5.909999999999999,2122548.4,1314984.3199999998,351853.17000000004,316.89000000000004,455394.02,305993.11,149383.52000000002,17.39,1,0
08,2016,MiamiFtLauderdale,4.87,2335068.25,1241141.1800000002,528212.49,608.31,565106.27,311908.88,229423.49000000002,23773.9,1,0
08,2017,MiamiFtLauderdale,6.34,1988671.8599999999,1344977.98,241756.9,1006.37,400930.61,142225.03,227461.13999999998,31244.440000000002,1,0
09,2015,MiamiFtLauderdale,4.529999999999999,1846271.12,1221128.01,279758.05,130.47,345254.58999999997,175525.44999999998,169729.13999999998,0.0,1,0
09,2016,MiamiFtLauderdale,4.79,2442713.6500000004,1240315.8399999999,442462.61,874.0699999999999,759061.13,329788.23,424863.18,4409.719999999999,1,0
09,2017,MiamiFtLauderdale,7.5600000000000005,1645691.53,1159200.92,180519.44,727.81,305243.36,124924.90999999999,173651.78999999998,6666.66,1,0
10,2015,MiamiFtLauderdale,4.48,1749758.2899999998,1232771.93,200874.40999999997,137.01999999999998,315974.93000000005,161604.87,154349.47999999998,20.580000000000002,1,0
01,2015,MiamiFtLauderdale,7.380000000000001,7011.210000000001,4676.05,148.49,0.0,2186.67,2186.67,0.0,0.0,0,1
01,2016,MiamiFtLauderdale,7.210000000000001,27269.670000000002,11821.94,123.82000000000001,0.0,15323.91,11049.96,4273.95,0.0,0,1
01,2017,MiamiFtLauderdale,6.05,29535.99,1486.5300000000002,59.18000000000001,0.0,27990.280000000002,16160.0,11830.28,0.0,0,1
01,2018,MiamiFtLauderdale,5.8,30894.81,393.59999999999997,1055.69,0.0,29445.520000000004,29428.85,16.67,0.0,0,1
02,2015,MiamiFtLauderdale,7.119999999999999,7064.32,3822.6299999999997,38.370000000000005,0.0,3203.3199999999997,3199.99,3.33,0.0,0,1
02,2016,MiamiFtLauderdale,5.800000000000001,11462.220000000001,3597.1600000000003,30.990000000000002,0.0,7834.07,7787.41,46.66,0.0,0,1
02,2017,MiamiFtLauderdale,6.78,17999.69,2747.79,127.08000000000001,0.0,15124.82,10148.890000000001,4975.93,0.0,0,1
02,2018,MiamiFtLauderdale,6.02,39009.259999999995,1192.62,2685.8799999999997,0.0,35130.76,31607.57,3523.19,0.0,0,1
03,2015,MiamiFtLauderdale,8.82,11700.88,6174.91,88.71,0.0,5437.26,5406.33,30.93,0.0,0,1
03,2016,MiamiFtLauderdale,5.45,13509.359999999999,4157.16,36.11,0.0,9316.09,9296.09,20.0,0.0,0,1
03,2017,MiamiFtLauderdale,9.85,13910.79,4693.71,427.28999999999996,0.0,8789.79,7656.67,1133.12,0.0,0,1
03,2018,MiamiFtLauderdale,5.620000000000001,38578.02,955.26,1912.9499999999998,0.0,35709.810000000005,34377.39,1332.42,0.0,0,1
04,2015,MiamiFtLauderdale,6.53,13090.630000000001,9880.7,577.8000000000001,0.0,2632.13,2626.55,5.58,0.0,0,1
04,2016,MiamiFtLauderdale,5.61,17361.23,4887.02,88.56,0.0,12385.65,12375.66,9.99,0.0,0,1
04,2017,MiamiFtLauderdale,11.92,18594.77,4118.610000000001,264.91,0.0,14211.25,9258.89,4952.360000000001,0.0,0,1
05,2015,MiamiFtLauderdale,8.4,13486.29,7960.76,239.98,0.0,5285.55,5241.54,44.01,0.0,0,1
05,2016,MiamiFtLauderdale,7.0,26069.16,4052.7,104.86999999999999,0.0,21911.590000000004,21871.59,40.0,0.0,0,1
05,2017,MiamiFtLauderdale,6.96,21604.1,2730.2599999999998,326.59000000000003,0.0,18547.25,15406.900000000001,3140.35,0.0,0,1
06,2015,MiamiFtLauderdale,7.34,7154.710000000001,4793.17,49.5,0.0,2312.04,2312.04,0.0,0.0,0,1
06,2016,MiamiFtLauderdale,5.27,19399.43,4404.62,143.62,0.0,14851.189999999999,14787.86,63.33,0.0,0,1
06,2017,MiamiFtLauderdale,7.76,23287.96,2538.69,3786.33,0.0,16962.94,16957.78,5.16,0.0,0,1
07,2015,MiamiFtLauderdale,6.37,4882.129999999999,1016.46,15.1,0.0,3850.5699999999997,3847.24,3.33,0.0,0,1
07,2016,MiamiFtLauderdale,6.470000000000001,26540.53,2832.33,157.01999999999998,0.0,23551.18,23331.17,220.01,0.0,0,1
07,2017,MiamiFtLauderdale,7.91,25709.78,396.32000000000005,2290.37,0.0,23023.09,23006.43,16.66,0.0,0,1
08,2015,MiamiFtLauderdale,7.489999999999999,5956.33,33.65,59.43,0.0,5863.25,5863.25,0.0,0.0,0,1
08,2016,MiamiFtLauderdale,5.37,19219.53,94.61,108.25999999999999,0.0,19016.66,18803.33,213.32999999999998,0.0,0,1
08,2017,MiamiFtLauderdale,6.0,16239.809999999998,68.58,96.82,0.0,16074.41,16059.98,14.43,0.0,0,1
09,2015,MiamiFtLauderdale,5.869999999999999,5633.96,52.32000000000001,14.51,0.0,5567.13,5567.13,0.0,0.0,0,1
09,2016,MiamiFtLauderdale,5.510000000000001,14817.650000000001,169.13,110.75,0.0,14537.77,14401.11,136.66,0.0,0,1
09,2017,MiamiFtLauderdale,7.07,10232.47,140.21,345.59,0.0,9746.67,9736.68,9.99,0.0,0,1
10,2015,MiamiFtLauderdale,6.02,5750.67,36.14,26.47,0.0,5688.0599999999995,5688.0599999999995,0.0,0.0,0,1
01,2015,Midsouth,4.609999999999999,9725911.149999999,2232134.41,4467164.69,723474.84,2303137.21,1946419.92,356310.23000000004,407.06,1,0
01,2016,Midsouth,5.109999999999999,14870876.3,2938921.0900000003,7948872.470000001,708419.85,3274662.89,2846334.8200000003,412339.04000000004,15989.03,1,0
01,2017,Midsouth,5.85,15913292.370000001,3603583.17,7086052.550000001,291523.39,4932133.26,4174241.48,741464.03,16427.75,1,0
01,2018,Midsouth,4.8,14644787.96,3404986.6199999996,5832510.52,100273.68,5307017.139999999,4500077.18,794105.0,12834.960000000001,1,0
02,2015,Midsouth,4.32,11543220.790000001,2888313.77,5212194.75,1049478.55,2393233.7199999997,2059580.07,329370.64,4283.01,1,0
02,2016,Midsouth,4.010000000000001,13085171.530000001,2654782.31,6863238.0,612385.31,2954765.91,2464904.18,481489.77,8371.96,1,0
02,2017,Midsouth,4.41,14347286.709999999,3511725.7399999998,6464601.6,241333.28999999998,4129626.08,3491609.27,622884.7200000001,15132.09,1,0
02,2018,Midsouth,4.550000000000001,15575021.490000002,3754768.16,5334244.84,105563.2,6380445.290000001,5435475.77,906890.46,38079.06,1,0
03,2015,Midsouth,5.829999999999999,12600721.87,2994675.1,5609687.67,973563.91,3022795.1900000004,2818252.88,194091.21000000002,10451.1,1,0
03,2016,Midsouth,4.300000000000001,12146795.11,2341392.38,6456544.59,419007.29000000004,2929850.8499999996,2558538.38,360113.88,11198.59,1,0
03,2017,Midsouth,5.1499999999999995,12552673.120000001,2736908.5,5392168.949999999,153343.89,4270251.78,3769202.33,488660.49,12388.960000000001,1,0
03,2018,Midsouth,4.52,15898359.21,3771221.92,5264358.41,103141.6,6759637.28,6015197.48,694752.98,49686.82,1,0
04,2015,Midsouth,4.699999999999999,10759716.71,2635357.47,4616394.48,751441.63,2756523.13,2587820.57,163902.27,4800.29,1,0
04,2016,Midsouth,4.220000000000001,11888765.65,2364613.05,6026465.619999999,346618.43,3151068.55,2750473.8600000003,389854.63999999996,10740.05,1,0
04,2017,Midsouth,6.8999999999999995,15657884.059999999,3329026.25,6296766.75,157767.17,5874323.89,5228075.02,623950.48,22298.39,1,0
05,2015,Midsouth,5.7,15342789.01,3669017.8100000005,6867107.010000001,1198108.69,3608555.5,3312295.11,289565.9,6694.490000000001,1,0
05,2016,Midsouth,5.15,17095475.24,3379341.25,8827253.31,568868.8099999999,4320011.87,3729160.8699999996,545098.43,45752.57,1,0
05,2017,Midsouth,5.219999999999999,14032791.419999998,3139107.89,5396368.88,145651.54,5351663.109999999,4515692.49,810081.37,25889.25,1,0
06,2015,Midsouth,4.499999999999999,11906398.56,2514248.66,5389024.5600000005,837526.63,3165598.71,2977185.23,179734.88,8678.599999999999,1,0
06,2016,Midsouth,4.62,12746807.010000002,2616755.3,5932189.510000001,878930.5099999999,3318931.6899999995,2926711.0200000005,269041.41000000003,123179.26000000001,1,0
06,2017,Midsouth,5.38,12543454.910000002,2613722.5100000002,5391836.62,119529.77,4418366.01,3630356.16,650492.2000000001,137517.65,1,0
07,2015,Midsouth,4.55,11382591.41,2265981.7399999998,5357459.07,856559.95,2902590.6500000004,2703861.21,193263.18,5466.259999999999,1,0
07,2016,Midsouth,6.27,15257615.399999999,3066799.5599999996,6828744.109999999,810377.8899999999,4551693.84,3819999.6599999997,438144.67000000004,293549.51,1,0
07,2017,Midsouth,6.57,14923368.39,3100316.6999999997,6203546.569999999,136737.21,5482767.91,4550767.51,741965.0900000001,190035.31,1,0
08,2015,Midsouth,5.7299999999999995,13587228.23,2780076.9299999997,6491056.79,1042031.39,3274063.12,3053463.5700000003,209224.21000000002,11375.34,1,0
08,2016,Midsouth,5.16,11442162.190000001,2777581.2800000003,4831140.41,390978.63,3442461.87,3056996.41,343466.49,41998.97,1,0
08,2017,Midsouth,5.62,11292691.129999999,2388384.73,4752691.12,99187.17000000001,4052428.11,3401432.3499999996,541296.51,109699.25,1,0
09,2015,Midsouth,4.41,10666504.57,2174074.1100000003,5232543.08,980641.53,2279245.85,2010694.9699999997,258020.99,10529.890000000001,1,0
09,2016,Midsouth,5.03,11550007.620000001,3491841.17,4282218.32,312916.69,3463031.4400000004,2985316.56,471615.12,6099.76,1,0
09,2017,Midsouth,6.250000000000001,9922972.5,1985089.27,4477688.33,86413.93000000001,3373780.97,2900933.41,421548.92,51298.64,1,0
10,2015,Midsouth,4.489999999999999,9535349.049999999,2014404.5999999999,4646442.34,899045.1500000001,1975456.96,1734712.0899999999,236140.4,4604.47,1,0
01,2015,Midsouth,6.359999999999999,231040.36000000002,47196.22,107010.26,13485.91,63347.969999999994,56396.55,6951.42,0.0,0,1
01,2016,Midsouth,7.6,342974.24,15032.390000000001,161327.07,12231.03,154383.75,64774.75,89609.0,0.0,0,1
01,2017,Midsouth,8.030000000000001,443489.02999999997,16815.390000000003,204714.8,10304.140000000001,211654.7,180196.62,31458.08,0.0,0,1
01,2018,Midsouth,5.999999999999999,816905.6900000001,12092.95,191805.22999999998,3463.23,609544.28,561915.38,47628.90000000001,0.0,0,1
02,2015,Midsouth,5.9,280704.74,47986.71,127493.57999999999,17322.66,87901.79000000001,78190.26999999999,9711.52,0.0,0,1
02,2016,Midsouth,6.1899999999999995,255961.67,11806.91,137909.65,8307.99,97937.12000000001,54272.64,43664.479999999996,0.0,0,1
02,2017,Midsouth,4.96,518434.33999999997,15372.650000000001,173093.44,6863.92,323104.33,140728.0,182376.33,0.0,0,1
02,2018,Midsouth,6.52,662569.73,13259.24,183735.82,2764.36,462797.89,435487.14,27310.750000000004,0.0,0,1
03,2015,Midsouth,8.06,317197.48,50645.310000000005,144369.63999999998,22681.91,99500.62,89569.21,9931.41,0.0,0,1
03,2016,Midsouth,5.609999999999999,341840.64,15167.619999999999,169212.89999999997,8147.92,149312.19999999998,78016.06,71296.14,0.0,0,1
03,2017,Midsouth,5.369999999999999,514726.5,16389.21,173389.63999999998,7353.8099999999995,317593.83999999997,126412.29000000001,191181.55000000002,0.0,0,1
03,2018,Midsouth,6.210000000000001,715747.9600000001,15200.43,186565.47,3132.48,510849.5800000001,463443.31,47406.270000000004,0.0,0,1
04,2015,Midsouth,6.15,311875.44999999995,41188.4,157136.08000000002,19411.79,94139.18,68585.85,25553.329999999998,0.0,0,1
04,2016,Midsouth,5.4799999999999995,455812.12999999995,16783.55,225415.36000000002,8611.2,205002.02,133316.49000000002,71685.53,0.0,0,1
04,2017,Midsouth,8.84,624355.12,20765.11,272958.11,9964.8,320667.1,182667.34,137999.76,0.0,0,1
05,2015,Midsouth,6.67,537377.46,46268.46000000001,270196.08,42210.840000000004,178702.08000000002,105436.82,73265.26,0.0,0,1
05,2016,Midsouth,7.25,516605.95999999996,18484.01,240090.94,11584.04,246446.97,157037.86000000002,89409.11,0.0,0,1
05,2017,Midsouth,7.529999999999999,490380.66000000003,14521.560000000001,204213.04,6873.21,264772.85,145289.22,119483.63,0.0,0,1
06,2015,Midsouth,6.34,294995.25,31927.940000000002,140201.38,17601.63,105264.3,66416.31,38847.990000000005,0.0,0,1
06,2016,Midsouth,5.7,452271.67,14185.880000000001,196058.53999999998,11035.630000000001,230991.62,126109.31,104882.31,0.0,0,1
06,2017,Midsouth,6.9399999999999995,530942.99,13768.22,214084.51,5038.54,298051.72,153363.12,144688.6,0.0,0,1
07,2015,Midsouth,6.15,282207.93,25246.66,140351.55,16091.47,100518.25,48718.71,51799.54,0.0,0,1
07,2016,Midsouth,8.02,547646.62,18254.88,260037.08,20943.09,248411.57000000004,157889.24000000002,90522.33,0.0,0,1
07,2017,Midsouth,8.6,690585.85,13788.24,241529.07,5942.21,429312.72,332530.26,96782.46,0.0,0,1
08,2015,Midsouth,8.46,364077.54,28869.3,200039.49,21376.11,113792.64,90673.51999999999,23119.12,0.0,0,1
08,2016,Midsouth,6.2700000000000005,490984.95,17573.74,218470.23,14420.43,240520.55,149480.32,91040.23,0.0,0,1
08,2017,Midsouth,7.919999999999999,556896.33,15715.5,165700.52000000002,3057.83,372410.62999999995,337452.2,34958.43,0.0,0,1
09,2015,Midsouth,6.9,243725.00999999998,12833.25,142581.08,13513.63,74797.04999999999,65192.94,9604.11,0.0,0,1
09,2016,Midsouth,6.5,495091.38,9770.95,191259.93,9749.720000000001,284310.78,188894.43,95416.34999999999,0.0,0,1
09,2017,Midsouth,7.999999999999999,671483.28,18159.190000000002,149201.32,2608.62,501505.92,431439.37999999995,70066.54000000001,0.0,0,1
10,2015,Midsouth,6.619999999999999,226743.50999999998,9944.17,128560.38999999998,14838.25,73400.7,49452.840000000004,23947.86,0.0,0,1
