finalProj/avoPricesNumerical.csv
Month,year,region,AveragePrice,Total Volume,4046,4225,4770,Total Bags,Small Bags,Large Bags,XLarge Bags,type_conventional,type_organic
01,2015,Nashville,4.220000000000001,596315.06,410333.44,36977.75,46634.6,102369.26999999999,89864.02,12283.58,221.67,1,0
01,2016,Nashville,4.6499999999999995,920278.8699999999,521849.9,137690.36,36012.95,224725.66,143452.88,81272.77999999998,0.0,1,0
01,2017,Nashville,4.26,1245665.97,570168.76,116659.09000000001,580.12,558258.0,467315.59,87644.08,3298.33,1,0
01,2018,Nashville,3.97,1090031.5499999998,521803.80999999994,64354.28999999999,1574.8400000000001,502298.61000000004,381105.77999999997,115163.53999999998,6029.290000000001,1,0
02,2015,Nashville,3.96,695236.99,496763.16000000003,41436.41,52075.469999999994,104961.95,91652.93,13304.029999999999,4.99,1,0
02,2016,Nashville,3.4699999999999998,844102.0999999999,428919.67000000004,159448.59,32939.68,222794.16000000003,133103.6,89690.56,0.0,1,0
02,2017,Nashville,3.04,1091004.02,557821.9400000001,98774.32999999999,590.22,433817.53,374369.83,55977.979999999996,3469.7200000000003,1,0
02,2018,Nashville,3.7299999999999995,1155921.45,538803.02,46015.02,1503.43,569599.98,417809.74,144669.40999999997,7120.830000000001,1,0
03,2015,Nashville,5.23,774998.2200000001,537407.73,41760.53,60402.44,135427.52000000002,107619.43000000001,26473.670000000002,1334.4199999999998,1,0
03,2016,Nashville,3.7,699107.75,377489.38,94547.33,24844.480000000003,202226.56,126534.72,75689.32,2.52,1,0
03,2017,Nashville,3.22,1145910.82,574971.16,41855.06,449.52,528635.0800000001,498231.14,26243.940000000002,4160.0,1,0
03,2018,Nashville,3.8099999999999996,1171050.67,520878.68,44825.28,1492.1100000000001,603854.6,480377.06000000006,115605.57999999999,7871.96,1,0
04,2015,Nashville,4.25,620770.49,424785.41000000003,34123.86,54942.85,106918.37000000001,79839.85,27078.52,0.0,1,0
04,2016,Nashville,3.4799999999999995,784545.55,400384.58,107695.67000000001,12213.76,264251.54000000004,170954.13999999998,93180.4,117.0,1,0
04,2017,Nashville,5.16,1275505.0899999999,600228.73,51718.3,494.57,623063.49,566973.25,48067.28999999999,8022.95,1,0
05,2015,Nashville,5.140000000000001,899144.9,633167.8800000001,48090.89,67071.7,150814.43,118407.02,31509.229999999996,898.1800000000001,1,0
05,2016,Nashville,4.29,1112768.5299999998,595519.3200000001,135242.48,4853.45,377153.28,269291.16,105159.22,2702.8999999999996,1,0
05,2017,Nashville,3.82,1135943.69,583207.18,34833.17,476.6,517426.74,407931.16,101676.45999999999,7819.12,1,0
06,2015,Nashville,4.01,710517.1299999999,433791.09,64963.49,33919.39,177843.16,147922.87,28062.18,1858.1100000000001,1,0
06,2016,Nashville,3.7199999999999998,841845.96,491248.75,75666.86,2313.33,272617.02,222010.40999999997,45618.560000000005,4988.049999999999,1,0
06,2017,Nashville,4.1,1035753.55,463538.51,116280.97,465.19,455468.88,392130.99,55134.45,8203.44,1,0
07,2015,Nashville,4.109999999999999,690311.46,411045.06000000006,81331.54000000001,39925.95,158008.90999999997,130271.83000000002,27036.69,700.39,1,0
07,2016,Nashville,5.11,1024164.0700000001,460928.89999999997,178684.53999999998,1400.91,383149.72000000003,307594.38,75458.12,97.22,1,0
07,2017,Nashville,5.4799999999999995,1189734.1400000001,509257.4,169788.53999999998,638.1699999999998,510050.03,425138.98000000004,74770.12000000001,10140.93,1,0
08,2015,Nashville,5.08,829256.6900000001,514544.69,99173.35,51208.88,164329.77000000002,134409.78,28921.31,998.6800000000001,1,0
08,2016,Nashville,4.36,748341.91,404626.31999999995,73055.04000000001,876.57,269783.98,228411.48,41372.5,0.0,1,0
08,2017,Nashville,4.53,958405.3,427126.43,153425.94,299.07000000000005,377553.86,313062.2,57339.34,7152.32,1,0
09,2015,Nashville,4.01,688796.5,371313.7,113529.83,35519.259999999995,168433.71,111693.65,55493.05,1247.01,1,0
09,2016,Nashville,3.65,909195.92,496393.53,64647.19,982.78,347172.42,274870.88999999996,72301.53,0.0,1,0
09,2017,Nashville,5.8999999999999995,691636.3,294818.99,132814.9,322.26,263680.15,225597.34999999998,35624.44,2458.36,1,0
10,2015,Nashville,3.74,656453.85,366051.7,115122.19,23753.86,151526.09999999998,99057.93,52423.04000000001,45.13,1,0
01,2015,Nashville,7.279999999999999,14425.75,829.7900000000001,9331.630000000001,303.15,3961.18,2897.21,1063.97,0.0,0,1
01,2016,Nashville,7.22,28560.62,3644.7799999999997,14641.43,0.0,10274.41,5803.19,4471.22,0.0,0,1
01,2017,Nashville,6.87,19759.57,1127.71,11761.14,0.0,6870.719999999999,334.43000000000006,6536.290000000001,0.0,0,1
01,2018,Nashville,6.46,30476.269999999997,190.29,9159.460000000001,0.0,21126.52,11931.669999999998,9194.85,0.0,0,1
02,2015,Nashville,5.720000000000001,29193.66,1007.88,21973.14,367.56,5845.08,2763.33,3081.75,0.0,0,1
02,2016,Nashville,5.84,21541.81,2571.2200000000003,11133.68,0.0,7836.91,6150.0,1686.9099999999999,0.0,0,1
02,2017,Nashville,3.17,42563.009999999995,1290.06,9549.18,0.0,31723.770000000004,487.82,31235.95,0.0,0,1
02,2018,Nashville,5.8,26474.53,164.63,7957.6,0.0,18352.3,12714.61,5637.69,0.0,0,1
03,2015,Nashville,8.65,19969.04,1293.2199999999998,13882.72,413.75,4379.35,2623.34,1756.0100000000002,0.0,0,1
03,2016,Nashville,5.630000000000001,39609.869999999995,3163.77,22696.37,0.0,13749.73,6810.0,6939.73,0.0,0,1
03,2017,Nashville,2.8099999999999996,44436.05,1768.1499999999999,7715.1,0.0,34952.799999999996,505.2299999999999,34447.57,0.0,0,1
03,2018,Nashville,5.57,38398.88,144.38,8640.09,0.0,29614.41,21418.260000000002,8196.15,0.0,0,1
04,2015,Nashville,6.29,25847.5,1365.45,17620.899999999998,305.82,6555.33,2240.7999999999997,4314.53,0.0,0,1
04,2016,Nashville,4.48,77146.17,3840.5299999999997,40702.630000000005,0.0,32603.010000000002,7709.379999999999,24893.629999999997,0.0,0,1
04,2017,Nashville,6.41,38290.270000000004,2437.45,14691.43,0.0,21161.39,2212.1,18949.289999999997,0.0,0,1
05,2015,Nashville,7.15,31925.48,1837.2400000000002,17726.43,86.27,12275.539999999999,4053.39,8222.15,0.0,0,1
05,2016,Nashville,5.97,62141.65,4150.72,24024.41,0.0,33966.52,8996.609999999999,24969.91,0.0,0,1
05,2017,Nashville,4.45,40440.99,1541.8700000000001,9595.49,0.0,29303.63,1362.03,27941.600000000002,0.0,0,1
06,2015,Nashville,6.28,22860.79,1443.81,15032.86,0.0,6384.12,1668.8,4715.32,0.0,0,1
06,2016,Nashville,4.43,48716.66,3001.0499999999997,19981.800000000003,0.0,25733.81,4872.72,20861.09,0.0,0,1
06,2017,Nashville,4.72,47846.66,971.6499999999999,13107.81,0.0,33767.2,6442.25,27324.95,0.0,0,1
07,2015,Nashville,4.890000000000001,31808.590000000004,1363.4199999999998,18842.879999999997,0.0,11602.289999999999,3120.69,8481.6,0.0,0,1
07,2016,Nashville,6.319999999999999,56652.35,4247.2300000000005,24926.05,0.0,27479.07,1853.0500000000002,25626.02,0.0,0,1
07,2017,Nashville,7.16,48420.229999999996,413.30999999999995,17112.489999999998,0.0,30894.43,11313.68,19580.75,0.0,0,1
08,2015,Nashville,7.069999999999999,37596.27,1903.98,26238.809999999998,0.0,9453.48,5008.75,4444.73,0.0,0,1
08,2016,Nashville,5.449999999999999,42467.87,2794.75,18523.76,0.0,21149.36,8337.21,12812.150000000001,0.0,0,1
08,2017,Nashville,6.88,29390.03,297.43,10901.56,0.0,18191.04,9248.789999999999,8942.25,0.0,0,1
09,2015,Nashville,6.279999999999999,23501.5,1648.31,17407.55,0.0,4445.64,1764.6999999999998,2680.9399999999996,0.0,0,1
09,2016,Nashville,5.079999999999999,41618.42,2067.1499999999996,14732.83,0.0,24818.44,6266.56,18551.879999999997,0.0,0,1
09,2017,Nashville,8.620000000000001,35229.380000000005,482.63,10758.900000000001,0.0,23987.85,7492.98,16494.87,0.0,0,1
10,2015,Nashville,6.6499999999999995,19825.25,2472.54,14032.5,0.0,3320.21,2446.67,873.54,0.0,0,1
01,2015,NewOrleansMobile,3.88,1001098.0399999999,682679.3999999999,60801.659999999996,1016.3299999999999,256600.65000000002,241404.57,15196.080000000002,0.0,1,0
01,2016,NewOrleansMobile,4.42,1336858.12,743762.1600000001,175177.3,2043.56,415875.10000000003,364060.41000000003,51814.69,0.0,1,0
01,2017,NewOrleansMobile,4.950000000000001,1452211.49,817805.29,181097.74,1379.92,451928.54000000004,315626.95,99618.26000000001,36683.33,1,0
01,2018,NewOrleansMobile,4.42,1212015.44,744136.54,98735.06,9678.43,359465.41,302565.7,52818.59,4081.12,1,0
02,2015,NewOrleansMobile,3.68,1096020.69,774813.4,43192.67,1228.9099999999999,276785.70999999996,261150.81,15634.900000000001,0.0,1,0
02,2016,NewOrleansMobile,3.08,1395470.1400000001,839412.14,151840.21000000002,2259.12,401958.6699999999,321413.12,80545.55,0.0,1,0
02,2017,NewOrleansMobile,3.5999999999999996,1437213.25,874500.15,165510.63,1274.65,395927.81999999995,302936.11,56121.71,36870.0,1,0
02,2018,NewOrleansMobile,3.7299999999999995,1490845.04,921356.66,122192.13,8738.28,438557.97000000003,388461.4,48829.9,1266.67,1,0
03,2015,NewOrleansMobile,5.1,1226404.76,819450.0999999999,58430.76,1095.6,347428.30000000005,321619.22,25809.08,0.0,1,0
03,2016,NewOrleansMobile,3.76,1109240.4500000002,598767.53,127781.98,3836.72,378854.22,312544.83,66309.39,0.0,1,0
03,2017,NewOrleansMobile,5.15,961860.1200000001,544247.6,137183.55,1095.06,279333.91,211346.65,38744.479999999996,29242.78,1,0
03,2018,NewOrleansMobile,4.140000000000001,1270917.22,720188.66,86203.47,9662.1,454862.99,382083.79000000004,71339.19,1440.0100000000002,1,0
04,2015,NewOrleansMobile,3.8500000000000005,1002758.0199999999,687438.58,36288.84,1205.1100000000001,277825.49,258243.16,19393.440000000002,188.89,1,0
04,2016,NewOrleansMobile,3.5,1248588.8299999998,682710.6,130750.27,8655.58,426472.38,329910.41000000003,96561.96999999999,0.0,1,0
04,2017,NewOrleansMobile,6.65,1276646.7599999998,756715.2999999999,143784.99,1234.3600000000001,374912.11,281814.21,48500.4,44597.5,1,0
05,2015,NewOrleansMobile,5.01,1332881.5,894397.6800000002,49755.06,1436.55,387292.21,356971.20999999996,30320.999999999996,0.0,1,0
05,2016,NewOrleansMobile,3.88,1920348.8599999999,1122230.9,217856.63,3262.51,576998.8200000001,441998.2,124713.4,10287.220000000001,1,0
05,2017,NewOrleansMobile,5.119999999999999,1210752.2999999998,738598.11,136089.03,1181.65,334883.51,238360.53,48892.979999999996,47630.0,1,0
06,2015,NewOrleansMobile,3.9699999999999998,1106044.14,698184.89,39231.07,15807.99,352820.19,327957.2,24838.7,24.29,1,0
06,2016,NewOrleansMobile,3.86,1135869.43,640078.66,138519.40000000002,1716.93,355554.43999999994,266439.73,50562.77,38551.94,1,0
06,2017,NewOrleansMobile,5.29,1150052.5599999998,692363.1900000001,102946.96,747.95,353994.45999999996,300646.53,26967.929999999997,26380.0,1,0
07,2015,NewOrleansMobile,4.069999999999999,1054909.49,673272.17,39645.11,50937.380000000005,291054.82999999996,268135.16000000003,22901.52,18.15,1,0
07,2016,NewOrleansMobile,5.4399999999999995,1453693.7999999998,754856.19,208120.12,1563.1100000000001,489154.37999999995,392498.31,62644.67999999999,34011.39,1,0
07,2017,NewOrleansMobile,6.640000000000001,1311704.8299999998,753103.29,144838.50000000003,250.96,413512.07999999996,343142.65,41906.09,28463.339999999997,1,0
08,2015,NewOrleansMobile,5.15,1249162.94,777712.8500000001,68262.87,36403.95,366783.26999999996,340376.47,26310.100000000002,96.7,1,0
08,2016,NewOrleansMobile,4.3,1176464.4,660112.28,193743.91,1192.23,321415.98,240609.18,52637.36,28169.440000000002,1,0
08,2017,NewOrleansMobile,5.64,934377.09,522573.04,117440.52,393.64,293969.89,237755.68,36249.770000000004,19964.44,1,0
09,2015,NewOrleansMobile,4.07,892056.7000000001,554315.8500000001,77920.41,7042.34,252778.10000000003,229025.78999999998,23746.199999999997,6.11,1,0
09,2016,NewOrleansMobile,4.4399999999999995,1084284.3,582143.5,170519.94,1867.92,329752.94000000006,238446.41,52441.53,38865.0,1,0
09,2017,NewOrleansMobile,6.510000000000001,869756.3799999999,519770.89,98175.03,581.73,251228.72999999998,206915.98,35004.98,9307.77,1,0
10,2015,NewOrleansMobile,4.03,838009.2799999999,511595.56999999995,72485.5,3977.6,249950.61000000002,226352.57,23591.879999999997,6.16,1,0
01,2015,NewOrleansMobile,5.3,10114.0,914.63,52.7,0.0,9146.67,9146.67,0.0,0.0,0,1
01,2016,NewOrleansMobile,7.289999999999999,15975.19,2968.87,36.050000000000004,0.0,12970.27,12970.27,0.0,0.0,0,1
01,2017,NewOrleansMobile,6.47,18737.22,736.14,29.660000000000004,0.0,17971.42,12709.05,5262.37,0.0,0,1
01,2018,NewOrleansMobile,5.699999999999999,27745.600000000002,798.92,599.31,0.0,26347.37,25753.300000000003,594.0699999999999,0.0,0,1
02,2015,NewOrleansMobile,6.01,14259.400000000001,1105.03,157.69,0.0,12996.68,12996.68,0.0,0.0,0,1
02,2016,NewOrleansMobile,5.85,11396.98,2071.42,3.03,0.0,9322.53,9319.2,3.33,0.0,0,1
02,2017,NewOrleansMobile,5.34,20712.79,871.8599999999999,12.58,0.0,19828.35,17788.0,2040.35,0.0,0,1
02,2018,NewOrleansMobile,5.450000000000001,33174.3,901.4700000000001,677.51,0.0,31595.32,30346.649999999998,1248.6699999999998,0.0,0,1
03,2015,NewOrleansMobile,7.87,12906.89,2059.51,136.87,0.0,10710.51,10707.18,3.33,0.0,0,1
03,2016,NewOrleansMobile,5.16,13896.18,2275.96,42.31,0.0,11577.91,11577.91,0.0,0.0,0,1
03,2017,NewOrleansMobile,5.94,13486.68,1115.03,0.0,0.0,12371.649999999998,10232.630000000001,2139.02,0.0,0,1
03,2018,NewOrleansMobile,5.46,29263.07,2098.0299999999997,489.72,0.0,26675.32,25557.77,1117.55,0.0,0,1
04,2015,NewOrleansMobile,6.24,12549.39,1603.8,160.2,0.0,10785.39,10785.39,0.0,0.0,0,1
04,2016,NewOrleansMobile,5.470000000000001,15496.72,2573.92,56.32000000000001,0.0,12866.48,12859.81,6.67,0.0,0,1
04,2017,NewOrleansMobile,8.5,20591.04,1312.6100000000001,36.14,0.0,19242.29,17470.870000000003,1771.42,0.0,0,1
05,2015,NewOrleansMobile,7.840000000000001,9042.96,1912.43,69.17,0.0,7061.36,7058.03,3.33,0.0,0,1
05,2016,NewOrleansMobile,7.73,15782.59,3474.93,49.62,0.0,12258.04,12211.369999999999,46.67,0.0,0,1
05,2017,NewOrleansMobile,7.51,9669.900000000001,2158.13,23.86,0.0,7487.91,5953.209999999999,1534.6999999999998,0.0,0,1
06,2015,NewOrleansMobile,6.42,9291.54,2308.36,484.2900000000001,0.0,6498.89,6498.89,0.0,0.0,0,1
06,2016,NewOrleansMobile,5.959999999999999,12179.740000000002,2827.94,5.73,0.0,9346.069999999998,9276.07,70.0,0.0,0,1
06,2017,NewOrleansMobile,8.54,3913.5,985.0799999999999,1158.47,0.0,1769.95,1756.63,13.32,0.0,0,1
07,2015,NewOrleansMobile,6.17,8162.0,1201.26,244.85,0.0,6715.889999999999,6558.849999999999,157.04000000000002,0.0,0,1
07,2016,NewOrleansMobile,6.64,22033.399999999998,2803.8199999999997,17.14,0.0,19212.44,18919.100000000002,293.34000000000003,0.0,0,1
07,2017,NewOrleansMobile,7.41,18233.28,775.99,1508.4099999999999,0.0,15948.880000000001,15902.210000000001,46.67,0.0,0,1
08,2015,NewOrleansMobile,7.81,13697.81,1573.6699999999998,992.5699999999999,0.0,11131.57,11131.57,0.0,0.0,0,1
08,2016,NewOrleansMobile,6.1499999999999995,17513.02,1872.49,5.73,0.0,15634.8,15251.47,383.33,0.0,0,1
08,2017,NewOrleansMobile,5.2299999999999995,29713.03,708.63,798.45,0.0,28205.95,28169.29,36.660000000000004,0.0,0,1
09,2015,NewOrleansMobile,6.54,8790.47,1273.5,398.16,0.0,7118.8099999999995,7118.8099999999995,0.0,0.0,0,1
09,2016,NewOrleansMobile,5.84,14381.619999999999,764.9299999999998,49.26,0.0,13567.43,10954.02,2613.41,0.0,0,1
09,2017,NewOrleansMobile,6.91,26914.74,940.47,725.6200000000001,0.0,25248.65,23191.71,2056.94,0.0,0,1
10,2015,NewOrleansMobile,6.12,12641.29,1261.62,387.65000000000003,0.0,10992.02,10955.36,36.66,0.0,0,1
