finalProj/avoPricesNumerical.csv
Month,year,region,AveragePrice,Total Volume,4046,4225,4770,Total Bags,Small Bags,Large Bags,XLarge Bags,type_conventional,type_organic
01,2015,NewYork,5.16,4568264.86,76569.25,3359854.15,10410.279999999999,1121431.18,862196.72,259234.46,0.0,1,0
01,2016,NewYork,5.550000000000001,7703489.39,86527.51999999999,5906305.46,11318.79,1699337.62,1448596.4,250730.22,11.0,1,0
01,2017,NewYork,7.109999999999999,6849803.41,76882.53,4857562.4799999995,388546.4099999999,1526811.9899999998,1316035.06,198036.47,12740.460000000001,1,0
01,2018,NewYork,5.81,6995601.469999999,208663.16,4828593.18,3822.35,1954522.78,1862728.84,91220.13,573.81,1,0
02,2015,NewYork,5.160000000000001,5179011.73,85463.05,3841684.9400000004,11792.800000000001,1240070.94,986678.25,253392.69000000003,0.0,1,0
02,2016,NewYork,4.4,6918713.98,81093.04000000001,5231154.51,9318.67,1597147.7599999998,1401734.99,195412.77000000002,0.0,1,0
02,2017,NewYork,5.26,6793392.29,611978.5,4386532.6,306702.39999999997,1488178.79,1246250.47,220798.07,21130.25,1,0
02,2018,NewYork,5.09,8039943.89,429189.19,5321250.41,6213.620000000001,2283290.67,2134189.76,142612.07,6488.84,1,0
03,2015,NewYork,6.680000000000001,5941749.459999999,118891.84,4297435.57,10346.69,1515075.36,1199047.17,316028.19,0.0,1,0
03,2016,NewYork,4.82,6194830.359999999,87748.08,4590122.109999999,8222.63,1508737.5399999998,1330201.8800000001,178535.65999999997,0.0,1,0
03,2017,NewYork,6.569999999999999,4940040.82,93224.35,3274812.88,85035.11,1486968.48,1292349.97,173443.52000000002,21174.989999999998,1,0
03,2018,NewYork,5.35,7026184.4399999995,264003.23,4027773.68,3039.9300000000003,2731367.5999999996,2568897.34,152215.76,10254.5,1,0
04,2015,NewYork,5.7,4956836.51,79662.59999999999,3533702.64,8842.33,1334628.94,1016361.4099999999,317096.69,1170.84,1,0
04,2016,NewYork,4.6,4977348.8,70642.08,3373637.61,20925.6,1512143.51,1289304.1099999999,217976.91999999998,4862.48,1,0
04,2017,NewYork,8.77,6197649.84,206435.72999999998,3989123.8800000004,17454.12,1984636.1099999999,1715546.3,241859.46000000002,27230.35,1,0
05,2015,NewYork,6.77,8061491.369999999,119748.16,6082441.56,13885.93,1845415.72,1520300.3800000001,324486.3,629.0400000000001,1,0
05,2016,NewYork,5.349999999999999,9397175.47,97283.92000000001,7176692.78,90687.35,2032511.42,1735256.04,294167.43,3087.9500000000003,1,0
05,2017,NewYork,6.949999999999999,5883634.6899999995,215163.40999999997,3359549.8400000003,15164.9,2293756.54,1621554.53,625998.4,46203.61,1,0
06,2015,NewYork,5.28,6046010.64,84322.27,4509101.279999999,14290.41,1438296.68,1174181.72,263824.5,290.46,1,0
06,2016,NewYork,5.61,5927986.710000001,66962.95,3964241.6399999997,104256.1,1792526.02,1545104.5,235972.36000000002,11449.16,1,0
06,2017,NewYork,6.86,5473406.07,215442.62,3414148.89,13560.18,1830254.38,1218785.61,564041.09,47427.68,1,0
07,2015,NewYork,5.1000000000000005,5468758.3,86729.70000000001,4081360.59,14246.61,1286421.4000000001,1075567.35,210140.03,714.02,1,0
07,2016,NewYork,8.059999999999999,5925720.7,73979.65999999999,3318057.68,161612.17,2372071.19,2110164.78,238071.8,23834.609999999997,1,0
07,2017,NewYork,7.99,6688096.05,337736.36,4080099.4299999997,17059.04,2253201.2199999997,1877326.9899999998,319439.86,56434.369999999995,1,0
08,2015,NewYork,5.7,7287664.270000001,105975.84999999999,5971097.970000001,6387.82,1204202.63,1029857.97,174243.18,101.47999999999999,1,0
08,2016,NewYork,6.08,5080208.67,75384.68,2869469.11,81600.01000000001,2053754.87,1859400.2399999998,183382.12,10972.51,1,0
08,2017,NewYork,6.700000000000001,4702835.67,269297.07,2729880.82,4977.99,1698679.79,1557857.9100000001,108342.20999999999,32479.67,1,0
09,2015,NewYork,4.72,5213537.35,71967.7,4137090.3,4110.38,1000368.97,782778.5700000001,217576.11,14.29,1,0
09,2016,NewYork,5.85,5006742.1,497613.79,2833733.74,18034.190000000002,1657360.38,1463449.3399999999,191432.37,2478.67,1,0
09,2017,NewYork,6.67,4562381.6899999995,296928.67,2721300.61,2165.87,1541986.54,1433814.53,102061.35999999999,6110.65,1,0
10,2015,NewYork,4.74,5346630.1899999995,76392.14,4241980.96,3513.27,1024743.8200000001,796920.53,227821.21000000002,2.08,1,0
01,2015,NewYork,8.059999999999999,55688.31,6157.9,41652.45,154.75,7723.21,7723.21,0.0,0.0,0,1
01,2016,NewYork,9.0,129048.37999999999,14480.07,41399.740000000005,8609.93,64558.64,13638.809999999998,50919.83,0.0,0,1
01,2017,NewYork,10.43,219907.87,31887.44,96908.84,2595.26,88516.32999999999,87162.49,1353.8400000000001,0.0,0,1
01,2018,NewYork,7.54,337411.19,32520.55,75194.67,382.43000000000006,229313.53999999998,226165.31,3148.23,0.0,0,1
02,2015,NewYork,8.0,88927.4,9388.08,48457.67,117.81,30963.839999999997,30963.839999999997,0.0,0.0,0,1
02,2016,NewYork,7.92,117611.84,19468.42,42542.76,5911.27,49689.39,34008.03,15681.36,0.0,0,1
02,2017,NewYork,7.139999999999999,630022.18,129724.98999999999,380723.86999999994,1242.68,118330.64,115899.27,2431.37,0.0,0,1
02,2018,NewYork,6.83,780294.44,135643.55,410230.44999999995,2852.6899999999996,231567.75,228559.80000000002,3007.9500000000003,0.0,0,1
03,2015,NewYork,9.81,89268.26000000001,16433.600000000002,49175.81,153.54999999999998,23505.300000000003,23505.300000000003,0.0,0.0,0,1
03,2016,NewYork,7.86,142782.56,23397.92,55917.770000000004,8901.11,54565.759999999995,47356.41,7209.35,0.0,0,1
03,2017,NewYork,8.11,450016.67000000004,73193.28,234137.09999999998,602.54,142083.75,141574.43,509.32000000000005,0.0,0,1
03,2018,NewYork,7.17,549819.74,88573.35999999999,201203.18000000002,495.84999999999997,259547.35,259068.78,478.56999999999994,0.0,0,1
04,2015,NewYork,8.25,81018.43,10066.04,50016.840000000004,534.3000000000001,20401.25,20392.67,8.58,0.0,0,1
04,2016,NewYork,8.370000000000001,168386.13999999998,17617.11,61117.53999999999,10165.27,79486.22,74869.44,4616.780000000001,0.0,0,1
04,2017,NewYork,10.11,566062.64,97559.58,305134.51,3444.87,159923.68,159433.81,489.87,0.0,0,1
05,2015,NewYork,10.23,99979.47000000002,15586.05,57161.479999999996,1670.9299999999998,25561.010000000002,25519.809999999998,41.2,0.0,0,1
05,2016,NewYork,10.34,208204.06999999998,23499.620000000003,79974.36,13066.52,91663.57,84852.73999999999,6810.83,0.0,0,1
05,2017,NewYork,9.52,306479.57,27785.43,119020.5,5903.39,153770.25,153642.18,128.07,0.0,0,1
06,2015,NewYork,8.58,71145.38,14545.380000000001,44218.03,3424.49,8957.48,8950.810000000001,6.67,0.0,0,1
06,2016,NewYork,8.58,136614.93,12949.48,54879.78,1063.6699999999998,67722.0,63043.649999999994,4678.35,0.0,0,1
06,2017,NewYork,8.72,429342.82,65191.09,208349.37,3370.71,152431.65,149133.55000000002,3298.1000000000004,0.0,0,1
07,2015,NewYork,8.370000000000001,46848.75,9059.71,32956.43,290.12,4542.49,4542.49,0.0,0.0,0,1
07,2016,NewYork,11.74,205569.91,19998.530000000002,86047.84,11340.9,88182.64,85625.15000000001,2557.49,0.0,0,1
07,2017,NewYork,10.44,362568.03,26472.63,104764.78,7667.610000000001,223663.01,223619.11000000002,43.9,0.0,0,1
08,2015,NewYork,10.919999999999998,79167.74000000002,13824.44,51785.55,3529.85,10027.9,9527.130000000001,500.77,0.0,0,1
08,2016,NewYork,9.120000000000001,102423.2,18215.0,60946.86,5977.44,17283.9,16434.62,849.28,0.0,0,1
08,2017,NewYork,7.96,326525.25999999995,24716.02,108550.06,635.71,192623.46999999997,192521.52,101.94999999999999,0.0,0,1
09,2015,NewYork,8.42,68934.51000000001,11695.4,46210.94,3641.49,7386.68,6780.88,605.8,0.0,0,1
09,2016,NewYork,8.91,192742.23,22402.42,73504.06,3135.98,93699.77,92779.27,920.5,0.0,0,1
09,2017,NewYork,8.350000000000001,313651.27999999997,24469.010000000002,103732.38,380.63,185069.26,185069.26,0.0,0.0,0,1
10,2015,NewYork,8.35,56635.270000000004,8164.44,38605.86,1209.0,8655.97,1086.44,7569.530000000001,0.0,0,1
01,2015,Northeast,4.96,13120598.899999999,412549.1,9159344.17,29635.09,3519070.54,3154231.48,364839.06000000006,0.0,1,0
01,2016,Northeast,5.630000000000001,22369041.06,473597.37,16160702.5,292223.08,5442518.11,5076926.36,363637.82,1953.93,1,0
01,2017,Northeast,6.74,21618682.7,989781.45,15200739.419999998,615810.45,4812351.38,4478424.36,315013.17000000004,18913.850000000002,1,0
01,2018,Northeast,5.3999999999999995,20122121.54,1384847.15,13605475.73,45855.020000000004,5085943.640000001,3994394.17,1089301.46,2248.0099999999998,1,0
02,2015,Northeast,4.9,14782075.51,442930.74,10465403.57,31233.81,3842507.3899999997,3491349.82,351155.93000000005,1.64,1,0
02,2016,Northeast,4.47,19307838.380000003,447787.42000000004,13912192.8,357544.5,4590313.66,4268310.26,321998.18000000005,5.22,1,0
02,2017,Northeast,5.21,19598745.74,1888066.62,13122523.37,466997.8,4121157.9499999997,3722579.5200000005,371323.26999999996,27255.16,1,0
02,2018,Northeast,5.07,21840899.07,1831733.8900000001,14183314.809999999,42739.159999999996,5783111.21,4744544.52,999791.3099999999,38775.380000000005,1,0
03,2015,Northeast,6.24,17184715.33,528923.69,12053964.16,31857.9,4569969.58,4114588.39,455376.66000000003,4.529999999999999,1,0
03,2016,Northeast,4.68,18014636.830000002,441526.17999999993,12758272.969999999,378941.74000000005,4435895.9399999995,4174959.3400000003,260929.59000000003,7.01,1,0
03,2017,Northeast,6.07,15993406.56,782018.48,10688897.71,157945.82,4364544.550000001,3638427.1,702684.95,23432.5,1,0
03,2018,Northeast,5.180000000000001,20288455.21,1675001.97,12196715.78,26743.43,6389994.03,5244074.74,1090546.12,55373.17,1,0
04,2015,Northeast,5.34,14103488.64,413760.99,9557258.86,24940.780000000002,4107528.01,3676503.72,429242.88000000006,1781.41,1,0
04,2016,Northeast,4.52,16293606.529999997,444768.17,10867445.32,500856.22,4480536.82,4142542.83,329954.91000000003,8039.08,1,0
04,2017,Northeast,8.059999999999999,20480636.27,1210068.68,13105027.260000002,67694.34,6097845.99,4948429.07,1119253.68,30163.239999999998,1,0
05,2015,Northeast,6.380000000000001,23181338.65,606575.8099999999,16406985.030000001,42565.12,6125212.69,5593054.5,528478.01,3680.18,1,0
05,2016,Northeast,5.3999999999999995,26896659.700000003,604374.45,19175945.69,962480.3099999999,6153859.25,5639092.79,487270.62,27495.84,1,0
05,2017,Northeast,6.57,18065434.65,1108777.2,11087426.08,67044.79000000001,5802186.58,4496397.6899999995,1245892.49,59896.399999999994,1,0
06,2015,Northeast,5.040000000000001,17893083.43,434527.82999999996,12276968.79,213891.06999999998,4967695.74,4567912.39,394535.9,5247.450000000001,1,0
06,2016,Northeast,5.369999999999999,18517386.900000002,731304.48,11923904.149999999,543365.1699999999,5318813.100000001,4879221.57,327056.91000000003,112534.62,1,0
06,2017,Northeast,6.64,16224343.459999999,958235.5599999999,10928763.17,72178.31999999999,4265166.41,3154614.2700000005,954209.6199999999,156342.52000000002,1,0
07,2015,Northeast,4.99,17236150.53,442517.97,12195187.419999998,219115.47,4379329.67,4073242.29,304011.92,2075.46,1,0
07,2016,Northeast,7.37,20359283.880000003,1169497.48,11768929.2,418809.11000000004,7002048.09,6409003.970000001,328308.28,264735.84,1,0
07,2017,Northeast,7.66,20862687.21,1267002.04,13892175.0,133405.08000000002,5570105.090000001,4465989.28,902894.38,201221.43,1,0
08,2015,Northeast,5.789999999999999,21134615.5,508441.20999999996,16794743.66,47224.5,3784206.13,3503741.1799999997,278454.63,2010.32,1,0
08,2016,Northeast,5.64,16656627.54,1359922.57,9415213.379999999,194997.94999999998,5686493.64,5319840.21,291484.4,75169.03,1,0
08,2017,Northeast,6.390000000000001,15248160.17,942846.05,9793068.84,43548.45,4468696.83,3704952.19,650864.7100000001,112879.93,1,0
09,2015,Northeast,4.659999999999999,15367020.990000002,367626.42000000004,12049079.7,20389.550000000003,2929925.32,2589452.23,340368.89,104.2,1,0
09,2016,Northeast,5.66,15377851.059999999,1918095.2599999998,9010671.84,100542.41,4348541.550000001,4097982.79,245175.83000000002,5382.93,1,0
09,2017,Northeast,6.49,13642654.940000001,1054680.97,8676767.01,25960.53,3885246.43,3273568.5600000005,558736.63,52941.240000000005,1,0
10,2015,Northeast,4.58,15066233.27,370519.69999999995,11526615.690000001,18584.41,3150513.47,2793110.73,357399.26999999996,3.4699999999999998,1,0
01,2015,Northeast,7.6,174022.86,12068.61,72897.36,235.63000000000002,88821.26000000001,86624.72,2196.54,0.0,0,1
01,2016,Northeast,8.280000000000001,432796.57,23426.96,84855.06999999999,7499.529999999999,317015.01,169361.05,147653.96,0.0,0,1
01,2017,Northeast,9.79,650076.65,50023.81,158487.81,2339.41,439225.61999999994,426161.86,13063.76,0.0,0,1
01,2018,Northeast,6.73,1072056.19,61474.44,142095.11,420.88,868065.7599999999,822709.65,45356.11,0.0,0,1
02,2015,Northeast,7.37,243962.38999999998,14643.64,82796.84,197.07,146324.84,145544.77,780.0699999999999,0.0,0,1
02,2016,Northeast,7.42,377208.22000000003,27942.420000000002,89065.79,5093.87,255106.13999999998,165185.82,89920.31999999999,0.0,0,1
02,2017,Northeast,6.970000000000001,1089720.93,172271.62,506479.11,1224.9099999999999,409745.29,382703.09,27042.199999999997,0.0,0,1
02,2018,Northeast,6.369999999999999,1604328.4000000001,201158.09,561852.2899999999,2639.2999999999997,838678.72,755154.71,83524.01,0.0,0,1
03,2015,Northeast,9.34,251092.80000000005,23291.25,88458.93,210.29,139132.33000000002,138764.57,367.76,0.0,0,1
03,2016,Northeast,7.14,436364.31,33695.85,97740.85,7528.469999999999,297399.14,232861.39,64537.74999999999,0.0,0,1
03,2017,Northeast,7.96,879858.67,107916.90999999999,310155.17,628.05,461158.54,432297.82,28860.72,0.0,0,1
03,2018,Northeast,6.629999999999999,1395676.4300000002,140786.06,333285.48000000004,515.04,921089.85,815679.31,105410.54,0.0,0,1
04,2015,Northeast,7.62,235896.50999999998,17069.09,78339.48,564.0300000000001,139923.91,139059.57,864.3399999999999,0.0,0,1
04,2016,Northeast,7.5,509568.85,25760.18,98474.19,8632.95,376701.53,321581.14,55120.39,0.0,0,1
04,2017,Northeast,9.920000000000002,1151736.11,149563.41,417694.61,3085.9599999999996,581392.13,537029.26,44362.87,0.0,0,1
05,2015,Northeast,9.57,332626.06,24101.749999999996,111355.76000000001,1906.3500000000001,195262.2,194360.48,901.72,0.0,0,1
05,2016,Northeast,9.190000000000001,632154.49,33090.59,145450.72,11233.400000000001,442379.77999999997,382482.63,59897.15000000001,0.0,0,1
05,2017,Northeast,8.58,788546.75,46898.04000000001,188317.61000000002,5344.119999999999,547986.98,497939.04000000004,50047.94,0.0,0,1
06,2015,Northeast,8.0,228508.62999999998,22871.97,84779.67,3534.01,117322.97999999998,116448.66,874.3199999999999,0.0,0,1
06,2016,Northeast,7.31,429384.44000000006,20180.12,98847.98999999999,2714.8100000000004,307641.52,263132.58999999997,44508.93000000001,0.0,0,1
06,2017,Northeast,8.5,933351.36,95694.74999999999,288458.92,4256.2,544941.49,495762.93,49178.56,0.0,0,1
07,2015,Northeast,8.11,179212.99,16161.61,79472.58,403.9,83174.90000000001,82541.51,633.39,0.0,0,1
07,2016,Northeast,9.68,596464.16,30217.04,147213.4,11163.34,407870.38,375020.65,32849.729999999996,0.0,0,1
07,2017,Northeast,9.629999999999999,1058489.27,41772.31,177251.47,6705.57,832759.9199999999,748158.6799999999,84601.23999999999,0.0,0,1
08,2015,Northeast,10.02,262922.15,26767.97,97231.51999999999,3595.16,135327.5,132637.53,2689.97,0.0,0,1
08,2016,Northeast,7.319999999999999,341976.31,27160.199999999997,110371.84,5249.59,199194.68,196779.51,2415.17,0.0,0,1
08,2017,Northeast,7.27,883003.4299999999,41647.270000000004,161849.62,614.75,678891.79,622352.7,56539.09,0.0,0,1
09,2015,Northeast,7.88,203374.30000000002,18580.409999999996,83062.79999999999,3625.6099999999997,98105.48,95796.13,2309.35,0.0,0,1
09,2016,Northeast,7.87,542009.43,34131.04,115077.61000000002,2798.2,390002.57999999996,386938.82000000007,3063.76,0.0,0,1
09,2017,Northeast,7.1899999999999995,961510.32,44901.4,146282.35,421.36,769905.21,753109.6900000001,16795.52,0.0,0,1
10,2015,Northeast,6.9,216646.18,14389.43,62220.31,1319.0,138717.44,115426.16,23291.28,0.0,0,1
