finalProj/avoPricesNumerical.csv
Month,year,region,AveragePrice,Total Volume,4046,4225,4770,Total Bags,Small Bags,Large Bags,XLarge Bags,type_conventional,type_organic
01,2015,NorthernNewEngland,4.29,1236354.82,16364.45,1004217.8900000001,99.75,215672.73,215668.29,4.44,0.0,1,0
01,2016,NorthernNewEngland,5.42,2217659.68,13620.44,1703233.95,91649.66,409155.62999999995,407517.11,1638.52,0.0,1,0
01,2017,NorthernNewEngland,5.930000000000001,2248235.0300000003,80021.31,1864050.1500000001,28212.51,275951.06,275947.73,3.33,0.0,1,0
01,2018,NorthernNewEngland,5.359999999999999,1941320.98,44589.47,1571069.02,12064.800000000001,313597.68999999994,112605.22,200875.8,116.67,1,0
02,2015,NorthernNewEngland,4.33,1329321.62,14733.029999999999,1119732.6400000001,124.60999999999999,194731.34,193631.33000000002,1100.01,0.0,1,0
02,2016,NorthernNewEngland,4.22,1829863.22,16680.25,1414170.31,111221.67,287790.99,280926.69,6864.299999999999,0.0,1,0
02,2017,NorthernNewEngland,4.88,2012594.49,55092.19,1708234.68,21029.99,228237.63,228230.09,7.54,0.0,1,0
02,2018,NorthernNewEngland,4.9,2259344.14,80733.5,1858033.14,8379.19,312198.31,146206.46,163194.09,2797.76,1,0
03,2015,NorthernNewEngland,5.55,1640288.77,18020.13,1393772.71,259.79,228236.13999999998,226769.84,1466.3,0.0,1,0
03,2016,NorthernNewEngland,4.359999999999999,1720428.0799999998,12830.89,1338581.97,118357.11,250658.11,250588.16999999998,69.94,0.0,1,0
03,2017,NorthernNewEngland,5.6,1580072.48,36758.229999999996,1157582.89,11980.54,373750.81999999995,168469.39,204743.93,537.5,1,0
03,2018,NorthernNewEngland,5.29,2135100.2,173296.34999999998,1687626.99,5306.01,268870.85,121727.20999999999,143433.63999999998,3709.9999999999995,1,0
04,2015,NorthernNewEngland,4.720000000000001,1273835.31,8630.06,1004568.47,298.43,260338.35,260184.01,154.34,0.0,1,0
04,2016,NorthernNewEngland,4.220000000000001,1726634.3399999999,11078.42,1333387.42,146213.93,235954.57,235785.65000000002,103.63999999999999,65.28,1,0
04,2017,NorthernNewEngland,7.01,2167987.15,60077.03999999999,1583988.4000000001,11380.94,512540.76999999996,216417.78999999998,296120.76,2.22,1,0
05,2015,NorthernNewEngland,5.6000000000000005,2293780.39,12956.609999999999,1781453.01,282.58,499088.19,498679.08,409.11,0.0,1,0
05,2016,NorthernNewEngland,5.18,2552063.42,31363.51,1840752.9899999998,262785.33,417161.58999999997,412026.76,30.11,5104.72,1,0
05,2017,NorthernNewEngland,5.960000000000001,1773729.6999999997,37056.3,1302121.96,11244.0,423307.43999999994,159118.62,263246.6,942.22,1,0
06,2015,NorthernNewEngland,4.529999999999999,1843628.74,9762.81,1259048.88,40717.9,534099.15,534050.26,48.89,0.0,1,0
06,2016,NorthernNewEngland,4.91,1927139.9000000001,198412.09,1268577.3599999999,112967.54000000001,347182.91000000003,335222.91000000003,0.0,11960.0,1,0
06,2017,NorthernNewEngland,6.42,1587534.4,36301.33,1247503.68,25037.149999999998,278692.24,118918.7,147308.54,12465.0,1,0
07,2015,NorthernNewEngland,4.53,2043101.92,11746.119999999999,1527054.44,42667.369999999995,461633.99,461401.64999999997,232.34,0.0,1,0
07,2016,NorthernNewEngland,6.570000000000001,2405823.1100000003,452237.85,1372628.77,45977.66,534978.8300000001,503438.3,19.42,31521.11,1,0
07,2017,NorthernNewEngland,7.369999999999999,2287532.83,48519.979999999996,1861037.01,57040.19,320935.65,93007.04,209733.04000000004,18195.57,1,0
08,2015,NorthernNewEngland,5.819999999999999,2164054.34,12181.03,1850383.8299999998,4294.12,297195.36,297192.02999999997,3.33,0.0,1,0
08,2016,NorthernNewEngland,5.04,1907916.62,534776.09,953515.73,21267.8,398357.0,392839.43,52.57,5465.0,1,0
08,2017,NorthernNewEngland,6.48,1617324.4500000002,34274.47,1290747.6400000001,13828.75,278473.59,84388.52,182001.74,12083.33,1,0
09,2015,NorthernNewEngland,4.25,1645645.57,9441.0,1456377.1500000001,1211.8700000000001,178615.55,176053.33000000002,2562.22,0.0,1,0
09,2016,NorthernNewEngland,5.88,1350597.3299999998,166552.12,917949.8400000001,21378.44,244716.93,243088.13,1098.24,530.56,1,0
09,2017,NorthernNewEngland,6.84,1179476.58,75457.39,891298.9,5882.17,206838.12,68835.83,132882.28,5120.01,1,0
10,2015,NorthernNewEngland,4.390000000000001,1293042.85,13469.07,1114394.62,804.09,164375.07,162206.18000000002,2168.8900000000003,0.0,1,0
01,2015,NorthernNewEngland,7.49,28162.899999999998,7.9399999999999995,2383.1,0.0,25771.86,25771.86,0.0,0.0,0,1
01,2016,NorthernNewEngland,8.16,50276.649999999994,50.32,1107.52,0.0,49118.81,49115.479999999996,3.33,0.0,0,1
01,2017,NorthernNewEngland,9.27,59131.229999999996,16.35,1101.6399999999999,0.0,58013.23999999999,58013.23999999999,0.0,0.0,0,1
01,2018,NorthernNewEngland,6.09,121215.07999999999,10.0,1811.65,0.0,119393.43,119390.1,3.33,0.0,0,1
02,2015,NorthernNewEngland,7.46,27875.23,19.130000000000003,2555.8900000000003,0.0,25300.21,25300.21,0.0,0.0,0,1
02,2016,NorthernNewEngland,6.609999999999999,39097.95,13.77,901.9899999999999,0.0,38182.19,38178.86,3.33,0.0,0,1
02,2017,NorthernNewEngland,7.130000000000001,48140.34,16.81,1114.8600000000001,0.0,47008.67,47008.67,0.0,0.0,0,1
02,2018,NorthernNewEngland,6.04,101857.28,17.37,1419.42,0.0,100420.48999999999,100420.48999999999,0.0,0.0,0,1
03,2015,NorthernNewEngland,9.37,33814.67999999999,81.1,3914.22,0.0,29819.36,29819.36,0.0,0.0,0,1
03,2016,NorthernNewEngland,6.59,45362.19,30.33,1396.5099999999998,0.0,43935.350000000006,43935.350000000006,0.0,0.0,0,1
03,2017,NorthernNewEngland,7.24,60333.240000000005,490.58000000000004,867.21,0.0,58975.45,58975.45,0.0,0.0,0,1
03,2018,NorthernNewEngland,6.43,77330.87,42.44,1603.8799999999999,0.0,75684.55,75591.22,93.33,0.0,0,1
04,2015,NorthernNewEngland,7.51,30591.91,112.65,2260.23,0.0,28219.03,28219.03,0.0,0.0,0,1
04,2016,NorthernNewEngland,6.4,47369.090000000004,5.07,1112.4,0.0,46251.62,46251.62,0.0,0.0,0,1
04,2017,NorthernNewEngland,8.69,68572.28,506.42999999999995,1236.77,0.0,66829.07999999999,66829.07999999999,0.0,0.0,0,1
05,2015,NorthernNewEngland,9.5,40171.71,94.82000000000001,4054.2299999999996,0.0,36022.659999999996,36022.659999999996,0.0,0.0,0,1
05,2016,NorthernNewEngland,6.92,41753.009999999995,6.35,1250.95,0.0,40495.71,40495.71,0.0,0.0,0,1
05,2017,NorthernNewEngland,6.23,79405.43,60.730000000000004,1612.1100000000001,0.0,77732.59,77732.59,0.0,0.0,0,1
06,2015,NorthernNewEngland,7.74,33268.98,80.26,3451.65,0.0,29737.07,29737.07,0.0,0.0,0,1
06,2016,NorthernNewEngland,4.91,33024.85,5.18,584.03,0.0,32435.64,32435.64,0.0,0.0,0,1
06,2017,NorthernNewEngland,7.16,82314.03,24.73,1398.29,0.0,80891.01,80891.01,0.0,0.0,0,1
07,2015,NorthernNewEngland,7.8100000000000005,34819.46,141.69000000000003,4323.8,0.0,30353.97,30317.3,36.67,0.0,0,1
07,2016,NorthernNewEngland,6.48,66864.34,6.49,1182.4,0.0,65675.45,65669.7,5.75,0.0,0,1
07,2017,NorthernNewEngland,8.69,89694.26000000001,51.94,1657.34,0.0,87984.98,87984.98,0.0,0.0,0,1
08,2015,NorthernNewEngland,9.64,43280.46000000001,148.15,3528.8900000000003,0.0,39603.42,39566.75,36.67,0.0,0,1
08,2016,NorthernNewEngland,5.62,34897.009999999995,6.3500000000000005,1031.1599999999999,0.0,33859.5,33859.5,0.0,0.0,0,1
08,2017,NorthernNewEngland,6.74,66451.97,33.97,958.3000000000001,0.0,65459.7,65459.7,0.0,0.0,0,1
09,2015,NorthernNewEngland,7.77,26576.04,58.57000000000001,2277.53,0.0,24239.94,24239.94,0.0,0.0,0,1
09,2016,NorthernNewEngland,6.4,56838.22,9.629999999999999,1050.79,0.0,55777.8,55777.8,0.0,0.0,0,1
09,2017,NorthernNewEngland,6.48,61825.43000000001,14.1,590.02,0.0,61221.31,61221.31,0.0,0.0,0,1
10,2015,NorthernNewEngland,6.470000000000001,33538.96,31.16,417.88,0.0,33089.92,33089.92,0.0,0.0,0,1
01,2015,Orlando,4.9,886907.24,556417.71,141622.99,303.04999999999995,188563.49,80202.59999999999,108360.89000000001,0.0,1,0
01,2016,Orlando,5.22,1699543.03,1034668.49,200750.31,1001.2399999999999,463122.99,245601.22999999998,217496.16000000003,25.6,1,0
01,2017,Orlando,5.74,1951136.25,754078.85,442130.87,818.91,754107.6199999999,333598.69,420323.37,185.56,1,0
01,2018,Orlando,5.1,1716040.3,1122419.98,125726.77000000002,5009.42,462884.13,280982.79000000004,181850.22,51.12,1,0
02,2015,Orlando,4.62,1125398.61,786777.34,118058.4,383.5,220179.37,102518.31,117661.06,0.0,1,0
02,2016,Orlando,3.41,1802544.6999999997,917658.6699999999,314234.79000000004,637.1999999999999,570014.04,186537.62,383476.42,0.0,1,0
02,2017,Orlando,4.31,1711092.73,927393.65,320048.01,701.12,462949.94999999995,237821.07,224250.55,878.3299999999999,1,0
02,2018,Orlando,4.6000000000000005,2089455.5,1360729.06,148172.27,5306.8099999999995,575247.36,339360.64,235123.39,763.3299999999999,1,0
03,2015,Orlando,5.77,1341948.4300000002,943491.3900000001,116289.79000000001,587.29,281579.95999999996,166886.3,114693.66,0.0,1,0
03,2016,Orlando,4.07,1375015.39,649289.78,261173.91,641.56,463910.14,174263.96000000002,289646.18,0.0,1,0
03,2017,Orlando,6.22,1129879.5699999998,647579.1900000001,157774.33,247.11,324278.94,194057.58000000002,130221.36,0.0,1,0
03,2018,Orlando,4.6899999999999995,2001013.52,1257208.32,126566.36000000002,5973.93,611264.91,351045.57,259219.35,999.9900000000001,1,0
04,2015,Orlando,4.550000000000001,1165128.76,823383.97,94225.96999999999,500.42,247018.40000000002,139650.71,106655.19,712.5,1,0
04,2016,Orlando,3.7700000000000005,1748110.65,810968.59,362456.25,1436.82,573248.99,184855.43,387701.89,691.67,1,0
04,2017,Orlando,7.2299999999999995,1740604.84,1082991.01,222562.89,247.7,434803.24,252338.32,182300.47999999998,164.44,1,0
05,2015,Orlando,5.699999999999999,1653904.1,1194039.42,125398.57,711.92,333754.19,189915.66999999998,143614.90999999997,223.61,1,0
05,2016,Orlando,4.66,2406996.5700000003,1180676.32,482528.42999999993,1692.8899999999999,742098.93,270704.25,453977.44000000006,17417.24,1,0
05,2017,Orlando,5.3999999999999995,1590224.46,1007147.76,178892.22,353.59,403830.89,260335.66999999998,143236.88,258.34000000000003,1,0
06,2015,Orlando,4.3100000000000005,1319595.85,801356.3199999998,180147.64,3490.91,334600.98,222328.32,112264.65,8.01,1,0
06,2016,Orlando,4.359999999999999,1529776.75,787514.55,311303.6,718.92,430239.68000000005,210268.25,179465.03999999998,40506.39,1,0
06,2017,Orlando,5.57,1517426.7999999998,943192.78,153078.51,320.52,420834.99,230486.78,169064.6,21283.61,1,0
07,2015,Orlando,4.39,1269433.34,746042.59,229287.05,288.71999999999997,293814.98,187611.61,106203.37,0.0,1,0
07,2016,Orlando,5.7299999999999995,1899860.54,846848.6399999999,465900.58999999997,745.85,586365.46,344255.48000000004,178658.59,63451.39,1,0
07,2017,Orlando,7.0,1772161.8399999999,1102609.7999999998,184443.76,935.5699999999999,484172.70999999996,265381.20999999996,179954.0,38837.5,1,0
08,2015,Orlando,5.92,1336753.44,746018.6099999999,257734.04000000004,534.71,332466.07999999996,228187.31999999998,104278.76000000001,0.0,1,0
08,2016,Orlando,4.74,1418338.08,688711.51,344935.77,421.9,384268.89999999997,226432.67,135872.06,21964.17,1,0
08,2017,Orlando,5.99,1284993.58,817186.3,129259.43,469.97,338077.88,171117.28,140426.15,26534.449999999997,1,0
09,2015,Orlando,4.49,1129427.55,661376.73,202148.34,388.61,265513.87,146775.0,118738.87000000001,0.0,1,0
09,2016,Orlando,4.709999999999999,1411920.7,682829.3500000001,244722.12,459.01,483910.22000000003,228947.59999999998,253822.34,1140.28,1,0
09,2017,Orlando,7.09,1085208.22,702088.48,98705.75,1530.22,282883.77,162237.1,115456.67,5190.0,1,0
10,2015,Orlando,4.49,1055821.99,705061.89,112426.24000000002,328.79,238005.07,131813.52000000002,106171.92000000001,19.63,1,0
01,2015,Orlando,7.33,7745.11,4902.820000000001,192.29000000000002,0.0,2650.0,2650.0,0.0,0.0,0,1
01,2016,Orlando,8.2,25563.86,15686.34,357.55999999999995,0.0,9519.96,7350.0,2169.9599999999996,0.0,0,1
01,2017,Orlando,6.53,32237.070000000003,2726.2000000000003,315.85999999999996,0.0,29195.010000000002,14323.34,14871.669999999998,0.0,0,1
01,2018,Orlando,6.3100000000000005,29130.760000000002,477.99,3018.8900000000003,0.0,25633.879999999997,24212.210000000003,1421.6699999999998,0.0,0,1
02,2015,Orlando,7.12,10352.380000000001,5572.74,162.97000000000003,0.0,4616.67,4616.67,0.0,0.0,0,1
02,2016,Orlando,6.840000000000001,15835.039999999999,9947.76,291.82,0.0,5595.46,5585.46,10.0,0.0,0,1
02,2017,Orlando,7.33,20764.1,6037.780000000001,531.1500000000001,0.0,14195.17,8063.12,6132.049999999999,0.0,0,1
02,2018,Orlando,5.82,36810.87,866.22,3498.63,0.0,32446.02,29782.98,2663.04,0.0,0,1
03,2015,Orlando,8.93,14588.970000000001,8111.58,244.1,0.0,6233.29,6233.29,0.0,0.0,0,1
03,2016,Orlando,6.43,19093.370000000003,10525.0,395.82000000000005,0.0,8172.549999999999,8162.549999999999,10.0,0.0,0,1
03,2017,Orlando,8.08,20611.010000000002,5887.45,610.8299999999999,0.0,14112.73,7323.14,6789.59,0.0,0,1
03,2018,Orlando,5.99,42488.020000000004,1108.8899999999999,4424.59,0.0,36954.54,32064.05,4890.49,0.0,0,1
04,2015,Orlando,7.35,9951.69,6692.009999999999,307.55,0.0,2952.1299999999997,2952.1299999999997,0.0,0.0,0,1
04,2016,Orlando,6.32,22564.230000000003,10329.869999999999,514.83,0.0,11719.53,11719.53,0.0,0.0,0,1
04,2017,Orlando,11.260000000000002,28073.04,11198.51,1383.3000000000002,0.0,15491.23,12066.07,3425.16,0.0,0,1
05,2015,Orlando,9.13,14202.19,9094.99,286.08,0.0,4821.120000000001,4821.120000000001,0.0,0.0,0,1
05,2016,Orlando,7.98,30638.61,12677.65,653.27,0.0,17307.690000000002,17304.36,3.33,0.0,0,1
05,2017,Orlando,7.23,31247.829999999998,8463.630000000001,797.0099999999999,0.0,21987.190000000002,15418.69,6568.5,0.0,0,1
06,2015,Orlando,7.43,11094.34,7740.43,271.85,0.0,3082.06,3050.0,32.06,0.0,0,1
06,2016,Orlando,6.24,26141.87,12149.98,905.23,0.0,13086.66,13016.66,70.0,0.0,0,1
06,2017,Orlando,8.4,27245.04,5287.49,7901.79,0.0,14055.760000000002,14049.100000000002,6.66,0.0,0,1
07,2015,Orlando,7.17,18865.03,7784.230000000001,184.6,0.0,10896.2,10853.27,42.93,0.0,0,1
07,2016,Orlando,8.4,40713.79,15684.1,972.18,0.0,24057.51,23910.850000000002,146.66,0.0,0,1
07,2017,Orlando,9.41,27905.229999999996,1459.84,8293.380000000001,0.0,18152.010000000002,18135.36,16.65,0.0,0,1
08,2015,Orlando,9.56,21338.539999999997,10654.48,280.2,0.0,10403.86,10403.86,0.0,0.0,0,1
08,2016,Orlando,7.43,26132.85,11068.64,664.22,0.0,14399.99,14243.33,156.66,0.0,0,1
08,2017,Orlando,8.45,25576.4,2280.53,7240.7,0.0,16055.17,16041.83,13.34,0.0,0,1
09,2015,Orlando,8.379999999999999,11975.32,6937.3,178.66000000000003,0.0,4859.360000000001,4859.360000000001,0.0,0.0,0,1
09,2016,Orlando,6.75,25650.059999999998,7246.24,606.52,0.0,17797.300000000003,9656.67,8140.63,0.0,0,1
09,2017,Orlando,9.530000000000001,24462.64,1673.2,5743.5,0.0,17045.94,12873.2,4172.740000000001,0.0,0,1
10,2015,Orlando,8.19,11986.8,7466.46,135.24,0.0,4385.1,4385.1,0.0,0.0,0,1
