finalProj/avoPricesNumerical.csv
Month,year,region,AveragePrice,Total Volume,4046,4225,4770,Total Bags,Small Bags,Large Bags,XLarge Bags,type_conventional,type_organic
01,2015,Philadelphia,5.24,1410800.92,69743.29000000001,914079.27,6715.49,420262.87,366052.12,54210.75,0.0,1,0
01,2016,Philadelphia,5.9399999999999995,2245356.58,74454.23,1552683.4200000002,5587.5,612631.4299999999,561203.54,51427.89,0.0,1,0
01,2017,Philadelphia,7.219999999999999,2104089.4499999997,91699.04,1334006.7,91615.45999999999,586768.25,542875.75,41338.42,2554.08,1,0
01,2018,Philadelphia,5.609999999999999,1893136.82,218980.59999999998,1031164.4299999999,1625.04,641366.75,569977.99,71060.47,328.28999999999996,1,0
02,2015,Philadelphia,4.93,1730569.05,87279.98999999999,1180331.03,5689.68,457268.35,407724.24,49542.6,1.51,1,0
02,2016,Philadelphia,4.68,1950095.68,61088.899999999994,1232017.43,5061.62,651927.73,607995.21,43932.52,0.0,1,0
02,2017,Philadelphia,5.330000000000001,1998173.71,194290.58,1109410.6500000001,65081.78,629390.7,569078.87,57540.64,2771.19,1,0
02,2018,Philadelphia,4.640000000000001,2364098.7,315803.08999999997,1257566.74,1410.21,789318.6599999999,682389.05,100761.99000000002,6167.620000000001,1,0
03,2015,Philadelphia,6.65,1862617.53,94363.98000000001,1217394.29,5930.09,544929.1699999999,476438.38,68489.29000000001,1.5,1,0
03,2016,Philadelphia,4.77,1912639.72,78103.70999999999,1201535.25,2528.4900000000002,630472.27,593899.47,36569.71,3.09,1,0
03,2017,Philadelphia,6.539999999999999,1540682.45,73286.1,914787.6799999999,26043.83,526564.8400000001,486129.31000000006,40060.530000000006,375.0,1,0
03,2018,Philadelphia,5.32,1904597.04,171690.30000000002,963289.5299999999,1215.28,768401.9299999999,686055.7699999999,74618.4,7727.76,1,0
04,2015,Philadelphia,5.76,1476293.03,65029.42999999999,942586.51,5257.780000000001,463419.31,400927.81999999995,62440.100000000006,51.39,1,0
04,2016,Philadelphia,4.79,1588244.09,71192.05,948809.4599999998,19540.66,548701.9199999999,501680.92,46537.67,483.33,1,0
04,2017,Philadelphia,8.56,1925324.7800000003,164294.06,1073424.54,2639.75,684966.4299999999,627170.2,57480.69,315.54,1,0
05,2015,Philadelphia,6.81,2349881.12,97488.84999999999,1563950.44,7139.58,681302.25,602444.1,78461.51,396.64,1,0
05,2016,Philadelphia,5.72,2596188.2,82072.15,1712414.9699999997,66609.53,735091.55,661599.6399999999,72839.13,652.78,1,0
05,2017,Philadelphia,6.9,1697151.3599999999,161869.54,891463.6,2737.95,641080.27,546237.01,92739.1,2104.16,1,0
06,2015,Philadelphia,5.380000000000001,1734255.99,64741.630000000005,1124670.29,4365.74,540478.33,476815.74,63419.85,242.74,1,0
06,2016,Philadelphia,5.58,1777422.63,59205.560000000005,1024996.34,74209.5,619011.23,564968.8300000001,46184.19,7858.21,1,0
06,2017,Philadelphia,6.78,1576705.96,158013.58000000002,915472.1000000001,2483.09,500737.18999999994,404907.65,85999.81,9829.73,1,0
07,2015,Philadelphia,5.38,1575527.97,63975.520000000004,1029503.3300000001,5239.37,476809.75,426728.66,49729.3,351.78999999999996,1,0
07,2016,Philadelphia,7.59,2005309.5,74114.19,986545.7400000001,88950.52,855699.0499999999,787113.76,42356.92,26228.37,1,0
07,2017,Philadelphia,7.72,1950468.4600000002,197443.67,1112407.75,3349.0,637268.04,544758.45,75910.41,16599.18,1,0
08,2015,Philadelphia,5.95,2061511.1800000002,81970.51000000001,1513472.4300000002,3782.1099999999997,462286.13,421065.28,41086.47,134.38,1,0
08,2016,Philadelphia,5.82,1653585.54,80857.79000000001,806444.7500000001,33886.350000000006,732396.65,679351.7,45599.909999999996,7445.040000000001,1,0
08,2017,Philadelphia,6.34,1506929.13,158075.94999999998,810084.95,3809.42,534958.81,469524.25,58270.89,7163.67,1,0
09,2015,Philadelphia,4.9399999999999995,1583998.76,61733.67,1137140.79,2463.32,382660.98,335441.03,47214.17,5.78,1,0
09,2016,Philadelphia,5.49,1757394.3599999999,210914.47,792982.54,6561.92,746935.43,713206.39,33276.51,452.53,1,0
09,2017,Philadelphia,6.36,1472409.02,185609.97,783846.45,929.67,502022.93,464039.94999999995,33099.649999999994,4883.33,1,0
10,2015,Philadelphia,4.79,1656430.9500000002,61462.62,1196532.3199999998,2561.86,395874.15,342307.95999999996,53564.5,1.69,1,0
01,2015,Philadelphia,7.1,15091.4,1306.91,5497.76,58.53,8228.2,8221.53,6.67,0.0,0,1
01,2016,Philadelphia,7.92,53626.32,2224.6299999999997,10384.210000000001,66.25,40951.23,2343.69,38607.53999999999,0.0,0,1
01,2017,Philadelphia,9.92,52143.97,6785.5599999999995,17423.41,51.53999999999999,27883.46,27614.489999999998,268.97,0.0,0,1
01,2018,Philadelphia,6.66,109684.20999999999,10270.07,13797.17,19.65,85597.31999999999,85486.73,110.59,0.0,0,1
02,2015,Philadelphia,6.879999999999999,19108.68,1074.68,5364.37,46.6,12623.03,12623.03,0.0,0.0,0,1
02,2016,Philadelphia,7.340000000000001,38312.740000000005,3331.4400000000005,12700.41,44.04,22236.850000000002,6080.44,16156.41,0.0,0,1
02,2017,Philadelphia,6.83,109500.04,24233.67,60418.670000000006,25.25,24822.449999999997,24473.22,349.23,0.0,0,1
02,2018,Philadelphia,6.24,154352.43,22167.36,56505.47,54.92999999999999,75624.67,75592.76000000001,31.91,0.0,0,1
03,2015,Philadelphia,8.83,21196.780000000002,1736.64,7293.320000000001,64.89999999999999,12101.92,12101.92,0.0,0.0,0,1
03,2016,Philadelphia,6.82,46821.03,5880.780000000001,13746.89,41.45,27151.91,13699.079999999998,13452.83,0.0,0,1
03,2017,Philadelphia,8.09,78959.69,19710.57,33812.4,24.96,25411.760000000002,24914.829999999998,496.92999999999995,0.0,0,1
03,2018,Philadelphia,6.3,141367.72,21272.17,30642.4,15.08,89438.06999999999,89356.36,81.71000000000001,0.0,0,1
04,2015,Philadelphia,7.290000000000001,19587.2,1759.14,5984.82,50.730000000000004,11792.509999999998,11792.509999999998,0.0,0.0,0,1
04,2016,Philadelphia,7.550000000000001,51023.810000000005,3910.62,12943.54,47.99,34121.659999999996,30107.57,4014.09,0.0,0,1
04,2017,Philadelphia,10.11,104425.56999999999,25450.75,43809.86,32.18,35132.78,34862.63,270.15,0.0,0,1
05,2015,Philadelphia,9.25,29569.899999999998,1785.1699999999998,8303.18,63.63999999999999,19417.91,19417.91,0.0,0.0,0,1
05,2016,Philadelphia,9.75,54794.53,4115.74,19517.250000000004,189.57999999999998,30971.96,27770.320000000003,3201.64,0.0,0,1
05,2017,Philadelphia,9.010000000000002,67088.59,9724.359999999999,27356.44,46.19,29961.6,29941.079999999998,20.52,0.0,0,1
06,2015,Philadelphia,7.709999999999999,19964.010000000002,1927.73,6700.759999999999,76.65,11258.869999999999,11258.869999999999,0.0,0.0,0,1
06,2016,Philadelphia,8.11,39193.45,2515.12,15618.25,41.08,21019.0,17252.43,3766.5699999999997,0.0,0,1
06,2017,Philadelphia,8.36,83951.98999999999,17618.88,35764.48,65.38,30503.25,29801.63,701.62,0.0,0,1
07,2015,Philadelphia,7.899999999999999,14055.18,1292.37,7128.320000000001,87.09,5547.4,5547.4,0.0,0.0,0,1
07,2016,Philadelphia,10.74,49376.37,4423.120000000001,20486.75,91.68,24374.82,21373.81,3001.01,0.0,0,1
07,2017,Philadelphia,9.65,99572.83,5910.93,26549.64,54.78,67057.48,67007.08,50.4,0.0,0,1
08,2015,Philadelphia,9.71,23523.18,2340.75,9895.41,96.06,11190.96,11090.5,100.46,0.0,0,1
08,2016,Philadelphia,8.030000000000001,33164.840000000004,3048.34,15124.64,48.8,14943.06,14540.12,402.94,0.0,0,1
08,2017,Philadelphia,7.23,93509.06,7990.619999999999,20620.92,32.98,64864.54,64854.25,10.29,0.0,0,1
09,2015,Philadelphia,7.74,18112.230000000003,1885.04,7431.86,123.16,8672.17,8634.5,37.67,0.0,0,1
09,2016,Philadelphia,8.54,49586.25,4133.18,15340.470000000001,67.07,30045.530000000002,29832.289999999997,213.24,0.0,0,1
09,2017,Philadelphia,6.710000000000001,126559.78,6585.77,19376.66,44.71000000000001,100552.64,100552.64,0.0,0.0,0,1
10,2015,Philadelphia,7.370000000000001,13898.45,1392.3,6830.09,98.71,5577.35,777.7,4799.65,0.0,0,1
01,2015,PhoenixTucson,2.54,4480927.14,3434145.96,712203.1699999999,29424.04,305153.97,305151.42000000004,2.55,0.0,1,0
01,2016,PhoenixTucson,3.17,5568645.6899999995,3395576.53,1361978.9200000002,89459.34,721630.9,438919.1599999999,282711.74,0.0,1,0
01,2017,PhoenixTucson,3.08,6760440.67,3474164.25,1506781.94,77092.76999999999,1702401.71,608314.07,1093658.47,429.17,1,0
01,2018,PhoenixTucson,3.16,5287692.699999999,2615301.0300000003,1041451.1399999999,55655.299999999996,1575285.23,824819.38,730246.96,20218.89,1,0
02,2015,PhoenixTucson,2.43,5018533.529999999,3940837.31,751973.9199999999,24583.329999999998,301138.97,301127.82999999996,11.14,0.0,1,0
02,2016,PhoenixTucson,2.4000000000000004,5208042.1,3258929.71,1189836.4,116969.23999999999,642306.75,315401.61,326905.14,0.0,1,0
02,2017,PhoenixTucson,2.3200000000000003,6101524.869999999,3301928.13,1337947.5300000003,66973.45000000001,1394675.76,472220.81999999995,915046.6,7408.34,1,0
02,2018,PhoenixTucson,2.54,6258209.989999999,3367590.1799999997,1226885.77,52918.840000000004,1610815.2,925026.6799999999,661696.65,24091.870000000003,1,0
03,2015,PhoenixTucson,3.3,5720615.890000001,4494887.24,858032.4299999999,39004.93,328691.29,304980.13,23711.16,0.0,1,0
03,2016,PhoenixTucson,2.25,5309551.68,3539390.8099999996,1052836.82,87755.47,629568.5800000001,361469.5800000001,268099.0,0.0,1,0
03,2017,PhoenixTucson,2.57,5290744.949999999,2854607.38,806611.74,74033.55,1555492.2799999998,939691.75,612910.25,2890.2799999999997,1,0
03,2018,PhoenixTucson,2.4899999999999998,6276177.760000001,3463759.88,1077554.13,56151.439999999995,1678712.31,914337.9299999999,742348.8300000001,22025.550000000003,1,0
04,2015,PhoenixTucson,2.27,4978875.02,3914702.3599999994,677152.74,26227.23,360792.69,210011.19,150781.5,0.0,1,0
04,2016,PhoenixTucson,2.32,4997705.890000001,3161387.27,1041993.41,84014.56000000001,710310.65,383926.66000000003,323672.99,2711.0,1,0
04,2017,PhoenixTucson,3.4999999999999996,6112946.460000001,3046518.7,1084533.63,89883.55,1892010.58,842655.2000000001,1046020.1,3335.2799999999997,1,0
05,2015,PhoenixTucson,3.08,5897593.32,4367721.0600000005,965461.15,31692.319999999996,532718.7899999999,401171.27,131253.08,294.44,1,0
05,2016,PhoenixTucson,3.0,6392438.329999999,3916548.9299999997,1402524.71,97695.84999999999,975668.84,414804.26,556342.36,4522.22,1,0
05,2017,PhoenixTucson,2.89,5184713.45,2473562.4499999997,996347.33,63079.84000000001,1651723.8299999998,894344.63,754318.0899999999,3061.11,1,0
06,2015,PhoenixTucson,2.29,5109901.38,3873922.15,744492.21,18093.34,473393.68,368253.43999999994,105140.24,0.0,1,0
06,2016,PhoenixTucson,2.7,4897559.54,2817698.3299999996,955960.6400000001,73919.7,1049980.87,562548.02,487253.69000000006,179.16,1,0
06,2017,PhoenixTucson,2.91,5169773.66,2506563.2,846243.8600000001,54466.119999999995,1762500.48,962314.7100000001,798319.1,1866.6699999999998,1,0
07,2015,PhoenixTucson,2.79,4304245.6899999995,2973585.66,826239.4,23119.15,481301.48,344764.13,136217.91,319.44,1,0
07,2016,PhoenixTucson,4.52,4703592.38,2251901.3099999996,1055158.8,62257.37,1334274.9,705736.83,627047.79,1490.2800000000002,1,0
07,2017,PhoenixTucson,4.29,5549548.2299999995,2642129.68,1059416.51,64643.54000000001,1783358.5,1047485.7500000001,731851.65,4021.1,1,0
08,2015,PhoenixTucson,3.75,4945635.28,3243043.52,1124849.8900000001,31452.33,546289.54,416486.46,129803.08000000002,0.0,1,0
08,2016,PhoenixTucson,2.7,5333054.86,3408803.05,853272.88,43383.35,1027595.5800000001,493807.23,532185.5700000001,1602.78,1,0
08,2017,PhoenixTucson,4.27,3404621.14,1734923.1099999999,629660.36,46650.259999999995,993387.4099999999,641637.3500000001,333292.28,18457.78,1,0
09,2015,PhoenixTucson,2.91,4047672.32,2318873.26,1221065.97,37507.58,470225.51,291636.32999999996,178589.18,0.0,1,0
09,2016,PhoenixTucson,3.56,4056447.0700000003,2184656.04,892395.17,48698.93,930696.9299999999,429234.4,500463.37,999.1600000000001,1,0
09,2017,PhoenixTucson,4.86,2872272.99,1517808.1500000001,574658.29,12953.32,766853.23,522586.11,241160.46,3106.6600000000003,1,0
10,2015,PhoenixTucson,3.2600000000000002,3377821.16,1910773.75,1119127.9,60468.399999999994,287451.11,287355.7,95.41,0.0,1,0
01,2015,PhoenixTucson,5.380000000000001,54433.299999999996,44329.95,6759.43,0.0,3343.9199999999996,3300.0099999999998,43.910000000000004,0.0,0,1
01,2016,PhoenixTucson,7.56,51916.729999999996,30925.43,7408.4800000000005,0.0,13582.82,13176.779999999999,406.03999999999996,0.0,0,1
01,2017,PhoenixTucson,7.8500000000000005,57321.2,15484.98,18838.2,1.2,22996.820000000003,22885.949999999997,110.87,0.0,0,1
01,2018,PhoenixTucson,7.0,55678.59,11422.46,9635.1,0.0,34621.03,34555.98,65.05000000000001,0.0,0,1
02,2015,PhoenixTucson,5.9799999999999995,47147.79,36514.420000000006,6032.289999999999,0.0,4601.08,4563.48,37.6,0.0,0,1
02,2016,PhoenixTucson,6.09,41423.020000000004,21408.29,5526.7,0.0,14488.03,12235.97,2252.06,0.0,0,1
02,2017,PhoenixTucson,5.1899999999999995,84108.48999999999,20111.02,26559.289999999997,0.0,37438.17999999999,37345.979999999996,92.19999999999999,0.0,0,1
02,2018,PhoenixTucson,6.16,70958.03,12596.68,11109.71,0.0,47251.64,47153.5,98.14,0.0,0,1
03,2015,PhoenixTucson,7.28,65807.86,52594.329999999994,6620.919999999999,0.0,6592.61,6520.97,71.63999999999999,0.0,0,1
03,2016,PhoenixTucson,6.0600000000000005,45059.83,24057.27,7152.48,0.0,13850.080000000002,12788.52,1061.56,0.0,0,1
03,2017,PhoenixTucson,5.52,73779.22,18747.34,18987.02,2.29,36042.57,33704.86,2337.71,0.0,0,1
03,2018,PhoenixTucson,6.369999999999999,64088.45999999999,9332.16,12673.35,0.0,42082.95,42004.700000000004,78.25000000000001,0.0,0,1
04,2015,PhoenixTucson,6.1899999999999995,62120.89,44794.43000000001,9324.859999999999,0.0,8001.6,5347.860000000001,2653.7400000000002,0.0,0,1
04,2016,PhoenixTucson,5.55,79095.01,40932.22,21448.67,0.0,16714.12,9078.92,7635.199999999999,0.0,0,1
04,2017,PhoenixTucson,7.819999999999999,73237.03,17622.04,25952.840000000004,0.0,29662.15,25249.53,4412.620000000001,0.0,0,1
05,2015,PhoenixTucson,7.77,69864.55,52094.87,8203.960000000001,0.0,9565.72,4832.5,4733.22,0.0,0,1
05,2016,PhoenixTucson,7.07,90632.21,35306.68,36359.439999999995,0.0,18966.09,3217.5,15748.59,0.0,0,1
05,2017,PhoenixTucson,7.6000000000000005,42270.490000000005,17632.19,16078.56,0.0,8559.74,2365.21,6194.530000000001,0.0,0,1
06,2015,PhoenixTucson,6.180000000000001,52929.6,39986.94,6982.71,0.0,5959.95,3206.66,2753.29,0.0,0,1
06,2016,PhoenixTucson,6.379999999999999,58011.79000000001,24669.260000000002,24300.030000000002,0.0,9042.5,2890.73,6151.77,0.0,0,1
06,2017,PhoenixTucson,7.7299999999999995,41162.369999999995,13612.44,13412.869999999999,0.0,14137.060000000001,4811.469999999999,9325.59,0.0,0,1
07,2015,PhoenixTucson,7.24,32152.370000000003,23387.19,5413.65,0.0,3351.5299999999997,2386.67,964.8600000000001,0.0,0,1
07,2016,PhoenixTucson,9.51,64085.560000000005,27833.530000000002,21607.760000000002,0.0,14644.27,2241.7799999999997,12402.49,0.0,0,1
07,2017,PhoenixTucson,9.86,53208.13,13269.000000000002,18175.35,0.0,21763.78,17342.79,4420.99,0.0,0,1
08,2015,PhoenixTucson,9.100000000000001,50150.44,36700.2,7575.67,0.0,5874.570000000001,4236.66,1637.9099999999999,0.0,0,1
08,2016,PhoenixTucson,8.52,36579.700000000004,14543.41,13717.05,0.0,8319.24,1981.63,6337.610000000001,0.0,0,1
08,2017,PhoenixTucson,8.04,48159.590000000004,12698.7,12823.24,0.0,22637.65,22402.6,235.04999999999998,0.0,0,1
09,2015,PhoenixTucson,7.5200000000000005,30200.91,21487.98,5149.469999999999,0.0,3563.46,2363.55,1199.91,0.0,0,1
09,2016,PhoenixTucson,8.91,31218.300000000003,11879.33,12594.78,0.0,6744.19,3483.6500000000005,3260.54,0.0,0,1
09,2017,PhoenixTucson,7.340000000000001,47603.12,14042.7,1998.4699999999998,0.0,31561.949999999997,31437.309999999998,124.63999999999999,0.0,0,1
10,2015,PhoenixTucson,7.2,35084.6,29878.44,4486.83,0.0,719.3299999999999,634.0500000000001,85.28,0.0,0,1
