finalProj/avoPricesNumerical.csv
Month,year,region,AveragePrice,Total Volume,4046,4225,4770,Total Bags,Small Bags,Large Bags,XLarge Bags,type_conventional,type_organic
01,2015,Pittsburgh,5.85,267635.98,8499.59,176006.81,6360.12,76769.46,53352.06,23417.4,0.0,1,0
01,2016,Pittsburgh,6.139999999999999,480687.96,7210.42,310655.55,7454.28,155367.71,104731.56999999999,50399.47,236.67000000000002,1,0
01,2017,Pittsburgh,5.42,728496.55,302031.15,213507.41,13038.560000000001,199919.43,152093.38,47826.05,0.0,1,0
01,2018,Pittsburgh,4.84,531367.3099999999,201451.97999999998,98402.35,6938.99,224573.99000000002,158853.95,65720.04,0.0,1,0
02,2015,Pittsburgh,5.32,308985.64999999997,7860.1900000000005,188074.07,5901.370000000001,107150.02,79760.69,27389.33,0.0,1,0
02,2016,Pittsburgh,4.76,374272.49000000005,8387.45,241645.77,5827.32,118411.95,89502.65000000001,28909.3,0.0,1,0
02,2017,Pittsburgh,4.960000000000001,453682.27,169427.85,127373.59,6746.75,150134.08000000002,121061.65,29072.43,0.0,1,0
02,2018,Pittsburgh,4.390000000000001,624715.9299999999,211901.71,91742.88,6938.83,314132.50999999995,150484.79,163624.38,23.340000000000003,1,0
03,2015,Pittsburgh,5.91,435374.13,10612.2,298067.70999999996,9123.06,117571.16,81468.25,36099.399999999994,3.51,1,0
03,2016,Pittsburgh,4.67,372150.30000000005,5890.15,215315.84000000003,5466.26,145478.05,103578.68,41899.369999999995,0.0,1,0
03,2017,Pittsburgh,5.040000000000001,511156.13,198545.15,132608.89,6978.67,173023.42,135809.53,37213.89,0.0,1,0
03,2018,Pittsburgh,4.72,585582.72,194264.6,65526.75,6028.37,319763.0,166536.66,152773.0,453.34000000000003,1,0
04,2015,Pittsburgh,5.72,301238.71,7535.91,174985.84000000003,5422.18,113294.78,102949.81,10309.500000000002,35.47,1,0
04,2016,Pittsburgh,4.63,407369.52,5929.58,232277.15,6376.699999999999,162786.09,113413.89000000001,49372.2,0.0,1,0
04,2017,Pittsburgh,6.45,681291.8899999999,293601.0,153413.63,9733.04,224544.21999999997,178980.92,45521.630000000005,41.67,1,0
05,2015,Pittsburgh,6.18,640514.33,12815.630000000001,407108.89,12511.54,208078.27,123091.63,84986.63999999998,0.0,1,0
05,2016,Pittsburgh,5.25,711374.8200000001,7752.74,462206.1,11788.57,229627.41,128054.32,99836.97000000002,1736.1200000000001,1,0
05,2017,Pittsburgh,4.7,683915.8200000001,324160.9,148967.04,11198.84,199589.04,158756.61000000002,40503.259999999995,329.17,1,0
06,2015,Pittsburgh,5.17,377174.11,6577.86,194390.35,12664.53,163541.37,123967.89000000001,39562.229999999996,11.25,1,0
06,2016,Pittsburgh,5.6,428450.94999999995,8876.390000000001,236654.77000000002,4932.660000000001,177987.13,120213.46,52103.66999999999,5670.0,1,0
06,2017,Pittsburgh,5.21,480880.06999999995,198252.18000000002,119732.45999999999,6861.8,156033.63,116685.26999999999,32523.36,6825.000000000001,1,0
07,2015,Pittsburgh,5.58,326684.13,5583.98,192001.78999999998,10733.46,118364.9,97521.08000000002,20832.45,11.37,1,0
07,2016,Pittsburgh,6.67,552659.19,7416.960000000001,288773.64,5870.02,250598.57,176409.38,53977.69,20211.5,1,0
07,2017,Pittsburgh,6.34,557153.21,224824.18000000002,141180.07,7624.59,183524.37000000002,142401.8,33588.39,7534.18,1,0
08,2015,Pittsburgh,6.1899999999999995,466004.82,6835.04,288030.32999999996,10901.43,160238.02,110275.2,49959.020000000004,3.8,1,0
08,2016,Pittsburgh,5.61,370572.60000000003,15413.19,201159.25,4028.58,149971.58,113526.76000000001,30124.82,6320.0,1,0
08,2017,Pittsburgh,5.130000000000001,423328.24000000005,171209.52000000002,106010.11000000002,6068.290000000001,140040.32,107567.14,27819.84,4653.34,1,0
09,2015,Pittsburgh,4.58,355564.06,4451.45,228636.61000000002,6102.849999999999,116373.15,77953.99,38419.16,0.0,1,0
09,2016,Pittsburgh,4.84,430571.67000000004,132107.65,176217.11,6616.12,115630.79000000001,102511.73000000001,12899.890000000001,219.17,1,0
09,2017,Pittsburgh,5.23,412287.74,173129.68,101285.28,6587.83,131284.95,98005.20999999999,30590.839999999997,2688.8999999999996,1,0
10,2015,Pittsburgh,4.4,312916.15,6051.28,213587.64,6611.42,86665.81000000001,55785.54,30880.269999999997,0.0,1,0
01,2015,Pittsburgh,6.880000000000001,7892.17,2431.79,1253.4499999999998,0.0,4206.929999999999,1828.48,2378.4500000000003,0.0,0,1
01,2016,Pittsburgh,6.75,6628.35,1647.3300000000002,345.25000000000006,0.0,4635.77,4113.39,522.38,0.0,0,1
01,2017,Pittsburgh,7.25,44403.36,4499.28,97.79,0.0,39806.29,37659.49,2146.8,0.0,0,1
01,2018,Pittsburgh,5.619999999999999,48193.75,4994.710000000001,73.22999999999999,0.0,43125.81,43122.479999999996,3.33,0.0,0,1
02,2015,Pittsburgh,6.789999999999999,7324.9,2694.98,750.5999999999999,0.0,3879.3199999999997,3002.54,876.78,0.0,0,1
02,2016,Pittsburgh,5.7,4367.589999999999,807.33,664.03,0.0,2896.23,2228.0099999999998,668.22,0.0,0,1
02,2017,Pittsburgh,5.67,28691.96,3076.38,30.75,0.0,25584.829999999998,23831.97,1752.8600000000001,0.0,0,1
02,2018,Pittsburgh,5.48,53685.469999999994,3816.4799999999996,111.17999999999999,0.0,49757.81,49741.14,16.67,0.0,0,1
03,2015,Pittsburgh,7.839999999999999,10148.5,3614.3900000000003,721.96,0.0,5812.15,5437.86,374.28999999999996,0.0,0,1
03,2016,Pittsburgh,4.9,5286.85,410.55999999999995,577.24,52.41,4246.639999999999,4195.469999999999,51.17,0.0,0,1
03,2017,Pittsburgh,5.85,36574.08,3224.28,69.38,3.4,33277.020000000004,31066.42,2210.6,0.0,0,1
03,2018,Pittsburgh,5.5600000000000005,57974.54,3990.1100000000006,71.95,0.0,53912.479999999996,53889.149999999994,23.33,0.0,0,1
04,2015,Pittsburgh,5.550000000000001,11497.65,3507.99,643.04,0.0,7346.62,6426.4,920.22,0.0,0,1
04,2016,Pittsburgh,5.74,5331.39,418.87,1100.6,59.35,3752.57,3745.52,7.05,0.0,0,1
04,2017,Pittsburgh,7.529999999999999,53454.18,4660.889999999999,38.28,0.0,48755.009999999995,45530.58,3224.4300000000003,0.0,0,1
05,2015,Pittsburgh,7.5600000000000005,11208.859999999999,4257.75,247.97,0.0,6703.139999999999,5708.6900000000005,994.45,0.0,0,1
05,2016,Pittsburgh,7.050000000000001,15550.460000000001,1944.82,1295.62,105.26,12204.759999999998,12204.759999999998,0.0,0.0,0,1
05,2017,Pittsburgh,6.06,21241.91,3106.9100000000003,42.98,0.0,18092.019999999997,16829.11,1262.9099999999999,0.0,0,1
06,2015,Pittsburgh,6.48,6345.9800000000005,2811.2799999999997,152.65999999999997,0.0,3382.04,2624.88,757.16,0.0,0,1
06,2016,Pittsburgh,5.87,24441.66,2642.44,846.6199999999999,50.69,20901.91,20804.15,97.76,0.0,0,1
06,2017,Pittsburgh,6.22,17443.66,1687.3899999999999,138.93,0.0,15617.34,15600.17,17.17,0.0,0,1
07,2015,Pittsburgh,6.93,4607.59,2496.54,415.85,0.0,1695.1999999999998,1115.55,579.65,0.0,0,1
07,2016,Pittsburgh,7.3500000000000005,23706.55,2695.05,1670.1299999999999,3.35,19338.02,19114.870000000003,223.15,0.0,0,1
07,2017,Pittsburgh,7.29,46045.74,3698.36,95.84,0.0,42251.54,42234.880000000005,16.66,0.0,0,1
08,2015,Pittsburgh,7.79,9081.11,3255.7999999999997,209.58999999999997,0.0,5615.719999999999,3698.09,1917.63,0.0,0,1
08,2016,Pittsburgh,6.14,21134.84,3230.6499999999996,777.77,0.0,17126.42,16636.73,489.69,0.0,0,1
08,2017,Pittsburgh,5.83,36237.63,3865.7299999999996,103.91,0.0,32267.99,32258.0,9.99,0.0,0,1
09,2015,Pittsburgh,5.88,6334.53,2217.83,301.65999999999997,0.0,3815.04,2054.9,1760.1399999999999,0.0,0,1
09,2016,Pittsburgh,6.0600000000000005,27769.629999999997,4186.35,527.71,0.0,23055.570000000003,21830.559999999998,1225.01,0.0,0,1
09,2017,Pittsburgh,5.83,39856.12,4609.71,109.65,0.0,35136.76,35130.100000000006,6.66,0.0,0,1
10,2015,Pittsburgh,5.5600000000000005,6518.33,1824.21,383.81999999999994,0.0,4310.299999999999,3712.58,597.72,0.0,0,1
01,2015,Plains,4.2,6272419.64,3573054.45,1854161.5499999998,49013.72,796189.92,787432.24,4398.95,4358.7300000000005,1,0
01,2016,Plains,5.35,8450245.239999998,3616029.6100000003,2940314.32,116454.97999999998,1777446.33,1559916.94,204256.30000000002,13273.09,1,0
01,2017,Plains,5.09,10207878.69,4989957.21,2591888.06,28735.24,2597298.1799999997,2349049.7699999996,196544.61000000002,51703.799999999996,1,0
01,2018,Plains,4.59,8879889.21,4357210.64,2137831.21,26652.85,2358194.5100000002,1859056.75,499006.18,131.58,1,0
02,2015,Plains,4.03,7411660.35,4126835.95,2257068.95,64193.89,963561.56,955493.32,3641.04,4427.2,1,0
02,2016,Plains,3.9000000000000004,7949749.47,3576981.5999999996,2686885.6999999997,112426.26,1573455.91,1397493.3,169494.58000000002,6468.03,1,0
02,2017,Plains,3.71,9769363.29,5247881.82,2190177.9699999997,67350.72,2263952.78,2045834.68,177764.72999999998,40353.369999999995,1,0
02,2018,Plains,4.3,9438405.11,4218734.73,2401721.74,32506.5,2785442.14,2268472.8200000003,514880.99,2088.33,1,0
03,2015,Plains,5.47,8049027.25,4328894.38,2200149.8000000003,52680.03,1467303.0399999998,1441000.63,21262.66,5039.75,1,0
03,2016,Plains,3.99,7508663.879999999,3468708.2800000003,2239373.3,172553.54,1628028.76,1461735.89,157471.61,8821.259999999998,1,0
03,2017,Plains,5.17,6588806.84,2980412.85,1811756.98,32922.72,1763714.29,1663226.92,65718.22,34769.15,1,0
03,2018,Plains,4.4399999999999995,8889605.5,3624568.36,2410355.92,33661.85,2821019.3699999996,2563915.15,237045.8,20058.420000000002,1,0
04,2015,Plains,4.35,7417357.64,4399890.140000001,1789479.5,81047.16,1146940.84,1103244.5099999998,27276.4,16419.93,1,0
04,2016,Plains,3.94,7844944.0,3524337.9400000004,2366133.44,87506.18,1866966.44,1635977.79,201353.45,29635.199999999997,1,0
04,2017,Plains,6.29,9718055.809999999,4724862.49,2339424.9699999997,43954.61,2609813.74,2483129.71,64083.31999999999,62600.71,1,0
05,2015,Plains,5.22,10285873.23,6340415.390000001,2216480.58,65168.33,1663808.9300000002,1636720.8,16918.010000000002,10170.12,1,0
05,2016,Plains,4.62,11373130.01,5282987.58,3233920.88,90826.34,2765395.21,2510332.15,216818.52000000002,38244.54,1,0
05,2017,Plains,5.17,8328485.1899999995,3912435.3600000003,1914784.12,33767.51,2467498.1999999997,2225211.86,182120.16999999998,60166.17,1,0
06,2015,Plains,4.26,7749173.220000001,4329545.71,1843288.68,85735.45999999999,1490603.37,1445393.6600000001,39243.59,5966.12,1,0
06,2016,Plains,3.87,9096110.97,4268901.54,2564573.9699999997,42061.61,2220573.85,2009993.8099999998,123597.87000000001,86982.17,1,0
06,2017,Plains,5.32,8285330.38,3510474.5300000003,2004631.41,37194.46000000001,2733029.9800000004,2548938.88,127316.35,56774.75,1,0
07,2015,Plains,4.26,7344028.040000001,3603652.0,2226642.1399999997,125410.63,1388323.2699999998,1314823.1600000001,64608.950000000004,8891.16,1,0
07,2016,Plains,5.76,9677383.149999999,3300987.61,3070945.12,52870.93,3252579.4899999998,2921224.5599999996,123145.86,208209.07,1,0
07,2017,Plains,6.859999999999999,9746052.32,3639022.5000000005,2966336.52,125093.54000000001,3015599.76,2799567.5799999996,146637.59000000003,69394.59,1,0
08,2015,Plains,5.54,8139521.949999999,4093013.8699999996,2489601.13,99689.70999999999,1457217.24,1380982.69,69877.93,6356.62,1,0
08,2016,Plains,4.72,7240198.02,3313852.4000000004,1878846.9500000002,23026.58,2024472.0900000003,1880313.9000000001,80872.93,63285.259999999995,1,0
08,2017,Plains,5.76,6872983.550000001,2914848.63,2044552.0899999999,25577.300000000003,1888005.53,1686353.24,150325.44,51326.85,1,0
09,2015,Plains,4.4,6171245.4399999995,2760998.46,2274482.9699999997,61079.12,1074684.89,1006727.71,62581.270000000004,5375.910000000001,1,0
09,2016,Plains,4.869999999999999,6692226.97,3211313.49,1830845.96,22744.75,1627322.77,1462066.39,134044.47999999998,31211.9,1,0
09,2017,Plains,6.59,5819989.109999999,2555626.9,1384094.69,40240.590000000004,1840026.9300000002,1609277.98,210881.06,19867.89,1,0
10,2015,Plains,4.42,5650333.66,2253718.98,2314690.83,60535.38,1021388.47,966573.03,48784.810000000005,6030.629999999999,1,0
01,2015,Plains,6.970000000000001,131685.65,20583.41,58693.89,92.32,52316.03,46548.06,5767.97,0.0,0,1
01,2016,Plains,7.4799999999999995,228759.72999999998,19773.81,81632.03,25161.57,102192.31999999999,50663.18000000001,51529.14,0.0,0,1
01,2017,Plains,7.97,273402.83999999997,24688.980000000003,87668.01,16920.68,144125.16999999998,96939.33,47185.84,0.0,0,1
01,2018,Plains,6.78,248353.17,12265.66,66386.11,29.369999999999997,169672.03,119541.47,50127.85,2.71,0,1
02,2015,Plains,6.55,156880.22,17248.27,79151.08,105.54000000000002,60375.33,55305.56,5069.77,0.0,0,1
02,2016,Plains,5.98,177408.72999999998,16521.030000000002,74876.57,18097.18,67913.95,33160.17,34753.78,0.0,0,1
02,2017,Plains,5.98,239984.83000000002,17703.39,79244.57,3210.56,139826.31,74969.57,64856.74,0.0,0,1
02,2018,Plains,6.3,281067.79000000004,15921.69,66602.18000000001,32.08,198511.84,136144.31,62367.53,0.0,0,1
03,2015,Plains,8.7,175203.49000000002,20264.14,81411.51999999999,98.45,73429.38,68423.53,5005.85,0.0,0,1
03,2016,Plains,6.1899999999999995,172137.94,19864.41,76419.33,11767.84,64086.36,24623.61,39462.75,0.0,0,1
03,2017,Plains,5.9399999999999995,309150.27,23245.35,96064.81999999999,3288.3799999999997,186551.72,79100.54000000001,107451.18,0.0,0,1
03,2018,Plains,6.22,290752.18,19750.52,76741.01000000001,22.03,194238.62,143952.84000000003,50285.78,0.0,0,1
04,2015,Plains,7.460000000000001,127128.23000000001,12676.82,69398.41,154.27,44898.729999999996,37554.82,7343.91,0.0,0,1
04,2016,Plains,5.670000000000001,208711.90000000002,17324.7,85498.95000000001,17564.2,88324.04999999999,36915.7,51408.35,0.0,0,1
04,2017,Plains,8.17,389580.04,22348.320000000003,120592.75,10340.109999999999,236298.86,116021.45,120277.41,0.0,0,1
05,2015,Plains,9.549999999999999,152835.03,25695.26,82031.34,218.52,44889.91,34027.85,10862.06,0.0,0,1
05,2016,Plains,8.209999999999999,238913.99,27117.11,119173.3,26960.54,65663.04000000001,39966.100000000006,25696.940000000002,0.0,0,1
05,2017,Plains,6.4,295130.41000000003,14181.57,97764.61,1600.93,181583.30000000002,93301.5,88281.80000000002,0.0,0,1
06,2015,Plains,7.5,134385.02000000002,19072.43,80885.95999999999,151.63,34275.0,25231.51,9043.49,0.0,0,1
06,2016,Plains,6.569999999999999,216263.55,22086.57,94927.34,15778.97,83470.67,62651.04,20819.629999999997,0.0,0,1
06,2017,Plains,6.37,289714.27,19050.699999999997,94561.2,556.29,175546.08,84358.15,91187.93000000001,0.0,0,1
07,2015,Plains,7.5,130402.23,20624.58,73073.75,178.26,36525.64,26404.68,10120.96,0.0,0,1
07,2016,Plains,8.44,255332.40000000002,18835.86,110114.65,13902.009999999998,112479.88,70459.19999999998,42020.68,0.0,0,1
07,2017,Plains,8.440000000000001,301643.6,10728.76,100884.97,205.63,189771.59,119567.37999999999,70204.20999999999,0.0,0,1
08,2015,Plains,9.41,165895.49,27917.659999999996,79508.29,123.35999999999999,58346.17999999999,48781.619999999995,9564.560000000001,0.0,0,1
08,2016,Plains,7.1,212336.22,24184.25,88054.0,7978.570000000001,92119.4,47255.21,44864.19,0.0,0,1
08,2017,Plains,7.529999999999999,262015.29,6198.43,88649.69,1324.75,165836.85,123115.1,42716.45,5.3,0,1
09,2015,Plains,7.48,118325.14,16357.169999999998,59898.01,158.95,41911.01,33369.13,8541.88,0.0,0,1
09,2016,Plains,7.2700000000000005,188083.72,17571.77,85680.22,1733.37,83098.36,38553.58,44544.78,0.0,0,1
09,2017,Plains,8.46,214205.72,5492.78,68270.44,1437.4299999999998,138979.44,82745.33,56226.100000000006,8.01,0,1
10,2015,Plains,6.8999999999999995,121449.92,13890.15,57152.8,396.44,50010.53,29247.41,20763.120000000003,0.0,0,1
