finalProj/avoPricesNumerical.csv
Month,year,region,AveragePrice,Total Volume,4046,4225,4770,Total Bags,Small Bags,Large Bags,XLarge Bags,type_conventional,type_organic
01,2015,Portland,4.22,1982506.1999999997,535358.4199999999,1120672.16,70601.84,255873.78,200970.57,54903.21000000001,0.0,1,0
01,2016,Portland,4.279999999999999,3564413.7199999997,436986.17000000004,1214462.72,94734.73,1818230.1,1786949.7000000002,27954.96,3325.44,1,0
01,2017,Portland,4.0600000000000005,4126634.34,608775.24,1078874.9500000002,80988.97,2357995.18,2063402.98,291413.92000000004,3178.2799999999997,1,0
01,2018,Portland,4.79,2410191.62,341041.11,897585.8200000001,67055.0,1104509.69,549930.72,551987.84,2591.13,1,0
02,2015,Portland,4.4,2082861.1099999999,584808.05,1208272.21,61323.88,228456.96999999997,213227.26,15220.0,9.709999999999999,1,0
02,2016,Portland,3.13,3065129.1300000004,337872.95,996672.44,66056.31,1664527.43,1632373.48,30949.190000000002,1204.76,1,0
02,2017,Portland,2.91,3660725.75,619544.12,702927.1599999999,66975.37,2271279.1,1783413.2799999998,485146.7800000001,2719.04,1,0
02,2018,Portland,4.2,2968147.07,311198.64,1136574.96,66045.84,1454327.63,529046.3300000001,918881.4299999999,6399.87,1,0
03,2015,Portland,5.619999999999999,2239413.17,759867.19,1098189.48,85933.98000000001,295422.52,290425.07,4972.219999999999,25.229999999999997,1,0
03,2016,Portland,3.27,2883321.4899999998,355721.73,856366.4500000001,87929.38,1583303.9300000002,1574506.41,7554.119999999999,1243.4,1,0
03,2017,Portland,3.9600000000000004,2957619.11,566109.41,617395.6699999999,71786.89,1702327.1400000001,1481919.4000000001,218532.12,1875.6200000000001,1,0
03,2018,Portland,4.37,2685916.1300000004,296148.18,1088340.94,66864.69,1234562.3199999998,647386.93,584626.36,2549.0299999999997,1,0
04,2015,Portland,4.319999999999999,2048534.12,694695.52,940216.1499999999,62617.130000000005,351005.32,349433.6,963.15,608.57,1,0
04,2016,Portland,3.15,3119762.7600000002,432266.82,962425.8099999999,84127.64000000001,1640942.49,1619990.0299999998,17534.82,3417.64,1,0
04,2017,Portland,4.93,3825843.89,847295.88,826342.3899999999,101208.56,2050997.06,2041644.9699999997,7899.31,1452.78,1,0
05,2015,Portland,4.94,3013056.25,1118661.26,1286220.1099999999,84984.20000000001,523190.68,522234.29,535.0400000000001,421.35,1,0
05,2016,Portland,3.8099999999999996,4229281.3100000005,728888.8200000001,1046909.03,96040.45999999999,2357443.0,2324914.63,29735.269999999997,2793.1,1,0
05,2017,Portland,3.84,3270170.44,714624.85,791302.5700000001,87678.62,1676564.4,1599586.22,76061.7,916.48,1,0
06,2015,Portland,4.48,2254556.87,741728.53,1071084.76,92105.5,349638.07999999996,346685.5,979.86,1972.72,1,0
06,2016,Portland,3.41,2913827.27,608356.46,729743.98,82534.31,1493192.52,1479888.7200000002,10620.93,2682.87,1,0
06,2017,Portland,4.05,2976780.53,564248.25,632640.09,76268.11,1703624.0799999998,1698236.0899999999,4425.629999999999,962.36,1,0
07,2015,Portland,4.57,2023990.55,847408.87,812637.2100000001,73631.63999999998,290312.83,270679.13,19520.7,113.0,1,0
07,2016,Portland,4.88,3221626.6000000006,730470.2200000001,755484.02,84439.62,1651232.74,1643309.32,6910.17,1013.25,1,0
07,2017,Portland,5.5600000000000005,3615394.11,818479.8400000001,1049886.01,73430.53,1673597.7300000002,1398220.5899999999,273532.49,1844.6499999999999,1,0
08,2015,Portland,5.72,2388213.25,856067.05,1054573.79,81549.94,396022.47000000003,395267.66,662.4400000000002,92.37,1,0
08,2016,Portland,3.85,2572299.01,530331.0700000001,636836.48,54957.380000000005,1350174.0799999998,1344891.98,4756.97,525.13,1,0
08,2017,Portland,5.95,2243000.95,586007.33,498459.33,59628.32,1098905.97,818172.03,279663.20999999996,1070.73,1,0
09,2015,Portland,3.94,2051762.11,678655.05,848046.27,54393.97,470666.81999999995,470086.55,313.99,266.28,1,0
09,2016,Portland,3.7,2582401.22,534689.24,594094.17,58966.1,1394651.71,1271182.85,122818.13000000002,650.73,1,0
09,2017,Portland,7.28,1532069.4,410619.83999999997,424450.53,56171.77,640827.26,376892.87,260950.00999999998,2984.3799999999997,1,0
10,2015,Portland,3.88,1997665.97,396828.48000000004,876658.48,106616.84,617562.1699999999,609168.6,5577.84,2815.73,1,0
01,2015,Portland,5.09,158811.61000000002,64316.18,72147.53,10.98,22336.920000000002,1936.6599999999999,20400.26,0.0,0,1
01,2016,Portland,6.859999999999999,130575.53,7518.88,51008.8,50.06999999999999,71997.78,226.57,71771.20999999999,0.0,0,1
01,2017,Portland,4.93,195522.7,18132.28,22748.26,31.13,154611.03,1933.5500000000002,152677.48,0.0,0,1
01,2018,Portland,7.01,95048.23,13428.279999999999,16778.15,10.07,64831.73,5228.8,59518.95,83.97999999999999,0,1
02,2015,Portland,5.319999999999999,151722.71000000002,64593.72,66258.47,77.61000000000001,20792.91,1433.33,19359.58,0.0,0,1
02,2016,Portland,5.67,119227.84999999999,4599.83,51430.700000000004,9.92,63187.4,14035.669999999998,49151.73,0.0,0,1
02,2017,Portland,5.199999999999999,117988.31,13296.04,20762.940000000002,92.53,83836.8,15055.859999999999,68780.94,0.0,0,1
02,2018,Portland,6.41,118023.33000000002,10377.64,20064.65,8.57,87572.47,7920.310000000001,79376.02,276.14,0,1
03,2015,Portland,7.120000000000001,238456.97999999998,67130.18,156150.44,68.31,15108.049999999997,15.14,15092.909999999998,0.0,0,1
03,2016,Portland,4.62,195239.53,5760.7300000000005,65065.95,3.29,124409.56,382.34999999999997,124027.20999999999,0.0,0,1
03,2017,Portland,3.91,205083.66999999998,16933.22,21130.690000000002,31.729999999999997,166988.03,1136.92,165851.11,0.0,0,1
03,2018,Portland,6.73,120464.08000000002,6290.5199999999995,29543.41,5.24,84624.91,7245.719999999999,77334.70999999999,44.480000000000004,0,1
04,2015,Portland,5.92,159743.78,38573.01,93646.6,17.66,27506.510000000002,0.0,27506.510000000002,0.0,0,1
04,2016,Portland,5.29,174683.52,8445.24,92514.98999999999,9.93,73713.36,910.5699999999999,72802.79,0.0,0,1
04,2017,Portland,5.39,249854.89,20992.82,29516.149999999998,295.18,199050.74,921.42,198129.32,0.0,0,1
05,2015,Portland,8.18,148337.29,46996.81,88153.35,5.0,13182.130000000001,0.0,13182.130000000001,0.0,0,1
05,2016,Portland,6.490000000000001,205207.13,10642.88,111804.52999999998,13.38,82746.34,572.2,82174.14,0.0,0,1
05,2017,Portland,4.73,212106.72,22567.07,20677.99,72.68,168788.98,881.43,167907.55,0.0,0,1
06,2015,Portland,6.93,124409.97,33646.41,88008.02,50.11,2705.4300000000003,0.0,2705.4300000000003,0.0,0,1
06,2016,Portland,5.98,140432.97,28658.57,79855.18,70.53999999999999,31848.68,2451.75,29396.93,0.0,0,1
06,2017,Portland,6.619999999999999,164829.91,23370.879999999997,23971.499999999996,60.050000000000004,117427.48000000001,726.8,116700.68000000001,0.0,0,1
07,2015,Portland,7.08,128569.59000000001,33299.16,80825.9,46.31,14398.22,0.0,14398.22,0.0,0,1
07,2016,Portland,8.74,152167.75,26734.559999999998,64312.13999999999,55.92999999999999,61065.119999999995,8195.53,52869.590000000004,0.0,0,1
07,2017,Portland,10.56,159609.83,20182.3,48290.86,43.42999999999999,91093.24,2245.74,88847.5,0.0,0,1
08,2015,Portland,9.27,134069.68000000002,22789.75,88464.34,1.64,22813.95,0.0,22813.95,0.0,0,1
08,2016,Portland,7.05,105693.26,22514.03,46697.42999999999,4.93,36476.869999999995,9889.67,26587.2,0.0,0,1
08,2017,Portland,9.89,78309.90999999999,13107.789999999999,12658.11,54.15,52489.86,6472.35,46010.25,7.26,0,1
09,2015,Portland,7.71,72440.9,9416.85,42236.56,3.3,20784.19,7.34,20776.85,0.0,0,1
09,2016,Portland,5.59,121816.1,16723.17,25932.67,0.0,79160.26000000001,21442.38,57717.880000000005,0.0,0,1
09,2017,Portland,11.32,60034.97,774.97,8647.56,16.31,50596.13,5822.030000000001,44536.58,237.51999999999998,0,1
10,2015,Portland,6.7700000000000005,95817.87,3699.24,60046.159999999996,19.889999999999997,32052.58,77.33,31975.25,0.0,0,1
01,2015,RaleighGreensboro,4.82,864629.3099999999,207075.23,241619.38,156812.09,259122.61000000004,204364.03999999998,54758.57,0.0,1,0
01,2016,RaleighGreensboro,4.83,1343721.05,237132.89999999997,669427.65,139864.58,297295.92000000004,288498.08,8797.84,0.0,1,0
01,2017,RaleighGreensboro,6.069999999999999,1489123.75,417472.28,592175.48,60878.75,418597.24,405275.79000000004,13321.449999999999,0.0,1,0
01,2018,RaleighGreensboro,5.05,1408155.94,397762.1,450350.32,21014.64,539028.88,514726.11000000004,24302.77,0.0,1,0
02,2015,RaleighGreensboro,4.45,1056133.32,279502.57,287195.72,240036.37,249398.66000000003,206667.58,42731.08,0.0,1,0
02,2016,RaleighGreensboro,3.98,1232019.29,268625.33,580796.45,98780.42000000001,283817.09,273886.01999999996,9928.61,2.46,1,0
02,2017,RaleighGreensboro,4.63,1364843.42,366841.63,593384.4,51430.67,353186.72000000003,346012.32,6481.34,693.06,1,0
02,2018,RaleighGreensboro,4.640000000000001,1538639.8900000001,395537.94999999995,445893.29999999993,21767.870000000003,675440.77,639092.7,36348.07,0.0,1,0
03,2015,RaleighGreensboro,6.04,1151919.43,299710.9,311588.16,202861.64,337758.73,335320.44999999995,2438.2799999999997,0.0,1,0
03,2016,RaleighGreensboro,4.43,1151220.6,233534.37,552798.11,75533.53,289354.58999999997,285919.08999999997,3435.5,0.0,1,0
03,2017,RaleighGreensboro,5.54,1141248.4400000002,279717.83,466974.02,30792.120000000003,363764.47,358451.39,5313.08,0.0,1,0
03,2018,RaleighGreensboro,4.640000000000001,1630656.42,381959.54,485243.12,21525.13,741928.63,716025.89,25901.629999999997,1.11,1,0
04,2015,RaleighGreensboro,4.51,1035537.4800000001,283467.22,246817.48,150089.25,355163.52999999997,351501.89,3521.36,140.28,1,0
04,2016,RaleighGreensboro,4.4,1133389.11,240606.45,499445.42,66344.66,326992.58,322603.58,4369.2300000000005,19.770000000000003,1,0
04,2017,RaleighGreensboro,7.119999999999999,1480646.98,396460.83999999997,522235.93999999994,31448.98,530501.22,521631.5800000001,8732.14,137.5,1,0
05,2015,RaleighGreensboro,5.65,1397340.4,361336.92,375964.67000000004,253393.23,406645.57999999996,403463.49,3122.37,59.72,1,0
05,2016,RaleighGreensboro,5.57,1522244.07,307596.43,671933.0700000001,110949.29999999999,431765.27,423214.61,5296.24,3254.4199999999996,1,0
05,2017,RaleighGreensboro,5.46,1317767.07,359258.58999999997,448032.29999999993,30789.43,479686.75,467774.30000000005,11912.45,0.0,1,0
06,2015,RaleighGreensboro,4.59,1066950.26,218573.55,328790.52999999997,169590.44999999998,349995.73,348350.76,1644.9699999999998,0.0,1,0
06,2016,RaleighGreensboro,4.44,1217874.82,263851.08,453065.70999999996,182029.6,318928.43,310047.49,2824.0,6056.9400000000005,1,0
06,2017,RaleighGreensboro,5.31,1167795.43,318785.04000000004,404320.7,27265.510000000002,417424.18,396337.24000000005,8506.94,12580.0,1,0
07,2015,RaleighGreensboro,4.75,1001555.75,177186.75,298638.46,169589.14,356141.4,352108.36,4033.0400000000004,0.0,1,0
07,2016,RaleighGreensboro,6.26,1443329.1600000001,266087.62,573266.5700000001,168517.59999999998,435457.37,388448.31999999995,9154.329999999998,37854.72,1,0
07,2017,RaleighGreensboro,6.39,1470483.15,403849.71,469586.20000000007,31617.83,565429.41,535026.9600000001,15569.11,14833.34,1,0
08,2015,RaleighGreensboro,5.97,1249995.7699999998,246231.62999999998,318968.17,225534.88999999998,459261.07999999996,457436.57000000007,1824.5100000000002,0.0,1,0
08,2016,RaleighGreensboro,5.16,1136699.29,290305.74,431630.56,82964.32,331798.67000000004,323935.99,5691.01,2171.67,1,0
08,2017,RaleighGreensboro,5.569999999999999,1155083.9900000002,327239.2,388729.23,22179.960000000003,416935.6,392671.91000000003,14910.36,9353.33,1,0
09,2015,RaleighGreensboro,4.54,979914.1499999999,217590.13,273645.74,231423.3,257254.97999999998,249359.52,7895.459999999999,0.0,1,0
09,2016,RaleighGreensboro,5.2,1068758.25,326923.02999999997,325314.60000000003,69513.65,347006.97,333296.38,13577.810000000001,132.78,1,0
09,2017,RaleighGreensboro,6.12,1061482.5,274195.02999999997,399953.35,20475.4,366858.72,351473.6,9901.789999999999,5483.33,1,0
10,2015,RaleighGreensboro,4.91,827103.31,198847.78,226299.51,218509.23,183446.79,176467.97999999998,6978.8099999999995,0.0,1,0
01,2015,RaleighGreensboro,7.98,14115.57,228.77,7175.780000000001,2701.29,4009.73,3735.54,274.19,0.0,0,1
01,2016,RaleighGreensboro,8.08,26533.739999999998,750.43,12424.66,2392.91,10965.74,9095.13,1870.6100000000001,0.0,0,1
01,2017,RaleighGreensboro,8.139999999999999,52755.53,921.3500000000001,23118.199999999997,2037.6000000000001,26678.38,25017.26,1661.1200000000001,0.0,0,1
01,2018,RaleighGreensboro,6.3100000000000005,100259.95999999999,556.6899999999999,25732.799999999996,761.64,73208.83,71996.22,1212.61,0.0,0,1
02,2015,RaleighGreensboro,6.9799999999999995,18448.37,146.15,8113.46,3337.3199999999997,6851.4400000000005,6659.83,191.61,0.0,0,1
02,2016,RaleighGreensboro,6.6,17608.010000000002,842.0600000000001,9616.82,1658.37,5490.76,4139.7,1351.06,0.0,0,1
02,2017,RaleighGreensboro,6.42,36914.84,870.65,15833.34,1187.78,19023.07,15679.650000000001,3343.42,0.0,0,1
02,2018,RaleighGreensboro,8.25,54897.079999999994,456.64,21326.68,565.8100000000001,32547.95,31595.239999999998,952.7099999999999,0.0,0,1
03,2015,RaleighGreensboro,8.97,25505.62,711.45,12584.150000000001,4718.0599999999995,7491.960000000001,7161.92,330.04,0.0,0,1
03,2016,RaleighGreensboro,6.18,20224.260000000002,749.13,10596.2,1347.77,7531.16,5473.33,2057.83,0.0,0,1
03,2017,RaleighGreensboro,7.21,32258.92,1046.8400000000001,19402.33,1363.53,10446.220000000001,5671.3099999999995,4774.91,0.0,0,1
03,2018,RaleighGreensboro,7.950000000000001,56285.990000000005,374.21000000000004,24765.92,612.19,30533.67,29183.96,1349.71,0.0,0,1
04,2015,RaleighGreensboro,6.819999999999999,27318.26,436.53999999999996,14702.26,4178.17,8001.289999999999,6095.83,1905.46,0.0,0,1
04,2016,RaleighGreensboro,6.16,24544.44,696.86,12460.58,1486.8999999999999,9900.1,8563.85,1336.25,0.0,0,1
04,2017,RaleighGreensboro,12.010000000000002,51017.270000000004,1243.81,29687.56,1899.39,18186.510000000002,14371.26,3815.2500000000005,0.0,0,1
05,2015,RaleighGreensboro,6.779999999999999,60211.42,793.21,33710.43,9420.619999999999,16287.16,10446.39,5840.77,0.0,0,1
05,2016,RaleighGreensboro,8.03,37043.85,1266.66,18176.170000000002,2171.69,15429.329999999998,13009.67,2419.66,0.0,0,1
05,2017,RaleighGreensboro,10.229999999999999,38048.08,1040.79,22924.11,1356.83,12726.35,10316.949999999999,2409.4,0.0,0,1
06,2015,RaleighGreensboro,7.04,25311.95,740.55,11623.74,3435.67,9511.99,7112.98,2399.0099999999998,0.0,0,1
06,2016,RaleighGreensboro,6.78,38103.770000000004,964.89,14333.939999999999,2122.05,20682.89,17267.4,3415.4900000000002,0.0,0,1
06,2017,RaleighGreensboro,8.27,43540.91,933.52,21289.29,1130.48,20187.62,17079.36,3108.26,0.0,0,1
07,2015,RaleighGreensboro,7.120000000000001,25989.72,514.71,11309.170000000002,3416.8500000000004,10748.99,8350.1,2398.8900000000003,0.0,0,1
07,2016,RaleighGreensboro,8.91,62362.93,1524.44,25980.2,4958.2,29900.09,28204.02,1696.0699999999997,0.0,0,1
07,2017,RaleighGreensboro,10.07,49689.98,819.1000000000001,26803.86,1070.29,20996.73,19249.02,1747.71,0.0,0,1
08,2015,RaleighGreensboro,9.44,32972.33,324.76,16112.59,4253.62,12281.36,11552.439999999999,728.92,0.0,0,1
08,2016,RaleighGreensboro,7.109999999999999,57150.8,1369.96,25398.32,3306.5699999999997,27075.950000000004,23301.22,3774.7299999999996,0.0,0,1
08,2017,RaleighGreensboro,10.489999999999998,50190.11,1082.73,19417.87,587.8299999999999,29101.68,28094.0,1007.6800000000001,0.0,0,1
09,2015,RaleighGreensboro,7.56,22578.46,224.26999999999998,10258.779999999999,2851.4900000000002,9243.92,8980.900000000001,263.02,0.0,0,1
09,2016,RaleighGreensboro,7.26,55800.50000000001,854.9599999999999,20972.190000000002,1984.8400000000001,31988.510000000002,28328.71,3659.7999999999997,0.0,0,1
09,2017,RaleighGreensboro,11.16,52793.3,535.45,18189.770000000004,563.9100000000001,33504.17,31264.14,2240.0299999999997,0.0,0,1
10,2015,RaleighGreensboro,6.859999999999999,23560.480000000003,146.39999999999998,9858.509999999998,3227.85,10327.72,8812.43,1515.29,0.0,0,1
