finalProj/avoPricesNumerical.csv
Month,year,region,AveragePrice,Total Volume,4046,4225,4770,Total Bags,Small Bags,Large Bags,XLarge Bags,type_conventional,type_organic
01,2015,RichmondNorfolk,4.629999999999999,750283.0299999999,236543.22999999998,289415.13,39317.07000000001,185007.6,150615.8,34391.8,0.0,1,0
01,2016,RichmondNorfolk,4.85,1246646.68,397830.84,562014.74,40708.56999999999,246092.53,242670.43,3422.1000000000004,0.0,1,0
01,2017,RichmondNorfolk,5.75,1323507.85,452481.75,494183.76,22947.58,353894.76,347540.26,5791.99,562.51,1,0
01,2018,RichmondNorfolk,4.55,1200999.3199999998,308661.14,437278.06,7018.0599999999995,448042.05999999994,384304.86,63727.200000000004,10.0,1,0
02,2015,RichmondNorfolk,4.26,954429.11,320452.68999999994,389072.35,57529.72,187374.34999999998,167943.11,19431.239999999998,0.0,1,0
02,2016,RichmondNorfolk,3.7199999999999998,1093959.22,340958.77,495505.0,28421.840000000004,229073.61,218534.93,10538.68,0.0,1,0
02,2017,RichmondNorfolk,4.4399999999999995,1157469.3,367955.47,481179.31999999995,17323.36,291011.15,286267.2,4743.950000000001,0.0,1,0
02,2018,RichmondNorfolk,4.18,1276710.6199999999,324881.58999999997,387159.14,7465.179999999999,557204.71,478992.64,75283.73000000001,2928.34,1,0
03,2015,RichmondNorfolk,5.749999999999999,1001505.21,287756.56,425048.04000000004,53691.35,235009.26,234047.93,961.33,0.0,1,0
03,2016,RichmondNorfolk,4.02,999381.78,249593.25000000003,480710.0,24940.98,244137.55,244096.38999999998,27.810000000000002,13.35,1,0
03,2017,RichmondNorfolk,5.21,993578.93,278695.41,380043.58999999997,12246.760000000002,322593.17,316390.89999999997,5852.2699999999995,350.0,1,0
03,2018,RichmondNorfolk,4.22,1316019.77,325704.68,363756.91000000003,7012.589999999999,619545.5900000001,560154.39,55874.67,3516.5299999999997,1,0
04,2015,RichmondNorfolk,4.46,902342.39,283202.43999999994,380570.0,41688.55,196881.4,192903.75,3855.43,122.22,1,0
04,2016,RichmondNorfolk,4.01,935101.04,251517.94,394416.93000000005,24152.47,265013.69999999995,264985.81999999995,3.87,24.01,1,0
04,2017,RichmondNorfolk,6.119999999999999,1347551.91,372589.09,442623.31999999995,11269.6,521069.9,515323.49,5703.99,42.42,1,0
05,2015,RichmondNorfolk,5.140000000000001,1369123.27,446743.11,562672.27,68002.17,291705.72,271980.44,19418.83,306.45,1,0
05,2016,RichmondNorfolk,4.81,1414216.52,380981.32,624383.84,39027.96,369823.4,361965.32999999996,2633.0,5225.07,1,0
05,2017,RichmondNorfolk,4.67,1181705.71,375961.83,363251.68,11289.77,431202.43000000005,412176.4600000001,17894.61,1131.3600000000001,1,0
06,2015,RichmondNorfolk,4.01,1039070.73,360885.53,395426.2,43838.020000000004,238920.98,238034.32,886.6600000000001,0.0,1,0
06,2016,RichmondNorfolk,3.93,1086427.23,292975.69000000006,453800.44000000006,58572.45,281078.65,264999.75,1053.0700000000002,15025.83,1,0
06,2017,RichmondNorfolk,5.18,1007082.04,265474.49,406078.94,8830.699999999999,326697.91000000003,299251.57999999996,7835.780000000001,19610.55,1,0
07,2015,RichmondNorfolk,4.08,970283.54,324335.02,379559.79000000004,52096.88999999999,214291.84000000003,213576.76,715.08,0.0,1,0
07,2016,RichmondNorfolk,5.3100000000000005,1384365.44,442276.01,504373.65,54468.770000000004,383247.01,340439.93,12031.25,30775.83,1,0
07,2017,RichmondNorfolk,5.96,1279481.46,390701.06000000006,416419.35,10273.98,462087.07,425924.31,14671.16,21491.6,1,0
08,2015,RichmondNorfolk,5.260000000000001,1119977.74,366684.96,466776.07999999996,61029.14,225487.56,225487.56,0.0,0.0,1,0
08,2016,RichmondNorfolk,4.390000000000001,1000559.2399999999,361956.93000000005,343897.7,28299.730000000003,266404.88,257526.31,4668.57,4210.0,1,0
08,2017,RichmondNorfolk,5.32,887745.72,214908.40000000002,324570.31,6944.82,341322.19,312962.17,16026.36,12333.66,1,0
09,2015,RichmondNorfolk,3.9999999999999996,881491.7000000001,296828.61,376362.02999999997,57106.45,151194.61,149021.64,2170.27,2.7,1,0
09,2016,RichmondNorfolk,4.69,954096.37,384598.45999999996,303656.81,21254.11,244586.99,238848.78999999998,5578.200000000001,160.0,1,0
09,2017,RichmondNorfolk,5.82,807814.71,181014.46000000002,312921.76,5591.19,308287.30000000005,293350.55000000005,9309.51,5627.24,1,0
10,2015,RichmondNorfolk,4.07,790590.0900000001,268043.93,352651.0,53751.57,116143.59,113987.23999999999,2104.94,51.41,1,0
01,2015,RichmondNorfolk,6.390000000000001,14467.5,687.1800000000001,7889.620000000001,1331.82,4558.88,3569.0699999999997,989.81,0.0,0,1
01,2016,RichmondNorfolk,6.999999999999999,26278.34,591.4200000000001,12853.779999999999,1336.33,11496.81,6305.080000000001,5191.7300000000005,0.0,0,1
01,2017,RichmondNorfolk,7.250000000000001,35130.91,2538.6400000000003,14800.55,1022.72,16768.999999999996,13408.320000000002,3360.6800000000003,0.0,0,1
01,2018,RichmondNorfolk,5.529999999999999,70347.45999999999,1861.9499999999998,14597.210000000001,375.29999999999995,53513.0,49046.36,4466.64,0.0,0,1
02,2015,RichmondNorfolk,6.23,16243.810000000001,401.40000000000003,7800.1900000000005,1781.07,6261.15,5656.67,604.48,0.0,0,1
02,2016,RichmondNorfolk,5.52,18732.37,625.75,9754.2,894.1199999999999,7458.299999999999,4774.04,2684.2599999999998,0.0,0,1
02,2017,RichmondNorfolk,4.79,39974.130000000005,2195.46,12814.47,880.32,24083.879999999997,9950.73,14133.149999999998,0.0,0,1
02,2018,RichmondNorfolk,5.640000000000001,67078.54000000001,1671.85,12893.499999999998,215.51,52297.68000000001,48789.12,3508.5600000000004,0.0,0,1
03,2015,RichmondNorfolk,7.73,24785.059999999998,818.22,12790.759999999998,2284.6499999999996,8891.43,7834.55,1056.8799999999999,0.0,0,1
03,2016,RichmondNorfolk,4.91,28118.059999999994,1003.89,11204.640000000001,844.41,15065.119999999999,6602.47,8462.65,0.0,0,1
03,2017,RichmondNorfolk,5.130000000000001,55518.82000000001,2667.23,15267.43,805.63,36778.53,21158.420000000002,15620.11,0.0,0,1
03,2018,RichmondNorfolk,5.52,63667.350000000006,1515.3500000000001,14138.789999999999,367.15999999999997,47646.05,44188.799999999996,3457.25,0.0,0,1
04,2015,RichmondNorfolk,5.15,29061.92,1500.36,15920.390000000001,1901.8000000000002,9739.369999999999,5795.26,3944.1099999999997,0.0,0,1
04,2016,RichmondNorfolk,4.88,36474.32,964.6400000000001,14842.42,897.8,19769.46,13674.35,6095.11,0.0,0,1
04,2017,RichmondNorfolk,7.33,59977.68,3331.8500000000004,23314.35,1060.4799999999998,32271.0,17488.230000000003,14782.77,0.0,0,1
05,2015,RichmondNorfolk,5.220000000000001,58098.979999999996,1657.74,33313.52,3490.0,19637.72,7867.71,11770.01,0.0,0,1
05,2016,RichmondNorfolk,6.180000000000001,48907.54,1036.71,25463.91,1390.3400000000001,21016.579999999998,11911.869999999999,9104.71,0.0,0,1
05,2017,RichmondNorfolk,6.52,42209.7,2385.31,16880.97,777.76,22165.66,12561.96,9603.7,0.0,0,1
06,2015,RichmondNorfolk,5.32,29053.73,754.67,15108.330000000002,1819.6100000000001,11371.119999999999,4449.29,6921.83,0.0,0,1
06,2016,RichmondNorfolk,4.5,39215.91,742.3,17550.38,1446.7199999999998,19476.510000000002,7053.07,12423.44,0.0,0,1
06,2017,RichmondNorfolk,6.7,46506.350000000006,2773.88,19157.649999999998,524.07,24050.75,13336.64,10714.11,0.0,0,1
07,2015,RichmondNorfolk,5.53,25486.379999999997,420.43,14384.740000000002,1701.12,8980.09,1643.3400000000001,7336.75,0.0,0,1
07,2016,RichmondNorfolk,7.18,42701.340000000004,809.1399999999999,21438.85,2330.8199999999997,18122.53,11391.89,6730.639999999999,0.0,0,1
07,2017,RichmondNorfolk,8.37,65603.23999999999,3040.51,23788.88,728.22,38045.63,32312.559999999998,5733.07,0.0,0,1
08,2015,RichmondNorfolk,8.51,29848.58,492.59999999999997,18848.760000000002,2228.94,8278.28,6103.33,2174.95,0.0,0,1
08,2016,RichmondNorfolk,5.64,39007.95,520.3199999999999,15786.34,1651.0600000000002,21050.23,10852.65,10197.58,0.0,0,1
08,2017,RichmondNorfolk,7.34,48546.490000000005,2145.93,14176.810000000001,359.14,31864.61,28547.33,3317.2799999999997,0.0,0,1
09,2015,RichmondNorfolk,7.210000000000001,16971.2,215.63,12227.710000000001,1459.45,3068.41,2603.33,465.08,0.0,0,1
09,2016,RichmondNorfolk,5.59,41148.11,441.48,15709.740000000002,1088.71,23908.18,12383.95,11524.23,0.0,0,1
09,2017,RichmondNorfolk,7.3999999999999995,55034.509999999995,1775.4099999999999,12051.8,196.5,41010.8,34501.18,6509.62,0.0,0,1
10,2015,RichmondNorfolk,6.279999999999999,19072.93,238.47,9997.78,1585.57,7251.110000000001,4633.33,2617.7799999999997,0.0,0,1
01,2015,Roanoke,4.62,457627.05,186912.35,154459.03,313.5,115942.17000000001,103252.59,12689.58,0.0,1,0
01,2016,Roanoke,4.84,722514.3899999999,260411.75000000003,261070.39999999997,775.48,200256.76,196075.46000000002,2534.64,1646.6599999999999,1,0
01,2017,Roanoke,5.329999999999999,753810.73,223982.56000000003,233215.28999999998,601.84,296011.04,291614.54000000004,4006.4999999999995,390.0,1,0
01,2018,Roanoke,4.27,728444.91,157739.85,209092.55000000002,901.3,360711.20999999996,265812.27,94869.64,29.3,1,0
02,2015,Roanoke,4.18,578672.61,274981.62,189558.09,358.14,113774.76,105614.69,8160.07,0.0,1,0
02,2016,Roanoke,3.7800000000000002,609268.47,194021.54000000004,229317.13,616.86,185312.94,173287.61,12025.33,0.0,1,0
02,2017,Roanoke,4.25,666403.88,190994.14,230584.21999999997,586.79,244238.72999999998,239741.88999999998,4088.51,408.33,1,0
02,2018,Roanoke,3.79,825683.3500000001,212947.89,171402.08000000002,1048.44,440284.94,329346.1,108741.03,2197.81,1,0
03,2015,Roanoke,5.61,586016.1900000001,234865.59,211540.53999999998,448.02,139162.04,137531.53,1627.51,3.0,1,0
03,2016,Roanoke,3.89,577641.54,183838.16999999998,214217.58,471.45,179114.33999999997,176163.71,2950.63,0.0,1,0
03,2017,Roanoke,4.85,581318.39,121436.00000000001,198875.88,470.87,260535.63999999998,256381.5,4154.14,0.0,1,0
03,2018,Roanoke,3.96,834661.19,229636.56999999998,162922.01,895.11,441207.5,357877.32999999996,80759.20999999999,2570.96,1,0
04,2015,Roanoke,4.49,533819.45,229835.40999999997,186101.92,617.21,117264.91,114481.23,2783.6800000000003,0.0,1,0
04,2016,Roanoke,3.74,561730.78,159644.58000000002,181560.61000000002,503.95000000000005,220021.63999999998,211470.0,8506.29,45.349999999999994,1,0
04,2017,Roanoke,6.07,782543.45,153769.08000000002,226129.75999999998,356.74,402287.87,390148.42,12026.949999999999,112.5,1,0
05,2015,Roanoke,5.33,700962.15,275388.04,251093.8,467.81,174012.5,166968.04,7044.460000000001,0.0,1,0
05,2016,Roanoke,4.51,838606.4299999999,237105.53,306637.15,1622.92,293240.83,279261.18,10946.369999999999,3033.28,1,0
05,2017,Roanoke,4.17,724448.01,187498.01,170965.33,482.51,365502.16000000003,330852.52999999997,34526.299999999996,123.33,1,0
06,2015,Roanoke,4.16,554270.38,218739.56,184124.72,272.03000000000003,151134.07,150637.03,497.04,0.0,1,0
06,2016,Roanoke,3.9699999999999998,603153.34,157173.29,219744.52000000002,503.36999999999995,225732.15999999997,212746.15,1061.57,11924.44,1,0
06,2017,Roanoke,4.699999999999999,605073.47,125690.44,196477.34000000003,365.14,282540.55,257533.85,16976.45,8030.25,1,0
07,2015,Roanoke,4.19,518505.66000000003,202858.18000000002,173845.7,3460.39,138341.38999999998,138341.38999999998,0.0,0.0,1,0
07,2016,Roanoke,5.15,761687.8200000001,220845.05,240673.94,586.23,299582.6,255465.63999999998,22683.63,21433.33,1,0
07,2017,Roanoke,5.86,738440.43,162598.8,210371.55,1046.91,364423.17,330017.84,22142.1,12263.230000000001,1,0
08,2015,Roanoke,5.52,582364.25,212734.66999999998,221218.57,1159.38,147251.63,145403.88,1847.75,0.0,1,0
08,2016,Roanoke,4.15,590472.5,179914.89,177154.71,433.37,232969.53,212038.31,17111.22,3820.0,1,0
08,2017,Roanoke,5.51,483746.97,112756.79000000001,153259.2,472.03000000000003,217258.94999999998,192214.05,19073.239999999998,5971.66,1,0
09,2015,Roanoke,4.09,513773.32999999996,221881.77999999997,186764.16000000003,532.19,104595.2,104531.12,54.92,9.16,1,0
09,2016,Roanoke,4.16,605594.24,219823.36000000002,159165.94,480.76,226124.18,212255.94,13498.239999999998,370.0,1,0
09,2017,Roanoke,5.99,456899.82999999996,104543.87999999999,141849.53000000003,303.55,210202.87,189183.04,17652.36,3367.47,1,0
10,2015,Roanoke,4.02,460909.93,210682.68999999997,157343.09,546.49,92337.66,91903.89000000001,433.77,0.0,1,0
01,2015,Roanoke,5.81,20575.440000000002,366.67,15424.76,0.0,4784.01,3331.48,1452.53,0.0,0,1
01,2016,Roanoke,6.7700000000000005,26346.07,497.67,13879.059999999998,0.0,11969.34,3543.7699999999995,8425.57,0.0,0,1
01,2017,Roanoke,7.06,30068.59,1244.4199999999998,14624.5,0.0,14199.669999999998,9031.94,5167.7300000000005,0.0,0,1
01,2018,Roanoke,6.33,34670.65,887.6300000000001,7984.030000000001,0.0,25798.99,20142.739999999998,5656.25,0.0,0,1
02,2015,Roanoke,5.76,19299.39,416.69999999999993,13723.119999999999,0.0,5159.57,4363.33,796.24,0.0,0,1
02,2016,Roanoke,5.17,21622.6,400.83000000000004,12852.57,0.0,8369.2,2809.2999999999997,5559.9,0.0,0,1
02,2017,Roanoke,3.7299999999999995,45906.340000000004,914.55,13749.419999999998,0.0,31242.370000000003,8041.039999999999,23201.33,0.0,0,1
02,2018,Roanoke,6.0200000000000005,34632.07,669.6,7852.529999999999,0.0,26109.94,21876.83,4233.11,0.0,0,1
03,2015,Roanoke,7.18,30523.699999999997,408.18000000000006,22567.68,0.0,7547.84,5483.33,2064.51,0.0,0,1
03,2016,Roanoke,4.7,30004.14,569.28,12813.77,0.0,16621.09,3838.05,12783.039999999999,0.0,0,1
03,2017,Roanoke,3.87,48068.57,1116.0,9601.65,0.0,37350.92,9103.050000000001,28247.87,0.0,0,1
03,2018,Roanoke,6.49,32677.73,525.5799999999999,8956.54,0.0,23195.61,19692.08,3503.53,0.0,0,1
04,2015,Roanoke,4.4399999999999995,42708.96,742.39,31178.52,0.0,10788.05,3908.6299999999997,6879.42,0.0,0,1
04,2016,Roanoke,4.58,36697.42,470.80000000000007,14831.840000000002,0.0,21394.78,10803.66,10591.12,0.0,0,1
04,2017,Roanoke,6.77,51325.46,1768.01,13607.79,0.0,35949.659999999996,12304.489999999998,23645.17,0.0,0,1
05,2015,Roanoke,4.49,104130.4,1000.3,70124.14,0.0,33005.96,6674.83,26331.13,0.0,0,1
05,2016,Roanoke,5.8100000000000005,42994.62,705.8199999999999,20369.42,0.0,21919.379999999997,7713.349999999999,14206.029999999999,0.0,0,1
05,2017,Roanoke,6.489999999999999,32824.479999999996,1207.26,9442.71,0.0,22174.51,9476.6,12697.91,0.0,0,1
06,2015,Roanoke,4.88,40112.43,548.4200000000001,22721.91,0.0,16842.1,4020.0,12822.099999999999,0.0,0,1
06,2016,Roanoke,4.47,40975.58,419.12,15655.51,0.0,24900.95,4532.8099999999995,20368.14,0.0,0,1
06,2017,Roanoke,5.890000000000001,34848.009999999995,1236.73,11832.86,0.0,21778.420000000002,6462.67,15315.750000000002,0.0,0,1
07,2015,Roanoke,5.04,32238.51,541.0,19244.61,0.0,12452.9,1176.66,11276.24,0.0,0,1
07,2016,Roanoke,7.050000000000001,40185.96,736.7,21859.82,0.0,17589.44,6686.65,10902.79,0.0,0,1
07,2017,Roanoke,8.12,38999.060000000005,1458.75,12530.7,0.0,25009.61,15093.93,9915.68,0.0,0,1
08,2015,Roanoke,8.37,35240.259999999995,537.23,25852.05,0.0,8850.98,4020.0,4830.9800000000005,0.0,0,1
08,2016,Roanoke,4.91,41614.240000000005,353.06,15175.48,0.0,26085.7,5762.33,20323.370000000003,0.0,0,1
08,2017,Roanoke,8.06,27925.45,1242.65,7656.57,0.0,19026.230000000003,15106.080000000002,3920.1499999999996,0.0,0,1
09,2015,Roanoke,7.140000000000001,23437.05,276.53000000000003,19135.100000000002,0.0,4025.42,2816.66,1208.76,0.0,0,1
09,2016,Roanoke,5.09,42436.409999999996,307.31,15028.59,0.0,27100.510000000002,7340.57,19759.940000000002,0.0,0,1
09,2017,Roanoke,8.44,31703.260000000002,1075.87,6896.849999999999,0.0,23730.54,14799.98,8930.56,0.0,0,1
10,2015,Roanoke,5.869999999999999,23535.32,260.52,14083.16,0.0,9191.64,2656.67,6534.970000000001,0.0,0,1
