finalProj/avoPricesNumerical.csv
Month,year,region,AveragePrice,Total Volume,4046,4225,4770,Total Bags,Small Bags,Large Bags,XLarge Bags,type_conventional,type_organic
01,2015,Sacramento,4.55,1586706.17,404449.16,990775.9500000001,30011.61,161469.45,161462.78,6.67,0.0,1,0
01,2016,Sacramento,5.390000000000001,2227159.32,569695.1799999999,1274781.34,84062.97,298619.83,298564.52,49.5,5.8100000000000005,1,0
01,2017,Sacramento,5.390000000000001,2549028.96,819971.1400000001,1460699.3299999998,11728.059999999998,256630.43,241061.24000000002,9283.08,6286.110000000001,1,0
01,2018,Sacramento,5.13,2029504.32,623677.74,1143703.1,4561.37,257562.11,229892.78,4149.030000000001,23520.3,1,0
02,2015,Sacramento,4.289999999999999,1990602.25,704296.29,1078175.5699999998,46976.54,161153.85,161153.85,0.0,0.0,1,0
02,2016,Sacramento,4.17,2103230.09,660619.9,1060093.23,90739.6,291777.36,291617.16000000003,78.65,81.55000000000001,1,0
02,2017,Sacramento,4.34,2163495.78,785127.1699999999,1136284.26,36347.08,205737.27000000002,199751.47,481.03000000000003,5504.7699999999995,1,0
02,2018,Sacramento,4.11,2536741.99,787444.21,1440522.04,4090.63,304685.11,271320.99,8524.800000000001,24839.320000000003,1,0
03,2015,Sacramento,5.6899999999999995,2064641.4999999998,627146.54,1084589.9100000001,69267.92,283637.13,283598.4,38.73,0.0,1,0
03,2016,Sacramento,4.63,1748356.29,533471.9099999999,895811.2000000001,77592.87000000001,241480.31,241407.71,40.67,31.93,1,0
03,2017,Sacramento,6.090000000000001,1533572.9700000002,539510.79,782866.58,9719.810000000001,201475.78999999998,194186.45,608.02,6681.32,1,0
03,2018,Sacramento,4.629999999999999,2194289.8600000003,622485.4500000001,1144160.43,3546.92,424097.06000000006,396255.36,5438.91,22402.790000000005,1,0
04,2015,Sacramento,4.93,1569478.6400000001,458751.59,870291.88,54524.99999999999,185910.16999999998,185816.34,93.83000000000001,0.0,1,0
04,2016,Sacramento,4.36,1925790.57,612604.09,1003728.9500000001,84529.32,224928.21000000002,223879.41,119.63,929.1700000000001,1,0
04,2017,Sacramento,7.740000000000001,1950358.46,694086.74,1006019.94,5103.8,245147.98,233840.96000000002,539.95,10767.07,1,0
05,2015,Sacramento,5.799999999999999,2336589.86,719362.96,1327875.96,65545.28,223805.65999999997,223592.81,8.68,204.17,1,0
05,2016,Sacramento,5.51,2467420.79,791106.95,1289876.72,102969.19000000002,283467.93,279542.58,124.18,3801.17,1,0
05,2017,Sacramento,6.15,1856492.69,610995.45,1024406.23,5618.95,215472.06,205060.94999999998,1926.3899999999999,8484.720000000001,1,0
06,2015,Sacramento,4.93,1713586.5,572999.0599999999,859377.6200000001,56447.21000000001,224762.61,224758.16999999998,4.44,0.0,1,0
06,2016,Sacramento,4.77,1995050.47,633069.51,1038488.5800000001,86749.93000000001,236742.45,234746.29,32.129999999999995,1964.0300000000002,1,0
06,2017,Sacramento,6.25,1810305.72,657004.76,898205.36,33001.479999999996,222094.12,207870.23,2236.94,11986.949999999999,1,0
07,2015,Sacramento,5.1000000000000005,1762815.7400000002,551777.47,934736.79,45680.11,230621.37,230435.05000000002,33.54,152.78,1,0
07,2016,Sacramento,6.63,2442805.7800000003,742246.27,1281021.2199999997,95858.56999999999,323679.72,323011.36,28.08,640.28,1,0
07,2017,Sacramento,7.44,2423431.62,788914.85,1364633.38,35526.58,234356.81000000003,220787.32,4846.15,8723.34,1,0
08,2015,Sacramento,6.470000000000001,2003700.2300000002,641292.57,1048655.1800000002,71533.0,242219.48,242190.42,29.060000000000002,0.0,1,0
08,2016,Sacramento,5.16,1844805.04,635884.14,983384.21,43285.53,182251.16,181834.19,28.08,388.89,1,0
08,2017,Sacramento,6.590000000000001,1600115.7700000003,531339.0,874446.95,11404.19,182925.63,172613.77000000002,3813.1800000000003,6498.68,1,0
09,2015,Sacramento,4.98,1555112.05,402248.5800000001,916340.69,58150.43,178372.34999999998,178359.27,13.080000000000002,0.0,1,0
09,2016,Sacramento,5.390000000000001,1732452.73,554355.52,941835.63,15961.470000000001,220300.11,211472.94999999998,1884.65,6942.509999999999,1,0
09,2017,Sacramento,6.7299999999999995,1388655.54,458181.06999999995,767424.25,4812.53,158237.69,154254.26,2845.8599999999997,1137.5700000000002,1,0
10,2015,Sacramento,4.93,1402879.8599999999,349353.66,836161.04,51139.78,166225.37999999998,166225.37999999998,0.0,0.0,1,0
01,2015,Sacramento,5.17,63752.67999999999,27625.07,33089.490000000005,0.0,3038.12,3038.12,0.0,0.0,0,1
01,2016,Sacramento,8.54,38852.03999999999,6819.400000000001,30357.309999999998,0.0,1675.33,1675.33,0.0,0.0,0,1
01,2017,Sacramento,10.610000000000001,29359.02,8494.07,19239.190000000002,12.15,1613.6100000000001,1606.94,6.67,0.0,0,1
01,2018,Sacramento,7.390000000000001,33016.61,11138.189999999999,14115.07,0.0,7763.35,7763.35,0.0,0.0,0,1
02,2015,Sacramento,5.859999999999999,38093.15,19482.96,15822.45,0.0,2787.7400000000002,2784.4100000000003,3.33,0.0,0,1
02,2016,Sacramento,7.749999999999999,30766.370000000003,4347.07,25408.920000000002,0.0,1010.3799999999999,1000.81,9.57,0.0,0,1
02,2017,Sacramento,8.23,25263.8,7476.57,15908.93,1.34,1876.96,1876.96,0.0,0.0,0,1
02,2018,Sacramento,7.03,34512.89,9240.470000000001,15209.1,0.0,10063.32,10053.33,9.99,0.0,0,1
03,2015,Sacramento,7.61,81931.94,44098.01,36852.04,0.0,981.89,981.89,0.0,0.0,0,1
03,2016,Sacramento,7.949999999999999,32407.409999999996,5627.2300000000005,25364.309999999998,0.0,1415.87,1412.54,3.33,0.0,0,1
03,2017,Sacramento,9.76,24559.14,7260.66,14559.039999999999,2.68,2736.76,2736.76,0.0,0.0,0,1
03,2018,Sacramento,7.039999999999999,39684.09,8565.36,14611.369999999999,0.0,16507.36,16487.27,20.090000000000003,0.0,0,1
04,2015,Sacramento,6.56,36021.97,18340.15,17092.21,0.0,589.61,589.61,0.0,0.0,0,1
04,2016,Sacramento,8.04,33297.83,6200.14,25838.899999999998,0.0,1258.79,1258.79,0.0,0.0,0,1
04,2017,Sacramento,11.709999999999999,31898.02,10445.080000000002,17515.2,1.35,3936.3900000000003,3922.65,13.74,0.0,0,1
05,2015,Sacramento,7.71,71026.45,36759.89,32634.3,0.0,1632.26,1632.26,0.0,0.0,0,1
05,2016,Sacramento,8.53,55465.619999999995,10855.4,42852.53,0.0,1757.69,1757.69,0.0,0.0,0,1
05,2017,Sacramento,9.809999999999999,23195.22,8285.27,11887.029999999999,4.03,3018.89,2965.79,53.1,0.0,0,1
06,2015,Sacramento,7.32,38870.86,19843.769999999997,18295.92,0.0,731.17,731.17,0.0,0.0,0,1
06,2016,Sacramento,8.11,32767.170000000002,6935.91,24506.8,0.0,1324.46,1324.46,0.0,0.0,0,1
06,2017,Sacramento,9.78,26009.09,8976.279999999999,13570.359999999999,0.0,3462.45,3447.89,14.560000000000002,0.0,0,1
07,2015,Sacramento,7.68,41220.24,15768.55,24453.78,0.0,997.9100000000001,997.9100000000001,0.0,0.0,0,1
07,2016,Sacramento,10.739999999999998,39895.33,8454.77,29785.14,5.32,1650.1,1650.1,0.0,0.0,0,1
07,2017,Sacramento,10.7,25955.64,6262.84,11412.31,2.7,8277.79,8257.27,20.520000000000003,0.0,0,1
08,2015,Sacramento,10.299999999999999,37420.18,10943.76,25057.010000000002,0.0,1419.41,1419.41,0.0,0.0,0,1
08,2016,Sacramento,8.58,28504.43,5920.17,21296.510000000002,2.66,1285.0900000000001,1261.76,23.33,0.0,0,1
08,2017,Sacramento,8.9,30979.11,8276.630000000001,11192.93,1.31,11508.24,11492.6,15.64,0.0,0,1
09,2015,Sacramento,8.120000000000001,24449.16,5155.23,18666.629999999997,0.0,627.3,627.3,0.0,0.0,0,1
09,2016,Sacramento,8.729999999999999,27991.66,6232.200000000001,20403.59,15.92,1339.95,1319.95,20.0,0.0,0,1
09,2017,Sacramento,7.92,32784.380000000005,11870.75,13691.97,0.0,7221.66,7218.33,3.33,0.0,0,1
10,2015,Sacramento,8.11,22566.36,4982.120000000001,16752.0,0.0,832.24,832.24,0.0,0.0,0,1
01,2015,SanDiego,3.79,1873929.35,1015580.36,662613.32,55655.38,140080.28999999998,120627.64000000001,17986.46,1466.19,1,0
01,2016,SanDiego,3.82,3068038.0100000002,803329.85,950297.39,102908.62,1211502.15,883305.52,328196.63,0.0,1,0
01,2017,SanDiego,4.15,3195519.59,1048582.73,1073563.1,74305.3,999068.46,870006.76,123814.47,5247.2300000000005,1,0
01,2018,SanDiego,4.92,1931216.6099999999,713798.29,633199.46,75600.84,508618.02,478596.05000000005,20035.32,9986.65,1,0
02,2015,SanDiego,3.69,2142933.62,1191976.27,720324.0,59760.850000000006,170872.5,148917.71,21234.02,720.77,1,0
02,2016,SanDiego,3.06,2690966.75,695802.0800000001,746386.51,90642.82,1158135.34,862704.76,295430.58,0.0,1,0
02,2017,SanDiego,3.1799999999999997,2607282.2199999997,832613.93,796674.5,67141.59,910852.2,890589.78,18998.53,1263.8899999999999,1,0
02,2018,SanDiego,4.11,2403351.31,861319.4200000002,737354.9199999999,74649.33,730027.64,691535.1799999999,28122.46,10370.0,1,0
03,2015,SanDiego,4.88,2506078.37,1359352.45,852063.83,75393.32,219268.77000000002,177849.47999999998,41379.06,40.230000000000004,1,0
03,2016,SanDiego,3.21,2460845.69,654461.51,647898.39,90625.76000000001,1067860.03,830489.3599999999,237370.66999999998,0.0,1,0
03,2017,SanDiego,4.8100000000000005,1853836.04,605033.9199999999,577372.54,81668.95999999999,589760.62,582315.11,3166.34,4279.17,1,0
03,2018,SanDiego,4.4,2103092.97,609932.53,658822.9000000001,61856.64,772480.8999999999,733258.48,30390.2,8832.22,1,0
04,2015,SanDiego,4.2700000000000005,1909216.02,1015620.27,650915.94,58301.08,184378.72999999998,114913.18,69348.5,117.05000000000001,1,0
04,2016,SanDiego,3.27,2361647.21,784380.59,657188.19,92354.46,827723.9700000001,639935.6,187788.37,0.0,1,0
04,2017,SanDiego,6.09,2380766.28,760953.78,666340.89,118699.31,834772.3,822051.27,7985.469999999999,4735.56,1,0
05,2015,SanDiego,4.65,2840522.5599999996,1739404.55,825123.77,63979.67999999999,212014.56000000003,191666.71000000002,20347.85,0.0,1,0
05,2016,SanDiego,4.02,3028315.08,968320.02,959158.2899999999,120225.26000000001,980611.51,587583.74,390382.77,2644.9999999999995,1,0
05,2017,SanDiego,4.67,2184010.04,766034.9500000001,562588.72,82932.61,772453.76,758779.55,380.01,13294.199999999999,1,0
06,2015,SanDiego,3.72,2328012.5,1445727.35,635592.31,60387.64,186305.2,168751.56,17553.64,0.0,1,0
06,2016,SanDiego,3.58,2427543.29,837080.97,639574.49,116177.83000000002,834710.0,738584.5399999999,93670.31,2455.15,1,0
06,2017,SanDiego,4.45,2260771.9000000004,789572.59,562391.22,79161.24,829646.8499999999,817067.09,907.9599999999999,11671.8,1,0
07,2015,SanDiego,4.4,2035923.45,1117395.6400000001,674732.45,66536.09,177259.27,163183.28,14075.990000000002,0.0,1,0
07,2016,SanDiego,5.4799999999999995,2785992.05,864224.76,888804.49,113844.83,919117.9700000001,812889.7599999999,101223.26,5004.95,1,0
07,2017,SanDiego,6.859999999999999,2508821.2800000003,963770.71,725353.96,103337.0,716359.6100000001,685006.19,16233.76,15119.66,1,0
08,2015,SanDiego,5.340000000000001,2595883.31,1370070.64,932639.5,84557.89,208615.28,201859.69999999998,6755.58,0.0,1,0
08,2016,SanDiego,4.17,2232683.62,788613.3200000001,606951.52,63264.74,773854.0399999999,711973.9099999999,61313.46000000001,566.67,1,0
08,2017,SanDiego,6.02,1711130.2400000002,674731.25,536897.9,86054.91,413446.18000000005,382511.15,25200.300000000003,5734.73,1,0
09,2015,SanDiego,4.1,1907461.25,861565.3200000001,783910.2699999999,85044.31,176941.35,162383.99000000002,14557.36,0.0,1,0
09,2016,SanDiego,4.37,2072599.37,716392.24,583486.1000000001,53262.66,719458.37,665967.06,50808.81,2682.5,1,0
09,2017,SanDiego,6.68,1425746.44,534172.6,521479.68000000005,75537.45999999999,294556.7,277040.68,17086.07,429.95,1,0
10,2015,SanDiego,4.15,1752577.8499999999,727528.81,774244.59,74388.12,176416.33000000002,163826.43,12585.8,4.1,1,0
01,2015,SanDiego,4.83,64784.69,57362.439999999995,2553.1000000000004,4.3100000000000005,4864.84,4864.84,0.0,0.0,0,1
01,2016,SanDiego,6.9,62539.66,7817.46,32453.33,12.78,22256.09,3041.37,19214.72,0.0,0,1
01,2017,SanDiego,7.7299999999999995,73140.87,9774.640000000001,41504.4,4.86,21856.97,9148.42,12708.55,0.0,0,1
01,2018,SanDiego,7.73,74772.68,10670.93,41271.61,0.0,22830.14,22830.14,0.0,0.0,0,1
02,2015,SanDiego,5.33,58218.39,51757.81999999999,3107.42,2.89,3350.2599999999998,3350.2599999999998,0.0,0.0,0,1
02,2016,SanDiego,5.11,69130.48,4478.48,35175.55,25.560000000000002,29450.89,20334.32,9116.57,0.0,0,1
02,2017,SanDiego,6.029999999999999,63016.59999999999,5164.349999999999,39320.47,0.0,18531.780000000002,13179.0,5352.78,0.0,0,1
02,2018,SanDiego,7.57,74020.14,4480.32,38669.369999999995,0.0,30870.449999999997,30857.120000000003,13.33,0.0,0,1
03,2015,SanDiego,6.75,60139.32000000001,46217.42,11084.859999999999,0.0,2837.04,2837.04,0.0,0.0,0,1
03,2016,SanDiego,5.34,70814.28,6797.58,39852.94,7.97,24155.79,12956.49,11199.3,0.0,0,1
03,2017,SanDiego,6.79,74400.07,5940.64,42180.29,9.9,26269.239999999998,4865.299999999999,21403.940000000002,0.0,0,1
03,2018,SanDiego,6.74,87396.78,4589.11,46235.61,0.0,36572.060000000005,36568.73,3.33,0.0,0,1
04,2015,SanDiego,6.0200000000000005,42803.46,13379.009999999998,26347.039999999997,0.0,3077.4100000000003,3077.4100000000003,0.0,0.0,0,1
04,2016,SanDiego,4.99,77138.06999999999,6260.21,40449.329999999994,9.49,30419.04,25329.04,5090.0,0.0,0,1
04,2017,SanDiego,9.7,76372.29000000001,6479.21,49464.240000000005,4.890000000000001,20423.95,10239.66,10184.29,0.0,0,1
05,2015,SanDiego,7.340000000000001,54886.479999999996,12986.04,36201.11,0.0,5699.33,5699.33,0.0,0.0,0,1
05,2016,SanDiego,6.86,96560.16,8850.689999999999,50756.75,4.81,36947.909999999996,36698.6,249.31,0.0,0,1
05,2017,SanDiego,7.8999999999999995,67265.12,4500.219999999999,44008.13,6.64,18750.13,18654.52,95.61,0.0,0,1
06,2015,SanDiego,6.15,45813.46,11482.83,32037.309999999998,3.44,2289.88,2289.88,0.0,0.0,0,1
06,2016,SanDiego,5.949999999999999,77381.25,11477.37,43008.049999999996,8.1,22887.73,22679.7,208.03,0.0,0,1
06,2017,SanDiego,7.3,65859.31,4341.54,37331.899999999994,3.1900000000000004,24182.68,24120.65,62.03,0.0,0,1
07,2015,SanDiego,6.92,45547.99,11696.93,32203.379999999997,0.0,1647.68,1647.68,0.0,0.0,0,1
07,2016,SanDiego,8.49,87836.64000000001,10168.900000000001,49355.43,9.91,28302.4,23404.239999999998,4898.160000000001,0.0,0,1
07,2017,SanDiego,10.889999999999999,79446.75,4444.13,46566.55,0.0,28436.07,28371.440000000002,64.63,0.0,0,1
08,2015,SanDiego,9.120000000000001,48111.380000000005,12380.83,32841.29,0.0,2889.26,2889.26,0.0,0.0,0,1
08,2016,SanDiego,7.199999999999999,62327.97,11536.86,31693.89,4.95,19092.27,6077.24,13015.03,0.0,0,1
08,2017,SanDiego,9.68,50744.91,4383.96,27569.53,0.0,18791.42,18754.760000000002,36.66,0.0,0,1
09,2015,SanDiego,7.049999999999999,38886.01,11121.720000000001,26106.420000000002,0.0,1657.8700000000001,1654.5400000000002,3.33,0.0,0,1
09,2016,SanDiego,7.88,54259.44,6685.92,38064.36,0.0,9509.16,7663.68,1845.48,0.0,0,1
09,2017,SanDiego,9.0,54783.44,8099.03,39427.939999999995,0.0,7256.469999999999,7256.469999999999,0.0,0.0,0,1
10,2015,SanDiego,7.17,32702.97,7534.139999999999,23021.229999999996,0.0,2147.6,2142.13,5.47,0.0,0,1
