finalProj/avoPricesNumerical.csv
Month,year,region,AveragePrice,Total Volume,4046,4225,4770,Total Bags,Small Bags,Large Bags,XLarge Bags,type_conventional,type_organic
01,2015,SanFrancisco,4.45,3291516.4,569806.4099999999,2343816.4699999997,47073.46,330820.06,328275.59,2415.56,128.91,1,0
01,2016,SanFrancisco,5.7,4066956.05,841918.52,2609001.36,209103.17,406933.0,404743.63999999996,2031.1999999999998,158.16,1,0
01,2017,SanFrancisco,5.47,4848376.71,1336248.6199999999,3110708.3,28177.76,373242.03,333854.63,21674.629999999997,17712.77,1,0
01,2018,SanFrancisco,5.06,4058748.24,909153.44,2590980.46,10552.400000000001,548061.9400000001,535441.4199999999,1531.95,11088.570000000002,1,0
02,2015,SanFrancisco,4.29,3753715.66,962981.16,2395580.67,95909.09999999999,299244.73,295793.0,3213.34,238.39,1,0
02,2016,SanFrancisco,4.67,3675925.0999999996,950244.8900000001,2170801.41,193183.39999999997,361695.4,358866.64,2716.67,112.09,1,0
02,2017,SanFrancisco,4.329999999999999,4079335.54,1304845.71,2382540.62,83105.59,308843.62000000005,291278.47000000003,3981.05,13584.1,1,0
02,2018,SanFrancisco,4.39,4662412.96,1305072.31,2786256.64,10639.79,560444.22,546365.26,1328.7400000000002,12750.220000000001,1,0
03,2015,SanFrancisco,5.86,4234101.46,997606.4,2624445.44,136298.81,475750.81,471412.65,4141.27,196.89000000000001,1,0
03,2016,SanFrancisco,5.57,2986840.96,771560.03,1650750.73,207284.41999999998,357245.78,353882.95,3174.4700000000003,188.36,1,0
03,2017,SanFrancisco,6.97,2550183.75,767142.67,1396411.9,32889.67,353739.51,338083.11,2135.27,13521.130000000001,1,0
03,2018,SanFrancisco,4.84,3936217.58,1069924.51,2191462.11,9931.66,664899.3,648455.71,1761.49,14682.1,1,0
04,2015,SanFrancisco,5.28,2972085.9,545563.74,1985776.73,121733.43999999999,319011.99,313429.70999999996,4929.51,652.77,1,0
04,2016,SanFrancisco,4.89,3419240.98,905541.19,1931400.35,248043.30000000002,334256.14,327885.86,3522.31,2847.9700000000003,1,0
04,2017,SanFrancisco,8.459999999999999,3490442.51,957074.9899999999,2092578.3599999999,23902.79,416886.37,406512.98,1665.4700000000003,8707.92,1,0
05,2015,SanFrancisco,6.28,4218661.53,901603.54,2809099.03,142111.80000000002,365847.16,360480.69999999995,5052.570000000001,313.89,1,0
05,2016,SanFrancisco,6.07,4443618.96,1367711.24,2420580.42,273043.8,382283.5,373275.12999999995,4448.67,4559.7,1,0
05,2017,SanFrancisco,6.83,2925582.92,745991.4,1762811.04,20836.51,395943.97000000003,379439.77,3709.75,12794.449999999999,1,0
06,2015,SanFrancisco,5.880000000000001,2775735.33,664821.29,1653565.8900000001,128331.35999999999,329016.79,325042.5,3974.29,0.0,1,0
06,2016,SanFrancisco,5.74,3220012.4000000004,911587.3899999999,1771293.02,200852.52,336279.47000000003,329547.8,3844.3599999999997,2887.31,1,0
06,2017,SanFrancisco,6.93,2794355.1,780263.1699999999,1573480.38,56179.8,384431.75,368033.68,4911.4,11486.67,1,0
07,2015,SanFrancisco,6.0600000000000005,2694201.84,614682.8900000001,1634528.67,92262.86000000002,352727.42000000004,348832.29000000004,3471.52,423.61,1,0
07,2016,SanFrancisco,7.33,4170583.35,996383.9299999999,2526940.93,240513.46999999997,406745.02,397306.52,3703.7900000000004,5734.710000000001,1,0
07,2017,SanFrancisco,8.09,3720843.1999999997,878426.88,2393822.34,64152.67999999999,384441.3,363425.77,5523.58,15491.95,1,0
08,2015,SanFrancisco,7.84,3127377.65,774786.65,1830591.2799999998,136404.13999999998,385595.58,381102.36,4493.22,0.0,1,0
08,2016,SanFrancisco,5.180000000000001,3506153.74,1025935.9299999999,2105769.1,98374.14,276074.57,268110.47,3616.8799999999997,4347.22,1,0
08,2017,SanFrancisco,7.07,2706648.4299999997,619738.85,1708374.24,30118.710000000003,348416.63,333121.31,2895.69,12399.630000000001,1,0
09,2015,SanFrancisco,6.01,2480849.25,567470.11,1482515.8299999998,141096.36,289766.95,286361.24,3271.5299999999997,134.18,1,0
09,2016,SanFrancisco,5.829999999999999,3386959.1,809625.65,2185497.2199999997,39263.04,352573.19,342288.5,6324.400000000001,3960.29,1,0
09,2017,SanFrancisco,7.0600000000000005,2658566.2199999997,556580.06,1745350.3800000001,14617.369999999999,342018.41000000003,338531.93000000005,894.25,2592.23,1,0
10,2015,SanFrancisco,5.69,2474739.3000000003,498440.54,1582216.7599999998,128403.68999999999,265678.31,262430.06,3101.12,147.13,1,0
01,2015,SanFrancisco,4.91,120936.65000000001,74457.73999999999,45284.06999999999,0.0,1194.8400000000001,1194.8400000000001,0.0,0.0,0,1
01,2016,SanFrancisco,10.0,103368.62000000001,6229.129999999999,95840.20999999999,0.0,1299.28,935.72,363.56,0.0,0,1
01,2017,SanFrancisco,12.55,93360.15999999999,35077.42,44113.64,5.72,14163.380000000001,14144.329999999998,19.049999999999997,0.0,0,1
01,2018,SanFrancisco,7.25,105744.33,51872.22,43807.03,0.0,10065.08,10065.08,0.0,0.0,0,1
02,2015,SanFrancisco,5.35,147568.63,97981.9,48576.94,0.0,1009.7900000000001,1009.7900000000001,0.0,0.0,0,1
02,2016,SanFrancisco,8.97,92796.76000000001,4544.860000000001,88067.7,0.0,184.2,177.53,6.67,0.0,0,1
02,2017,SanFrancisco,9.299999999999999,83160.05,32027.67,38966.28,11.64,12154.460000000003,12154.460000000003,0.0,0.0,0,1
02,2018,SanFrancisco,7.92,95805.95999999999,43022.82000000001,42703.159999999996,0.0,10079.98,10076.650000000001,3.33,0.0,0,1
03,2015,SanFrancisco,7.1,140786.68,93052.79,47669.25000000001,0.0,64.64,64.64,0.0,0.0,0,1
03,2016,SanFrancisco,9.14,100407.32999999999,5527.21,88678.65,0.0,6201.47,6201.47,0.0,0.0,0,1
03,2017,SanFrancisco,11.53,77762.12,28443.329999999998,36936.49,11.7,12370.6,12370.6,0.0,0.0,0,1
03,2018,SanFrancisco,7.73,124330.2,40121.7,42521.6,0.0,41686.90000000001,41680.240000000005,6.66,0.0,0,1
04,2015,SanFrancisco,6.16,115686.56999999999,78737.16,36868.98,0.0,80.43,80.43,0.0,0.0,0,1
04,2016,SanFrancisco,9.17,104376.15,5112.339999999999,92180.14000000001,0.0,7083.67,7083.67,0.0,0.0,0,1
04,2017,SanFrancisco,12.86,109690.84000000001,41957.28,50540.229999999996,11.67,17181.66,17098.9,82.75999999999999,0.0,0,1
05,2015,SanFrancisco,7.62,148097.64,99798.68000000001,48162.020000000004,0.0,136.94,136.94,0.0,0.0,0,1
05,2016,SanFrancisco,9.6,189329.59000000003,7787.8099999999995,172046.88,0.0,9494.900000000001,9474.9,20.0,0.0,0,1
05,2017,SanFrancisco,10.559999999999999,87654.91,36421.77,38602.72,16.02,12614.4,12524.52,89.88000000000001,0.0,0,1
06,2015,SanFrancisco,7.82,90231.08,56546.73,33634.3,0.0,50.05,46.72,3.33,0.0,0,1
06,2016,SanFrancisco,9.07,110727.58000000002,6474.59,96271.35,2.84,7978.799999999999,7962.14,16.66,0.0,0,1
06,2017,SanFrancisco,10.91,89432.13,36905.17,39391.729999999996,7.28,13127.95,13028.750000000002,99.2,0.0,0,1
07,2015,SanFrancisco,9.16,81960.23,28191.05,53721.869999999995,0.0,47.31,47.31,0.0,0.0,0,1
07,2016,SanFrancisco,11.59,130101.18999999999,7857.73,111942.57,19.89,10281.0,10234.34,46.66,0.0,0,1
07,2017,SanFrancisco,12.02,61632.450000000004,17953.61,25181.340000000004,2.92,18494.58,18429.39,65.19,0.0,0,1
08,2015,SanFrancisco,13.690000000000001,75103.01999999999,8696.43,66264.84999999999,0.0,141.74,141.74,0.0,0.0,0,1
08,2016,SanFrancisco,9.1,94530.69,6521.24,77807.83,0.0,10201.62,10078.28,123.34,0.0,0,1
08,2017,SanFrancisco,10.83,76500.77,32699.670000000002,29614.86,0.0,14186.24,14176.410000000002,9.83,0.0,0,1
09,2015,SanFrancisco,10.99,57309.51,5248.650000000001,51980.99,0.0,79.87,79.87,0.0,0.0,0,1
09,2016,SanFrancisco,9.49,93762.58,4142.79,78406.1,0.0,11213.69,11057.03,156.66,0.0,0,1
09,2017,SanFrancisco,8.23,102458.14,58096.61,41665.29,0.0,2696.2400000000002,2691.8,4.44,0.0,0,1
10,2015,SanFrancisco,9.98,61331.920000000006,4761.52,56541.63,0.0,28.77,28.77,0.0,0.0,0,1
01,2015,Seattle,4.49,2045469.79,589656.6,1072037.6099999999,55664.84,328110.74,306490.33,21583.73,36.68000000000001,1,0
01,2016,Seattle,4.59,3827892.03,688116.59,1209818.56,48736.51,1881220.3699999999,1874396.38,4843.870000000001,1980.12,1,0
01,2017,Seattle,4.28,4220424.04,491478.37,1272176.23,2909.9500000000003,2453859.4899999998,2257559.92,193985.88999999998,2313.68,1,0
01,2018,Seattle,5.34,2333465.13,476899.7,728398.03,3520.37,1124647.03,575258.3,547073.52,2315.21,1,0
02,2015,Seattle,4.49,2326500.6,574643.02,1361042.37,39281.21,351534.0,347839.78,3582.25,111.97,1,0
02,2016,Seattle,3.5,3127849.58,369390.77999999997,896776.26,30601.140000000003,1831081.4,1826998.11,2365.84,1717.4499999999998,1,0
02,2017,Seattle,3.2,3425862.67,493092.22,824631.6499999999,5550.490000000001,2102588.31,1700632.54,399289.30000000005,2666.4700000000003,1,0
02,2018,Seattle,5.12,2482601.33,467126.82000000007,727753.15,2834.14,1284887.22,514983.55,766798.47,3105.2000000000003,1,0
03,2015,Seattle,5.9,2473911.23,861565.19,1142810.5899999999,51675.899999999994,417859.55,417058.54000000004,737.62,63.39,1,0
03,2016,Seattle,3.69,2872895.44,340015.31,778600.02,38656.23,1715623.88,1713486.76,803.64,1333.48,1,0
03,2017,Seattle,4.15,2858809.85,440986.84,736284.24,2010.86,1679527.91,1475426.6,201744.92,2356.3900000000003,1,0
03,2018,Seattle,5.459999999999999,2180833.7399999998,385559.51,612255.67,3734.96,1179283.6,644861.48,532389.3300000001,2032.79,1,0
04,2015,Seattle,4.91,1923305.6,615967.5,936397.98,42424.74,328515.38,327845.81,538.18,131.39,1,0
04,2016,Seattle,3.51,3136224.4699999997,399635.33,895452.12,41513.94,1799623.08,1784212.54,11874.68,3535.8599999999997,1,0
04,2017,Seattle,5.26,3698637.73,762210.7500000001,930988.46,2073.52,2003365.0,1998715.41,2526.3700000000003,2123.2200000000003,1,0
05,2015,Seattle,5.58,2922605.37,1123191.8900000001,1220139.23,62583.32,516690.93,501997.92,14524.400000000001,168.60999999999999,1,0
05,2016,Seattle,4.21,4207487.76,452811.44,1246678.9700000002,56447.33,2451550.02,2302433.41,145980.40000000002,3136.21,1,0
05,2017,Seattle,4.53,3079857.93,668427.61,798610.54,2654.65,1610165.13,1582092.8399999999,26930.440000000002,1141.85,1,0
06,2015,Seattle,4.949999999999999,2184264.3600000003,755531.96,977270.0399999999,57815.71000000001,393646.65,393460.11,116.18,70.35999999999999,1,0
06,2016,Seattle,3.8699999999999997,2848944.65,399122.24,809657.0800000001,49415.259999999995,1590750.07,1573546.0,14709.38,2494.69,1,0
06,2017,Seattle,4.75,2721832.41,474942.77,675669.43,2850.5499999999997,1568369.66,1566628.1600000001,426.92999999999995,1314.57,1,0
07,2015,Seattle,5.029999999999999,2107758.86,819057.9099999999,832434.12,53305.75,402961.08,396265.76,6567.24,128.08,1,0
07,2016,Seattle,5.460000000000001,3108924.07,478602.93,830746.71,23077.42,1776497.0100000002,1775297.4,806.09,393.52000000000004,1,0
07,2017,Seattle,7.1499999999999995,3041318.88,660662.4700000001,912909.3899999999,10522.89,1457224.13,1236107.31,218418.33000000002,2698.4900000000002,1,0
08,2015,Seattle,5.789999999999999,2538919.99,913064.0599999999,968960.5900000001,60204.72,596690.62,596623.64,33.84,33.13999999999999,1,0
08,2016,Seattle,4.44,2409104.4,431109.33,666201.44,9949.23,1301844.4,1299984.35,508.38,1351.67,1,0
08,2017,Seattle,6.75,1991169.96,508077.12,622239.0,2407.6299999999997,858446.21,614281.9400000001,242245.38,1918.89,1,0
09,2015,Seattle,4.3100000000000005,2104810.62,715723.07,731562.47,44576.32,612948.76,612823.16,84.1,41.5,1,0
09,2016,Seattle,4.1899999999999995,2449540.33,509554.86,590189.23,10722.58,1339073.6600000001,1175450.78,162142.41999999998,1480.4599999999998,1,0
09,2017,Seattle,7.879999999999999,1595920.86,348127.42,585603.39,2747.9,659442.15,408074.5,247220.99999999997,4146.65,1,0
10,2015,Seattle,4.07,2158405.03,468759.34,970498.3499999999,45356.75,673790.59,670676.96,0.0,3113.6299999999997,1,0
01,2015,Seattle,6.1,154453.90000000002,28612.510000000002,101670.34,29.38,24141.67,1346.06,22795.61,0.0,0,1
01,2016,Seattle,6.96,164544.89,2903.0299999999997,71442.29,95.93,90103.64,4497.38,85606.26000000001,0.0,0,1
01,2017,Seattle,6.25,226163.33,2762.91,55051.7,78.03999999999999,168270.68,3886.9,164383.77999999997,0.0,0,1
01,2018,Seattle,7.299999999999999,204968.36,4434.98,75731.67,76.62,124725.09,6642.7300000000005,117941.01,141.35,0,1
02,2015,Seattle,5.93,167471.2,47130.57,99863.72,202.83999999999997,20274.07,1109.3799999999999,19164.69,0.0,0,1
02,2016,Seattle,5.11,172052.09000000003,2176.01,73918.59,148.92000000000002,95808.57,12696.79,83111.78,0.0,0,1
02,2017,Seattle,6.609999999999999,156868.23,3211.7,53474.71,69.32000000000001,100112.5,20952.170000000002,79160.33,0.0,0,1
02,2018,Seattle,5.58,371742.16,4984.110000000001,100026.20000000001,335.95000000000005,266395.9,20852.62,245020.5,522.78,0,1
03,2015,Seattle,8.219999999999999,206186.7,44414.31999999999,152466.96000000002,385.54,8919.88,0.0,8919.88,0.0,0,1
03,2016,Seattle,4.93,215302.62,1921.89,78350.12,116.5,134914.11000000002,18692.23,116221.88,0.0,0,1
03,2017,Seattle,4.39,296202.16000000003,5303.34,62794.25,43.12,228061.44999999998,2970.6800000000003,225090.77000000002,0.0,0,1
03,2018,Seattle,6.119999999999999,367483.63,6786.12,121143.20000000001,236.32,239317.99,16724.079999999998,222217.09,376.82000000000005,0,1
04,2015,Seattle,6.93,167361.45,33407.43,126096.23,236.74,7621.049999999999,2.52,7618.530000000001,0.0,0,1
04,2016,Seattle,4.98,261624.16,2463.65,111868.29,93.0,147199.22,7132.4800000000005,140066.74,0.0,0,1
04,2017,Seattle,6.6899999999999995,296430.67000000004,7946.4400000000005,71211.95999999999,68.08,217204.19,2560.13,214644.06,0.0,0,1
05,2015,Seattle,8.530000000000001,192707.19,50878.469999999994,120742.6,198.67999999999998,20887.44,14.56,20872.88,0.0,0,1
05,2016,Seattle,7.33,245634.10000000003,3124.26,152290.32,267.71000000000004,89951.81,1546.6000000000001,88405.21,0.0,0,1
05,2017,Seattle,6.12,220274.89,8669.859999999999,53142.93,59.83,158402.27000000002,2953.43,155448.84,0.0,0,1
06,2015,Seattle,7.5,149629.49,38414.06,109254.19,470.64,1490.6,0.0,1490.6,0.0,0,1
06,2016,Seattle,7.12,153952.94,3109.42,136806.72,177.63,13859.17,1161.14,12698.029999999999,0.0,0,1
06,2017,Seattle,7.53,200533.36,7046.08,66852.79000000001,80.91,126553.57999999999,1288.4299999999998,125265.15,0.0,0,1
07,2015,Seattle,8.05,132251.68,31800.73,93385.58,420.01,6645.36,0.0,6645.36,0.0,0,1
07,2016,Seattle,8.85,189496.93,11099.03,110073.68000000001,248.18,68076.04000000001,3734.27,64341.770000000004,0.0,0,1
07,2017,Seattle,12.290000000000001,156250.28,5909.47,74412.34999999999,176.6,75751.86,3017.12,72734.73999999999,0.0,0,1
08,2015,Seattle,9.18,185436.86000000002,34087.549999999996,115914.48000000001,110.13,35324.7,0.0,35324.7,0.0,0,1
08,2016,Seattle,8.07,109134.09,20397.82,62104.229999999996,226.1,26405.94,18000.82,8405.12,0.0,0,1
08,2017,Seattle,11.06,108643.06000000001,4875.5,47188.75,72.83,56505.979999999996,5452.389999999999,51046.579999999994,7.01,0,1
09,2015,Seattle,7.82,89269.81,20514.699999999997,43315.43,34.52,25405.16,23.599999999999998,25381.56,0.0,0,1
09,2016,Seattle,6.76,127679.83,20338.35,33518.21000000001,480.95000000000005,73342.32,20464.77,52877.549999999996,0.0,0,1
09,2017,Seattle,11.45,103069.53000000001,4070.5499999999997,39862.979999999996,44.22,59091.780000000006,4543.15,54390.09,158.54000000000002,0,1
10,2015,Seattle,7.1,109663.29999999999,16604.559999999998,56782.329999999994,102.47000000000001,36173.94,1683.43,34490.51,0.0,0,1
