finalProj/avoPricesNumerical.csv
Month,year,region,AveragePrice,Total Volume,4046,4225,4770,Total Bags,Small Bags,Large Bags,XLarge Bags,type_conventional,type_organic
01,2015,SouthCarolina,4.32,1176285.21,691467.0700000001,176934.85,54506.19,253377.1,178422.93,74954.17,0.0,1,0
01,2016,SouthCarolina,5.02,1558749.81,820941.53,397247.06000000006,49139.67,291421.55,206757.38999999998,84664.16,0.0,1,0
01,2017,SouthCarolina,5.4,1971889.6400000001,823703.5,475145.1,21020.780000000002,652020.26,400882.25000000006,251083.84,54.17,1,0
01,2018,SouthCarolina,4.75,1768583.68,835351.76,296724.62,13512.23,622995.0700000001,458420.13,154527.18,10047.76,1,0
02,2015,SouthCarolina,4.1,1363939.79,810520.1599999999,205414.89,78500.24,269504.5,205559.38,63945.119999999995,0.0,1,0
02,2016,SouthCarolina,3.5700000000000003,1626858.85,811374.16,427917.30000000005,34078.47,353488.92,214399.11,139079.04,10.77,1,0
02,2017,SouthCarolina,4.0,1836973.67,896174.53,440364.95999999996,15689.14,484745.04000000004,355225.30000000005,126991.95999999999,2527.78,1,0
02,2018,SouthCarolina,4.46,1933700.27,869662.63,298877.27,14958.87,750201.5,561627.52,174885.40000000002,13688.58,1,0
03,2015,SouthCarolina,5.45,1576631.8399999999,928357.4500000001,220008.3,77854.38,350411.70999999996,311626.8,38784.909999999996,0.0,1,0
03,2016,SouthCarolina,4.16,1387285.05,617811.19,404391.95999999996,32765.380000000005,332316.52,240151.28,92159.72,5.52,1,0
03,2017,SouthCarolina,5.49,1328251.65,548226.73,305494.95,11498.22,463031.75,338715.56,120031.19,4285.0,1,0
03,2018,SouthCarolina,4.54,1932969.1400000001,866108.5700000001,303846.44,16328.93,746685.2,578585.38,154676.14,13423.68,1,0
04,2015,SouthCarolina,4.33,1310874.08,785585.41,179736.13,67183.72,278368.82,246958.96,31409.860000000004,0.0,1,0
04,2016,SouthCarolina,3.95,1529313.2,613763.3099999999,480525.24,24215.170000000002,410809.48000000004,251207.13,159602.35,0.0,1,0
04,2017,SouthCarolina,6.83,1884367.48,825794.69,381806.5,11014.449999999999,665751.84,494430.79000000004,156138.87999999998,15182.169999999998,1,0
05,2015,SouthCarolina,5.369999999999999,1864348.45,1103178.46,264160.03,99914.93999999999,397095.01999999996,351656.68999999994,45432.979999999996,5.35,1,0
05,2016,SouthCarolina,4.4799999999999995,2303362.92,944035.6,652273.61,40899.19,666154.52,388377.32999999996,270304.71,7472.4800000000005,1,0
05,2017,SouthCarolina,5.32,1655943.3599999999,765731.77,308810.08999999997,11808.579999999998,569592.9199999999,417914.81999999995,132935.61000000002,18742.49,1,0
06,2015,SouthCarolina,4.28,1451944.2999999998,755948.13,254502.68,71034.5,370458.99,336489.78,33875.8,93.41,1,0
06,2016,SouthCarolina,4.02,1593591.2000000002,709411.8,375055.25999999995,75235.2,433888.93999999994,316786.25,104091.01,13011.68,1,0
06,2017,SouthCarolina,5.1,1590434.32,752893.92,306386.81000000006,9325.51,521828.08,343245.87,139892.21,38690.0,1,0
07,2015,SouthCarolina,4.35,1434781.39,719991.87,308207.69,74993.26999999999,331588.56,299936.88,31557.239999999998,94.44,1,0
07,2016,SouthCarolina,5.56,1922308.1199999996,827752.6300000001,438627.31000000006,83932.83,571995.3500000001,437238.23,131561.01,3196.11,1,0
07,2017,SouthCarolina,6.4,1921681.7799999998,879540.63,415323.15,11131.06,615686.94,441696.01000000007,139505.71000000002,34485.22,1,0
08,2015,SouthCarolina,5.55,1575374.48,756332.6200000001,316723.46,87403.34,414915.06,381669.22,33142.3,103.54,1,0
08,2016,SouthCarolina,4.470000000000001,1486112.29,773008.9,232710.84000000003,38478.3,441914.25,357680.27999999997,84188.97,45.0,1,0
08,2017,SouthCarolina,5.54,1389750.63,596808.51,308129.38,8044.09,476768.64999999997,346032.33999999997,107030.56,23705.75,1,0
09,2015,SouthCarolina,4.24,1189110.24,550014.6799999999,289488.07,70316.6,279290.89,215176.18000000002,63993.77,120.94,1,0
09,2016,SouthCarolina,4.48,1421087.6700000002,688001.3200000001,250937.05,27060.199999999997,455089.10000000003,332514.92,122495.57,78.61,1,0
09,2017,SouthCarolina,5.890000000000001,1226224.8499999999,570966.2300000001,263985.80000000005,6527.950000000001,384744.87,279401.12,96397.26000000001,8946.49,1,0
10,2015,SouthCarolina,4.300000000000001,985736.06,457983.7,237160.72999999998,68906.15,221685.47999999998,166681.19,55004.28999999999,0.0,1,0
01,2015,SouthCarolina,7.86,11546.300000000001,2293.9900000000002,2826.8899999999994,1557.8000000000002,4867.62,4759.280000000001,108.33999999999999,0.0,0,1
01,2016,SouthCarolina,7.880000000000001,28086.090000000004,4257.31,8314.01,1715.4299999999998,13799.34,13228.84,570.5,0.0,0,1
01,2017,SouthCarolina,7.470000000000001,43838.35,1599.06,16857.86,1111.15,24270.28,19423.03,4847.25,0.0,0,1
01,2018,SouthCarolina,5.43,70885.83,541.26,17992.54,433.57,51918.46,47018.19,4900.2699999999995,0.0,0,1
02,2015,SouthCarolina,6.630000000000001,17027.809999999998,1875.59,6581.49,1895.6599999999999,6675.070000000001,6056.67,618.4,0.0,0,1
02,2016,SouthCarolina,6.41,18769.75,2509.73,6914.76,1162.65,8182.610000000001,7746.65,435.96,0.0,0,1
02,2017,SouthCarolina,5.359999999999999,45065.08,2126.45,12966.36,702.9799999999999,29269.29,18769.989999999998,10499.300000000001,0.0,0,1
02,2018,SouthCarolina,5.7299999999999995,63590.90000000001,560.72,17374.61,360.32,45295.25000000001,42563.75,2731.5,0.0,0,1
03,2015,SouthCarolina,8.25,22359.93,2819.2,10972.34,2787.87,5780.52,4299.25,1481.27,0.0,0,1
03,2016,SouthCarolina,5.779999999999999,25491.33,3068.56,8329.34,1113.58,12979.849999999999,12501.32,478.53,0.0,0,1
03,2017,SouthCarolina,5.41,45345.45999999999,2747.84,16089.660000000002,880.3299999999999,25627.63,8362.21,17265.42,0.0,0,1
03,2018,SouthCarolina,5.529999999999999,66351.52,686.77,18934.65,364.45,46365.649999999994,42395.56,3970.09,0.0,0,1
04,2015,SouthCarolina,7.8,15553.71,2425.26,6255.59,2318.48,4554.380000000001,4245.89,308.49,0.0,0,1
04,2016,SouthCarolina,5.67,32966.06,2893.13,9967.829999999998,1261.34,18843.76,18090.0,753.76,0.0,0,1
04,2017,SouthCarolina,8.43,43989.329999999994,3382.4500000000003,24818.83,1067.33,14720.720000000001,2951.11,11769.609999999999,0.0,0,1
05,2015,SouthCarolina,9.239999999999998,19772.769999999997,3221.96,7474.76,3847.35,5228.699999999999,4576.629999999999,652.07,0.0,0,1
05,2016,SouthCarolina,7.33,44610.97,4171.41,12393.02,1479.55,26566.989999999998,23552.010000000002,3014.98,0.0,0,1
05,2017,SouthCarolina,7.54,32690.829999999998,2885.5,19258.11,775.1099999999999,9772.11,2417.6400000000003,7354.469999999999,0.0,0,1
06,2015,SouthCarolina,7.91,14442.93,2435.7000000000003,5730.47,2188.69,4088.07,3493.4,594.6700000000001,0.0,0,1
06,2016,SouthCarolina,5.07,41697.3,3781.09,11613.2,1882.52,24420.489999999998,17467.71,6952.78,0.0,0,1
06,2017,SouthCarolina,6.89,55533.72,1756.14,18642.89,517.15,34617.53999999999,25931.07,8686.470000000001,0.0,0,1
07,2015,SouthCarolina,7.28,16383.26,2581.57,5528.2300000000005,2031.17,6242.290000000001,4435.51,1806.7800000000002,0.0,0,1
07,2016,SouthCarolina,7.0600000000000005,60391.969999999994,5246.179999999999,16856.850000000002,3303.13,34985.81,27459.23,7526.58,0.0,0,1
07,2017,SouthCarolina,8.79,69230.16,675.99,23814.13,641.79,44098.24999999999,38875.72,5222.530000000001,0.0,0,1
08,2015,SouthCarolina,9.74,21244.53,3463.75,8176.39,2874.04,6730.35,5743.290000000001,987.06,0.0,0,1
08,2016,SouthCarolina,6.140000000000001,54429.95,3952.59,15519.519999999999,2135.5299999999997,32822.31,26094.14,6728.17,0.0,0,1
08,2017,SouthCarolina,7.43,54579.54,949.6600000000001,14999.9,451.30000000000007,38178.68,37127.67,1051.01,0.0,0,1
09,2015,SouthCarolina,7.949999999999999,13946.720000000001,1970.87,5612.51,1943.78,4419.5599999999995,4353.79,65.77,0.0,0,1
09,2016,SouthCarolina,6.67,41011.600000000006,2621.77,14653.279999999999,1294.18,22442.370000000003,18192.04,4250.33,0.0,0,1
09,2017,SouthCarolina,8.44,55620.090000000004,709.14,13721.57,430.2,40759.18,35922.61,4836.570000000001,0.0,0,1
10,2015,SouthCarolina,7.36,16972.48,2306.41,5849.48,2064.64,6751.95,6247.62,504.33,0.0,0,1
01,2015,SouthCentral,3.1700000000000004,21018878.53,11763269.93,6553201.53,377158.80000000005,2325248.27,1949172.85,375985.93,89.49000000000001,1,0
01,2016,SouthCentral,4.17,26825567.810000002,12228735.25,8674492.42,1765217.9500000002,4157122.1900000004,3290446.49,680077.2200000001,186598.48,1,0
01,2017,SouthCentral,3.56,32796301.22,19514326.37,6168711.74,262273.94,6850989.170000001,5824982.98,958952.3600000001,67053.83,1,0
01,2018,SouthCentral,3.5399999999999996,26902461.630000003,13510628.11,4248041.0,142319.43,9001473.09,7173272.29,1824891.8599999999,3308.94,1,0
02,2015,SouthCentral,3.09,23247833.1,13225095.73,7106077.6,413400.58999999997,2503259.1799999997,2108086.3600000003,395009.95999999996,162.85999999999999,1,0
02,2016,SouthCentral,2.99,24762788.98,13606357.38,5297549.73,2284101.87,3574780.0,2869856.0700000003,573821.19,131102.74,1,0
02,2017,SouthCentral,2.75,29226715.549999997,15989238.49,4858125.48,996033.24,7383318.34,6210727.66,1099729.51,72861.17,1,0
02,2018,SouthCentral,2.89,33073480.57,16453079.64,4596997.95,117116.47,11906286.51,9711157.44,1999797.26,195331.81,1,0
03,2015,SouthCentral,4.04,28605026.2,16328170.81,8443057.95,455431.8,3378365.6400000006,2753060.0599999996,625176.5,129.08,1,0
03,2016,SouthCentral,3.1100000000000003,24572284.820000004,13027583.08,4905407.08,2402997.92,4236296.74,3388102.9400000004,817446.97,30746.829999999998,1,0
03,2017,SouthCentral,3.6700000000000004,22258605.42,13052422.74,3842316.69,385675.94,4978190.050000001,4728943.510000001,190789.87000000002,58456.67,1,0
03,2018,SouthCentral,3.24,29610742.22,14194506.419999998,4112911.73,117891.17000000001,11185432.899999999,9030618.68,1890878.55,263935.67000000004,1,0
04,2015,SouthCentral,3.2800000000000002,23471667.340000004,14822792.799999999,5674548.03,395014.85,2579311.66,2265618.2,311739.57,1953.89,1,0
04,2016,SouthCentral,2.88,26119740.29,13987881.190000001,4478510.77,2388683.35,5264664.9799999995,4306443.58,924350.67,33870.73,1,0
04,2017,SouthCentral,4.33,34918245.22,17733080.89,6651615.6899999995,153552.11,10379996.53,7732527.64,2534848.52,112620.37,1,0
05,2015,SouthCentral,3.9299999999999997,31044406.57,19400151.060000002,8112651.63,200349.76,3331254.12,2684075.29,646053.43,1125.4,1,0
05,2016,SouthCentral,3.6799999999999997,33883497.35,16750009.46,7229094.94,2441085.2100000004,7463307.74,5692992.05,1650172.6900000002,120143.00000000001,1,0
05,2017,SouthCentral,3.67,27108543.259999998,14191125.02,4879294.98,88679.93999999999,7949443.319999999,5612892.05,2222112.12,114439.15,1,0
06,2015,SouthCentral,3.0,25693522.450000003,15655358.02,6295018.609999999,362710.5,3380435.32,2741076.37,639232.5,126.45,1,0
06,2016,SouthCentral,3.46,24598485.110000003,13127786.149999999,4475638.06,1550704.84,5444356.0600000005,4230854.649999999,991352.73,222148.68000000002,1,0
06,2017,SouthCentral,3.6700000000000004,26996064.700000003,13700400.829999998,4724154.62,86934.5,8484574.75,6153791.7,2269510.0100000002,61273.04,1,0
07,2015,SouthCentral,3.29,23451117.01,13462659.829999998,6912552.260000001,143073.15,2932831.7700000005,2402007.08,529407.23,1417.46,1,0
07,2016,SouthCentral,4.71,28249810.279999997,15133318.91,5414469.930000001,812177.34,6889844.1,6069862.94,579821.9099999999,240159.25,1,0
07,2017,SouthCentral,4.91,30750729.47,14902733.170000002,6134536.57,96548.89,9616910.84,7018401.28,2524059.0300000003,74450.53,1,0
08,2015,SouthCentral,4.44,26341384.31,15876968.670000002,7264177.08,160019.33,3040219.2300000004,2607530.6,432501.16,187.47,1,0
08,2016,SouthCentral,3.58,22490744.09,12628729.729999999,4516050.04,89706.61,5256257.71,4573849.37,603336.98,79071.36,1,0
08,2017,SouthCentral,4.3100000000000005,22657333.82,11518749.29,4556227.36,62145.8,6520211.37,4066058.64,2401586.36,52566.369999999995,1,0
09,2015,SouthCentral,3.44,21940496.58,10212326.1,8872351.51,194489.24000000002,2661329.73,2064483.6300000001,596676.78,169.32,1,0
09,2016,SouthCentral,3.4399999999999995,24514204.84,13434323.75,4558123.79,65946.41,6455810.89,5409662.16,960923.0499999999,85225.68,1,0
09,2017,SouthCentral,5.0600000000000005,18694775.79,10301256.879999999,3157717.1199999996,37432.990000000005,5198368.8,3801204.19,1375314.9600000002,21849.65,1,0
10,2015,SouthCentral,3.4,20037356.78,9639936.3,6791745.04,1132924.52,2472750.92,1987011.4300000002,484937.14,802.35,1,0
01,2015,SouthCentral,5.380000000000001,231027.8,119032.08,32319.309999999998,0.0,79676.40999999999,78888.95,787.46,0.0,0,1
01,2016,SouthCentral,6.85,327183.54000000004,121186.34999999999,26455.81,8.33,179533.05,175629.16,3903.8900000000003,0.0,0,1
01,2017,SouthCentral,5.49,548425.3400000001,134345.78,29590.39,17.37,384471.8,370359.44000000006,14112.359999999999,0.0,0,1
01,2018,SouthCentral,5.77,548847.7799999999,109024.38,15940.61,3.0,423879.79,396401.5,27478.289999999997,0.0,0,1
02,2015,SouthCentral,5.43,288743.02,137292.17,31392.59,0.0,120058.26000000001,118010.0,2048.26,0.0,0,1
02,2016,SouthCentral,5.18,312024.99,112377.68,24535.93,211.70999999999998,174899.67,138160.0,36739.670000000006,0.0,0,1
02,2017,SouthCentral,4.23,544799.6,132274.88999999998,22810.100000000002,8.8,389705.81,345795.14,43910.67,0.0,0,1
02,2018,SouthCentral,5.640000000000001,526747.06,92713.82,17015.48,27.46,416990.3,371042.68000000005,45947.62,0.0,0,1
03,2015,SouthCentral,6.949999999999999,334720.91,176193.51,31085.019999999997,0.0,127442.38,126586.68000000001,855.7000000000002,0.0,0,1
03,2016,SouthCentral,4.93,337310.11,119735.98999999999,26020.350000000002,19.75,191534.02000000002,155659.74,35874.28,0.0,0,1
03,2017,SouthCentral,4.09,681747.37,162510.45,19909.65,5.91,499321.36,421874.16,77447.2,0.0,0,1
03,2018,SouthCentral,5.430000000000001,641430.22,112377.01,22147.190000000002,0.0,506906.01999999996,433511.30999999994,73394.71,0.0,0,1
04,2015,SouthCentral,5.619999999999999,277048.37,164656.49,26971.98,835.89,84584.01000000001,83202.76999999999,1381.24,0.0,0,1
04,2016,SouthCentral,4.6899999999999995,407160.85000000003,115215.87000000001,45225.64,68.26,246651.08000000002,186573.35,60077.729999999996,0.0,0,1
04,2017,SouthCentral,5.739999999999999,819573.1799999999,217183.65,39181.29,21.02,563187.22,459918.08,103269.14,0.0,0,1
05,2015,SouthCentral,7.039999999999999,269958.99,177823.51,24922.48,0.0,67213.0,63424.47,3788.5299999999997,0.0,0,1
05,2016,SouthCentral,5.430000000000001,649347.87,170805.01,59223.200000000004,15456.7,403862.96,308401.89,95461.06999999999,0.0,0,1
05,2017,SouthCentral,5.4399999999999995,616969.57,126304.41,57234.469999999994,0.0,433430.69,409338.25999999995,24092.43,0.0,0,1
06,2015,SouthCentral,5.5,211616.80000000002,144869.44,23716.15,0.0,43031.21000000001,41226.16,1805.0500000000002,0.0,0,1
06,2016,SouthCentral,4.52,466412.86,156583.89,30708.789999999997,776.59,278343.58999999997,241484.91,36858.68,0.0,0,1
06,2017,SouthCentral,4.93,661158.3,159728.11000000002,39301.41,0.0,462128.78,430321.89,31806.89,0.0,0,1
07,2015,SouthCentral,5.180000000000001,242259.52,177630.64,24135.47,0.0,40493.41,32595.33,7898.080000000001,0.0,0,1
07,2016,SouthCentral,5.949999999999999,615912.72,234835.44999999998,34568.92,0.0,346508.35,295165.47000000003,51342.88,0.0,0,1
07,2017,SouthCentral,6.8,749642.52,187963.83000000002,29462.22,0.0,532216.47,518613.39,13603.08,0.0,0,1
08,2015,SouthCentral,6.96,347855.05000000005,200409.13,34310.56,71.02,113064.33999999998,106804.67,6259.67,0.0,0,1
08,2016,SouthCentral,4.25,844341.62,236416.38,19262.73,8.79,588653.72,533591.4299999999,55062.29,0.0,0,1
08,2017,SouthCentral,6.450000000000001,495146.15,126188.56,18220.440000000002,0.0,350737.15,343318.68,7418.469999999999,0.0,0,1
09,2015,SouthCentral,6.050000000000001,261342.27,128260.17000000001,20333.690000000002,0.0,112748.41,111836.58,911.8299999999999,0.0,0,1
09,2016,SouthCentral,4.44,595107.96,184053.05000000002,22155.600000000002,8.87,388890.44000000006,360333.41,28557.030000000002,0.0,0,1
09,2017,SouthCentral,7.1000000000000005,450611.32,154806.08,15556.28,0.0,280248.96,270255.51,9993.45,0.0,0,1
10,2015,SouthCentral,6.069999999999999,245188.81,110803.93000000001,19642.260000000002,0.0,114742.62,112033.70999999999,2708.91,0.0,0,1
