finalProj/avoPricesNumerical.csv
Month,year,region,AveragePrice,Total Volume,4046,4225,4770,Total Bags,Small Bags,Large Bags,XLarge Bags,type_conventional,type_organic
01,2015,Southeast,4.5,11011192.25,7769907.6899999995,1129120.83,81462.18,2030701.5499999998,1087667.46,943034.0900000001,0.0,1,0
01,2016,Southeast,5.0,17540407.52,10332888.56,2611966.2800000003,83629.14,4511923.54,2535043.6999999997,1976801.4000000001,78.44,1,0
01,2017,Southeast,5.369999999999999,21147581.66,8777408.61,4353392.109999999,38224.72,7978556.220000001,4115694.62,3853774.3800000004,9087.22,1,0
01,2018,Southeast,4.86,17897776.630000003,10465977.6,1622689.55,64734.649999999994,5744374.83,3500348.09,2157572.59,86454.15,1,0
02,2015,Southeast,4.31,12852782.959999999,9309277.89,1133091.6099999999,114741.33000000002,2295672.13,1364860.06,930812.0700000001,0.0,1,0
02,2016,Southeast,3.48,17890393.259999998,9263721.49,3562181.35,61105.53999999999,5003384.88,2227225.67,2776098.7800000003,60.43,1,0
02,2017,Southeast,3.95,19088829.48,9981001.13,3365003.3099999996,27300.760000000002,5715524.279999999,3567010.8099999996,2109879.94,38633.53,1,0
02,2018,Southeast,4.38,21043174.580000002,12166324.940000001,1687759.35,68035.75,7121054.540000001,4584128.89,2494044.6,42881.05,1,0
03,2015,Southeast,5.539999999999999,15304476.469999999,11069279.41,1197454.8599999999,110701.36,2927040.84,2012944.1,914016.55,80.19000000000001,1,0
03,2016,Southeast,4.05,14396379.45,7251310.029999999,2855397.04,62188.2,4227484.180000001,2057633.57,2169829.5300000003,21.080000000000002,1,0
03,2017,Southeast,5.81,12527358.44,6613322.74,1785742.71,18618.499999999996,4109674.49,2570618.04,1482377.01,56679.44,1,0
03,2018,Southeast,4.52,20027712.05,11424349.650000002,1544679.72,72854.88,6985827.800000001,4591788.16,2347881.02,46158.619999999995,1,0
04,2015,Southeast,4.38,12790343.08,9243481.309999999,980471.08,97138.13,2469252.56,1676541.32,790373.74,2337.5,1,0
04,2016,Southeast,3.75,17035858.970000003,7777568.45,3830229.5599999996,42143.68,5385917.280000001,2170229.9099999997,3206638.24,9049.13,1,0
04,2017,Southeast,6.9,18166709.83,10173075.709999999,2397207.3899999997,19123.34,5577303.39,3503907.61,1956253.65,117142.13,1,0
05,2015,Southeast,5.46,18069244.89,13206744.420000002,1326253.21,146813.76,3389433.5,2334863.48,1053127.1900000002,1442.8300000000002,1,0
05,2016,Southeast,4.4,24314419.54,11384570.209999999,5261022.95,67229.45000000001,7601596.93,3128660.3099999996,4351401.98,121534.64,1,0
05,2017,Southeast,5.26,16478846.280000001,9457030.82,1944691.63,26862.54,5050261.29,3151851.69,1734621.07,163788.53,1,0
06,2015,Southeast,4.25,14070380.4,9097817.61,1535876.22,195136.15000000002,3241550.4199999995,2430108.54,810955.04,486.84,1,0
06,2016,Southeast,4.010000000000001,16242358.46,8334232.2,3129653.09,114145.31,4664327.86,2754936.91,1648689.84,260701.11000000002,1,0
06,2017,Southeast,5.3,15459640.5,9069342.09,1815415.62,15629.93,4559252.859999999,2570739.71,1709932.3199999998,278580.83,1,0
07,2015,Southeast,4.3,13597926.170000002,8415230.64,2000047.7,326101.26,2856546.57,2110064.61,745827.6499999999,654.3100000000001,1,0
07,2016,Southeast,5.51,19198669.9,8604096.27,4393186.03,120913.68,6080473.92,3904939.14,1855836.72,319698.05999999994,1,0
07,2017,Southeast,6.750000000000001,17834542.57,10139224.879999999,2586277.13,20929.34,5088111.22,2958372.15,1771032.1800000002,358706.89,1,0
08,2015,Southeast,5.6899999999999995,14371211.32,8430628.67,2302369.0500000003,283068.49,3355145.11,2566623.6899999995,787911.04,610.38,1,0
08,2016,Southeast,4.49,14946910.27,7712522.14,2685118.34,57638.78,4491631.01,3022536.87,1364077.46,105016.68,1,0
08,2017,Southeast,5.890000000000001,13056107.89,7220800.1899999995,1938223.19,14146.19,3882938.32,2234695.69,1410462.92,237779.70999999996,1,0
09,2015,Southeast,4.25,12047838.75,6759437.859999999,2367243.9,132049.94999999998,2789107.04,1559313.37,1229419.07,374.6,1,0
09,2016,Southeast,4.470000000000001,14906138.14,7350282.71,2316738.89,41756.79,5197359.75,2961646.2600000002,2220332.38,15381.11,1,0
09,2017,Southeast,6.69,11334595.33,6537120.67,1645061.13,14321.68,3138091.85,1892387.6,1177316.2,68388.05,1,0
10,2015,Southeast,4.26,10925839.299999999,6272888.55,1991073.3400000003,118125.9,2543751.5100000002,1382861.06,1160759.3,131.15,1,0
01,2015,Southeast,7.18,100605.84000000001,40109.96,15199.28,2251.3500000000004,43045.25,41523.090000000004,1522.1599999999999,0.0,0,1
01,2016,Southeast,7.829999999999999,252333.22999999998,100718.88,37210.96,2508.07,111895.32,86149.59,25745.730000000003,0.0,0,1
01,2017,Southeast,6.99,287734.32999999996,22608.7,62450.54,1667.0199999999998,201008.07,96977.03000000001,104031.04000000001,0.0,0,1
01,2018,Southeast,5.85,418311.57999999996,5678.92,70424.56,588.9300000000001,341619.17000000004,292923.38,48695.79,0.0,0,1
02,2015,Southeast,6.34,154991.55,38755.64,51917.86,2849.9900000000002,61468.060000000005,54683.34,6784.72,0.0,0,1
02,2016,Southeast,6.45,150640.33,56189.61,31156.710000000003,1686.29,61607.719999999994,57334.68,4273.04,0.0,0,1
02,2017,Southeast,5.34,277422.54000000004,35904.630000000005,47670.86,1049.13,192797.92,74118.06,118679.86,0.0,0,1
02,2018,Southeast,5.859999999999999,419463.9,7941.8,73731.0,460.52,337330.58,302168.22,35162.36,0.0,0,1
03,2015,Southeast,7.98,201865.64,58218.51,73754.12,3946.53,65946.48000000001,51969.5,13976.98,0.0,0,1
03,2016,Southeast,6.0,190960.07,63881.65,39238.170000000006,1568.46,86271.79000000001,78459.0,7812.790000000001,0.0,0,1
03,2017,Southeast,5.58,287748.07999999996,43626.47,56817.42,1151.45,186152.74,51892.03999999999,134260.7,0.0,0,1
03,2018,Southeast,5.8,478031.8,9362.81,81031.47,477.49,387160.03,338328.96,48831.06999999999,0.0,0,1
04,2015,Southeast,6.99,127601.36000000002,53351.82,36292.75,3385.83,34570.96000000001,32193.120000000003,2377.84,0.0,0,1
04,2016,Southeast,5.880000000000001,224054.07,67566.5,44329.65,1661.89,110496.03000000001,100856.15,9639.880000000001,0.0,0,1
04,2017,Southeast,8.4,340434.23,58294.130000000005,92595.43000000001,1550.4899999999998,187994.18,68317.72,119676.46,0.0,0,1
05,2015,Southeast,8.76,152201.9,62715.94,33994.14,5957.6,49534.22,42356.17,7178.05,0.0,0,1
05,2016,Southeast,7.26,300373.07,74299.52,54562.7,1955.31,169555.54,141611.01,27944.53,0.0,0,1
05,2017,Southeast,6.84,310643.87,47588.58,75995.98000000001,1072.8,185986.51,87340.84000000001,98645.67000000001,0.0,0,1
06,2015,Southeast,7.24,113060.41999999998,51320.67999999999,27241.229999999996,3310.72,31187.79,24190.980000000003,6996.8099999999995,0.0,0,1
06,2016,Southeast,5.15,275127.91,69116.12,53225.219999999994,2611.36,150175.21,100069.68,50105.53,0.0,0,1
06,2017,Southeast,6.69,381590.20999999996,30996.559999999998,109414.75,733.6700000000001,240445.23,139976.83000000002,100468.4,0.0,0,1
07,2015,Southeast,6.64,134759.16,35850.8,27154.350000000002,3148.12,68605.89,53044.42,15561.47,0.0,0,1
07,2016,Southeast,7.300000000000001,375069.67999999993,77171.73999999999,75936.88,4936.13,217024.93,163976.69,53048.240000000005,0.0,0,1
07,2017,Southeast,8.65,425593.69000000006,10267.95,131205.14,980.76,283139.83999999997,231408.43,51731.409999999996,0.0,0,1
08,2015,Southeast,8.98,165470.70999999996,47647.369999999995,44179.27,4313.88,69330.19,59357.36,9972.83,0.0,0,1
08,2016,Southeast,6.079999999999999,288598.68999999994,46187.8,59813.7,3308.81,179288.38,121558.43000000001,57729.95,0.0,0,1
08,2017,Southeast,7.750000000000001,307384.66000000003,9123.81,81381.34,609.72,216269.79,202691.68,13578.109999999997,0.0,0,1
09,2015,Southeast,7.779999999999999,105593.59,34502.42,32559.92,3002.1,35529.15,34474.71,1054.44,0.0,0,1
09,2016,Southeast,6.430000000000001,233745.97999999998,30502.58,58145.73,1777.34,143320.33000000002,88882.19,54438.14,0.0,0,1
09,2017,Southeast,9.01,317526.32,8383.93,72482.67000000001,568.23,236091.49,171338.79,64752.700000000004,0.0,0,1
01,2015,Spokane,4.46,289026.31,100882.48000000001,139648.78999999998,13397.779999999999,35097.259999999995,32451.54,2645.7200000000003,0.0,1,0
01,2016,Spokane,4.73,502986.88,105812.19,143373.75,17656.7,236144.24,234040.97,1763.42,339.85,1,0
01,2017,Spokane,4.3,592973.12,83247.29,198903.88,1198.94,309623.01,284095.93,25131.59,395.49,1,0
01,2018,Spokane,4.609999999999999,380768.85000000003,101939.32,114506.28,1895.15,162428.1,95564.79,66583.84,279.46999999999997,1,0
02,2015,Spokane,4.27,352960.6,114177.65,189493.63999999998,11101.92,38187.39,37826.630000000005,360.76,0.0,1,0
02,2016,Spokane,3.46,441030.69000000006,86534.57,124873.91,9532.98,220089.23,219634.52,186.95,267.76,1,0
02,2017,Spokane,3.13,500352.51,90856.92,120815.98,1416.15,287263.46,220045.92,66967.35,250.19,1,0
02,2018,Spokane,4.58,412718.68000000005,105232.33,120252.38,2064.29,185169.68,89502.71999999999,95241.15,425.81000000000006,1,0
03,2015,Spokane,5.62,379643.67000000004,163925.3,150790.25,14002.53,50925.59,50480.21,445.38,0.0,1,0
03,2016,Spokane,3.6700000000000004,390474.24999999994,92108.95,82283.5,12481.89,203599.91,203361.68,63.56,174.67000000000002,1,0
03,2017,Spokane,3.6900000000000004,465900.69,88220.82,110144.86000000002,191.89,267343.12,229655.52,37432.71,254.89,1,0
03,2018,Spokane,4.8100000000000005,375603.36000000004,86808.76,105541.0,2207.24,181046.36000000002,99548.87999999999,81167.53,329.95,1,0
04,2015,Spokane,4.470000000000001,310034.07,131396.22,119351.18000000001,11511.1,47775.57,47691.130000000005,84.44,0.0,1,0
04,2016,Spokane,3.65,429792.41,104116.51999999999,99755.1,13063.36,212857.43,210920.88999999998,1630.13,306.40999999999997,1,0
04,2017,Spokane,5.18,538136.28,118014.29000000001,153744.72,300.83,266076.43999999994,264904.26,1059.99,112.19,1,0
05,2015,Spokane,5.25,456797.69,210528.15999999997,162339.25,17375.34,66554.94,64189.92999999999,2365.01,0.0,1,0
05,2016,Spokane,4.31,565901.53,145936.92,132045.1,16245.72,271673.79,260935.53,10477.68,260.58,1,0
05,2017,Spokane,4.37,444213.12,100041.73999999999,133142.23,490.08000000000004,210539.07,205800.93000000002,4231.29,506.84999999999997,1,0
06,2015,Spokane,4.640000000000001,334328.75,149332.43999999997,122270.35,18206.79,44519.16999999999,44519.16999999999,0.0,0.0,1,0
06,2016,Spokane,3.84,401611.05,112242.08000000002,84984.97,15486.189999999999,188897.81,182968.82,5887.27,41.72,1,0
06,2017,Spokane,4.550000000000001,399578.39,78817.82,112712.58000000002,268.76,207779.23,207312.02,400.01,67.19999999999999,1,0
07,2015,Spokane,4.609999999999999,325970.47000000003,161610.63,99226.07,16249.89,48883.88,48376.009999999995,507.87,0.0,1,0
07,2016,Spokane,5.35,447023.49,133952.38,81967.1,6143.719999999999,224960.29,224488.09000000003,383.35,88.85,1,0
07,2017,Spokane,6.52,469610.07999999996,107780.61,159063.66999999998,688.23,202077.57,170020.37,31519.939999999995,537.26,1,0
08,2015,Spokane,5.74,363093.76,166534.90000000002,125644.83,15877.719999999998,55036.31,54963.63,72.67999999999999,0.0,1,0
08,2016,Spokane,4.51,344341.94,103999.31999999999,69811.62,7996.19,162534.81,162502.45,8.51,23.849999999999998,1,0
08,2017,Spokane,6.29,305027.12,80644.84,101691.41,483.78999999999996,122207.07999999999,88411.42,33744.899999999994,50.76,1,0
09,2015,Spokane,4.25,289278.80000000005,117958.14,108297.31,13073.04,49950.310000000005,49950.310000000005,0.0,0.0,1,0
09,2016,Spokane,4.24,328273.99,87118.85,71073.29000000001,3595.1800000000003,166486.66999999998,152361.44,14076.76,48.47,1,0
09,2017,Spokane,6.97,252902.33000000002,66261.16,92898.61,355.61,93386.95,62418.35,30764.680000000004,203.92,1,0
01,2015,Spokane,5.779999999999999,18240.25,3077.17,12871.569999999998,5.48,2286.0299999999997,736.67,1549.3600000000001,0.0,0,1
01,2016,Spokane,7.02,14067.53,263.49,6533.35,13.459999999999999,7257.23,0.0,7257.23,0.0,0,1
01,2017,Spokane,6.08,19511.18,278.94,4675.44,0.0,14556.8,398.21000000000004,14158.59,0.0,0,1
01,2018,Spokane,7.050000000000001,17034.29,785.85,5871.969999999999,0.0,10376.47,2445.55,7928.540000000001,2.38,0,1
02,2015,Spokane,5.7299999999999995,21337.95,7085.450000000001,12961.399999999998,1.82,1289.28,473.33000000000004,815.9499999999999,0.0,0,1
02,2016,Spokane,5.31,17091.79,457.96000000000004,8369.54,55.28,8209.01,380.57000000000005,7828.4400000000005,0.0,0,1
02,2017,Spokane,6.7299999999999995,12868.720000000001,405.74,4216.3,1.0,8245.68,1500.72,6744.960000000001,0.0,0,1
02,2018,Spokane,6.64,18128.76,1062.78,5971.67,0.0,11094.310000000001,3225.9,7849.120000000001,19.29,0,1
03,2015,Spokane,7.81,24173.260000000002,5703.4,17660.88,9.1,799.88,0.0,799.88,0.0,0,1
03,2016,Spokane,5.120000000000001,15360.3,277.23,7324.99,7.64,7750.44,678.79,7071.65,0.0,0,1
03,2017,Spokane,5.499999999999999,20478.07,874.1600000000001,5947.94,25.4,13630.57,99.99,13530.58,0.0,0,1
03,2018,Spokane,6.51,21639.53,1278.38,7382.780000000001,2.21,12976.160000000002,3275.62,9658.92,41.620000000000005,0,1
04,2015,Spokane,6.569999999999999,17249.54,4085.2,12173.75,0.0,990.5899999999999,126.17,864.42,0.0,0,1
04,2016,Spokane,4.779999999999999,20713.59,422.06,10326.420000000002,1.96,9963.15,19.29,9943.86,0.0,0,1
04,2017,Spokane,8.14,24720.46,1327.78,8043.24,41.28,15308.16,150.0,15158.16,0.0,0,1
05,2015,Spokane,8.469999999999999,17340.739999999998,4866.99,11169.359999999999,17.03,1287.3600000000001,0.0,1287.3600000000001,0.0,0,1
05,2016,Spokane,7.42,17480.989999999998,377.55,11735.439999999999,0.0,5368.0,0.0,5368.0,0.0,0,1
05,2017,Spokane,6.15,20830.59,1369.4299999999998,5435.45,129.32999999999998,13896.38,281.04,13615.34,0.0,0,1
06,2015,Spokane,6.96,14768.119999999999,3221.56,11326.71,0.0,219.85000000000002,0.0,219.85000000000002,0.0,0,1
06,2016,Spokane,7.31,11071.150000000001,1027.04,9164.67,1.99,877.45,30.229999999999997,847.22,0.0,0,1
06,2017,Spokane,7.220000000000001,19678.18,1430.19,7040.98,0.0,11207.009999999998,223.89999999999998,10983.11,0.0,0,1
07,2015,Spokane,7.539999999999999,12753.14,2447.34,9728.29,1.88,575.63,0.0,575.63,0.0,0,1
07,2016,Spokane,9.709999999999999,12483.89,2229.7799999999997,6692.43,0.0,3561.6799999999994,251.41,3310.27,0.0,0,1
07,2017,Spokane,12.35,18118.07,1262.33,9911.19,41.09,6903.459999999999,844.86,6058.6,0.0,0,1
08,2015,Spokane,9.639999999999999,14403.83,1898.54,10747.65,9.34,1748.2999999999997,0.0,1748.2999999999997,0.0,0,1
08,2016,Spokane,8.35,7564.18,2166.67,3066.88,0.0,2330.63,1366.16,964.47,0.0,0,1
08,2017,Spokane,10.599999999999998,11442.56,899.29,4820.92,0.0,5722.35,1748.44,3973.91,0.0,0,1
09,2015,Spokane,8.219999999999999,7185.639999999999,1446.51,5009.0,0.0,730.13,0.0,730.13,0.0,0,1
09,2016,Spokane,7.24,9734.08,2332.65,2558.68,0.0,4842.75,1075.41,3767.3399999999997,0.0,0,1
09,2017,Spokane,11.68,10754.06,785.64,4113.64,0.0,5854.78,1613.3300000000002,4236.89,4.56,0,1
