finalProj/avoPricesNumerical.csv
Month,year,region,AveragePrice,Total Volume,4046,4225,4770,Total Bags,Small Bags,Large Bags,XLarge Bags,type_conventional,type_organic
01,2015,StLouis,4.890000000000001,711064.21,382752.22,157689.24000000002,304.23,170318.52,170300.75,17.77,0.0,1,0
01,2016,StLouis,5.2700000000000005,986651.1199999999,355482.33,152203.80000000002,113.08000000000001,478851.91000000003,356055.82,122677.32999999999,118.75999999999999,1,0
01,2017,StLouis,5.470000000000001,827995.75,370176.1,54266.310000000005,674.24,402879.1,288110.67,114719.81999999999,48.61,1,0
01,2018,StLouis,4.99,808797.02,365591.41000000003,40489.94,2007.1299999999999,400708.5399999999,323543.27,77165.27,0.0,1,0
02,2015,StLouis,4.74,848322.2100000001,514424.65,150844.97,207.17,182845.41999999998,182803.19999999998,42.22,0.0,1,0
02,2016,StLouis,3.83,817047.77,263570.49,142423.66,168.68,410884.93999999994,296943.33,113655.98000000001,285.63,1,0
02,2017,StLouis,4.25,677101.34,321846.72,49890.99,608.5799999999999,304755.05000000005,273149.29000000004,31375.200000000004,230.56,1,0
02,2018,StLouis,4.56,858954.57,447149.85000000003,33550.78,1687.05,376566.88999999996,298147.49,78293.94,125.46,1,0
03,2015,StLouis,6.48,846323.39,428459.7,185080.71999999997,315.04,232467.93,232074.60000000003,393.33,0.0,1,0
03,2016,StLouis,3.7,710505.81,259245.02,39865.48,140.78,411254.52999999997,299433.8,111636.02000000002,184.70999999999998,1,0
03,2017,StLouis,5.25,462712.76,207223.68,37238.05,277.58,217973.45,199428.02000000002,18478.760000000002,66.67,1,0
03,2018,StLouis,4.66,777965.44,358656.19,29275.99,1779.8000000000002,388253.46,319525.33999999997,55142.40000000001,13585.72,1,0
04,2015,StLouis,5.28,736767.12,404603.26,152476.28,261.61,179425.97,179303.59000000003,120.27,2.11,1,0
04,2016,StLouis,3.52,828760.99,261742.81,37055.58,156.21,529806.39,402633.67000000004,127042.20999999999,130.51,1,0
04,2017,StLouis,7.0,781938.35,407210.70999999996,87285.07999999999,851.22,286591.33999999997,282575.86,375.16,3640.32,1,0
05,2015,StLouis,6.0,1163964.96,695634.47,184575.12,130.26999999999998,283625.1,283592.17,30.79,2.14,1,0
05,2016,StLouis,4.0,1335022.27,395095.54000000004,52156.649999999994,389.25,887380.83,740748.58,145968.27000000002,663.98,1,0
05,2017,StLouis,5.07,861133.2399999999,325334.1,56817.979999999996,1082.4,477898.76,369418.37,100251.07999999999,8229.31,1,0
06,2015,StLouis,5.01,813286.2999999999,373021.41,158831.59,249.78000000000003,281183.52,281091.69,39.3,52.53,1,0
06,2016,StLouis,3.67,1026800.6300000001,270673.82,46664.8,1011.0799999999999,708450.9299999999,575367.65,80631.11,52452.170000000006,1,0
06,2017,StLouis,5.210000000000001,796394.03,309363.84,57447.16,1381.99,428201.04,342214.52,74339.41,11647.11,1,0
07,2015,StLouis,4.71,879939.5900000001,448913.1,182295.59999999998,334.59,248396.3,247527.28000000003,646.8000000000001,222.22,1,0
07,2016,StLouis,4.35,1394726.96,310436.42,122645.72,2104.15,959540.67,825563.45,72773.78,61203.44,1,0
07,2017,StLouis,6.699999999999999,932862.6799999999,454149.48,74776.35,1153.1399999999999,402783.71,369245.22,23184.54,10353.950000000003,1,0
08,2015,StLouis,5.72,1043780.65,544325.4400000001,205900.44,386.14,293168.63,292729.84,416.33,22.46,1,0
08,2016,StLouis,3.94,815989.25,205048.92,96864.16,733.96,513342.2100000001,434316.7,45577.4,33448.11,1,0
08,2017,StLouis,6.29,654995.5399999999,301849.30000000005,73717.0,873.54,278555.7,232204.65,29051.82,17299.23,1,0
09,2015,StLouis,4.8100000000000005,722036.71,371523.29000000004,141484.12,419.88,208609.41999999998,202264.02999999997,6186.660000000001,158.73,1,0
09,2016,StLouis,4.44,647537.75,275678.47000000003,83437.28,247.99,288174.01,200042.05,82654.01999999999,5477.9400000000005,1,0
09,2017,StLouis,6.709999999999999,620944.3200000001,288740.68000000005,47523.19,404.08000000000004,284276.37,220531.0,58912.47,4832.9,1,0
01,2015,StLouis,7.489999999999999,14414.51,7398.43,5356.09,0.0,1659.9900000000002,1659.9900000000002,0.0,0.0,0,1
01,2016,StLouis,4.8500000000000005,48855.58,7688.36,3472.06,10.559999999999999,37684.6,1501.5800000000002,36183.020000000004,0.0,0,1
01,2017,StLouis,7.34,30309.41,7723.749999999999,2701.86,0.0,19883.8,5501.78,14382.019999999999,0.0,0,1
01,2018,StLouis,6.99,32472.21,5857.08,3474.5399999999995,0.0,23140.590000000004,14771.25,8369.34,0.0,0,1
02,2015,StLouis,7.4399999999999995,13721.08,5473.360000000001,6827.719999999999,0.0,1420.0,1420.0,0.0,0.0,0,1
02,2016,StLouis,5.06,32511.53,7024.33,2730.32,3.49,22753.390000000003,105.54,22647.85,0.0,0,1
02,2017,StLouis,4.640000000000001,31627.33,4176.62,2167.19,0.0,25283.52,4688.9400000000005,20594.579999999998,0.0,0,1
02,2018,StLouis,6.890000000000001,29203.83,5576.56,2950.5299999999997,5.279999999999999,20671.46,12234.449999999999,8437.01,0.0,0,1
03,2015,StLouis,9.23,16138.539999999997,6214.64,9577.24,0.0,346.66,346.66,0.0,0.0,0,1
03,2016,StLouis,4.7,36050.24999999999,8064.139999999999,2029.8,3.48,25952.83,313.0,25639.830000000005,0.0,0,1
03,2017,StLouis,4.82,40413.86,4840.88,2064.46,0.0,33508.520000000004,3560.4399999999996,29948.079999999998,0.0,0,1
03,2018,StLouis,7.09,30266.92,4589.14,10485.23,7.09,15185.46,13712.25,1473.21,0.0,0,1
04,2015,StLouis,8.299999999999999,12992.93,5099.379999999999,7353.67,0.0,539.88,286.67,253.21,0.0,0,1
04,2016,StLouis,3.23,41335.85,4797.570000000001,1921.38,10.440000000000001,34606.46,81.07,34525.39,0.0,0,1
04,2017,StLouis,8.86,40371.07,4920.48,10573.109999999999,22.5,24854.980000000003,8886.89,15968.09,0.0,0,1
05,2015,StLouis,10.11,18151.54,7349.710000000001,9723.919999999998,0.0,1077.91,433.34000000000003,644.57,0.0,0,1
05,2016,StLouis,8.69,27027.43,10445.679999999998,6871.369999999999,7.029999999999999,9703.35,993.69,8709.66,0.0,0,1
05,2017,StLouis,7.13,26141.01,3600.99,7367.299999999999,6.92,15165.8,5996.37,9169.43,0.0,0,1
06,2015,StLouis,7.6,13449.85,7077.2699999999995,5260.27,0.0,1112.31,384.65,727.66,0.0,0,1
06,2016,StLouis,7.25,30542.730000000003,8858.82,8836.33,32.09,12815.49,12791.91,23.58,0.0,0,1
06,2017,StLouis,7.17,35195.16,5631.63,7538.43,27.95,21997.15,11953.41,10043.74,0.0,0,1
07,2015,StLouis,7.55,14393.439999999999,7460.58,4642.9,0.0,2289.96,975.2199999999999,1314.74,0.0,0,1
07,2016,StLouis,8.75,31670.19,5832.3099999999995,9782.73,68.36,15986.79,15980.119999999999,6.67,0.0,0,1
07,2017,StLouis,9.89,40599.1,4962.469999999999,13430.939999999999,21.29,22184.399999999998,17130.879999999997,5053.52,0.0,0,1
08,2015,StLouis,9.799999999999999,19289.23,10548.59,6071.719999999999,0.0,2668.92,1888.58,780.34,0.0,0,1
08,2016,StLouis,6.66,34564.53,10604.57,8638.96,132.11999999999998,15188.88,8355.24,6833.639999999999,0.0,0,1
08,2017,StLouis,9.91,22583.519999999997,1927.21,9110.32,41.300000000000004,11504.689999999999,4467.14,7037.55,0.0,0,1
09,2015,StLouis,7.68,15627.73,6623.05,7217.95,0.0,1786.7299999999998,409.67,1377.06,0.0,0,1
09,2016,StLouis,5.620000000000001,26112.16,8077.629999999999,3375.12,0.0,14659.41,1840.1000000000001,12819.31,0.0,0,1
09,2017,StLouis,10.700000000000001,17474.66,164.57,5032.42,19.81,12257.859999999999,746.42,11511.44,0.0,0,1
01,2015,Syracuse,5.55,168070.39,5090.889999999999,89762.96,95.89000000000001,73120.65,72700.65,420.0,0.0,1,0
01,2016,Syracuse,6.59,331467.67,3928.7799999999997,196479.83,101.46,130957.6,130323.63,633.9699999999999,0.0,1,0
01,2017,Syracuse,7.259999999999999,351905.03,5795.3099999999995,222765.16999999998,157.05999999999997,123187.48999999999,120626.82000000002,2560.67,0.0,1,0
01,2018,Syracuse,5.31,306620.55000000005,13910.91,189727.71000000002,277.72,102704.20999999999,37520.28999999999,65183.92,0.0,1,0
02,2015,Syracuse,5.19,190394.55,4394.38,97673.17,77.62,88249.38,87387.17,862.2099999999999,0.0,1,0
02,2016,Syracuse,5.170000000000001,286430.75,4331.72,178028.16,92.76,103978.10999999999,99616.06999999999,4362.04,0.0,1,0
02,2017,Syracuse,6.2700000000000005,293956.27999999997,4491.54,209103.59999999998,120.58,80240.56,79110.02,969.4300000000001,161.11,1,0
02,2018,Syracuse,4.99,325891.71,27755.32,189228.62,343.65000000000003,108564.12,57461.83,51102.29,0.0,1,0
03,2015,Syracuse,6.580000000000001,236768.56000000003,7110.8,117823.09999999999,184.20000000000002,111650.45999999999,111216.71,433.74999999999994,0.0,1,0
03,2016,Syracuse,5.07,281078.58999999997,3554.7799999999997,170597.25,86.09,106840.47,106736.23999999999,104.23,0.0,1,0
03,2017,Syracuse,5.91,303313.48,4603.08,191714.92,35.56,106959.92,86742.59,20138.16,79.17,1,0
03,2018,Syracuse,4.800000000000001,346217.67,36146.299999999996,187332.27000000002,374.58,122364.52,51145.280000000006,71218.13,1.11,1,0
04,2015,Syracuse,5.54,198456.57,2876.34,94946.38,115.59,100518.26000000001,99658.12,860.1400000000001,0.0,1,0
04,2016,Syracuse,4.74,261116.81,3520.19,143572.19,595.42,113429.01,113425.40000000001,3.61,0.0,1,0
04,2017,Syracuse,7.670000000000002,390130.06,9540.95,223372.53999999998,75.03,157141.54,117721.5,39420.03999999999,0.0,1,0
05,2015,Syracuse,6.890000000000001,325373.45,3581.01,180824.88999999998,163.32,140804.22999999998,139972.89,831.3399999999999,0.0,1,0
05,2016,Syracuse,6.4,395281.36000000004,5362.57,240782.31000000003,2911.76,146224.72,144789.72,0.0,1435.0,1,0
05,2017,Syracuse,6.6,316933.36,3932.08,190091.11,167.2,122742.97,109013.73,13035.91,693.33,1,0
06,2015,Syracuse,5.36,259270.14999999997,2559.7799999999997,131923.45,8907.390000000001,115879.53000000001,115848.42,31.11,0.0,1,0
06,2016,Syracuse,5.380000000000001,322236.67,9153.960000000001,189073.13,298.31,123711.26999999999,117751.26999999999,0.0,5960.0,1,0
06,2017,Syracuse,6.33,242441.32,5034.39,173045.63,598.78,63762.52,49111.350000000006,8476.17,6175.0,1,0
07,2015,Syracuse,5.31,263442.39,2846.44,154219.74,8152.900000000001,98223.31,97907.75,315.56,0.0,1,0
07,2016,Syracuse,7.07,361762.17000000004,11596.400000000001,218916.64,46.42,131202.71000000002,120834.37999999999,3.33,10365.0,1,0
07,2017,Syracuse,6.989999999999999,351381.02,5918.15,212198.78999999998,1828.0699999999997,131436.01,119040.17000000001,5369.18,7026.66,1,0
08,2015,Syracuse,6.890000000000001,232974.35,3033.12,173089.69999999998,609.49,56242.03999999999,56242.03999999999,0.0,0.0,1,0
08,2016,Syracuse,5.7,250945.72000000003,16509.39,163395.08000000002,66.14,70975.11,67590.11,0.0,3385.0,1,0
08,2017,Syracuse,5.68,271517.99,4388.070000000001,164130.19,183.47,102816.26,97070.04999999999,2319.54,3426.67,1,0
09,2015,Syracuse,5.3999999999999995,182660.01,3258.9199999999996,138640.19,192.06,40568.84,39515.5,1053.34,0.0,1,0
09,2016,Syracuse,5.88,230060.74,11104.03,150480.31,73.09,68403.31,67195.41999999998,1057.8899999999999,150.0,1,0
09,2017,Syracuse,6.079999999999999,248287.78000000003,12432.48,146881.73,86.58,88886.99,74196.2,11890.79,2800.0,1,0
01,2015,Syracuse,6.99,2828.39,2.48,580.63,0.0,2245.2799999999997,2245.2799999999997,0.0,0.0,0,1
01,2016,Syracuse,8.15,7488.86,8.74,705.85,0.0,6774.27,4612.650000000001,2161.62,0.0,0,1
01,2017,Syracuse,8.17,11064.45,27.85,486.09999999999997,0.0,10550.5,9310.24,1240.26,0.0,0,1
01,2018,Syracuse,4.96,18660.940000000002,298.35,399.71000000000004,0.0,17962.88,12899.77,5063.110000000001,0.0,0,1
02,2015,Syracuse,6.59,5056.7,7.43,324.31,0.0,4724.96,4724.96,0.0,0.0,0,1
02,2016,Syracuse,7.35,10474.8,1.25,477.46999999999997,0.0,9996.079999999998,3864.64,6131.4400000000005,0.0,0,1
02,2017,Syracuse,7.09,9019.17,7.6899999999999995,649.4100000000001,0.0,8362.07,5771.87,2590.2,0.0,0,1
02,2018,Syracuse,5.05,20365.43,619.75,426.23,0.0,19319.449999999997,8602.72,10716.73,0.0,0,1
03,2015,Syracuse,8.44,6404.219999999999,2.47,716.14,0.0,5685.610000000001,5685.610000000001,0.0,0.0,0,1
03,2016,Syracuse,6.86,10251.25,0.0,626.0899999999999,0.0,9625.16,4379.4800000000005,5245.68,0.0,0,1
03,2017,Syracuse,8.05,8957.61,0.0,758.52,0.0,8199.09,3270.8600000000006,4928.23,0.0,0,1
03,2018,Syracuse,4.9,29231.359999999997,805.3599999999999,386.56,0.0,28039.44,14272.619999999999,13766.82,0.0,0,1
04,2015,Syracuse,7.07,6598.87,8.379999999999999,255.78,0.0,6334.709999999999,6334.709999999999,0.0,0.0,0,1
04,2016,Syracuse,6.39,12216.419999999998,0.0,608.6500000000001,0.0,11607.77,5822.09,5785.68,0.0,0,1
04,2017,Syracuse,10.059999999999999,12614.48,0.0,946.56,0.0,11667.92,5064.87,6603.05,0.0,0,1
05,2015,Syracuse,9.040000000000001,11870.77,25.990000000000002,648.6899999999999,0.0,11196.09,11196.09,0.0,0.0,0,1
05,2016,Syracuse,7.55,17323.34,1.24,1153.51,0.0,16168.59,10139.98,6028.61,0.0,0,1
05,2017,Syracuse,8.27,14531.079999999998,0.0,1071.8400000000001,0.0,13459.24,4647.12,8812.12,0.0,0,1
06,2015,Syracuse,7.42,6049.66,13.97,361.42999999999995,0.0,5674.26,5570.93,103.33,0.0,0,1
06,2016,Syracuse,6.3,10562.48,0.0,460.79,0.0,10101.69,5848.59,4253.1,0.0,0,1
06,2017,Syracuse,9.45,12279.42,1.28,589.8199999999999,0.0,11688.32,4354.55,7333.7699999999995,0.0,0,1
07,2015,Syracuse,7.879999999999999,2985.9300000000003,56.24,300.51,0.0,2629.18,2622.5099999999998,6.67,0.0,0,1
07,2016,Syracuse,7.779999999999999,11807.619999999999,11.21,610.26,0.0,11186.150000000001,8035.3099999999995,3150.84,0.0,0,1
07,2017,Syracuse,8.879999999999999,21594.609999999997,0.0,878.3699999999999,0.0,20716.239999999998,8689.91,12026.329999999998,0.0,0,1
08,2015,Syracuse,8.8,5337.679999999999,25.0,395.22,0.0,4917.46,4914.13,3.33,0.0,0,1
08,2016,Syracuse,6.140000000000001,7896.45,33.31,639.01,0.0,7224.129999999999,7224.129999999999,0.0,0.0,0,1
08,2017,Syracuse,5.67,19038.58,141.95,446.61,0.0,18450.02,10444.69,8005.33,0.0,0,1
09,2015,Syracuse,6.609999999999999,5233.57,6.03,404.15000000000003,0.0,4823.39,4823.39,0.0,0.0,0,1
09,2016,Syracuse,6.210000000000001,6646.99,25.950000000000003,369.8,0.0,6251.24,6251.24,0.0,0.0,0,1
09,2017,Syracuse,6.14,16984.989999999998,431.8,308.19,0.0,16245.0,14238.9,2006.1,0.0,0,1
01,2015,Tampa,4.6899999999999995,1064532.06,662018.01,137454.05,187.3,264872.7,108384.57,156488.13,0.0,1,0
01,2016,Tampa,4.76,2093973.5299999998,954911.3899999999,402661.51999999996,672.5600000000001,735728.0599999999,356359.49,379338.31,30.259999999999998,1,0
01,2017,Tampa,5.65,2348708.6500000004,873049.3899999999,557937.88,647.6299999999999,917073.75,424246.07999999996,492034.61,793.06,1,0
01,2018,Tampa,5.140000000000001,1968990.13,1273590.19,167876.68,4234.67,523288.5900000001,299068.08999999997,224180.5,40.0,1,0
02,2015,Tampa,4.44,1309571.04,868938.6799999999,117803.01,234.55,322594.8,172369.45,150225.35,0.0,1,0
02,2016,Tampa,3.43,2043772.71,941321.1600000001,467427.32000000007,306.45,634717.78,279268.57999999996,355449.19999999995,0.0,1,0
02,2017,Tampa,4.26,2044664.78,1047019.28,427786.77,515.95,569342.78,320646.32999999996,248295.06,401.39,1,0
02,2018,Tampa,4.609999999999999,2350269.17,1512323.99,199400.08000000002,4504.8099999999995,634040.29,352661.22000000003,280862.41000000003,516.66,1,0
03,2015,Tampa,5.64,1584579.97,1077317.55,118422.22,368.84,388471.36,253785.09,134686.27000000002,0.0,1,0
03,2016,Tampa,4.12,1528309.95,677145.8599999999,338581.76,408.74999999999994,512173.57999999996,229967.31,282206.27,0.0,1,0
03,2017,Tampa,6.41,1223163.48,687412.0,197808.09000000003,206.21,337737.18,195113.41,142536.55000000002,87.22,1,0
03,2018,Tampa,4.76,2221804.31,1407690.43,170306.89,5552.25,638254.74,361802.89999999997,275808.5,643.34,1,0
04,2015,Tampa,4.43,1363767.7599999998,932591.16,96382.44,620.86,334173.3,214613.02,119271.39000000001,288.89,1,0
04,2016,Tampa,3.81,1905953.49,839170.6499999999,442470.92,310.68,624001.24,252109.00999999998,370763.06,1129.1699999999998,1,0
04,2017,Tampa,7.319999999999999,1877556.0,1151517.34,282237.54000000004,216.16,443584.96,252996.49,190569.86000000002,18.61,1,0
05,2015,Tampa,5.569999999999999,1854093.33,1295139.1300000001,125245.51999999999,816.85,432891.82999999996,290185.11000000004,142095.61000000002,611.11,1,0
05,2016,Tampa,4.67,2617164.41,1242081.3900000001,588887.56,686.22,785509.24,342205.4,424172.45,19131.39,1,0
05,2017,Tampa,5.43,1718085.53,1068057.3,228904.34,244.87,420879.02,259914.24000000002,160941.16999999998,23.610000000000003,1,0
06,2015,Tampa,4.2,1492132.6,868481.19,188626.83,3436.46,431588.12,322997.6,108590.52,0.0,1,0
06,2016,Tampa,4.34,1654523.6300000001,775596.8,392935.73,304.67,485686.43,276330.06,169804.42,39551.95,1,0
06,2017,Tampa,5.67,1523951.14,983247.3500000001,192856.83999999997,220.65,347626.30000000005,149778.28,179338.02,18510.0,1,0
07,2015,Tampa,4.25,1458168.8599999999,824531.17,235800.77000000002,519.12,397317.8,292017.49,104997.78,302.53000000000003,1,0
07,2016,Tampa,5.719999999999999,2032860.0699999998,851560.62,520591.73999999993,259.63,660448.0800000001,431547.02999999997,167808.83,61092.22,1,0
07,2017,Tampa,7.26,1707532.8499999999,1130219.21,226549.42,739.9599999999999,350024.26,106784.57,207310.24,35929.45,1,0
08,2015,Tampa,5.6899999999999995,1512046.15,790682.5700000001,267383.33,614.22,453366.02999999997,351283.56000000006,102051.65,30.82,1,0
08,2016,Tampa,4.63,1583782.93,713065.25,406649.05,281.75,463786.88,299999.57,140713.7,23073.61,1,0
08,2017,Tampa,6.22,1261371.9800000002,847581.7899999999,158864.87,378.32,254547.0,78334.28,152030.5,24182.22,1,0
09,2015,Tampa,4.02,1378994.47,588763.87,339730.1,353.28999999999996,450147.20999999996,203207.00000000003,246940.21,0.0,1,0
09,2016,Tampa,4.62,1594124.1400000001,725825.89,302417.75,352.92999999999995,565527.5700000001,303090.19,259877.38,2560.0,1,0
09,2017,Tampa,7.27,1139736.55,778840.09,123817.13,861.3699999999999,236217.96,109024.07,121127.22,6066.67,1,0
