finalProj/avoPricesNumerical.csv
Month,year,region,AveragePrice,Total Volume,4046,4225,4770,Total Bags,Small Bags,Large Bags,XLarge Bags,type_conventional,type_organic
01,2015,Tampa,7.0200000000000005,6355.34,3088.75,116.58,0.0,3150.01,3150.01,0.0,0.0,0,1
01,2016,Tampa,7.3100000000000005,24931.31,9654.49,253.07,0.0,15023.75,9154.689999999999,5869.0599999999995,0.0,0,1
01,2017,Tampa,6.27,32143.23,1409.57,226.65000000000003,0.0,30507.01,18893.33,11613.68,0.0,0,1
01,2018,Tampa,6.17,29175.51,381.82,2163.48,0.0,26630.21,25498.51,1131.7,0.0,0,1
02,2015,Tampa,6.76,9699.25,3600.96,38.29,0.0,6060.0,6060.0,0.0,0.0,0,1
02,2016,Tampa,5.98,12162.710000000001,4524.54,98.36,0.0,7539.81,7533.150000000001,6.66,0.0,0,1
02,2017,Tampa,7.32,19343.86,4322.33,277.1,0.0,14744.429999999998,9851.470000000001,4892.96,0.0,0,1
02,2018,Tampa,5.53,33509.75,468.18000000000006,2250.23,0.0,30791.34,28675.89,2115.45,0.0,0,1
03,2015,Tampa,8.370000000000001,13408.8,4708.11,40.69,0.0,8660.0,8660.0,0.0,0.0,0,1
03,2016,Tampa,5.45,15536.410000000002,4681.389999999999,147.68,0.0,10707.34,10690.67,16.67,0.0,0,1
03,2017,Tampa,8.66,18797.489999999998,4940.56,368.83,0.0,13488.099999999999,9358.04,4130.06,0.0,0,1
03,2018,Tampa,5.73,38306.13,653.25,2907.23,0.0,34745.65,30717.690000000002,4027.96,0.0,0,1
04,2015,Tampa,6.2,10616.369999999999,5751.85,72.32,0.0,4792.2,4792.2,0.0,0.0,0,1
04,2016,Tampa,5.62,20516.35,5612.01,250.78,0.0,14653.560000000001,14653.560000000001,0.0,0.0,0,1
04,2017,Tampa,11.49,22035.329999999998,6780.26,462.27,0.0,14792.8,11469.91,3322.89,0.0,0,1
05,2015,Tampa,8.139999999999999,12181.63,6135.530000000001,50.56999999999999,0.0,5995.53,5995.53,0.0,0.0,0,1
05,2016,Tampa,7.29,25782.68,5999.21,288.90000000000003,0.0,19494.57,19484.57,10.0,0.0,0,1
05,2017,Tampa,7.1499999999999995,25126.27,5371.85,391.3,0.0,19363.12,15430.95,3932.17,0.0,0,1
06,2015,Tampa,7.090000000000001,7746.81,4146.4,35.41,0.0,3565.0,3565.0,0.0,0.0,0,1
06,2016,Tampa,5.640000000000001,23014.78,7175.41,352.7,0.0,15486.67,15336.67,150.0,0.0,0,1
06,2017,Tampa,8.01,22832.53,3266.1,5930.26,0.0,13636.17,13626.17,10.0,0.0,0,1
07,2015,Tampa,6.4399999999999995,6292.48,1446.88,6.0,0.0,4839.6,4839.6,0.0,0.0,0,1
07,2016,Tampa,6.62,30077.86,4560.93,516.35,0.0,25000.58,24833.91,166.67000000000002,0.0,0,1
07,2017,Tampa,8.44,21291.829999999998,579.26,3192.53,0.0,17520.04,17496.6,23.439999999999998,0.0,0,1
08,2015,Tampa,7.48,5916.789999999999,28.93,8.74,0.0,5879.12,5879.12,0.0,0.0,0,1
08,2016,Tampa,5.449999999999999,17277.92,225.57,239.03,0.0,16813.32,16579.989999999998,233.32999999999998,0.0,0,1
08,2017,Tampa,6.32,14514.880000000001,106.87,199.14,0.0,14208.869999999999,14188.86,20.009999999999998,0.0,0,1
09,2015,Tampa,5.69,5710.650000000001,64.36,5.09,0.0,5641.2,5641.2,0.0,0.0,0,1
09,2016,Tampa,5.580000000000001,13900.09,144.2,222.56,0.0,13533.33,13393.33,140.0,0.0,0,1
09,2017,Tampa,7.13,11910.24,192.53,470.73,0.0,11246.979999999998,10927.759999999998,319.22,0.0,0,1
01,2015,TotalUS,4.03,117901590.17,47927556.239999995,48195457.05,3309989.93,18468586.95,15220260.9,3197297.4299999997,51028.619999999995,1,0
01,2016,TotalUS,4.61,175341095.04999998,51212938.39,70444849.67,7346170.680000001,46337136.31,34169609.08,11536217.4,631309.8300000001,1,0
01,2017,TotalUS,4.76,196738980.42,65742707.28000001,66580146.970000006,3395602.91,61020523.26,46710836.68,13904867.23,404819.35000000003,1,0
01,2018,TotalUS,4.5,157114564.32999998,55102554.32,48697123.779999994,2835313.1199999996,50479573.11,35975638.58,13879337.37,624597.1599999999,1,0
02,2015,TotalUS,3.89,134742045.21,57496409.1,53475598.50999999,3902247.9300000006,19867789.67,16671400.46,3110311.3,86077.91,1,0
02,2016,TotalUS,3.49,158371690.65,50409871.93000001,58873152.019999996,7292958.039999999,41795708.660000004,30650954.91,10713521.71,431232.04000000004,1,0
02,2017,TotalUS,3.62,173025580.01999998,62290968.47,54261640.8,4256373.13,52216597.62,40112523.86,11519495.67,584578.09,1,0
02,2018,TotalUS,3.9800000000000004,182404868.86,64583467.88999999,52894727.93,2996986.6900000004,61929686.349999994,43919733.480000004,16975136.79,1034816.0799999998,1,0
03,2015,TotalUS,5.079999999999999,155157137.66,65668004.69,59541994.019999996,4653819.06,25293319.89,21763445.229999997,3386149.43,143725.22999999998,1,0
03,2016,TotalUS,3.75,143704701.88,45869431.45,51774195.2,7139861.15,38921214.08,29727695.67,8871089.360000001,322429.05,1,0
03,2017,TotalUS,4.84,129854993.5,45276882.19,39670139.31,2771729.64,42136242.36,33210746.2,8291519.619999999,633976.54,1,0
03,2018,TotalUS,4.24,165986967.04000002,56366827.12,45234109.93,2683508.51,61702521.480000004,46478870.70999999,14101602.71,1122048.06,1,0
04,2015,TotalUS,4.18,127532485.14,56817403.199999996,45882786.33,3586287.16,21246008.45,18158197.32,3000196.3600000003,87614.77,1,0
04,2016,TotalUS,3.61,147328060.43,49068975.01,50329305.59,6894199.09,41035580.74,30603697.2,10094777.67,337105.87,1,0
04,2017,TotalUS,6.01,178480565.04000002,62201198.70999999,52139668.45,3204200.19,60935497.69,46246691.31,13787156.709999999,901649.67,1,0
05,2015,TotalUS,5.11,178784619.36,80122603.4,65228450.12,4743712.75,28689853.089999996,24447821.05,4130274.98,111757.06,1,0
05,2016,TotalUS,4.42,206084245.73,65814458.87000001,75044255.48,8386187.790000001,56839343.59,41032333.260000005,15072465.52,734544.8099999999,1,0
05,2017,TotalUS,4.82,155356735.51,54847387.9,44412563.06,2811433.49,53285351.06,39422078.81,12915789.420000002,947482.83,1,0
06,2015,TotalUS,4.0600000000000005,141719401.01,60912656.31,50153746.08,4602052.66,26050945.96,22406330.45,3511175.59,133439.92,1,0
06,2016,TotalUS,4.07,150919039.58,51778432.629999995,49803238.489999995,6645970.2299999995,42691398.230000004,33590860.519999996,7822456.46,1278081.25,1,0
06,2017,TotalUS,4.8,149945191.39999998,52615285.39,42253837.04,2778550.5999999996,52297518.37,38589700.629999995,12544722.870000001,1163094.87,1,0
07,2015,TotalUS,4.25,132580560.75999999,52967374.87,51231695.480000004,4494882.78,23886607.630000003,20256203.5,3495632.3,134771.83000000002,1,0
07,2016,TotalUS,5.74,171757845.41,54786767.56999999,56842011.0,5713309.66,54415757.17999999,44198662.980000004,8233210.5600000005,1983883.6400000001,1,0
07,2017,TotalUS,6.34,174197208.18,59291845.63,55650461.0,3646875.84,55608025.71,40339894.79,13670429.05,1597701.87,1,0
08,2015,TotalUS,5.34,155011720.02,60732855.489999995,63691524.519999996,5112224.96,25475115.05,21691648.98,3579134.6100000003,204331.46000000005,1,0
08,2016,TotalUS,4.460000000000001,135792115.42000002,49836342.84,41938192.68,2677254.96,41340324.94,34118893.37,6614164.120000001,607267.45,1,0
08,2017,TotalUS,5.54,124046198.48,43488922.67,39566948.75,2388892.25,38601434.81,27007217.67,10524279.08,1069938.06,1,0
09,2015,TotalUS,4.1,122094910.42999999,40320779.69,56799633.260000005,4423144.9,20551352.58,15851136.649999999,4481855.430000001,218360.5,1,0
09,2016,TotalUS,4.49,132908624.21000001,49492118.69,40201178.47,2031632.85,41183694.199999996,31844811.36,9018567.91,320314.93,1,0
09,2017,TotalUS,6.32,103225543.21000001,37077088.07,33562503.49,1832104.8199999998,30753846.83,22823811.47,7390928.74,539106.62,1,0
01,2015,TotalUS,5.83,2551927.8899999997,966067.32,1001705.8300000001,16976.129999999997,567178.61,419728.26,147450.35,0.0,0,1
01,2016,TotalUS,7.059999999999999,3777154.26,562905.97,1341664.26,48077.36,1824506.67,893951.0499999999,930555.62,0.0,0,1
01,2017,TotalUS,7.15,4722907.07,586183.74,1411520.9,32105.96,2693096.47,1801034.46,892062.01,0.0,0,1
01,2018,TotalUS,6.34,5614950.5200000005,502543.5,1159412.59,5629.71,3946723.7700000005,3280984.1399999997,665369.97,369.65999999999997,0,1
02,2015,TotalUS,5.930000000000001,2761394.9699999997,998464.98,992180.48,21002.39,749747.1200000001,583757.25,165989.87,0.0,0,1
02,2016,TotalUS,5.699999999999999,3195126.9600000004,418562.85,1225726.9000000001,34036.770000000004,1516800.44,913733.17,603067.27,0.0,0,1
02,2017,TotalUS,5.29,5147937.27,673776.11,1612403.3699999999,12767.840000000002,2848989.95,1692340.75,1156649.2,0.0,0,1
02,2018,TotalUS,6.180000000000001,5976466.4,585816.1,1578935.1600000001,6512.1,3803436.32,3091012.96,711365.26,1058.1000000000001,0,1
03,2015,TotalUS,7.48,3600173.5600000005,1281057.36,1507179.8699999999,27608.49,784327.8400000001,624374.48,159953.36000000002,0.0,0,1
03,2016,TotalUS,5.28,3982166.9200000004,476914.04000000004,1389185.5,29572.44,2086494.94,1108734.92,977760.02,0.0,0,1
03,2017,TotalUS,5.33,5822141.14,669590.83,1471202.3900000001,12924.130000000001,3668423.79,2060375.1500000001,1608048.6400000001,0.0,0,1
03,2018,TotalUS,6.129999999999999,6534437.07,563324.54,1586695.79,4743.46,4377005.77,3516584.64,859938.6100000001,482.52,0,1
04,2015,TotalUS,6.2,3020007.33,937254.87,1385368.6199999999,25230.170000000002,672153.67,476265.76,195887.91000000003,0.0,0,1
04,2016,TotalUS,5.33,4608000.27,568615.98,1684720.7400000002,37350.16,2317313.39,1566434.3900000001,750878.9999999999,0.0,0,1
04,2017,TotalUS,7.63,6811571.48,860233.11,2000208.8900000001,26269.380000000005,3924860.0999999996,2507477.33,1417382.77,0.0,0,1
05,2015,TotalUS,7.46,3967534.3499999996,1261706.4700000002,1669605.87,50935.68000000001,985286.3300000001,601780.47,383505.86000000004,0.0,0,1
05,2016,TotalUS,6.8,5729927.5200000005,821588.11,2289393.58,86668.85,2532276.98,1718096.04,814180.94,0.0,0,1
05,2017,TotalUS,6.5200000000000005,5282017.51,667790.4600000001,1435138.4799999997,16297.92,3162790.65,1990392.51,1172398.14,0.0,0,1
06,2015,TotalUS,6.6499999999999995,2584686.9299999997,797758.27,1180502.83,25409.089999999997,581016.74,372926.58999999997,208090.14999999997,0.0,0,1
06,2016,TotalUS,5.83,4066438.9200000004,666430.1,1650336.76,35260.299999999996,1714411.76,1202989.96,511421.8,0.0,0,1
06,2017,TotalUS,6.68,5155972.85,619259.5800000001,1510503.25,11242.69,3014967.33,1840564.42,1174402.9100000001,0.0,0,1
07,2015,TotalUS,4.0,2508293.0,713636.0,1155927.0,20493.0,618228.0,321955.0,296271.0,0.0,0,1
07,2016,TotalUS,7.839999999999999,5000719.82,781294.8500000001,1769123.23,51682.96,2398618.7800000003,1726960.55,671658.23,0.0,0,1
07,2017,TotalUS,8.77,5757871.57,545247.21,1593500.13,17421.89,3597151.6999999997,2761161.5599999996,835987.2000000001,2.94,0,1
08,2015,TotalUS,7.13,3180103.91,812835.51,1466454.33,29790.14,871019.9299999999,559885.26,311133.67,0.0,0,1
08,2016,TotalUS,6.03,4087225.38,651212.02,1299107.54,31880.14,2105025.68,1577636.1400000001,527389.54,0.0,0,1
08,2017,TotalUS,7.76,4192210.4799999995,432070.32999999996,979730.93,6240.05,2773440.46,2408679.45,364742.51,18.5,0,1
09,2015,TotalUS,7.1000000000000005,2162912.5,507018.64,1006697.76,20472.29,628723.81,402702.28,226021.53,0.0,0,1
09,2016,TotalUS,6.42,3836097.14,529842.25,1218252.52,17139.91,2070862.46,1502709.72,568152.74,0.0,0,1
09,2017,TotalUS,8.03,4369505.2700000005,485775.99000000005,987261.55,5272.299999999999,2890126.48,2415289.89,474447.98,388.60999999999996,0,1
01,2015,West,3.7399999999999998,22064185.200000003,9605452.98,9165069.51,372334.88,2921327.83,2336754.5700000003,584438.93,134.32999999999998,1,0
01,2016,West,3.94,34817598.14,10118135.0,10760021.51,821713.29,13117728.340000002,7101226.49,5980742.090000001,35759.759999999995,1,0
01,2017,West,4.17,37680414.349999994,12135147.99,8835703.790000001,626074.15,16083488.42,10842201.14,5227107.930000001,14179.35,1,0
01,2018,West,4.18,27997310.52,9248129.75,7212197.82,420865.74,11116117.21,4779773.2,6276259.29,60084.72,1,0
02,2015,West,3.6599999999999997,25278441.910000004,11208589.19,10783191.280000001,327506.29000000004,2959155.15,2415182.25,543669.18,303.71999999999997,1,0
02,2016,West,3.02,30734686.45,10416672.75,8672568.41,812765.49,10832679.8,6374489.859999999,4437574.92,20615.02,1,0
02,2017,West,3.16,32645147.95,11936697.459999999,6868485.030000001,585907.73,13254057.73,8033922.5,5197579.66,22555.57,1,0
02,2018,West,3.71,32220108.529999997,10433761.59,8313241.430000001,476886.94999999995,12996218.56,4830728.890000001,8087680.450000001,77809.22,1,0
03,2015,West,4.8,27884248.489999995,13286950.73,10948932.850000001,485339.45,3163025.46,2673863.56,489061.52,100.38,1,0
03,2016,West,3.17,27648469.880000003,10379080.16,7071816.999999999,707654.28,9489918.44,6262255.609999999,3224058.1,3604.7299999999996,1,0
03,2017,West,3.94,26631501.24,9765811.559999999,4728045.82,580650.53,11556993.33,7630700.33,3910060.79,16232.21,1,0
03,2018,West,3.88,29199916.369999997,9785150.06,7064857.2299999995,483636.14999999997,11866272.93,5511420.79,6292333.170000001,62518.97,1,0
04,2015,West,3.71,24164924.67,11975936.290000001,8869396.57,362675.62000000005,2956916.19,2237408.12,716445.97,3062.1000000000004,1,0
04,2016,West,3.13,28260230.310000002,10032739.61,7385920.63,636725.63,10204844.44,6790463.83,3391937.1500000004,22443.46,1,0
04,2017,West,5.01,34050377.64,12155229.120000001,6390203.58,750475.27,14754469.67,9149368.27,5588614.2700000005,16487.13,1,0
05,2015,West,4.67,30613954.650000002,15252530.68,10704929.809999999,578322.21,4078171.9499999997,3243365.92,833748.9299999999,1057.1,1,0
05,2016,West,3.93,37562026.22,12995421.690000001,9758240.309999999,753578.14,14054786.079999998,8902109.34,5123236.22,29440.52,1,0
05,2017,West,4.08,29151021.82,10667967.86,5837080.46,563279.9299999999,12082693.569999998,7831382.97,4233742.22,17568.379999999997,1,0
06,2015,West,3.8,25525927.27,12439807.92,8768870.129999999,494677.79000000004,3822571.43,2988190.2300000004,831993.7899999999,2387.41,1,0
06,2016,West,3.4699999999999998,27680551.099999998,10157584.73,6719657.32,586632.05,10216677.0,6997590.85,3192536.5599999996,26549.59,1,0
06,2017,West,4.16,28182906.589999996,10101989.200000001,5031851.25,541802.84,12507263.3,7873656.260000001,4616831.97,16775.07,1,0
07,2015,West,4.1,23192477.95,10647398.23,8097426.37,548596.0499999999,3899057.3000000003,2809197.8200000003,1088291.16,1568.32,1,0
07,2016,West,5.18,30112227.06,10177371.98,7074784.7299999995,535549.9199999999,12324520.43,9051185.950000001,3203943.93,69390.55,1,0
07,2017,West,5.73,32939119.450000003,11146657.75,7851536.93,613342.91,13327581.86,7688621.21,5606212.459999999,32748.19,1,0
08,2015,West,5.08,27036503.740000002,11803216.549999999,10100080.84,611621.57,4521584.78,3331004.55,1190413.5899999999,166.64,1,0
08,2016,West,3.84,25128182.43,10546611.7,5099275.2299999995,401869.80000000005,9080425.7,6328269.59,2742505.33,9650.779999999999,1,0
08,2017,West,5.2700000000000005,21835647.27,7583308.540000001,5459758.66,390167.27,8402412.8,4570364.87,3784889.99,47157.94,1,0
09,2015,West,3.74,22100971.56,8031444.779999999,9345564.39,484852.83999999997,4239109.55,2850621.1100000003,1388050.06,438.37999999999994,1,0
09,2016,West,4.0,23586736.24,8954115.11,4844329.08,425115.65,9363176.399999999,5561228.37,3789854.9,12093.130000000001,1,0
09,2017,West,6.21,16674591.77,6387127.37,4132655.83,254375.47,5900433.100000001,3409358.4699999997,2476155.79,14918.84,1,0
