finalProj/avoPricesNumerical.csv
Month,year,region,AveragePrice,Total Volume,4046,4225,4770,Total Bags,Small Bags,Large Bags,XLarge Bags,type_conventional,type_organic
01,2015,West,5.640000000000001,828949.1699999999,276235.98000000004,400570.27999999997,906.5299999999999,151236.38,36518.68,114717.70000000001,0.0,0,1
01,2016,West,6.2700000000000005,1018297.37,141833.57,287691.49000000005,513.67,588258.64,146151.7,442106.94,0.0,0,1
01,2017,West,5.83,1140800.28,165251.13,213479.22999999998,814.0800000000002,761255.84,221928.56,539327.28,0.0,0,1
01,2018,West,6.93,880482.79,118571.93,177015.34,1124.28,583771.24,346791.55,236612.74,366.95,0,1
02,2015,West,5.8,817769.65,302923.45,341434.63,524.2,172887.37,42977.05,129910.32,0.0,0,1
02,2016,West,5.08,835803.62,97365.38,258945.5,437.85,479054.89,174961.79,304093.1,0.0,0,1
02,2017,West,5.300000000000001,965549.7199999999,162688.56,219848.61000000002,374.58,582637.97,267284.79,315353.18,0.0,0,1
02,2018,West,6.01,1085411.21,111556.39,205014.0,585.12,768255.7000000001,379147.39,388050.20999999996,1058.1000000000001,0,1
03,2015,West,7.15,1321271.4899999998,495861.43,661013.9199999999,660.78,163735.36000000004,45788.64,117946.71999999999,0.0,0,1
03,2016,West,4.34,1289226.33,140711.18,316117.34,480.33000000000004,831917.48,217604.62,614312.86,0.0,0,1
03,2017,West,4.29,1406775.15,181145.42,212135.25,433.62000000000006,1013060.86,483782.23,529278.63,0.0,0,1
03,2018,West,6.42,1093855.59,113991.11000000002,256623.69,583.39,722657.4,353281.22,368893.66000000003,482.52,0,1
04,2015,West,6.039999999999999,1038555.53,399391.79,469848.67000000004,875.3199999999999,168439.75,31215.55,137224.2,0.0,0,1
04,2016,West,4.58,1511433.07,241495.41999999998,480045.37,741.22,789151.06,404456.27,384694.7899999999,0.0,0,1
04,2017,West,6.050000000000001,1636574.2899999998,223627.22999999998,266191.81999999995,1248.31,1145506.9300000002,546514.49,598992.44,0.0,0,1
05,2015,West,7.33,1296533.54,593602.9500000001,468496.66000000003,631.49,233802.44,50153.72,183648.72000000003,0.0,0,1
05,2016,West,6.12,1624952.4,375096.77,648119.79,19131.739999999998,582604.1,201263.93,381340.17,0.0,0,1
05,2017,West,5.289999999999999,1418600.0699999998,286151.81,226200.27000000002,1375.48,904872.51,287448.69,617423.82,0.0,0,1
06,2015,West,6.61,830468.85,313558.85,364400.05,750.75,151759.2,26469.38,125289.81999999999,0.0,0,1
06,2016,West,6.23,837623.6799999999,259050.56,433234.25,1818.46,143520.41,64075.64,79444.76999999999,0.0,0,1
06,2017,West,6.720000000000001,927686.3300000001,167204.85,215085.64,626.46,544769.38,123035.24,421734.14,0.0,0,1
07,2015,West,6.94,744028.9099999999,263445.82999999996,318273.99,652.22,161656.87,20680.1,140976.77,0.0,0,1
07,2016,West,8.39,1010514.13,257001.62,368132.15,613.0100000000001,384767.35000000003,176342.11999999997,208425.23,0.0,0,1
07,2017,West,10.21,909615.55,167944.75,289557.93,3554.8200000000006,448558.04999999993,199956.86,248598.25000000003,2.94,0,1
08,2015,West,8.540000000000001,948340.94,305806.65,380436.48000000004,290.90999999999997,261806.9,32523.3,229283.59999999998,0.0,0,1
08,2016,West,7.19,624432.06,174800.6,223260.65000000002,802.1500000000001,225568.65999999997,144670.98,80897.68,0.0,0,1
08,2017,West,9.31,630289.96,112600.41,152865.08000000002,581.4,364243.07,229038.58,135191.29,13.200000000000001,0,1
09,2015,West,7.04,545777.5599999999,152154.55,194693.77000000002,172.01999999999998,198757.22,10921.02,187836.2,0.0,0,1
09,2016,West,6.46,653650.6100000001,156872.9,159988.06,1030.51,335759.14,164995.37,170763.77000000002,0.0,0,1
09,2017,West,9.78,543893.97,81227.27,111006.31,222.14000000000001,351438.25,213926.35,137131.3,380.59999999999997,0,1
01,2015,WestTexNewMexico,3.27,2793612.27,1809593.73,530363.58,66258.39,387396.57,380342.58999999997,7053.9800000000005,0.0,1,0
01,2016,WestTexNewMexico,4.24,3340969.4,1904931.5599999998,639394.36,132714.76,663928.72,455143.73000000004,143655.0,65129.990000000005,1,0
01,2017,WestTexNewMexico,3.6500000000000004,4923268.33,2706234.5399999996,453779.80000000005,78331.18000000001,1684922.81,713369.9700000001,971520.06,32.78,1,0
01,2018,WestTexNewMexico,3.4699999999999998,3809220.48,1884639.33,724196.14,37478.51,1162906.5,487505.06999999995,674418.09,983.34,1,0
02,2015,WestTexNewMexico,3.0599999999999996,3152507.6199999996,2126102.2600000002,635353.56,56395.67,334656.13,322996.13,11660.0,0.0,1,0
02,2016,WestTexNewMexico,2.81,3826711.8600000003,2442541.66,602328.0700000001,186848.36,594993.77,362673.27,189501.59,42818.91,1,0
02,2017,WestTexNewMexico,2.7600000000000002,4494175.53,2693046.2800000003,332011.94,67025.31999999999,1402091.9900000002,561259.74,840832.25,0.0,1,0
02,2018,WestTexNewMexico,3.2800000000000002,4136472.3899999997,1928082.8399999999,922141.97,40928.43000000001,1245319.15,497493.85,732782.84,15042.460000000001,1,0
03,2015,WestTexNewMexico,3.9099999999999997,4017914.6100000003,2702713.27,776965.64,86340.45999999999,451895.24000000005,436881.25,15013.989999999998,0.0,1,0
03,2016,WestTexNewMexico,2.9,3569790.42,2322528.77,506276.81,176486.0,564498.8400000001,363761.07,200737.77000000002,0.0,1,0
03,2017,WestTexNewMexico,3.38,3479446.09,1975713.9299999997,242647.22,82831.54,1178253.4,529027.66,649225.74,0.0,1,0
03,2018,WestTexNewMexico,3.54,3653977.45,1817932.89,656170.14,40727.61,1139146.81,621547.69,508256.54,9342.58,1,0
04,2015,WestTexNewMexico,2.96,3639829.18,2509793.1100000003,660119.91,57533.35,412382.81000000006,320410.61000000004,91972.2,0.0,1,0
04,2016,WestTexNewMexico,3.0,3477619.3699999996,2134468.83,518684.64,146504.78,677961.1199999999,370146.83,305397.62,2416.67,1,0
04,2017,WestTexNewMexico,4.14,4906871.71,2682993.47,398204.21,83976.01000000001,1741698.02,659437.17,1082260.85,0.0,1,0
05,2015,WestTexNewMexico,3.6399999999999997,4730627.3100000005,3492521.5999999996,638697.1299999999,81108.27,518300.31,395120.10000000003,123180.20999999999,0.0,1,0
05,2016,WestTexNewMexico,3.7399999999999998,4724039.63,2747976.55,714490.0700000001,174419.43,1087153.58,599780.5800000001,457855.22000000003,29517.78,1,0
05,2017,WestTexNewMexico,3.46,4309864.51,2397613.87,405115.41,52607.57,1454527.66,546025.36,908502.3,0.0,1,0
06,2015,WestTexNewMexico,2.83,3980049.16,2673459.0,622485.4600000001,52489.799999999996,631614.8999999999,508752.84,122862.06,0.0,1,0
06,2016,WestTexNewMexico,3.16,4024345.0600000005,2369654.0700000003,432023.44,146018.61000000002,1076648.94,629232.35,399009.66000000003,48406.93,1,0
06,2017,WestTexNewMexico,3.38,4264027.300000001,2442889.59,346485.4,40711.729999999996,1433940.58,627126.21,806772.7,41.67,1,0
07,2015,WestTexNewMexico,3.12,3249256.41,2217304.52,420970.45,75572.61,535408.83,466265.70999999996,69143.12,0.0,1,0
07,2016,WestTexNewMexico,4.7700000000000005,4314443.19,2439430.2800000003,456176.59,86155.85999999999,1332680.46,892699.81,395741.77,44238.880000000005,1,0
07,2017,WestTexNewMexico,4.69,4680856.32,2549277.0999999996,575469.3099999999,61564.35,1494545.56,739082.33,748692.1199999999,6771.11,1,0
08,2015,WestTexNewMexico,3.92,3987777.25,2692841.23,640680.7799999999,84381.81000000001,569873.4299999999,489081.31,80792.12000000001,0.0,1,0
08,2016,WestTexNewMexico,3.7300000000000004,3212752.53,1906617.91,352332.97,55121.979999999996,898679.6699999999,588664.77,309944.89999999997,70.0,1,0
08,2017,WestTexNewMexico,3.99,3156478.1,1907189.97,392262.98000000004,34377.83,822647.32,436654.31,382465.23,3527.78,1,0
09,2015,WestTexNewMexico,3.12,3081375.6500000004,1374312.7999999998,1243410.3099999998,69581.1,394071.44,321198.41,72873.03,0.0,1,0
09,2016,WestTexNewMexico,3.63,3223633.19,2065253.2399999998,352011.30999999994,53126.380000000005,753242.26,445827.77999999997,306819.48,595.0,1,0
09,2017,WestTexNewMexico,4.699999999999999,2486003.0500000003,1599302.8800000001,342089.23000000004,13399.43,531211.51,356331.07,174867.09999999998,13.34,1,0
01,2015,WestTexNewMexico,6.669999999999999,25876.8,7111.68,10447.15,0.0,8317.97,8260.0,57.97,0.0,0,1
01,2016,WestTexNewMexico,7.51,59350.03,8497.58,20321.010000000002,77.24,30454.199999999997,29689.0,765.2,0.0,0,1
01,2017,WestTexNewMexico,6.16,80967.49999999999,6299.779999999999,16274.45,112.49,58280.78,57471.13,809.65,0.0,0,1
01,2018,WestTexNewMexico,7.13,61349.600000000006,6806.02,11221.46,1679.48,41642.64,41199.520000000004,443.12,0.0,0,1
02,2015,WestTexNewMexico,6.84,32512.149999999998,8180.129999999999,11978.51,0.0,12353.51,12348.269999999999,5.24,0.0,0,1
02,2016,WestTexNewMexico,5.72,59966.32,6307.13,19085.16,87.88,34486.15,30213.88,4272.27,0.0,0,1
02,2017,WestTexNewMexico,5.109999999999999,114400.26999999999,9639.62,36064.82,97.13000000000001,68598.7,68063.3,535.4,0.0,0,1
02,2018,WestTexNewMexico,6.33,69079.36,7837.55,7308.53,0.0,53933.28,52755.97,1177.31,0.0,0,1
03,2015,WestTexNewMexico,8.66,40455.13,11099.26,15403.579999999998,0.0,13952.289999999999,13941.99,10.3,0.0,0,1
03,2016,WestTexNewMexico,5.5,70761.47,10084.76,27322.19,180.43,33174.09,32523.510000000002,650.58,0.0,0,1
03,2017,WestTexNewMexico,4.6,110332.85,12878.77,16060.809999999998,157.63,81235.64,73465.16,7770.48,0.0,0,1
03,2018,WestTexNewMexico,6.28,70721.5,8375.56,8771.03,8.93,53565.979999999996,52596.86,969.1199999999999,0.0,0,1
04,2015,WestTexNewMexico,6.9799999999999995,48118.58,12236.56,23915.65,4.6,11961.77,8866.470000000001,3095.2999999999997,0.0,0,1
04,2016,WestTexNewMexico,5.32,118913.71,11046.010000000002,65367.310000000005,609.81,41890.58,29908.5,11982.079999999998,0.0,0,1
04,2017,WestTexNewMexico,6.849999999999999,123989.44,10693.31,24501.22,83.42999999999999,88711.48,78947.94,9763.54,0.0,0,1
05,2015,WestTexNewMexico,7.129999999999999,70571.08,29944.84,24337.870000000003,6.9,16281.470000000001,9088.630000000001,7192.84,0.0,0,1
05,2016,WestTexNewMexico,6.15,222463.46000000002,28020.11,92837.88999999998,45533.17,56072.29000000001,28939.38,27132.909999999996,0.0,0,1
05,2017,WestTexNewMexico,6.890000000000001,70526.70000000001,16089.320000000002,19309.59,50.29,35077.5,19150.25,15927.25,0.0,0,1
06,2015,WestTexNewMexico,6.27,49426.66,20181.31,18258.08,0.0,10987.27,7392.37,3594.8999999999996,0.0,0,1
06,2016,WestTexNewMexico,5.4,83756.67,26839.58,25783.69,2853.79,28279.61,14801.789999999999,13477.82,0.0,0,1
06,2017,WestTexNewMexico,3.25,47056.41,6347.99,7294.68,0.0,33413.740000000005,16411.68,17002.059999999998,0.0,0,1
07,2015,WestTexNewMexico,7.12,35348.18,14334.15,15187.95,0.0,5826.08,4524.5,1301.58,0.0,0,1
07,2016,WestTexNewMexico,8.799999999999999,98927.22,24232.75,22747.36,45.28,51901.83,24177.770000000004,27724.06,0.0,0,1
07,2017,WestTexNewMexico,8.11,94635.15999999999,10964.85,19475.46,5221.04,58973.81,53991.96,4981.849999999999,0.0,0,1
08,2015,WestTexNewMexico,8.72,52876.49,20916.67,19374.11,0.0,12585.709999999997,10440.0,2145.7099999999996,0.0,0,1
08,2016,WestTexNewMexico,6.95,63430.49,13060.75,11177.050000000001,67.96,39124.729999999996,22761.11,16363.620000000003,0.0,0,1
08,2017,WestTexNewMexico,8.719999999999999,50604.270000000004,7598.900000000001,15947.96,342.84000000000003,26714.57,26401.190000000002,313.38,0.0,0,1
09,2015,WestTexNewMexico,7.720000000000001,30337.47,7201.299999999999,14820.28,0.0,8315.89,7226.68,1089.21,0.0,0,1
09,2016,WestTexNewMexico,8.29,43676.990000000005,7314.629999999999,12244.99,14.23,24103.14,18004.82,6098.32,0.0,0,1
09,2017,WestTexNewMexico,9.389999999999999,39507.71,5879.85,13675.539999999999,0.0,19952.32,19868.19,84.13,0.0,0,1
